******************************************************************************
                  MSP430 Linker PC v4.4.2                      
******************************************************************************
>> Linked Fri Nov 27 18:36:25 2015

OUTPUT FILE NAME:   <SIT UP_433MHz.out>
ENTRY POINT SYMBOL: "_c_int00_noargs_noexit"  address: 00009480


MEMORY CONFIGURATION

         name            origin    length      used     unused   attr    fill
----------------------  --------  ---------  --------  --------  ----  --------
  SFR                   00000000   00000010  00000000  00000010  RWIX
  PERIPHERALS_8BIT      00000010   000000f0  00000000  000000f0  RWIX
  PERIPHERALS_16BIT     00000100   00000100  00000000  00000100  RWIX
  INFOD                 00001800   00000080  00000000  00000080  RWIX
  INFOC                 00001880   00000080  00000000  00000080  RWIX
  INFOB                 00001900   00000080  00000000  00000080  RWIX
  INFOA                 00001980   00000080  00000000  00000080  RWIX
  RAM                   00001c00   00000ffe  00000100  00000efe  RWIX
  FLASH                 00008000   00007f80  000016aa  000068d6  RWIX
  INT00                 0000ff80   00000002  00000000  00000002  RWIX
  INT01                 0000ff82   00000002  00000000  00000002  RWIX
  INT02                 0000ff84   00000002  00000000  00000002  RWIX
  INT03                 0000ff86   00000002  00000000  00000002  RWIX
  INT04                 0000ff88   00000002  00000000  00000002  RWIX
  INT05                 0000ff8a   00000002  00000000  00000002  RWIX
  INT06                 0000ff8c   00000002  00000000  00000002  RWIX
  INT07                 0000ff8e   00000002  00000000  00000002  RWIX
  INT08                 0000ff90   00000002  00000000  00000002  RWIX
  INT09                 0000ff92   00000002  00000000  00000002  RWIX
  INT10                 0000ff94   00000002  00000000  00000002  RWIX
  INT11                 0000ff96   00000002  00000000  00000002  RWIX
  INT12                 0000ff98   00000002  00000000  00000002  RWIX
  INT13                 0000ff9a   00000002  00000000  00000002  RWIX
  INT14                 0000ff9c   00000002  00000000  00000002  RWIX
  INT15                 0000ff9e   00000002  00000000  00000002  RWIX
  INT16                 0000ffa0   00000002  00000000  00000002  RWIX
  INT17                 0000ffa2   00000002  00000000  00000002  RWIX
  INT18                 0000ffa4   00000002  00000000  00000002  RWIX
  INT19                 0000ffa6   00000002  00000000  00000002  RWIX
  INT20                 0000ffa8   00000002  00000000  00000002  RWIX
  INT21                 0000ffaa   00000002  00000000  00000002  RWIX
  INT22                 0000ffac   00000002  00000000  00000002  RWIX
  INT23                 0000ffae   00000002  00000000  00000002  RWIX
  INT24                 0000ffb0   00000002  00000000  00000002  RWIX
  INT25                 0000ffb2   00000002  00000000  00000002  RWIX
  INT26                 0000ffb4   00000002  00000000  00000002  RWIX
  INT27                 0000ffb6   00000002  00000000  00000002  RWIX
  INT28                 0000ffb8   00000002  00000000  00000002  RWIX
  INT29                 0000ffba   00000002  00000000  00000002  RWIX
  INT30                 0000ffbc   00000002  00000000  00000002  RWIX
  INT31                 0000ffbe   00000002  00000000  00000002  RWIX
  INT32                 0000ffc0   00000002  00000000  00000002  RWIX
  INT33                 0000ffc2   00000002  00000000  00000002  RWIX
  INT34                 0000ffc4   00000002  00000000  00000002  RWIX
  INT35                 0000ffc6   00000002  00000000  00000002  RWIX
  INT36                 0000ffc8   00000002  00000000  00000002  RWIX
  INT37                 0000ffca   00000002  00000000  00000002  RWIX
  INT38                 0000ffcc   00000002  00000000  00000002  RWIX
  INT39                 0000ffce   00000002  00000000  00000002  RWIX
  INT40                 0000ffd0   00000002  00000000  00000002  RWIX
  INT41                 0000ffd2   00000002  00000000  00000002  RWIX
  INT42                 0000ffd4   00000002  00000000  00000002  RWIX
  INT43                 0000ffd6   00000002  00000000  00000002  RWIX
  INT44                 0000ffd8   00000002  00000000  00000002  RWIX
  INT45                 0000ffda   00000002  00000002  00000000  RWIX
  INT46                 0000ffdc   00000002  00000002  00000000  RWIX
  INT47                 0000ffde   00000002  00000002  00000000  RWIX
  INT48                 0000ffe0   00000002  00000002  00000000  RWIX
  INT49                 0000ffe2   00000002  00000002  00000000  RWIX
  INT50                 0000ffe4   00000002  00000002  00000000  RWIX
  INT51                 0000ffe6   00000002  00000002  00000000  RWIX
  INT52                 0000ffe8   00000002  00000002  00000000  RWIX
  INT53                 0000ffea   00000002  00000002  00000000  RWIX
  INT54                 0000ffec   00000002  00000002  00000000  RWIX
  INT55                 0000ffee   00000002  00000002  00000000  RWIX
  INT56                 0000fff0   00000002  00000002  00000000  RWIX
  INT57                 0000fff2   00000002  00000002  00000000  RWIX
  INT58                 0000fff4   00000002  00000002  00000000  RWIX
  INT59                 0000fff6   00000002  00000002  00000000  RWIX
  INT60                 0000fff8   00000002  00000002  00000000  RWIX
  INT61                 0000fffa   00000002  00000002  00000000  RWIX
  INT62                 0000fffc   00000002  00000002  00000000  RWIX
  RESET                 0000fffe   00000002  00000002  00000000  RWIX


SECTION ALLOCATION MAP

 output                                  attributes/
section   page    origin      length       input sections
--------  ----  ----------  ----------   ----------------
.bss       0    00001c00    000000b0     UNINITIALIZED
                  00001c00    0000005e     display.obj (.bss)
                  00001c5e    00000016     acceleration.obj (.bss)
                  00001c74    00000010     main.obj (.bss)
                  00001c84    0000000e     stopwatch.obj (.bss)
                  00001c92    00000009     ports.obj (.bss)
                  00001c9b    00000001     as.obj (.bss)
                  00001c9c    00000008     buzzer.obj (.bss)
                  00001ca4    00000007     timer.obj (.bss)
                  00001cab    00000001     --HOLE--
                  00001cac    00000004     menu.obj (.bss)

.data      0    00001c00    00000000     UNINITIALIZED

.stack     0    00002bac    00000050     UNINITIALIZED
                  00002bac    00000002     rts430x.lib : boot.obj (.stack)
                  00002bae    0000004e     --HOLE--

.text      0    00008000    00001560     
                  00008000    000002fe     acceleration.obj (.text:display_acceleration)
                  000082fe    00000162     timer.obj (.text:_isr:TIMER0_A0_ISR)
                  00008460    0000015a     ports.obj (.text:_isr:PORT2_ISR)
                  000085ba    00000136     main.obj (.text:init_application)
                  000086f0    00000130     rts430x.lib : fs_add.obj (.text)
                  00008820    00000122     stopwatch.obj (.text:stopwatch_tick)
                  00008942    000000fa     main.obj (.text:wakeup_event)
                  00008a3c    000000cc     display.obj (.text:display_chars)
                  00008b08    000000ba     main.obj (.text:main)
                  00008bc2    000000b6     rts430x.lib : fs_mpy.obj (.text)
                  00008c78    000000b4     main.obj (.text:display_update)
                  00008d2c    000000ac     stopwatch.obj (.text:display_stopwatch)
                  00008dd8    0000007a     timer.obj (.text:_isr:TIMER0_A1_5_ISR)
                  00008e52    0000007a     display.obj (.text:display_char)
                  00008ecc    00000066     bmp_as.obj (.text:bmp_as_read_register)
                  00008f32    00000062     timer.obj (.text:Timer0_A4_Delay)
                  00008f94    0000005e     bmp_as.obj (.text:bmp_as_write_register)
                  00008ff2    0000005c     buzzer.obj (.text:toggle_buzzer)
                  0000904e    0000005a     display.obj (.text:clear_line)
                  000090a8    00000058     rts430x.lib : autoinit_wdt.obj (.text:_auto_init_hold_wdt)
                  00009100    00000058                 : div32u.obj (.text)
                  00009158    00000050     acceleration.obj (.text:convert_acceleration_value_to_mgrav)
                  000091a8    0000004c     bmp_as.obj (.text:bmp_as_get_data)
                  000091f4    00000046     rts430x.lib : fs_tou.obj (.text)
                  0000923a    00000044     buzzer.obj (.text:start_buzzer)
                  0000927e    00000040     rts430x.lib : div32s.obj (.text)
                  000092be    0000003a     display.obj (.text:write_lcd_mem)
                  000092f8    00000034     stopwatch.obj (.text:sx_stopwatch)
                  0000932c    00000032     as.obj (.text:as_stop)
                  0000935e    0000002e     timer.obj (.text:Timer0_A3_Start)
                  0000938c    0000002c     rts430x.lib : div16s.obj (.text)
                  000093b8    0000002c     stopwatch.obj (.text:update_stopwatch_timer)
                  000093e4    00000028     stopwatch.obj (.text:mx_stopwatch)
                  0000940c    00000028     buzzer.obj (.text:stop_buzzer)
                  00009434    00000028     acceleration.obj (.text:sx_acceleration)
                  0000945c    00000024     rts430x.lib : fs_utof.obj (.text)
                  00009480    0000001a                 : boot_special.obj (.text:_isr:_c_int00_noargs_noexit)
                  0000949a    0000001a     stopwatch.obj (.text:stop_stopwatch)
                  000094b4    00000016     display.obj (.text:display_symbol)
                  000094ca    00000016     rts430x.lib : div16u.obj (.text)
                  000094e0    00000016                 : mult16_f5hw.obj (.text)
                  000094f6    00000014     stopwatch.obj (.text:is_stopwatch)
                  0000950a    00000010     rts430x.lib : lsl32.obj (.text:l_lsl)
                  0000951a    00000010                 : lsr32.obj (.text:l_lsr)
                  0000952a    00000010                 : memcpy.obj (.text:memcpy)
                  0000953a    0000000c     menu.obj (.text:update_acceleration)
                  00009546    0000000a     menu.obj (.text:update_stopwatch)
                  00009550    00000006     rts430x.lib : isr_trap.obj (.text:_isr:__TI_ISR_TRAP)
                  00009556    00000004                 : pre_init.obj (.text:_system_pre_init)
                  0000955a    00000004                 : exit.obj (.text:abort)
                  0000955e    00000002     user.obj (.text:dummy)

.const     0    00009560    000000c0     
                  00009560    0000002e     <whole-program> (.const:.string)
                  0000958e    0000002b     display.obj (.const:.string:lcd_font)
                  000095b9    00000001     --HOLE-- [fill = 0]
                  000095ba    0000002a     display.obj (.const:.string:segments_bitmask)
                  000095e4    00000024     menu.obj (.const)
                  00009608    0000000e     acceleration.obj (.const:bmp_mgrav_per_bit)
                  00009616    0000000a     acceleration.obj (.const:.string:LCD_Char_Map)

.cinit     0    00009620    0000008a     
                  00009620    00000087     <whole-program> (.cinit)
                  000096a7    00000001     --HOLE-- [fill = 0]
                  000096a8    00000002     (.pad.cinit) [fill = 0]

.pinit     0    00008000    00000000     UNINITIALIZED

AES        0    0000ffda    00000002     
                  0000ffda    00000002     rts430x.lib : int45.obj (.int45)

RTC        0    0000ffdc    00000002     
                  0000ffdc    00000002     rts430x.lib : int46.obj (.int46)

LCD_B      0    0000ffde    00000002     
                  0000ffde    00000002     rts430x.lib : int47.obj (.int47)

PORT2      0    0000ffe0    00000002     
                  0000ffe0    00000002     <whole-program> (.int48)

PORT1      0    0000ffe2    00000002     
                  0000ffe2    00000002     rts430x.lib : int49.obj (.int49)

TIMER1_A1 
*          0    0000ffe4    00000002     
                  0000ffe4    00000002     rts430x.lib : int50.obj (.int50)

TIMER1_A0 
*          0    0000ffe6    00000002     
                  0000ffe6    00000002     rts430x.lib : int51.obj (.int51)

DMA        0    0000ffe8    00000002     
                  0000ffe8    00000002     rts430x.lib : int52.obj (.int52)

CC1101     0    0000ffea    00000002     
                  0000ffea    00000002     rts430x.lib : int53.obj (.int53)

TIMER0_A1 
*          0    0000ffec    00000002     
                  0000ffec    00000002     <whole-program> (.int54)

TIMER0_A0 
*          0    0000ffee    00000002     
                  0000ffee    00000002     <whole-program> (.int55)

ADC12      0    0000fff0    00000002     
                  0000fff0    00000002     rts430x.lib : int56.obj (.int56)

USCI_B0    0    0000fff2    00000002     
                  0000fff2    00000002     rts430x.lib : int57.obj (.int57)

USCI_A0    0    0000fff4    00000002     
                  0000fff4    00000002     rts430x.lib : int58.obj (.int58)

WDT        0    0000fff6    00000002     
                  0000fff6    00000002     rts430x.lib : int59.obj (.int59)

COMP_B     0    0000fff8    00000002     
                  0000fff8    00000002     rts430x.lib : int60.obj (.int60)

UNMI       0    0000fffa    00000002     
                  0000fffa    00000002     rts430x.lib : int61.obj (.int61)

SYSNMI     0    0000fffc    00000002     
                  0000fffc    00000002     rts430x.lib : int62.obj (.int62)

.reset     0    0000fffe    00000002     
                  0000fffe    00000002     rts430x.lib : boot.obj (.reset)


GLOBAL SYMBOLS: SORTED ALPHABETICALLY BY Name 

address   name                               
-------   ----                               
00001c00  .bss                               
00001c00  .data                              
00008000  .text                              
00000700  ADC12CTL0                          
00000701  ADC12CTL0_H                        
00000700  ADC12CTL0_L                        
00000702  ADC12CTL1                          
00000703  ADC12CTL1_H                        
00000702  ADC12CTL1_L                        
00000704  ADC12CTL2                          
00000705  ADC12CTL2_H                        
00000704  ADC12CTL2_L                        
0000070c  ADC12IE                            
0000070d  ADC12IE_H                          
0000070c  ADC12IE_L                          
0000070a  ADC12IFG                           
0000070b  ADC12IFG_H                         
0000070a  ADC12IFG_L                         
0000070e  ADC12IV                            
0000070f  ADC12IV_H                          
0000070e  ADC12IV_L                          
00000710  ADC12MCTL0                         
00000711  ADC12MCTL1                         
0000071a  ADC12MCTL10                        
0000071b  ADC12MCTL11                        
0000071c  ADC12MCTL12                        
0000071d  ADC12MCTL13                        
0000071e  ADC12MCTL14                        
0000071f  ADC12MCTL15                        
00000712  ADC12MCTL2                         
00000713  ADC12MCTL3                         
00000714  ADC12MCTL4                         
00000715  ADC12MCTL5                         
00000716  ADC12MCTL6                         
00000717  ADC12MCTL7                         
00000718  ADC12MCTL8                         
00000719  ADC12MCTL9                         
00000720  ADC12MEM0                          
00000721  ADC12MEM0_H                        
00000720  ADC12MEM0_L                        
00000722  ADC12MEM1                          
00000734  ADC12MEM10                         
00000735  ADC12MEM10_H                       
00000734  ADC12MEM10_L                       
00000736  ADC12MEM11                         
00000737  ADC12MEM11_H                       
00000736  ADC12MEM11_L                       
00000738  ADC12MEM12                         
00000739  ADC12MEM12_H                       
00000738  ADC12MEM12_L                       
0000073a  ADC12MEM13                         
0000073b  ADC12MEM13_H                       
0000073a  ADC12MEM13_L                       
0000073c  ADC12MEM14                         
0000073d  ADC12MEM14_H                       
0000073c  ADC12MEM14_L                       
0000073e  ADC12MEM15                         
0000073f  ADC12MEM15_H                       
0000073e  ADC12MEM15_L                       
00000723  ADC12MEM1_H                        
00000722  ADC12MEM1_L                        
00000724  ADC12MEM2                          
00000725  ADC12MEM2_H                        
00000724  ADC12MEM2_L                        
00000726  ADC12MEM3                          
00000727  ADC12MEM3_H                        
00000726  ADC12MEM3_L                        
00000728  ADC12MEM4                          
00000729  ADC12MEM4_H                        
00000728  ADC12MEM4_L                        
0000072a  ADC12MEM5                          
0000072b  ADC12MEM5_H                        
0000072a  ADC12MEM5_L                        
0000072c  ADC12MEM6                          
0000072d  ADC12MEM6_H                        
0000072c  ADC12MEM6_L                        
0000072e  ADC12MEM7                          
0000072f  ADC12MEM7_H                        
0000072e  ADC12MEM7_L                        
00000730  ADC12MEM8                          
00000731  ADC12MEM8_H                        
00000730  ADC12MEM8_L                        
00000732  ADC12MEM9                          
00000733  ADC12MEM9_H                        
00000732  ADC12MEM9_L                        
000009c0  AESACTL0                           
000009c1  AESACTL0_H                         
000009c0  AESACTL0_L                         
000009c8  AESADIN                            
000009c9  AESADIN_H                          
000009c8  AESADIN_L                          
000009ca  AESADOUT                           
000009cb  AESADOUT_H                         
000009ca  AESADOUT_L                         
000009c6  AESAKEY                            
000009c7  AESAKEY_H                          
000009c6  AESAKEY_L                          
000009c4  AESASTAT                           
000009c5  AESASTAT_H                         
000009c4  AESASTAT_L                         
0000955a  C$$EXIT                            
000008c0  CBCTL0                             
000008c1  CBCTL0_H                           
000008c0  CBCTL0_L                           
000008c2  CBCTL1                             
000008c3  CBCTL1_H                           
000008c2  CBCTL1_L                           
000008c4  CBCTL2                             
000008c5  CBCTL2_H                           
000008c4  CBCTL2_L                           
000008c6  CBCTL3                             
000008c7  CBCTL3_H                           
000008c6  CBCTL3_L                           
000008cc  CBINT                              
000008cd  CBINT_H                            
000008cc  CBINT_L                            
000008ce  CBIV                               
00000150  CRCDI                              
00000151  CRCDI_H                            
00000150  CRCDI_L                            
00000154  CRCINIRES                          
00000155  CRCINIRES_H                        
00000154  CRCINIRES_L                        
00000510  DMA0CTL                            
00000511  DMA0CTL_H                          
00000510  DMA0CTL_L                          
00000516  DMA0DA                             
00000518  DMA0DAH                            
00000516  DMA0DAL                            
00000512  DMA0SA                             
00000514  DMA0SAH                            
00000512  DMA0SAL                            
0000051a  DMA0SZ                             
00000520  DMA1CTL                            
00000521  DMA1CTL_H                          
00000520  DMA1CTL_L                          
00000526  DMA1DA                             
00000528  DMA1DAH                            
00000526  DMA1DAL                            
00000522  DMA1SA                             
00000524  DMA1SAH                            
00000522  DMA1SAL                            
0000052a  DMA1SZ                             
00000530  DMA2CTL                            
00000531  DMA2CTL_H                          
00000530  DMA2CTL_L                          
00000536  DMA2DA                             
00000538  DMA2DAH                            
00000536  DMA2DAL                            
00000532  DMA2SA                             
00000534  DMA2SAH                            
00000532  DMA2SAL                            
0000053a  DMA2SZ                             
00000500  DMACTL0                            
00000501  DMACTL0_H                          
00000500  DMACTL0_L                          
00000502  DMACTL1                            
00000503  DMACTL1_H                          
00000502  DMACTL1_L                          
00000504  DMACTL2                            
00000505  DMACTL2_H                          
00000504  DMACTL2_L                          
00000506  DMACTL3                            
00000507  DMACTL3_H                          
00000506  DMACTL3_L                          
00000508  DMACTL4                            
00000509  DMACTL4_H                          
00000508  DMACTL4_L                          
0000050e  DMAIV                              
0000050f  DMAIV_H                            
0000050e  DMAIV_L                            
00000140  FCTL1                              
00000141  FCTL1_H                            
00000140  FCTL1_L                            
00000144  FCTL3                              
00000145  FCTL3_H                            
00000144  FCTL3_L                            
00000146  FCTL4                              
00000147  FCTL4_H                            
00000146  FCTL4_L                            
00000a04  LCDBBLKCTL                         
00000a05  LCDBBLKCTL_H                       
00000a04  LCDBBLKCTL_L                       
00000a12  LCDBCPCTL                          
00000a13  LCDBCPCTL_H                        
00000a12  LCDBCPCTL_L                        
00000a00  LCDBCTL0                           
00000a01  LCDBCTL0_H                         
00000a00  LCDBCTL0_L                         
00000a02  LCDBCTL1                           
00000a03  LCDBCTL1_H                         
00000a02  LCDBCTL1_L                         
00000a1e  LCDBIV                             
00000a40  LCDBM1                             
00000a49  LCDBM10                            
00000a4a  LCDBM11                            
00000a4b  LCDBM12                            
00000a4c  LCDBM13                            
00000a4d  LCDBM14                            
00000a4e  LCDBM15                            
00000a4f  LCDBM16                            
00000a50  LCDBM17                            
00000a51  LCDBM18                            
00000a52  LCDBM19                            
00000a41  LCDBM2                             
00000a53  LCDBM20                            
00000a54  LCDBM21                            
00000a55  LCDBM22                            
00000a56  LCDBM23                            
00000a57  LCDBM24                            
00000a42  LCDBM3                             
00000a43  LCDBM4                             
00000a44  LCDBM5                             
00000a45  LCDBM6                             
00000a46  LCDBM7                             
00000a47  LCDBM8                             
00000a48  LCDBM9                             
00000a06  LCDBMEMCTL                         
00000a07  LCDBMEMCTL_H                       
00000a06  LCDBMEMCTL_L                       
00000a0a  LCDBPCTL0                          
00000a0b  LCDBPCTL0_H                        
00000a0a  LCDBPCTL0_L                        
00000a0c  LCDBPCTL1                          
00000a0d  LCDBPCTL1_H                        
00000a0c  LCDBPCTL1_L                        
00000a0e  LCDBPCTL2                          
00000a0f  LCDBPCTL2_H                        
00000a0e  LCDBPCTL2_L                        
00000a10  LCDBPCTL3                          
00000a11  LCDBPCTL3_H                        
00000a10  LCDBPCTL3_L                        
00000a08  LCDBVCTL                           
00000a09  LCDBVCTL_H                         
00000a08  LCDBVCTL_L                         
00000a20  LCDM1                              
00000a29  LCDM10                             
00000a2a  LCDM11                             
00000a2b  LCDM12                             
00000a2c  LCDM13                             
00000a2d  LCDM14                             
00000a2e  LCDM15                             
00000a2f  LCDM16                             
00000a30  LCDM17                             
00000a31  LCDM18                             
00000a32  LCDM19                             
00000a21  LCDM2                              
00000a33  LCDM20                             
00000a34  LCDM21                             
00000a35  LCDM22                             
00000a36  LCDM23                             
00000a37  LCDM24                             
00000a22  LCDM3                              
00000a23  LCDM4                              
00000a24  LCDM5                              
00000a25  LCDM6                              
00000a26  LCDM7                              
00000a27  LCDM8                              
00000a28  LCDM9                              
00009616  LCD_Char_Map                       
0000950a  L_LSL                              
0000951a  L_LSR                              
000004c4  MAC                                
000004da  MAC32H                             
000004db  MAC32H_H                           
000004da  MAC32H_L                           
000004d8  MAC32L                             
000004d9  MAC32L_H                           
000004d8  MAC32L_L                           
000004c6  MACS                               
000004de  MACS32H                            
000004df  MACS32H_H                          
000004de  MACS32H_L                          
000004dc  MACS32L                            
000004dd  MACS32L_H                          
000004dc  MACS32L_L                          
000004c7  MACS_H                             
000004c6  MACS_L                             
000004c5  MAC_H                              
000004c4  MAC_L                              
000004c0  MPY                                
000004ec  MPY32CTL0                          
000004ed  MPY32CTL0_H                        
000004ec  MPY32CTL0_L                        
000004d2  MPY32H                             
000004d3  MPY32H_H                           
000004d2  MPY32H_L                           
000004d0  MPY32L                             
000004d1  MPY32L_H                           
000004d0  MPY32L_L                           
000004c2  MPYS                               
000004d6  MPYS32H                            
000004d7  MPYS32H_H                          
000004d6  MPYS32H_L                          
000004d4  MPYS32L                            
000004d5  MPYS32L_H                          
000004d4  MPYS32L_L                          
000004c3  MPYS_H                             
000004c2  MPYS_L                             
000004c1  MPY_H                              
000004c0  MPY_L                              
000004c8  OP2                                
000004e2  OP2H                               
000004e3  OP2H_H                             
000004e2  OP2H_L                             
000004e0  OP2L                               
000004e1  OP2L_H                             
000004e0  OP2L_L                             
000004c9  OP2_H                              
000004c8  OP2_L                              
0000020e  P1IV                               
000001c8  P1MAP01                            
000001c9  P1MAP01_H                          
000001c8  P1MAP01_L                          
000001ca  P1MAP23                            
000001cb  P1MAP23_H                          
000001ca  P1MAP23_L                          
000001cc  P1MAP45                            
000001cd  P1MAP45_H                          
000001cc  P1MAP45_L                          
000001ce  P1MAP67                            
000001cf  P1MAP67_H                          
000001ce  P1MAP67_L                          
0000021e  P2IV                               
000001d0  P2MAP01                            
000001d1  P2MAP01_H                          
000001d0  P2MAP01_L                          
000001d2  P2MAP23                            
000001d3  P2MAP23_H                          
000001d2  P2MAP23_L                          
000001d4  P2MAP45                            
000001d5  P2MAP45_H                          
000001d4  P2MAP45_L                          
000001d6  P2MAP67                            
000001d7  P2MAP67_H                          
000001d6  P2MAP67_L                          
000001d8  P3MAP01                            
000001d9  P3MAP01_H                          
000001d8  P3MAP01_L                          
000001da  P3MAP23                            
000001db  P3MAP23_H                          
000001da  P3MAP23_L                          
000001dc  P3MAP45                            
000001dd  P3MAP45_H                          
000001dc  P3MAP45_L                          
000001de  P3MAP67                            
000001df  P3MAP67_H                          
000001de  P3MAP67_L                          
00000204  PADIR                              
00000205  PADIR_H                            
00000204  PADIR_L                            
00000208  PADS                               
00000209  PADS_H                             
00000208  PADS_L                             
0000021a  PAIE                               
00000218  PAIES                              
00000219  PAIES_H                            
00000218  PAIES_L                            
0000021b  PAIE_H                             
0000021a  PAIE_L                             
0000021c  PAIFG                              
0000021d  PAIFG_H                            
0000021c  PAIFG_L                            
00000200  PAIN                               
00000201  PAIN_H                             
00000200  PAIN_L                             
00000202  PAOUT                              
00000203  PAOUT_H                            
00000202  PAOUT_L                            
00000206  PAREN                              
00000207  PAREN_H                            
00000206  PAREN_L                            
0000020a  PASEL                              
0000020b  PASEL_H                            
0000020a  PASEL_L                            
00000224  PBDIR                              
00000225  PBDIR_H                            
00000224  PBDIR_L                            
00000228  PBDS                               
00000229  PBDS_H                             
00000228  PBDS_L                             
00000220  PBIN                               
00000221  PBIN_H                             
00000220  PBIN_L                             
00000222  PBOUT                              
00000223  PBOUT_H                            
00000222  PBOUT_L                            
00000226  PBREN                              
00000227  PBREN_H                            
00000226  PBREN_L                            
0000022a  PBSEL                              
0000022b  PBSEL_H                            
0000022a  PBSEL_L                            
00000244  PCDIR                              
00000245  PCDIR_H                            
00000244  PCDIR_L                            
00000248  PCDS                               
00000249  PCDS_H                             
00000248  PCDS_L                             
00000240  PCIN                               
00000241  PCIN_H                             
00000240  PCIN_L                             
00000242  PCOUT                              
00000243  PCOUT_H                            
00000242  PCOUT_L                            
00000246  PCREN                              
00000247  PCREN_H                            
00000246  PCREN_L                            
0000024a  PCSEL                              
0000024b  PCSEL_H                            
0000024a  PCSEL_L                            
00000324  PJDIR                              
00000325  PJDIR_H                            
00000324  PJDIR_L                            
00000328  PJDS                               
00000329  PJDS_H                             
00000328  PJDS_L                             
00000320  PJIN                               
00000321  PJIN_H                             
00000320  PJIN_L                             
00000322  PJOUT                              
00000323  PJOUT_H                            
00000322  PJOUT_L                            
00000326  PJREN                              
00000327  PJREN_H                            
00000326  PJREN_L                            
000001c2  PMAPCTL                            
000001c3  PMAPCTL_H                          
000001c2  PMAPCTL_L                          
000001c0  PMAPKEYID                          
000001c1  PMAPKEYID_H                        
000001c0  PMAPKEYID_L                        
00000120  PMMCTL0                            
00000121  PMMCTL0_H                          
00000120  PMMCTL0_L                          
00000122  PMMCTL1                            
00000123  PMMCTL1_H                          
00000122  PMMCTL1_L                          
0000012c  PMMIFG                             
0000012d  PMMIFG_H                           
0000012c  PMMIFG_L                           
0000012e  PMMRIE                             
0000012f  PMMRIE_H                           
0000012e  PMMRIE_L                           
00008460  PORT2_ISR                          
00000158  RCCTL0                             
00000159  RCCTL0_H                           
00000158  RCCTL0_L                           
000001b0  REFCTL0                            
000001b1  REFCTL0_H                          
000001b0  REFCTL0_L                          
000004e4  RES0                               
000004e5  RES0_H                             
000004e4  RES0_L                             
000004e6  RES1                               
000004e7  RES1_H                             
000004e6  RES1_L                             
000004e8  RES2                               
000004e9  RES2_H                             
000004e8  RES2_L                             
000004ea  RES3                               
000004eb  RES3_H                             
000004ea  RES3_L                             
000004cc  RESHI                              
000004cd  RESHI_H                            
000004cc  RESHI_L                            
000004ca  RESLO                              
000004cb  RESLO_H                            
000004ca  RESLO_L                            
00000f16  RF1ADINW                           
00000f17  RF1ADINW_H                         
00000f16  RF1ADINW_L                         
00000f28  RF1ADOUT0W                         
00000f29  RF1ADOUT0W_H                       
00000f28  RF1ADOUT0W_L                       
00000f2a  RF1ADOUT1W                         
00000f2b  RF1ADOUT1W_H                       
00000f2a  RF1ADOUT1W_L                       
00000f2c  RF1ADOUT2W                         
00000f2d  RF1ADOUT2W_H                       
00000f2c  RF1ADOUT2W_L                       
00000f36  RF1AIE                             
00000f34  RF1AIES                            
00000f35  RF1AIES_H                          
00000f34  RF1AIES_L                          
00000f37  RF1AIE_H                           
00000f36  RF1AIE_L                           
00000f00  RF1AIFCTL0                         
00000f01  RF1AIFCTL0_H                       
00000f00  RF1AIFCTL0_L                       
00000f02  RF1AIFCTL1                         
00000f03  RF1AIFCTL1_H                       
00000f02  RF1AIFCTL1_L                       
00000f04  RF1AIFCTL2                         
00000f05  RF1AIFCTL2_H                       
00000f04  RF1AIFCTL2_L                       
00000f06  RF1AIFERR                          
00000f0c  RF1AIFERRV                         
00000f0d  RF1AIFERRV_H                       
00000f0c  RF1AIFERRV_L                       
00000f07  RF1AIFERR_H                        
00000f06  RF1AIFERR_L                        
00000f32  RF1AIFG                            
00000f33  RF1AIFG_H                          
00000f32  RF1AIFG_L                          
00000f0e  RF1AIFIV                           
00000f0f  RF1AIFIV_H                         
00000f0e  RF1AIFIV_L                         
00000f30  RF1AIN                             
00000f12  RF1AINSTR1W                        
00000f13  RF1AINSTR1W_H                      
00000f12  RF1AINSTR1W_L                      
00000f14  RF1AINSTR2W                        
00000f15  RF1AINSTR2W_H                      
00000f14  RF1AINSTR2W_L                      
00000f10  RF1AINSTRW                         
00000f11  RF1AINSTRW_H                       
00000f10  RF1AINSTRW_L                       
00000f31  RF1AIN_H                           
00000f30  RF1AIN_L                           
00000f38  RF1AIV                             
00000f39  RF1AIV_H                           
00000f38  RF1AIV_L                           
00000f3c  RF1ARXFIFO                         
00000f3d  RF1ARXFIFO_H                       
00000f3c  RF1ARXFIFO_L                       
00000f20  RF1ASTAT0W                         
00000f21  RF1ASTAT0W_H                       
00000f20  RF1ASTAT0W_L                       
00000f22  RF1ASTAT1W                         
00000f23  RF1ASTAT1W_H                       
00000f22  RF1ASTAT1W_L                       
00000f24  RF1ASTAT2W                         
00000f25  RF1ASTAT2W_H                       
00000f24  RF1ASTAT2W_L                       
00000f3e  RF1ATXFIFO                         
00000f3f  RF1ATXFIFO_H                       
00000f3e  RF1ATXFIFO_L                       
000004ba  RTCADOWDAY                         
000004bb  RTCADOWDAY_H                       
000004ba  RTCADOWDAY_L                       
000004b8  RTCAMINHR                          
000004b9  RTCAMINHR_H                        
000004b8  RTCAMINHR_L                        
000004a0  RTCCTL01                           
000004a1  RTCCTL01_H                         
000004a0  RTCCTL01_L                         
000004a2  RTCCTL23                           
000004a3  RTCCTL23_H                         
000004a2  RTCCTL23_L                         
000004b4  RTCDATE                            
000004b5  RTCDATE_H                          
000004b4  RTCDATE_L                          
000004ae  RTCIV                              
000004ac  RTCPS                              
000004a8  RTCPS0CTL                          
000004a9  RTCPS0CTL_H                        
000004a8  RTCPS0CTL_L                        
000004aa  RTCPS1CTL                          
000004ab  RTCPS1CTL_H                        
000004aa  RTCPS1CTL_L                        
000004ad  RTCPS_H                            
000004ac  RTCPS_L                            
000004b0  RTCTIM0                            
000004b1  RTCTIM0_H                          
000004b0  RTCTIM0_L                          
000004b2  RTCTIM1                            
000004b3  RTCTIM1_H                          
000004b2  RTCTIM1_L                          
000004b6  RTCYEAR                            
000004b7  RTCYEAR_H                          
000004b6  RTCYEAR_L                          
00000100  SFRIE1                             
00000101  SFRIE1_H                           
00000100  SFRIE1_L                           
00000102  SFRIFG1                            
00000103  SFRIFG1_H                          
00000102  SFRIFG1_L                          
00000104  SFRRPCR                            
00000105  SFRRPCR_H                          
00000104  SFRRPCR_L                          
000004ce  SUMEXT                             
000004cf  SUMEXT_H                           
000004ce  SUMEXT_L                           
00000124  SVSMHCTL                           
00000125  SVSMHCTL_H                         
00000124  SVSMHCTL_L                         
00000128  SVSMIO                             
00000129  SVSMIO_H                           
00000128  SVSMIO_L                           
00000126  SVSMLCTL                           
00000127  SVSMLCTL_H                         
00000126  SVSMLCTL_L                         
00000198  SYSBERRIV                          
00000199  SYSBERRIV_H                        
00000198  SYSBERRIV_L                        
00000182  SYSBSLC                            
00000183  SYSBSLC_H                          
00000182  SYSBSLC_L                          
00000180  SYSCTL                             
00000181  SYSCTL_H                           
00000180  SYSCTL_L                           
00000186  SYSJMBC                            
00000187  SYSJMBC_H                          
00000186  SYSJMBC_L                          
00000188  SYSJMBI0                           
00000189  SYSJMBI0_H                         
00000188  SYSJMBI0_L                         
0000018a  SYSJMBI1                           
0000018b  SYSJMBI1_H                         
0000018a  SYSJMBI1_L                         
0000018c  SYSJMBO0                           
0000018d  SYSJMBO0_H                         
0000018c  SYSJMBO0_L                         
0000018e  SYSJMBO1                           
0000018f  SYSJMBO1_H                         
0000018e  SYSJMBO1_L                         
0000019e  SYSRSTIV                           
0000019f  SYSRSTIV_H                         
0000019e  SYSRSTIV_L                         
0000019c  SYSSNIV                            
0000019d  SYSSNIV_H                          
0000019c  SYSSNIV_L                          
0000019a  SYSUNIV                            
0000019b  SYSUNIV_H                          
0000019a  SYSUNIV_L                          
00000352  TA0CCR0                            
00000354  TA0CCR1                            
00000356  TA0CCR2                            
00000358  TA0CCR3                            
0000035a  TA0CCR4                            
00000342  TA0CCTL0                           
00000344  TA0CCTL1                           
00000346  TA0CCTL2                           
00000348  TA0CCTL3                           
0000034a  TA0CCTL4                           
00000340  TA0CTL                             
00000360  TA0EX0                             
0000036e  TA0IV                              
00000350  TA0R                               
00000392  TA1CCR0                            
00000394  TA1CCR1                            
00000396  TA1CCR2                            
00000382  TA1CCTL0                           
00000384  TA1CCTL1                           
00000386  TA1CCTL2                           
00000380  TA1CTL                             
000003a0  TA1EX0                             
000003ae  TA1IV                              
00000390  TA1R                               
000082fe  TIMER0_A0_ISR                      
00008dd8  TIMER0_A1_5_ISR                    
0000935e  Timer0_A3_Start                    
00008f32  Timer0_A4_Delay                    
000005d0  UCA0ABCTL                          
000005c6  UCA0BRW                            
000005c7  UCA0BRW_H                          
000005c6  UCA0BRW_L                          
000005c0  UCA0CTLW0                          
000005c1  UCA0CTLW0_H                        
000005c0  UCA0CTLW0_L                        
000005dc  UCA0ICTL                           
000005dd  UCA0ICTL_H                         
000005dc  UCA0ICTL_L                         
000005d2  UCA0IRCTL                          
000005d3  UCA0IRCTL_H                        
000005d2  UCA0IRCTL_L                        
000005de  UCA0IV                             
000005c8  UCA0MCTL                           
000005cc  UCA0RXBUF                          
000005ca  UCA0STAT                           
000005ce  UCA0TXBUF                          
000005e6  UCB0BRW                            
000005e7  UCB0BRW_H                          
000005e6  UCB0BRW_L                          
000005e0  UCB0CTLW0                          
000005e1  UCB0CTLW0_H                        
000005e0  UCB0CTLW0_L                        
000005f0  UCB0I2COA                          
000005f1  UCB0I2COA_H                        
000005f0  UCB0I2COA_L                        
000005f2  UCB0I2CSA                          
000005f3  UCB0I2CSA_H                        
000005f2  UCB0I2CSA_L                        
000005fc  UCB0ICTL                           
000005fd  UCB0ICTL_H                         
000005fc  UCB0ICTL_L                         
000005fe  UCB0IV                             
000005ec  UCB0RXBUF                          
000005ea  UCB0STAT                           
000005ee  UCB0TXBUF                          
00000160  UCSCTL0                            
00000161  UCSCTL0_H                          
00000160  UCSCTL0_L                          
00000162  UCSCTL1                            
00000163  UCSCTL1_H                          
00000162  UCSCTL1_L                          
00000164  UCSCTL2                            
00000165  UCSCTL2_H                          
00000164  UCSCTL2_L                          
00000166  UCSCTL3                            
00000167  UCSCTL3_H                          
00000166  UCSCTL3_L                          
00000168  UCSCTL4                            
00000169  UCSCTL4_H                          
00000168  UCSCTL4_L                          
0000016a  UCSCTL5                            
0000016b  UCSCTL5_H                          
0000016a  UCSCTL5_L                          
0000016c  UCSCTL6                            
0000016d  UCSCTL6_H                          
0000016c  UCSCTL6_L                          
0000016e  UCSCTL7                            
0000016f  UCSCTL7_H                          
0000016e  UCSCTL7_L                          
00000170  UCSCTL8                            
00000171  UCSCTL8_H                          
00000170  UCSCTL8_L                          
0000015c  WDTCTL                             
0000015d  WDTCTL_H                           
0000015c  WDTCTL_L                           
00002bfc  __STACK_END                        
00000050  __STACK_SIZE                       
00009550  __TI_ISR_TRAP                      
0000ffda  __TI_int45                         
0000ffdc  __TI_int46                         
0000ffde  __TI_int47                         
0000ffe0  __TI_int48                         
0000ffe2  __TI_int49                         
0000ffe4  __TI_int50                         
0000ffe6  __TI_int51                         
0000ffe8  __TI_int52                         
0000ffea  __TI_int53                         
0000ffec  __TI_int54                         
0000ffee  __TI_int55                         
0000fff0  __TI_int56                         
0000fff2  __TI_int57                         
0000fff4  __TI_int58                         
0000fff6  __TI_int59                         
0000fff8  __TI_int60                         
0000fffa  __TI_int61                         
0000fffc  __TI_int62                         
ffffffff  __binit__                          
00001c00  __bss__                            
ffffffff  __c_args__                         
00009620  __cinit__                          
00001c00  __data__                           
0000938c  __divi                             
0000927e  __divli                            
000094ca  __divu                             
00009100  __divul                            
00001c00  __edata__                          
00001cb0  __end__                            
00009560  __etext__                          
000086f6  __fs_add                           
00008bc2  __fs_mpy                           
000086f0  __fs_sub                           
000091f4  __fs_tou                           
0000945c  __fs_utof                          
000094e0  __mpyi_f5hw                        
ffffffff  __pinit__                          
0000938c  __remi                             
0000927e  __remli                            
000094ca  __remu                             
00009100  __remul                            
00008000  __text__                           
000090a8  _auto_init_hold_wdt                
00009480  _c_int00_noargs_noexit             
0000fffe  _reset_vector                      
00002bac  _stack                             
00009556  _system_pre_init                   
0000955a  abort                              
00001c9b  as_ok                              
0000932c  as_stop                            
ffffffff  binit                              
000091a8  bmp_as_get_data                    
00008ecc  bmp_as_read_register               
0000932c  bmp_as_stop                        
00008f94  bmp_as_write_register              
00009608  bmp_mgrav_per_bit                  
00001c7a  bmp_used                           
00001c92  button                             
00001c7b  chronos_black                      
00009620  cinit                              
0000904e  clear_line                         
00009158  convert_acceleration_value_to_mgrav
00001c6c  counter                            
00001c00  display                            
00008000  display_acceleration               
00008e52  display_char                       
00008a3c  display_chars                      
00008d2c  display_stopwatch                  
000094b4  display_symbol                     
00008c78  display_update                     
00001c70  downCounter                        
0000955e  dummy                              
00001c00  edata                              
00001cb0  end                                
00009560  etext                              
00001ca4  fptr_Timer0_A3_function            
00001c7c  fptr_lcd_function_line1            
00001c80  fptr_lcd_function_line2            
000085ba  init_application                   
00001c56  int_to_array_str                   
000094f6  is_stopwatch                       
0000958e  lcd_font                           
00008b08  main                               
0000952a  memcpy                             
000095e4  menu_L1_Acceleration               
000095f6  menu_L2_Stopwatch                  
00001c78  message                            
000093e4  mx_stopwatch                       
00001c73  ones                               
ffffffff  pinit                              
00001cac  ptrMenu_L1                         
00001cae  ptrMenu_L2                         
00001c76  request                            
00001c5e  sAccel                             
00001c94  sButton                            
00001c9c  sBuzzer                            
00001c84  sStopwatch                         
00001ca8  sTimer                             
000095ba  segments_bitmask                   
00001c02  segments_lcdmem                    
0000923a  start_buzzer                       
0000940c  stop_buzzer                        
0000949a  stop_stopwatch                     
00008820  stopwatch_tick                     
00009434  sx_acceleration                    
000092f8  sx_stopwatch                       
00001c74  sys                                
00001c72  tens                               
00008ff2  toggle_buzzer                      
00001c6e  upCounter                          
0000953a  update_acceleration                
00009546  update_stopwatch                   
000093b8  update_stopwatch_timer             
00008942  wakeup_event                       
000092be  write_lcd_mem                      


GLOBAL SYMBOLS: SORTED BY Symbol Address 

address   name                               
-------   ----                               
00000050  __STACK_SIZE                       
00000100  SFRIE1                             
00000100  SFRIE1_L                           
00000101  SFRIE1_H                           
00000102  SFRIFG1                            
00000102  SFRIFG1_L                          
00000103  SFRIFG1_H                          
00000104  SFRRPCR                            
00000104  SFRRPCR_L                          
00000105  SFRRPCR_H                          
00000120  PMMCTL0                            
00000120  PMMCTL0_L                          
00000121  PMMCTL0_H                          
00000122  PMMCTL1                            
00000122  PMMCTL1_L                          
00000123  PMMCTL1_H                          
00000124  SVSMHCTL                           
00000124  SVSMHCTL_L                         
00000125  SVSMHCTL_H                         
00000126  SVSMLCTL                           
00000126  SVSMLCTL_L                         
00000127  SVSMLCTL_H                         
00000128  SVSMIO                             
00000128  SVSMIO_L                           
00000129  SVSMIO_H                           
0000012c  PMMIFG                             
0000012c  PMMIFG_L                           
0000012d  PMMIFG_H                           
0000012e  PMMRIE                             
0000012e  PMMRIE_L                           
0000012f  PMMRIE_H                           
00000140  FCTL1                              
00000140  FCTL1_L                            
00000141  FCTL1_H                            
00000144  FCTL3                              
00000144  FCTL3_L                            
00000145  FCTL3_H                            
00000146  FCTL4                              
00000146  FCTL4_L                            
00000147  FCTL4_H                            
00000150  CRCDI                              
00000150  CRCDI_L                            
00000151  CRCDI_H                            
00000154  CRCINIRES                          
00000154  CRCINIRES_L                        
00000155  CRCINIRES_H                        
00000158  RCCTL0                             
00000158  RCCTL0_L                           
00000159  RCCTL0_H                           
0000015c  WDTCTL                             
0000015c  WDTCTL_L                           
0000015d  WDTCTL_H                           
00000160  UCSCTL0                            
00000160  UCSCTL0_L                          
00000161  UCSCTL0_H                          
00000162  UCSCTL1                            
00000162  UCSCTL1_L                          
00000163  UCSCTL1_H                          
00000164  UCSCTL2                            
00000164  UCSCTL2_L                          
00000165  UCSCTL2_H                          
00000166  UCSCTL3                            
00000166  UCSCTL3_L                          
00000167  UCSCTL3_H                          
00000168  UCSCTL4                            
00000168  UCSCTL4_L                          
00000169  UCSCTL4_H                          
0000016a  UCSCTL5                            
0000016a  UCSCTL5_L                          
0000016b  UCSCTL5_H                          
0000016c  UCSCTL6                            
0000016c  UCSCTL6_L                          
0000016d  UCSCTL6_H                          
0000016e  UCSCTL7                            
0000016e  UCSCTL7_L                          
0000016f  UCSCTL7_H                          
00000170  UCSCTL8                            
00000170  UCSCTL8_L                          
00000171  UCSCTL8_H                          
00000180  SYSCTL                             
00000180  SYSCTL_L                           
00000181  SYSCTL_H                           
00000182  SYSBSLC                            
00000182  SYSBSLC_L                          
00000183  SYSBSLC_H                          
00000186  SYSJMBC                            
00000186  SYSJMBC_L                          
00000187  SYSJMBC_H                          
00000188  SYSJMBI0                           
00000188  SYSJMBI0_L                         
00000189  SYSJMBI0_H                         
0000018a  SYSJMBI1                           
0000018a  SYSJMBI1_L                         
0000018b  SYSJMBI1_H                         
0000018c  SYSJMBO0                           
0000018c  SYSJMBO0_L                         
0000018d  SYSJMBO0_H                         
0000018e  SYSJMBO1                           
0000018e  SYSJMBO1_L                         
0000018f  SYSJMBO1_H                         
00000198  SYSBERRIV                          
00000198  SYSBERRIV_L                        
00000199  SYSBERRIV_H                        
0000019a  SYSUNIV                            
0000019a  SYSUNIV_L                          
0000019b  SYSUNIV_H                          
0000019c  SYSSNIV                            
0000019c  SYSSNIV_L                          
0000019d  SYSSNIV_H                          
0000019e  SYSRSTIV                           
0000019e  SYSRSTIV_L                         
0000019f  SYSRSTIV_H                         
000001b0  REFCTL0                            
000001b0  REFCTL0_L                          
000001b1  REFCTL0_H                          
000001c0  PMAPKEYID                          
000001c0  PMAPKEYID_L                        
000001c1  PMAPKEYID_H                        
000001c2  PMAPCTL                            
000001c2  PMAPCTL_L                          
000001c3  PMAPCTL_H                          
000001c8  P1MAP01                            
000001c8  P1MAP01_L                          
000001c9  P1MAP01_H                          
000001ca  P1MAP23                            
000001ca  P1MAP23_L                          
000001cb  P1MAP23_H                          
000001cc  P1MAP45                            
000001cc  P1MAP45_L                          
000001cd  P1MAP45_H                          
000001ce  P1MAP67                            
000001ce  P1MAP67_L                          
000001cf  P1MAP67_H                          
000001d0  P2MAP01                            
000001d0  P2MAP01_L                          
000001d1  P2MAP01_H                          
000001d2  P2MAP23                            
000001d2  P2MAP23_L                          
000001d3  P2MAP23_H                          
000001d4  P2MAP45                            
000001d4  P2MAP45_L                          
000001d5  P2MAP45_H                          
000001d6  P2MAP67                            
000001d6  P2MAP67_L                          
000001d7  P2MAP67_H                          
000001d8  P3MAP01                            
000001d8  P3MAP01_L                          
000001d9  P3MAP01_H                          
000001da  P3MAP23                            
000001da  P3MAP23_L                          
000001db  P3MAP23_H                          
000001dc  P3MAP45                            
000001dc  P3MAP45_L                          
000001dd  P3MAP45_H                          
000001de  P3MAP67                            
000001de  P3MAP67_L                          
000001df  P3MAP67_H                          
00000200  PAIN                               
00000200  PAIN_L                             
00000201  PAIN_H                             
00000202  PAOUT                              
00000202  PAOUT_L                            
00000203  PAOUT_H                            
00000204  PADIR                              
00000204  PADIR_L                            
00000205  PADIR_H                            
00000206  PAREN                              
00000206  PAREN_L                            
00000207  PAREN_H                            
00000208  PADS                               
00000208  PADS_L                             
00000209  PADS_H                             
0000020a  PASEL                              
0000020a  PASEL_L                            
0000020b  PASEL_H                            
0000020e  P1IV                               
00000218  PAIES                              
00000218  PAIES_L                            
00000219  PAIES_H                            
0000021a  PAIE                               
0000021a  PAIE_L                             
0000021b  PAIE_H                             
0000021c  PAIFG                              
0000021c  PAIFG_L                            
0000021d  PAIFG_H                            
0000021e  P2IV                               
00000220  PBIN                               
00000220  PBIN_L                             
00000221  PBIN_H                             
00000222  PBOUT                              
00000222  PBOUT_L                            
00000223  PBOUT_H                            
00000224  PBDIR                              
00000224  PBDIR_L                            
00000225  PBDIR_H                            
00000226  PBREN                              
00000226  PBREN_L                            
00000227  PBREN_H                            
00000228  PBDS                               
00000228  PBDS_L                             
00000229  PBDS_H                             
0000022a  PBSEL                              
0000022a  PBSEL_L                            
0000022b  PBSEL_H                            
00000240  PCIN                               
00000240  PCIN_L                             
00000241  PCIN_H                             
00000242  PCOUT                              
00000242  PCOUT_L                            
00000243  PCOUT_H                            
00000244  PCDIR                              
00000244  PCDIR_L                            
00000245  PCDIR_H                            
00000246  PCREN                              
00000246  PCREN_L                            
00000247  PCREN_H                            
00000248  PCDS                               
00000248  PCDS_L                             
00000249  PCDS_H                             
0000024a  PCSEL                              
0000024a  PCSEL_L                            
0000024b  PCSEL_H                            
00000320  PJIN                               
00000320  PJIN_L                             
00000321  PJIN_H                             
00000322  PJOUT                              
00000322  PJOUT_L                            
00000323  PJOUT_H                            
00000324  PJDIR                              
00000324  PJDIR_L                            
00000325  PJDIR_H                            
00000326  PJREN                              
00000326  PJREN_L                            
00000327  PJREN_H                            
00000328  PJDS                               
00000328  PJDS_L                             
00000329  PJDS_H                             
00000340  TA0CTL                             
00000342  TA0CCTL0                           
00000344  TA0CCTL1                           
00000346  TA0CCTL2                           
00000348  TA0CCTL3                           
0000034a  TA0CCTL4                           
00000350  TA0R                               
00000352  TA0CCR0                            
00000354  TA0CCR1                            
00000356  TA0CCR2                            
00000358  TA0CCR3                            
0000035a  TA0CCR4                            
00000360  TA0EX0                             
0000036e  TA0IV                              
00000380  TA1CTL                             
00000382  TA1CCTL0                           
00000384  TA1CCTL1                           
00000386  TA1CCTL2                           
00000390  TA1R                               
00000392  TA1CCR0                            
00000394  TA1CCR1                            
00000396  TA1CCR2                            
000003a0  TA1EX0                             
000003ae  TA1IV                              
000004a0  RTCCTL01                           
000004a0  RTCCTL01_L                         
000004a1  RTCCTL01_H                         
000004a2  RTCCTL23                           
000004a2  RTCCTL23_L                         
000004a3  RTCCTL23_H                         
000004a8  RTCPS0CTL                          
000004a8  RTCPS0CTL_L                        
000004a9  RTCPS0CTL_H                        
000004aa  RTCPS1CTL                          
000004aa  RTCPS1CTL_L                        
000004ab  RTCPS1CTL_H                        
000004ac  RTCPS                              
000004ac  RTCPS_L                            
000004ad  RTCPS_H                            
000004ae  RTCIV                              
000004b0  RTCTIM0                            
000004b0  RTCTIM0_L                          
000004b1  RTCTIM0_H                          
000004b2  RTCTIM1                            
000004b2  RTCTIM1_L                          
000004b3  RTCTIM1_H                          
000004b4  RTCDATE                            
000004b4  RTCDATE_L                          
000004b5  RTCDATE_H                          
000004b6  RTCYEAR                            
000004b6  RTCYEAR_L                          
000004b7  RTCYEAR_H                          
000004b8  RTCAMINHR                          
000004b8  RTCAMINHR_L                        
000004b9  RTCAMINHR_H                        
000004ba  RTCADOWDAY                         
000004ba  RTCADOWDAY_L                       
000004bb  RTCADOWDAY_H                       
000004c0  MPY                                
000004c0  MPY_L                              
000004c1  MPY_H                              
000004c2  MPYS                               
000004c2  MPYS_L                             
000004c3  MPYS_H                             
000004c4  MAC                                
000004c4  MAC_L                              
000004c5  MAC_H                              
000004c6  MACS                               
000004c6  MACS_L                             
000004c7  MACS_H                             
000004c8  OP2                                
000004c8  OP2_L                              
000004c9  OP2_H                              
000004ca  RESLO                              
000004ca  RESLO_L                            
000004cb  RESLO_H                            
000004cc  RESHI                              
000004cc  RESHI_L                            
000004cd  RESHI_H                            
000004ce  SUMEXT                             
000004ce  SUMEXT_L                           
000004cf  SUMEXT_H                           
000004d0  MPY32L                             
000004d0  MPY32L_L                           
000004d1  MPY32L_H                           
000004d2  MPY32H                             
000004d2  MPY32H_L                           
000004d3  MPY32H_H                           
000004d4  MPYS32L                            
000004d4  MPYS32L_L                          
000004d5  MPYS32L_H                          
000004d6  MPYS32H                            
000004d6  MPYS32H_L                          
000004d7  MPYS32H_H                          
000004d8  MAC32L                             
000004d8  MAC32L_L                           
000004d9  MAC32L_H                           
000004da  MAC32H                             
000004da  MAC32H_L                           
000004db  MAC32H_H                           
000004dc  MACS32L                            
000004dc  MACS32L_L                          
000004dd  MACS32L_H                          
000004de  MACS32H                            
000004de  MACS32H_L                          
000004df  MACS32H_H                          
000004e0  OP2L                               
000004e0  OP2L_L                             
000004e1  OP2L_H                             
000004e2  OP2H                               
000004e2  OP2H_L                             
000004e3  OP2H_H                             
000004e4  RES0                               
000004e4  RES0_L                             
000004e5  RES0_H                             
000004e6  RES1                               
000004e6  RES1_L                             
000004e7  RES1_H                             
000004e8  RES2                               
000004e8  RES2_L                             
000004e9  RES2_H                             
000004ea  RES3                               
000004ea  RES3_L                             
000004eb  RES3_H                             
000004ec  MPY32CTL0                          
000004ec  MPY32CTL0_L                        
000004ed  MPY32CTL0_H                        
00000500  DMACTL0                            
00000500  DMACTL0_L                          
00000501  DMACTL0_H                          
00000502  DMACTL1                            
00000502  DMACTL1_L                          
00000503  DMACTL1_H                          
00000504  DMACTL2                            
00000504  DMACTL2_L                          
00000505  DMACTL2_H                          
00000506  DMACTL3                            
00000506  DMACTL3_L                          
00000507  DMACTL3_H                          
00000508  DMACTL4                            
00000508  DMACTL4_L                          
00000509  DMACTL4_H                          
0000050e  DMAIV                              
0000050e  DMAIV_L                            
0000050f  DMAIV_H                            
00000510  DMA0CTL                            
00000510  DMA0CTL_L                          
00000511  DMA0CTL_H                          
00000512  DMA0SA                             
00000512  DMA0SAL                            
00000514  DMA0SAH                            
00000516  DMA0DA                             
00000516  DMA0DAL                            
00000518  DMA0DAH                            
0000051a  DMA0SZ                             
00000520  DMA1CTL                            
00000520  DMA1CTL_L                          
00000521  DMA1CTL_H                          
00000522  DMA1SA                             
00000522  DMA1SAL                            
00000524  DMA1SAH                            
00000526  DMA1DA                             
00000526  DMA1DAL                            
00000528  DMA1DAH                            
0000052a  DMA1SZ                             
00000530  DMA2CTL                            
00000530  DMA2CTL_L                          
00000531  DMA2CTL_H                          
00000532  DMA2SA                             
00000532  DMA2SAL                            
00000534  DMA2SAH                            
00000536  DMA2DA                             
00000536  DMA2DAL                            
00000538  DMA2DAH                            
0000053a  DMA2SZ                             
000005c0  UCA0CTLW0                          
000005c0  UCA0CTLW0_L                        
000005c1  UCA0CTLW0_H                        
000005c6  UCA0BRW                            
000005c6  UCA0BRW_L                          
000005c7  UCA0BRW_H                          
000005c8  UCA0MCTL                           
000005ca  UCA0STAT                           
000005cc  UCA0RXBUF                          
000005ce  UCA0TXBUF                          
000005d0  UCA0ABCTL                          
000005d2  UCA0IRCTL                          
000005d2  UCA0IRCTL_L                        
000005d3  UCA0IRCTL_H                        
000005dc  UCA0ICTL                           
000005dc  UCA0ICTL_L                         
000005dd  UCA0ICTL_H                         
000005de  UCA0IV                             
000005e0  UCB0CTLW0                          
000005e0  UCB0CTLW0_L                        
000005e1  UCB0CTLW0_H                        
000005e6  UCB0BRW                            
000005e6  UCB0BRW_L                          
000005e7  UCB0BRW_H                          
000005ea  UCB0STAT                           
000005ec  UCB0RXBUF                          
000005ee  UCB0TXBUF                          
000005f0  UCB0I2COA                          
000005f0  UCB0I2COA_L                        
000005f1  UCB0I2COA_H                        
000005f2  UCB0I2CSA                          
000005f2  UCB0I2CSA_L                        
000005f3  UCB0I2CSA_H                        
000005fc  UCB0ICTL                           
000005fc  UCB0ICTL_L                         
000005fd  UCB0ICTL_H                         
000005fe  UCB0IV                             
00000700  ADC12CTL0                          
00000700  ADC12CTL0_L                        
00000701  ADC12CTL0_H                        
00000702  ADC12CTL1                          
00000702  ADC12CTL1_L                        
00000703  ADC12CTL1_H                        
00000704  ADC12CTL2                          
00000704  ADC12CTL2_L                        
00000705  ADC12CTL2_H                        
0000070a  ADC12IFG                           
0000070a  ADC12IFG_L                         
0000070b  ADC12IFG_H                         
0000070c  ADC12IE                            
0000070c  ADC12IE_L                          
0000070d  ADC12IE_H                          
0000070e  ADC12IV                            
0000070e  ADC12IV_L                          
0000070f  ADC12IV_H                          
00000710  ADC12MCTL0                         
00000711  ADC12MCTL1                         
00000712  ADC12MCTL2                         
00000713  ADC12MCTL3                         
00000714  ADC12MCTL4                         
00000715  ADC12MCTL5                         
00000716  ADC12MCTL6                         
00000717  ADC12MCTL7                         
00000718  ADC12MCTL8                         
00000719  ADC12MCTL9                         
0000071a  ADC12MCTL10                        
0000071b  ADC12MCTL11                        
0000071c  ADC12MCTL12                        
0000071d  ADC12MCTL13                        
0000071e  ADC12MCTL14                        
0000071f  ADC12MCTL15                        
00000720  ADC12MEM0                          
00000720  ADC12MEM0_L                        
00000721  ADC12MEM0_H                        
00000722  ADC12MEM1                          
00000722  ADC12MEM1_L                        
00000723  ADC12MEM1_H                        
00000724  ADC12MEM2                          
00000724  ADC12MEM2_L                        
00000725  ADC12MEM2_H                        
00000726  ADC12MEM3                          
00000726  ADC12MEM3_L                        
00000727  ADC12MEM3_H                        
00000728  ADC12MEM4                          
00000728  ADC12MEM4_L                        
00000729  ADC12MEM4_H                        
0000072a  ADC12MEM5                          
0000072a  ADC12MEM5_L                        
0000072b  ADC12MEM5_H                        
0000072c  ADC12MEM6                          
0000072c  ADC12MEM6_L                        
0000072d  ADC12MEM6_H                        
0000072e  ADC12MEM7                          
0000072e  ADC12MEM7_L                        
0000072f  ADC12MEM7_H                        
00000730  ADC12MEM8                          
00000730  ADC12MEM8_L                        
00000731  ADC12MEM8_H                        
00000732  ADC12MEM9                          
00000732  ADC12MEM9_L                        
00000733  ADC12MEM9_H                        
00000734  ADC12MEM10                         
00000734  ADC12MEM10_L                       
00000735  ADC12MEM10_H                       
00000736  ADC12MEM11                         
00000736  ADC12MEM11_L                       
00000737  ADC12MEM11_H                       
00000738  ADC12MEM12                         
00000738  ADC12MEM12_L                       
00000739  ADC12MEM12_H                       
0000073a  ADC12MEM13                         
0000073a  ADC12MEM13_L                       
0000073b  ADC12MEM13_H                       
0000073c  ADC12MEM14                         
0000073c  ADC12MEM14_L                       
0000073d  ADC12MEM14_H                       
0000073e  ADC12MEM15                         
0000073e  ADC12MEM15_L                       
0000073f  ADC12MEM15_H                       
000008c0  CBCTL0                             
000008c0  CBCTL0_L                           
000008c1  CBCTL0_H                           
000008c2  CBCTL1                             
000008c2  CBCTL1_L                           
000008c3  CBCTL1_H                           
000008c4  CBCTL2                             
000008c4  CBCTL2_L                           
000008c5  CBCTL2_H                           
000008c6  CBCTL3                             
000008c6  CBCTL3_L                           
000008c7  CBCTL3_H                           
000008cc  CBINT                              
000008cc  CBINT_L                            
000008cd  CBINT_H                            
000008ce  CBIV                               
000009c0  AESACTL0                           
000009c0  AESACTL0_L                         
000009c1  AESACTL0_H                         
000009c4  AESASTAT                           
000009c4  AESASTAT_L                         
000009c5  AESASTAT_H                         
000009c6  AESAKEY                            
000009c6  AESAKEY_L                          
000009c7  AESAKEY_H                          
000009c8  AESADIN                            
000009c8  AESADIN_L                          
000009c9  AESADIN_H                          
000009ca  AESADOUT                           
000009ca  AESADOUT_L                         
000009cb  AESADOUT_H                         
00000a00  LCDBCTL0                           
00000a00  LCDBCTL0_L                         
00000a01  LCDBCTL0_H                         
00000a02  LCDBCTL1                           
00000a02  LCDBCTL1_L                         
00000a03  LCDBCTL1_H                         
00000a04  LCDBBLKCTL                         
00000a04  LCDBBLKCTL_L                       
00000a05  LCDBBLKCTL_H                       
00000a06  LCDBMEMCTL                         
00000a06  LCDBMEMCTL_L                       
00000a07  LCDBMEMCTL_H                       
00000a08  LCDBVCTL                           
00000a08  LCDBVCTL_L                         
00000a09  LCDBVCTL_H                         
00000a0a  LCDBPCTL0                          
00000a0a  LCDBPCTL0_L                        
00000a0b  LCDBPCTL0_H                        
00000a0c  LCDBPCTL1                          
00000a0c  LCDBPCTL1_L                        
00000a0d  LCDBPCTL1_H                        
00000a0e  LCDBPCTL2                          
00000a0e  LCDBPCTL2_L                        
00000a0f  LCDBPCTL2_H                        
00000a10  LCDBPCTL3                          
00000a10  LCDBPCTL3_L                        
00000a11  LCDBPCTL3_H                        
00000a12  LCDBCPCTL                          
00000a12  LCDBCPCTL_L                        
00000a13  LCDBCPCTL_H                        
00000a1e  LCDBIV                             
00000a20  LCDM1                              
00000a21  LCDM2                              
00000a22  LCDM3                              
00000a23  LCDM4                              
00000a24  LCDM5                              
00000a25  LCDM6                              
00000a26  LCDM7                              
00000a27  LCDM8                              
00000a28  LCDM9                              
00000a29  LCDM10                             
00000a2a  LCDM11                             
00000a2b  LCDM12                             
00000a2c  LCDM13                             
00000a2d  LCDM14                             
00000a2e  LCDM15                             
00000a2f  LCDM16                             
00000a30  LCDM17                             
00000a31  LCDM18                             
00000a32  LCDM19                             
00000a33  LCDM20                             
00000a34  LCDM21                             
00000a35  LCDM22                             
00000a36  LCDM23                             
00000a37  LCDM24                             
00000a40  LCDBM1                             
00000a41  LCDBM2                             
00000a42  LCDBM3                             
00000a43  LCDBM4                             
00000a44  LCDBM5                             
00000a45  LCDBM6                             
00000a46  LCDBM7                             
00000a47  LCDBM8                             
00000a48  LCDBM9                             
00000a49  LCDBM10                            
00000a4a  LCDBM11                            
00000a4b  LCDBM12                            
00000a4c  LCDBM13                            
00000a4d  LCDBM14                            
00000a4e  LCDBM15                            
00000a4f  LCDBM16                            
00000a50  LCDBM17                            
00000a51  LCDBM18                            
00000a52  LCDBM19                            
00000a53  LCDBM20                            
00000a54  LCDBM21                            
00000a55  LCDBM22                            
00000a56  LCDBM23                            
00000a57  LCDBM24                            
00000f00  RF1AIFCTL0                         
00000f00  RF1AIFCTL0_L                       
00000f01  RF1AIFCTL0_H                       
00000f02  RF1AIFCTL1                         
00000f02  RF1AIFCTL1_L                       
00000f03  RF1AIFCTL1_H                       
00000f04  RF1AIFCTL2                         
00000f04  RF1AIFCTL2_L                       
00000f05  RF1AIFCTL2_H                       
00000f06  RF1AIFERR                          
00000f06  RF1AIFERR_L                        
00000f07  RF1AIFERR_H                        
00000f0c  RF1AIFERRV                         
00000f0c  RF1AIFERRV_L                       
00000f0d  RF1AIFERRV_H                       
00000f0e  RF1AIFIV                           
00000f0e  RF1AIFIV_L                         
00000f0f  RF1AIFIV_H                         
00000f10  RF1AINSTRW                         
00000f10  RF1AINSTRW_L                       
00000f11  RF1AINSTRW_H                       
00000f12  RF1AINSTR1W                        
00000f12  RF1AINSTR1W_L                      
00000f13  RF1AINSTR1W_H                      
00000f14  RF1AINSTR2W                        
00000f14  RF1AINSTR2W_L                      
00000f15  RF1AINSTR2W_H                      
00000f16  RF1ADINW                           
00000f16  RF1ADINW_L                         
00000f17  RF1ADINW_H                         
00000f20  RF1ASTAT0W                         
00000f20  RF1ASTAT0W_L                       
00000f21  RF1ASTAT0W_H                       
00000f22  RF1ASTAT1W                         
00000f22  RF1ASTAT1W_L                       
00000f23  RF1ASTAT1W_H                       
00000f24  RF1ASTAT2W                         
00000f24  RF1ASTAT2W_L                       
00000f25  RF1ASTAT2W_H                       
00000f28  RF1ADOUT0W                         
00000f28  RF1ADOUT0W_L                       
00000f29  RF1ADOUT0W_H                       
00000f2a  RF1ADOUT1W                         
00000f2a  RF1ADOUT1W_L                       
00000f2b  RF1ADOUT1W_H                       
00000f2c  RF1ADOUT2W                         
00000f2c  RF1ADOUT2W_L                       
00000f2d  RF1ADOUT2W_H                       
00000f30  RF1AIN                             
00000f30  RF1AIN_L                           
00000f31  RF1AIN_H                           
00000f32  RF1AIFG                            
00000f32  RF1AIFG_L                          
00000f33  RF1AIFG_H                          
00000f34  RF1AIES                            
00000f34  RF1AIES_L                          
00000f35  RF1AIES_H                          
00000f36  RF1AIE                             
00000f36  RF1AIE_L                           
00000f37  RF1AIE_H                           
00000f38  RF1AIV                             
00000f38  RF1AIV_L                           
00000f39  RF1AIV_H                           
00000f3c  RF1ARXFIFO                         
00000f3c  RF1ARXFIFO_L                       
00000f3d  RF1ARXFIFO_H                       
00000f3e  RF1ATXFIFO                         
00000f3e  RF1ATXFIFO_L                       
00000f3f  RF1ATXFIFO_H                       
00001c00  .bss                               
00001c00  .data                              
00001c00  __bss__                            
00001c00  __data__                           
00001c00  __edata__                          
00001c00  display                            
00001c00  edata                              
00001c02  segments_lcdmem                    
00001c56  int_to_array_str                   
00001c5e  sAccel                             
00001c6c  counter                            
00001c6e  upCounter                          
00001c70  downCounter                        
00001c72  tens                               
00001c73  ones                               
00001c74  sys                                
00001c76  request                            
00001c78  message                            
00001c7a  bmp_used                           
00001c7b  chronos_black                      
00001c7c  fptr_lcd_function_line1            
00001c80  fptr_lcd_function_line2            
00001c84  sStopwatch                         
00001c92  button                             
00001c94  sButton                            
00001c9b  as_ok                              
00001c9c  sBuzzer                            
00001ca4  fptr_Timer0_A3_function            
00001ca8  sTimer                             
00001cac  ptrMenu_L1                         
00001cae  ptrMenu_L2                         
00001cb0  __end__                            
00001cb0  end                                
00002bac  _stack                             
00002bfc  __STACK_END                        
00008000  .text                              
00008000  __text__                           
00008000  display_acceleration               
000082fe  TIMER0_A0_ISR                      
00008460  PORT2_ISR                          
000085ba  init_application                   
000086f0  __fs_sub                           
000086f6  __fs_add                           
00008820  stopwatch_tick                     
00008942  wakeup_event                       
00008a3c  display_chars                      
00008b08  main                               
00008bc2  __fs_mpy                           
00008c78  display_update                     
00008d2c  display_stopwatch                  
00008dd8  TIMER0_A1_5_ISR                    
00008e52  display_char                       
00008ecc  bmp_as_read_register               
00008f32  Timer0_A4_Delay                    
00008f94  bmp_as_write_register              
00008ff2  toggle_buzzer                      
0000904e  clear_line                         
000090a8  _auto_init_hold_wdt                
00009100  __divul                            
00009100  __remul                            
00009158  convert_acceleration_value_to_mgrav
000091a8  bmp_as_get_data                    
000091f4  __fs_tou                           
0000923a  start_buzzer                       
0000927e  __divli                            
0000927e  __remli                            
000092be  write_lcd_mem                      
000092f8  sx_stopwatch                       
0000932c  as_stop                            
0000932c  bmp_as_stop                        
0000935e  Timer0_A3_Start                    
0000938c  __divi                             
0000938c  __remi                             
000093b8  update_stopwatch_timer             
000093e4  mx_stopwatch                       
0000940c  stop_buzzer                        
00009434  sx_acceleration                    
0000945c  __fs_utof                          
00009480  _c_int00_noargs_noexit             
0000949a  stop_stopwatch                     
000094b4  display_symbol                     
000094ca  __divu                             
000094ca  __remu                             
000094e0  __mpyi_f5hw                        
000094f6  is_stopwatch                       
0000950a  L_LSL                              
0000951a  L_LSR                              
0000952a  memcpy                             
0000953a  update_acceleration                
00009546  update_stopwatch                   
00009550  __TI_ISR_TRAP                      
00009556  _system_pre_init                   
0000955a  C$$EXIT                            
0000955a  abort                              
0000955e  dummy                              
00009560  __etext__                          
00009560  etext                              
0000958e  lcd_font                           
000095ba  segments_bitmask                   
000095e4  menu_L1_Acceleration               
000095f6  menu_L2_Stopwatch                  
00009608  bmp_mgrav_per_bit                  
00009616  LCD_Char_Map                       
00009620  __cinit__                          
00009620  cinit                              
0000ffda  __TI_int45                         
0000ffdc  __TI_int46                         
0000ffde  __TI_int47                         
0000ffe0  __TI_int48                         
0000ffe2  __TI_int49                         
0000ffe4  __TI_int50                         
0000ffe6  __TI_int51                         
0000ffe8  __TI_int52                         
0000ffea  __TI_int53                         
0000ffec  __TI_int54                         
0000ffee  __TI_int55                         
0000fff0  __TI_int56                         
0000fff2  __TI_int57                         
0000fff4  __TI_int58                         
0000fff6  __TI_int59                         
0000fff8  __TI_int60                         
0000fffa  __TI_int61                         
0000fffc  __TI_int62                         
0000fffe  _reset_vector                      
ffffffff  __binit__                          
ffffffff  __c_args__                         
ffffffff  __pinit__                          
ffffffff  binit                              
ffffffff  pinit                              

[839 symbols]
