<?xml version="1.0"?>
<link_info>
   <banner>MSP430 Linker PC v4.4.6</banner>
   <copyright>Copyright (c) 2003-2015 Texas Instruments Incorporated</copyright>
   <link_time>0x563af053</link_time>
   <link_errors>0x0</link_errors>
   <output_file>ez430_chronos_433MHz.out</output_file>
   <entry_point>
      <name>_c_int00_noargs_noexit</name>
      <address>0xf036</address>
   </entry_point>
   <input_file_list>
      <input_file id="fl-2a">
         <path>.\driver\</path>
         <kind>object</kind>
         <file>ps.obj</file>
         <name>ps.obj</name>
      </input_file>
      <input_file id="fl-2b">
         <path>.\driver\</path>
         <kind>object</kind>
         <file>radio.obj</file>
         <name>radio.obj</name>
      </input_file>
      <input_file id="fl-34">
         <path>..\bluerobin\</path>
         <kind>archive</kind>
         <file>BlueRobin_RX_433MHz.lib</file>
         <name>BRRX_Radio.obj</name>
      </input_file>
      <input_file id="fl-35">
         <path>..\bluerobin\</path>
         <kind>archive</kind>
         <file>BlueRobin_RX_433MHz.lib</file>
         <name>BRRX_Timer.obj</name>
      </input_file>
      <input_file id="fl-36">
         <path>..\bluerobin\</path>
         <kind>archive</kind>
         <file>BlueRobin_RX_433MHz.lib</file>
         <name>BRRX_Scheduler.obj</name>
      </input_file>
      <input_file id="fl-37">
         <path>..\bluerobin\</path>
         <kind>archive</kind>
         <file>BlueRobin_RX_433MHz.lib</file>
         <name>BRRX_Resource.obj</name>
      </input_file>
      <input_file id="fl-38">
         <path>..\bluerobin\</path>
         <kind>archive</kind>
         <file>BlueRobin_RX_433MHz.lib</file>
         <name>BRRX_Packet.obj</name>
      </input_file>
      <input_file id="fl-39">
         <path>..\bluerobin\</path>
         <kind>archive</kind>
         <file>BlueRobin_RX_433MHz.lib</file>
         <name>BRRX_API.obj</name>
      </input_file>
      <input_file id="fl-3a">
         <path>..\bluerobin\</path>
         <kind>archive</kind>
         <file>BlueRobin_RX_433MHz.lib</file>
         <name>BR_Common.obj</name>
      </input_file>
      <input_file id="fl-3b">
         <path>C:\Code Composer Studio\ccsv6\tools\compiler\ti-cgt-msp430_4.4.6\lib\</path>
         <kind>archive</kind>
         <file>rts430x.lib</file>
         <name>asr32.obj</name>
      </input_file>
      <input_file id="fl-3c">
         <path>C:\Code Composer Studio\ccsv6\tools\compiler\ti-cgt-msp430_4.4.6\lib\</path>
         <kind>archive</kind>
         <file>rts430x.lib</file>
         <name>boot.obj</name>
      </input_file>
      <input_file id="fl-3d">
         <path>C:\Code Composer Studio\ccsv6\tools\compiler\ti-cgt-msp430_4.4.6\lib\</path>
         <kind>archive</kind>
         <file>rts430x.lib</file>
         <name>boot_special.obj</name>
      </input_file>
      <input_file id="fl-41">
         <path>C:\Code Composer Studio\ccsv6\tools\compiler\ti-cgt-msp430_4.4.6\lib\</path>
         <kind>archive</kind>
         <file>rts430x.lib</file>
         <name>cpy_util.obj</name>
      </input_file>
      <input_file id="fl-42">
         <path>C:\Code Composer Studio\ccsv6\tools\compiler\ti-cgt-msp430_4.4.6\lib\</path>
         <kind>archive</kind>
         <file>rts430x.lib</file>
         <name>div16s.obj</name>
      </input_file>
      <input_file id="fl-43">
         <path>C:\Code Composer Studio\ccsv6\tools\compiler\ti-cgt-msp430_4.4.6\lib\</path>
         <kind>archive</kind>
         <file>rts430x.lib</file>
         <name>div16u.obj</name>
      </input_file>
      <input_file id="fl-44">
         <path>C:\Code Composer Studio\ccsv6\tools\compiler\ti-cgt-msp430_4.4.6\lib\</path>
         <kind>archive</kind>
         <file>rts430x.lib</file>
         <name>div32s.obj</name>
      </input_file>
      <input_file id="fl-45">
         <path>C:\Code Composer Studio\ccsv6\tools\compiler\ti-cgt-msp430_4.4.6\lib\</path>
         <kind>archive</kind>
         <file>rts430x.lib</file>
         <name>div32u.obj</name>
      </input_file>
      <input_file id="fl-46">
         <path>C:\Code Composer Studio\ccsv6\tools\compiler\ti-cgt-msp430_4.4.6\lib\</path>
         <kind>archive</kind>
         <file>rts430x.lib</file>
         <name>exit.obj</name>
      </input_file>
      <input_file id="fl-48">
         <path>C:\Code Composer Studio\ccsv6\tools\compiler\ti-cgt-msp430_4.4.6\lib\</path>
         <kind>archive</kind>
         <file>rts430x.lib</file>
         <name>fs_add.obj</name>
      </input_file>
      <input_file id="fl-49">
         <path>C:\Code Composer Studio\ccsv6\tools\compiler\ti-cgt-msp430_4.4.6\lib\</path>
         <kind>archive</kind>
         <file>rts430x.lib</file>
         <name>fs_cmp.obj</name>
      </input_file>
      <input_file id="fl-4a">
         <path>C:\Code Composer Studio\ccsv6\tools\compiler\ti-cgt-msp430_4.4.6\lib\</path>
         <kind>archive</kind>
         <file>rts430x.lib</file>
         <name>fs_div.obj</name>
      </input_file>
      <input_file id="fl-4b">
         <path>C:\Code Composer Studio\ccsv6\tools\compiler\ti-cgt-msp430_4.4.6\lib\</path>
         <kind>archive</kind>
         <file>rts430x.lib</file>
         <name>fs_itof.obj</name>
      </input_file>
      <input_file id="fl-4c">
         <path>C:\Code Composer Studio\ccsv6\tools\compiler\ti-cgt-msp430_4.4.6\lib\</path>
         <kind>archive</kind>
         <file>rts430x.lib</file>
         <name>fs_mpy.obj</name>
      </input_file>
      <input_file id="fl-4d">
         <path>C:\Code Composer Studio\ccsv6\tools\compiler\ti-cgt-msp430_4.4.6\lib\</path>
         <kind>archive</kind>
         <file>rts430x.lib</file>
         <name>fs_tou.obj</name>
      </input_file>
      <input_file id="fl-4e">
         <path>C:\Code Composer Studio\ccsv6\tools\compiler\ti-cgt-msp430_4.4.6\lib\</path>
         <kind>archive</kind>
         <file>rts430x.lib</file>
         <name>fs_toul.obj</name>
      </input_file>
      <input_file id="fl-4f">
         <path>C:\Code Composer Studio\ccsv6\tools\compiler\ti-cgt-msp430_4.4.6\lib\</path>
         <kind>archive</kind>
         <file>rts430x.lib</file>
         <name>fs_ultof.obj</name>
      </input_file>
      <input_file id="fl-50">
         <path>C:\Code Composer Studio\ccsv6\tools\compiler\ti-cgt-msp430_4.4.6\lib\</path>
         <kind>archive</kind>
         <file>rts430x.lib</file>
         <name>fs_utof.obj</name>
      </input_file>
      <input_file id="fl-51">
         <path>C:\Code Composer Studio\ccsv6\tools\compiler\ti-cgt-msp430_4.4.6\lib\</path>
         <kind>archive</kind>
         <file>rts430x.lib</file>
         <name>int45.obj</name>
      </input_file>
      <input_file id="fl-52">
         <path>C:\Code Composer Studio\ccsv6\tools\compiler\ti-cgt-msp430_4.4.6\lib\</path>
         <kind>archive</kind>
         <file>rts430x.lib</file>
         <name>int46.obj</name>
      </input_file>
      <input_file id="fl-53">
         <path>C:\Code Composer Studio\ccsv6\tools\compiler\ti-cgt-msp430_4.4.6\lib\</path>
         <kind>archive</kind>
         <file>rts430x.lib</file>
         <name>int47.obj</name>
      </input_file>
      <input_file id="fl-54">
         <path>C:\Code Composer Studio\ccsv6\tools\compiler\ti-cgt-msp430_4.4.6\lib\</path>
         <kind>archive</kind>
         <file>rts430x.lib</file>
         <name>int49.obj</name>
      </input_file>
      <input_file id="fl-55">
         <path>C:\Code Composer Studio\ccsv6\tools\compiler\ti-cgt-msp430_4.4.6\lib\</path>
         <kind>archive</kind>
         <file>rts430x.lib</file>
         <name>int50.obj</name>
      </input_file>
      <input_file id="fl-56">
         <path>C:\Code Composer Studio\ccsv6\tools\compiler\ti-cgt-msp430_4.4.6\lib\</path>
         <kind>archive</kind>
         <file>rts430x.lib</file>
         <name>int51.obj</name>
      </input_file>
      <input_file id="fl-57">
         <path>C:\Code Composer Studio\ccsv6\tools\compiler\ti-cgt-msp430_4.4.6\lib\</path>
         <kind>archive</kind>
         <file>rts430x.lib</file>
         <name>int52.obj</name>
      </input_file>
      <input_file id="fl-58">
         <path>C:\Code Composer Studio\ccsv6\tools\compiler\ti-cgt-msp430_4.4.6\lib\</path>
         <kind>archive</kind>
         <file>rts430x.lib</file>
         <name>int57.obj</name>
      </input_file>
      <input_file id="fl-59">
         <path>C:\Code Composer Studio\ccsv6\tools\compiler\ti-cgt-msp430_4.4.6\lib\</path>
         <kind>archive</kind>
         <file>rts430x.lib</file>
         <name>int58.obj</name>
      </input_file>
      <input_file id="fl-5a">
         <path>C:\Code Composer Studio\ccsv6\tools\compiler\ti-cgt-msp430_4.4.6\lib\</path>
         <kind>archive</kind>
         <file>rts430x.lib</file>
         <name>int59.obj</name>
      </input_file>
      <input_file id="fl-5b">
         <path>C:\Code Composer Studio\ccsv6\tools\compiler\ti-cgt-msp430_4.4.6\lib\</path>
         <kind>archive</kind>
         <file>rts430x.lib</file>
         <name>int60.obj</name>
      </input_file>
      <input_file id="fl-5c">
         <path>C:\Code Composer Studio\ccsv6\tools\compiler\ti-cgt-msp430_4.4.6\lib\</path>
         <kind>archive</kind>
         <file>rts430x.lib</file>
         <name>int61.obj</name>
      </input_file>
      <input_file id="fl-5d">
         <path>C:\Code Composer Studio\ccsv6\tools\compiler\ti-cgt-msp430_4.4.6\lib\</path>
         <kind>archive</kind>
         <file>rts430x.lib</file>
         <name>int62.obj</name>
      </input_file>
      <input_file id="fl-5e">
         <path>C:\Code Composer Studio\ccsv6\tools\compiler\ti-cgt-msp430_4.4.6\lib\</path>
         <kind>archive</kind>
         <file>rts430x.lib</file>
         <name>isr_trap.obj</name>
      </input_file>
      <input_file id="fl-5f">
         <path>C:\Code Composer Studio\ccsv6\tools\compiler\ti-cgt-msp430_4.4.6\lib\</path>
         <kind>archive</kind>
         <file>rts430x.lib</file>
         <name>lsl32.obj</name>
      </input_file>
      <input_file id="fl-60">
         <path>C:\Code Composer Studio\ccsv6\tools\compiler\ti-cgt-msp430_4.4.6\lib\</path>
         <kind>archive</kind>
         <file>rts430x.lib</file>
         <name>lsr32.obj</name>
      </input_file>
      <input_file id="fl-66">
         <path>C:\Code Composer Studio\ccsv6\tools\compiler\ti-cgt-msp430_4.4.6\lib\</path>
         <kind>archive</kind>
         <file>rts430x.lib</file>
         <name>mult16.obj</name>
      </input_file>
      <input_file id="fl-67">
         <path>C:\Code Composer Studio\ccsv6\tools\compiler\ti-cgt-msp430_4.4.6\lib\</path>
         <kind>archive</kind>
         <file>rts430x.lib</file>
         <name>mult1632_f5hw.obj</name>
      </input_file>
      <input_file id="fl-68">
         <path>C:\Code Composer Studio\ccsv6\tools\compiler\ti-cgt-msp430_4.4.6\lib\</path>
         <kind>archive</kind>
         <file>rts430x.lib</file>
         <name>mult16_f5hw.obj</name>
      </input_file>
      <input_file id="fl-69">
         <path>C:\Code Composer Studio\ccsv6\tools\compiler\ti-cgt-msp430_4.4.6\lib\</path>
         <kind>archive</kind>
         <file>rts430x.lib</file>
         <name>mult32.obj</name>
      </input_file>
      <input_file id="fl-6a">
         <path>C:\Code Composer Studio\ccsv6\tools\compiler\ti-cgt-msp430_4.4.6\lib\</path>
         <kind>archive</kind>
         <file>rts430x.lib</file>
         <name>mult3264_f5hw.obj</name>
      </input_file>
      <input_file id="fl-6b">
         <path>C:\Code Composer Studio\ccsv6\tools\compiler\ti-cgt-msp430_4.4.6\lib\</path>
         <kind>archive</kind>
         <file>rts430x.lib</file>
         <name>mult32_f5hw.obj</name>
      </input_file>
      <input_file id="fl-6c">
         <path>C:\Code Composer Studio\ccsv6\tools\compiler\ti-cgt-msp430_4.4.6\lib\</path>
         <kind>archive</kind>
         <file>rts430x.lib</file>
         <name>mult64_f5hw.obj</name>
      </input_file>
      <input_file id="fl-6f">
         <path>C:\Code Composer Studio\ccsv6\tools\compiler\ti-cgt-msp430_4.4.6\lib\</path>
         <kind>archive</kind>
         <file>rts430x.lib</file>
         <name>args_main.obj</name>
      </input_file>
      <input_file id="fl-70">
         <path>C:\Code Composer Studio\ccsv6\tools\compiler\ti-cgt-msp430_4.4.6\lib\</path>
         <kind>archive</kind>
         <file>rts430x.lib</file>
         <name>autoinit.obj</name>
      </input_file>
      <input_file id="fl-9b">
         <path>C:\Users\Rollin\AppData\Local\Temp\</path>
         <kind>object</kind>
         <file>112042</file>
         <name>112042</name>
      </input_file>
   </input_file_list>
   <object_component_list>
      <object_component id="oc-84">
         <name>.bss</name>
         <uninitialized>true</uninitialized>
         <run_address>0x1d30</run_address>
         <size>0x45</size>
         <input_file_ref idref="fl-2a"/>
      </object_component>
      <object_component id="oc-8f">
         <name>.bss</name>
         <uninitialized>true</uninitialized>
         <run_address>0x1ece</run_address>
         <size>0x6</size>
         <input_file_ref idref="fl-34"/>
      </object_component>
      <object_component id="oc-95">
         <name>.bss</name>
         <uninitialized>true</uninitialized>
         <run_address>0x1eae</run_address>
         <size>0x8</size>
         <input_file_ref idref="fl-35"/>
      </object_component>
      <object_component id="oc-9b">
         <name>.bss</name>
         <uninitialized>true</uninitialized>
         <run_address>0x1e5c</run_address>
         <size>0xc</size>
         <input_file_ref idref="fl-36"/>
      </object_component>
      <object_component id="oc-a1">
         <name>.bss</name>
         <uninitialized>true</uninitialized>
         <run_address>0x1dd0</run_address>
         <size>0x1c</size>
         <input_file_ref idref="fl-37"/>
      </object_component>
      <object_component id="oc-a6">
         <name>.bss</name>
         <uninitialized>true</uninitialized>
         <run_address>0x1ee0</run_address>
         <size>0x5</size>
         <input_file_ref idref="fl-38"/>
      </object_component>
      <object_component id="oc-ac">
         <name>.bss</name>
         <uninitialized>true</uninitialized>
         <run_address>0x1ee6</run_address>
         <size>0x4</size>
         <input_file_ref idref="fl-39"/>
      </object_component>
      <object_component id="oc-b1">
         <name>.bss</name>
         <uninitialized>true</uninitialized>
         <run_address>0x1e68</run_address>
         <size>0xa</size>
         <input_file_ref idref="fl-3a"/>
      </object_component>
      <object_component id="oc-145">
         <name>.bss</name>
         <uninitialized>true</uninitialized>
         <run_address>0x1c8c</run_address>
         <size>0x5e</size>
         <input_file_ref idref="fl-27"/>
      </object_component>
      <object_component id="oc-146">
         <name>.bss</name>
         <uninitialized>true</uninitialized>
         <run_address>0x1e90</run_address>
         <size>0xa</size>
         <input_file_ref idref="fl-29"/>
      </object_component>
      <object_component id="oc-148">
         <name>.bss</name>
         <uninitialized>true</uninitialized>
         <run_address>0x1eee</run_address>
         <size>0x4</size>
         <input_file_ref idref="fl-19"/>
      </object_component>
      <object_component id="oc-149">
         <name>.bss</name>
         <uninitialized>true</uninitialized>
         <run_address>0x1eb6</run_address>
         <size>0x8</size>
         <input_file_ref idref="fl-15"/>
      </object_component>
      <object_component id="oc-14a">
         <name>.bss</name>
         <uninitialized>true</uninitialized>
         <run_address>0x1eda</run_address>
         <size>0x6</size>
         <input_file_ref idref="fl-1d"/>
      </object_component>
      <object_component id="oc-14b">
         <name>.bss</name>
         <uninitialized>true</uninitialized>
         <run_address>0x1e32</run_address>
         <size>0xe</size>
         <input_file_ref idref="fl-14"/>
      </object_component>
      <object_component id="oc-14c">
         <name>.bss</name>
         <uninitialized>true</uninitialized>
         <run_address>0x1cea</run_address>
         <size>0x46</size>
         <input_file_ref idref="fl-1b"/>
      </object_component>
      <object_component id="oc-14d">
         <name>.bss</name>
         <uninitialized>true</uninitialized>
         <run_address>0x1ecd</run_address>
         <size>0x1</size>
         <input_file_ref idref="fl-1a"/>
      </object_component>
      <object_component id="oc-14e">
         <name>.bss</name>
         <uninitialized>true</uninitialized>
         <run_address>0x1e20</run_address>
         <size>0x12</size>
         <input_file_ref idref="fl-2"/>
      </object_component>
      <object_component id="oc-14f">
         <name>.bss</name>
         <uninitialized>true</uninitialized>
         <run_address>0x1ea4</run_address>
         <size>0x9</size>
         <input_file_ref idref="fl-5"/>
      </object_component>
      <object_component id="oc-150">
         <name>.bss</name>
         <uninitialized>true</uninitialized>
         <run_address>0x1e86</run_address>
         <size>0xa</size>
         <input_file_ref idref="fl-6"/>
      </object_component>
      <object_component id="oc-151">
         <name>.bss</name>
         <uninitialized>true</uninitialized>
         <run_address>0x1ef6</run_address>
         <size>0x3</size>
         <input_file_ref idref="fl-7"/>
      </object_component>
      <object_component id="oc-152">
         <name>.bss</name>
         <uninitialized>true</uninitialized>
         <run_address>0x1ead</run_address>
         <size>0x1</size>
         <input_file_ref idref="fl-8"/>
      </object_component>
      <object_component id="oc-153">
         <name>.bss</name>
         <uninitialized>true</uninitialized>
         <run_address>0x1db2</run_address>
         <size>0x1d</size>
         <input_file_ref idref="fl-a"/>
      </object_component>
      <object_component id="oc-154">
         <name>.bss</name>
         <uninitialized>true</uninitialized>
         <run_address>0x1c00</run_address>
         <size>0x8c</size>
         <input_file_ref idref="fl-b"/>
      </object_component>
      <object_component id="oc-155">
         <name>.bss</name>
         <uninitialized>true</uninitialized>
         <run_address>0x1ea3</run_address>
         <size>0x1</size>
         <input_file_ref idref="fl-c"/>
      </object_component>
      <object_component id="oc-156">
         <name>.bss</name>
         <uninitialized>true</uninitialized>
         <run_address>0x1e7c</run_address>
         <size>0xa</size>
         <input_file_ref idref="fl-d"/>
      </object_component>
      <object_component id="oc-159">
         <name>.bss</name>
         <uninitialized>true</uninitialized>
         <run_address>0x1e9a</run_address>
         <size>0x9</size>
         <input_file_ref idref="fl-e"/>
      </object_component>
      <object_component id="oc-15a">
         <name>.bss</name>
         <uninitialized>true</uninitialized>
         <run_address>0x1d76</run_address>
         <size>0x3c</size>
         <input_file_ref idref="fl-f"/>
      </object_component>
      <object_component id="oc-15c">
         <name>.bss</name>
         <uninitialized>true</uninitialized>
         <run_address>0x1dcf</run_address>
         <size>0x1</size>
         <input_file_ref idref="fl-11"/>
      </object_component>
      <object_component id="oc-15d">
         <name>.bss</name>
         <uninitialized>true</uninitialized>
         <run_address>0x1d75</run_address>
         <size>0x1</size>
         <input_file_ref idref="fl-21"/>
      </object_component>
      <object_component id="oc-15e">
         <name>.bss</name>
         <uninitialized>true</uninitialized>
         <run_address>0x1e72</run_address>
         <size>0xa</size>
         <input_file_ref idref="fl-12"/>
      </object_component>
      <object_component id="oc-15f">
         <name>.bss</name>
         <uninitialized>true</uninitialized>
         <run_address>0x1e40</run_address>
         <size>0xe</size>
         <input_file_ref idref="fl-17"/>
      </object_component>
      <object_component id="oc-160">
         <name>.bss</name>
         <uninitialized>true</uninitialized>
         <run_address>0x1eea</run_address>
         <size>0x4</size>
         <input_file_ref idref="fl-13"/>
      </object_component>
      <object_component id="oc-161">
         <name>.bss</name>
         <uninitialized>true</uninitialized>
         <run_address>0x1dec</run_address>
         <size>0x1a</size>
         <input_file_ref idref="fl-16"/>
      </object_component>
      <object_component id="oc-162">
         <name>.bss</name>
         <uninitialized>true</uninitialized>
         <run_address>0x1ed4</run_address>
         <size>0x6</size>
         <input_file_ref idref="fl-18"/>
      </object_component>
      <object_component id="oc-163">
         <name>.bss</name>
         <uninitialized>true</uninitialized>
         <run_address>0x1e4e</run_address>
         <size>0xe</size>
         <input_file_ref idref="fl-1c"/>
      </object_component>
      <object_component id="oc-164">
         <name>.bss</name>
         <uninitialized>true</uninitialized>
         <run_address>0x1ef2</run_address>
         <size>0x3</size>
         <input_file_ref idref="fl-20"/>
      </object_component>
      <object_component id="oc-165">
         <name>.bss</name>
         <uninitialized>true</uninitialized>
         <run_address>0x1e06</run_address>
         <size>0x1a</size>
         <input_file_ref idref="fl-23"/>
      </object_component>
      <object_component id="oc-166">
         <name>.bss</name>
         <uninitialized>true</uninitialized>
         <run_address>0x1ec6</run_address>
         <size>0x7</size>
         <input_file_ref idref="fl-2d"/>
      </object_component>
      <object_component id="oc-167">
         <name>.bss</name>
         <uninitialized>true</uninitialized>
         <run_address>0x1ebe</run_address>
         <size>0x8</size>
         <input_file_ref idref="fl-24"/>
      </object_component>
      <object_component id="oc-bb">
         <name>.stack</name>
         <uninitialized>true</uninitialized>
         <run_address>0x2bac</run_address>
         <size>0x2</size>
         <input_file_ref idref="fl-3c"/>
      </object_component>
      <object_component id="oc-2d1">
         <name>.stack</name>
         <uninitialized>true</uninitialized>
         <run_address>0x2bac</run_address>
         <size>0x0</size>
      </object_component>
      <object_component id="oc-172">
         <name>.text:_isr:TIMER0_A0_ISR</name>
         <load_address>0x8000</load_address>
         <run_address>0x8000</run_address>
         <size>0x2c0</size>
         <input_file_ref idref="fl-2d"/>
      </object_component>
      <object_component id="oc-20c">
         <name>.text:conv_pa_to_meter</name>
         <load_address>0x82c0</load_address>
         <run_address>0x82c0</run_address>
         <size>0x298</size>
         <input_file_ref idref="fl-2a"/>
      </object_component>
      <object_component id="oc-1f3">
         <name>.text:BRRX__Scheduler_v</name>
         <load_address>0x8558</load_address>
         <run_address>0x8558</run_address>
         <size>0x284</size>
         <input_file_ref idref="fl-36"/>
      </object_component>
      <object_component id="oc-1c3">
         <name>.text:test_mode</name>
         <load_address>0x87dc</load_address>
         <run_address>0x87dc</run_address>
         <size>0x27a</size>
         <input_file_ref idref="fl-1e"/>
      </object_component>
      <object_component id="oc-1ce">
         <name>.text:set_value</name>
         <load_address>0x8a56</load_address>
         <run_address>0x8a56</run_address>
         <size>0x22c</size>
         <input_file_ref idref="fl-1f"/>
      </object_component>
      <object_component id="oc-16f">
         <name>.text:_isr:PORT2_ISR</name>
         <load_address>0x8c82</load_address>
         <run_address>0x8c82</run_address>
         <size>0x200</size>
         <input_file_ref idref="fl-29"/>
      </object_component>
      <object_component id="oc-24c">
         <name>.text:MRFI_Init</name>
         <load_address>0x8e82</load_address>
         <run_address>0x8e82</run_address>
         <size>0x1f6</size>
         <input_file_ref idref="fl-f"/>
      </object_component>
      <object_component id="oc-17c">
         <name>.text:mx_time</name>
         <load_address>0x9078</load_address>
         <run_address>0x9078</run_address>
         <size>0x1e4</size>
         <input_file_ref idref="fl-17"/>
      </object_component>
      <object_component id="oc-1d6">
         <name>.text:update_pressure_table</name>
         <load_address>0x925c</load_address>
         <run_address>0x925c</run_address>
         <size>0x1da</size>
         <input_file_ref idref="fl-2a"/>
      </object_component>
      <object_component id="oc-1a4">
         <name>.text:mx_caldist</name>
         <load_address>0x9436</load_address>
         <run_address>0x9436</run_address>
         <size>0x1ca</size>
         <input_file_ref idref="fl-16"/>
      </object_component>
      <object_component id="oc-17d">
         <name>.text:display_time</name>
         <load_address>0x9600</load_address>
         <run_address>0x9600</run_address>
         <size>0x1be</size>
         <input_file_ref idref="fl-17"/>
      </object_component>
      <object_component id="oc-180">
         <name>.text:mx_date</name>
         <load_address>0x97be</load_address>
         <run_address>0x97be</run_address>
         <size>0x194</size>
         <input_file_ref idref="fl-18"/>
      </object_component>
      <object_component id="oc-20b">
         <name>.text:bmp_ps_get_pa</name>
         <load_address>0x9952</load_address>
         <run_address>0x9952</run_address>
         <size>0x192</size>
         <input_file_ref idref="fl-23"/>
      </object_component>
      <object_component id="oc-195">
         <name>.text:display_acceleration</name>
         <load_address>0x9ae4</load_address>
         <run_address>0x9ae4</run_address>
         <size>0x180</size>
         <input_file_ref idref="fl-12"/>
      </object_component>
      <object_component id="oc-1c1">
         <name>.text:init_application</name>
         <load_address>0x9c64</load_address>
         <run_address>0x9c64</run_address>
         <size>0x172</size>
         <input_file_ref idref="fl-2"/>
      </object_component>
      <object_component id="oc-24d">
         <name>.text:nwk_nwkInit</name>
         <load_address>0x9dd6</load_address>
         <run_address>0x9dd6</run_address>
         <size>0x16e</size>
         <input_file_ref idref="fl-a"/>
      </object_component>
      <object_component id="oc-274">
         <name>.text:smpl_send_link_reply$4</name>
         <load_address>0x9f44</load_address>
         <run_address>0x9f44</run_address>
         <size>0x164</size>
         <input_file_ref idref="fl-6"/>
      </object_component>
      <object_component id="oc-264">
         <name>.text:MRFI_Transmit</name>
         <load_address>0xa0a8</load_address>
         <run_address>0xa0a8</run_address>
         <size>0x14c</size>
         <input_file_ref idref="fl-f"/>
      </object_component>
      <object_component id="oc-1c2">
         <name>.text:init_global_variables</name>
         <load_address>0xa1f4</load_address>
         <run_address>0xa1f4</run_address>
         <size>0x14a</size>
         <input_file_ref idref="fl-2"/>
      </object_component>
      <object_component id="oc-228">
         <name>.text:simpliciti_sync_decode_ap_cmd_callback</name>
         <load_address>0xa33e</load_address>
         <run_address>0xa33e</run_address>
         <size>0x14a</size>
         <input_file_ref idref="fl-1b"/>
      </object_component>
      <object_component id="oc-223">
         <name>.text:nwk_link</name>
         <load_address>0xa488</load_address>
         <run_address>0xa488</run_address>
         <size>0x148</size>
         <input_file_ref idref="fl-6"/>
      </object_component>
      <object_component id="oc-1f2">
         <name>.text:Mrfi_SyncPinRxIsr$13</name>
         <load_address>0xa5d0</load_address>
         <run_address>0xa5d0</run_address>
         <size>0x140</size>
         <input_file_ref idref="fl-f"/>
      </object_component>
      <object_component id="oc-220">
         <name>.text:SMPL_Ioctl</name>
         <load_address>0xa710</load_address>
         <run_address>0xa710</run_address>
         <size>0x13e</size>
         <input_file_ref idref="fl-c"/>
      </object_component>
      <object_component id="oc-e3">
         <name>.text</name>
         <load_address>0xa84e</load_address>
         <run_address>0xa84e</run_address>
         <size>0x130</size>
         <input_file_ref idref="fl-48"/>
      </object_component>
      <object_component id="oc-1c6">
         <name>.text:do_altitude_measurement</name>
         <load_address>0xa97e</load_address>
         <run_address>0xa97e</run_address>
         <size>0x12c</size>
         <input_file_ref idref="fl-14"/>
      </object_component>
      <object_component id="oc-199">
         <name>.text:display_stopwatch</name>
         <load_address>0xaaaa</load_address>
         <run_address>0xaaaa</run_address>
         <size>0x11c</size>
         <input_file_ref idref="fl-1c"/>
      </object_component>
      <object_component id="oc-24f">
         <name>.text:nwk_join</name>
         <load_address>0xabc6</load_address>
         <run_address>0xabc6</run_address>
         <size>0x11c</size>
         <input_file_ref idref="fl-5"/>
      </object_component>
      <object_component id="oc-1c4">
         <name>.text:wakeup_event</name>
         <load_address>0xace2</load_address>
         <run_address>0xace2</run_address>
         <size>0x11a</size>
         <input_file_ref idref="fl-2"/>
      </object_component>
      <object_component id="oc-1ea">
         <name>.text:start_simpliciti_tx_only</name>
         <load_address>0xadfc</load_address>
         <run_address>0xadfc</run_address>
         <size>0x112</size>
         <input_file_ref idref="fl-1b"/>
      </object_component>
      <object_component id="oc-23b">
         <name>.text:PacketMissed_v</name>
         <load_address>0xaf0e</load_address>
         <run_address>0xaf0e</run_address>
         <size>0x10c</size>
         <input_file_ref idref="fl-36"/>
      </object_component>
      <object_component id="oc-235">
         <name>.text:dispatchFrame$11</name>
         <load_address>0xb01a</load_address>
         <run_address>0xb01a</run_address>
         <size>0x108</size>
         <input_file_ref idref="fl-d"/>
      </object_component>
      <object_component id="oc-18e">
         <name>.text:mx_altitude</name>
         <load_address>0xb122</load_address>
         <run_address>0xb122</run_address>
         <size>0x106</size>
         <input_file_ref idref="fl-14"/>
      </object_component>
      <object_component id="oc-1a5">
         <name>.text:display_caldist</name>
         <load_address>0xb228</load_address>
         <run_address>0xb228</run_address>
         <size>0x104</size>
         <input_file_ref idref="fl-16"/>
      </object_component>
      <object_component id="oc-18a">
         <name>.text:mx_temperature</name>
         <load_address>0xb32c</load_address>
         <run_address>0xb32c</run_address>
         <size>0x102</size>
         <input_file_ref idref="fl-1d"/>
      </object_component>
      <object_component id="oc-1af">
         <name>.text:stopwatch_tick</name>
         <load_address>0xb42e</load_address>
         <run_address>0xb42e</run_address>
         <size>0x100</size>
         <input_file_ref idref="fl-1c"/>
      </object_component>
      <object_component id="oc-190">
         <name>.text:sx_bluerobin</name>
         <load_address>0xb52e</load_address>
         <run_address>0xb52e</run_address>
         <size>0xfe</size>
         <input_file_ref idref="fl-16"/>
      </object_component>
      <object_component id="oc-1ca">
         <name>.text:display_update</name>
         <load_address>0xb62c</load_address>
         <run_address>0xb62c</run_address>
         <size>0xf6</size>
         <input_file_ref idref="fl-2"/>
      </object_component>
      <object_component id="oc-187">
         <name>.text:mx_alarm</name>
         <load_address>0xb722</load_address>
         <run_address>0xb722</run_address>
         <size>0xf2</size>
         <input_file_ref idref="fl-13"/>
      </object_component>
      <object_component id="oc-18f">
         <name>.text:display_altitude</name>
         <load_address>0xb814</load_address>
         <run_address>0xb814</run_address>
         <size>0xf0</size>
         <input_file_ref idref="fl-14"/>
      </object_component>
      <object_component id="oc-18b">
         <name>.text:display_temperature</name>
         <load_address>0xb904</load_address>
         <run_address>0xb904</run_address>
         <size>0xea</size>
         <input_file_ref idref="fl-1d"/>
      </object_component>
      <object_component id="oc-202">
         <name>.text:bmp_ps_init</name>
         <load_address>0xb9ee</load_address>
         <run_address>0xb9ee</run_address>
         <size>0xe6</size>
         <input_file_ref idref="fl-23"/>
      </object_component>
      <object_component id="oc-229">
         <name>.text:simpliciti_sync_get_data_callback</name>
         <load_address>0xbad4</load_address>
         <run_address>0xbad4</run_address>
         <size>0xe4</size>
         <input_file_ref idref="fl-1b"/>
      </object_component>
      <object_component id="oc-1ec">
         <name>.text:simpliciti_main_sync</name>
         <load_address>0xbbb8</load_address>
         <run_address>0xbbb8</run_address>
         <size>0xe2</size>
         <input_file_ref idref="fl-11"/>
      </object_component>
      <object_component id="oc-181">
         <name>.text:display_date</name>
         <load_address>0xbc9a</load_address>
         <run_address>0xbc9a</run_address>
         <size>0xdc</size>
         <input_file_ref idref="fl-18"/>
      </object_component>
      <object_component id="oc-259">
         <name>.text:nwk_QfindOldest</name>
         <load_address>0xbd76</load_address>
         <run_address>0xbd76</run_address>
         <size>0xd8</size>
         <input_file_ref idref="fl-b"/>
      </object_component>
      <object_component id="oc-188">
         <name>.text:display_alarm</name>
         <load_address>0xbe4e</load_address>
         <run_address>0xbe4e</run_address>
         <size>0xd6</size>
         <input_file_ref idref="fl-13"/>
      </object_component>
      <object_component id="oc-1d1">
         <name>.text:int_to_array</name>
         <load_address>0xbf24</load_address>
         <run_address>0xbf24</run_address>
         <size>0xd2</size>
         <input_file_ref idref="fl-27"/>
      </object_component>
      <object_component id="oc-251">
         <name>.text:nwk_allocateLocalRxPort</name>
         <load_address>0xbff6</load_address>
         <run_address>0xbff6</run_address>
         <size>0xce</size>
         <input_file_ref idref="fl-a"/>
      </object_component>
      <object_component id="oc-26a">
         <name>.text:nwk_processLink</name>
         <load_address>0xc0c4</load_address>
         <run_address>0xc0c4</run_address>
         <size>0xce</size>
         <input_file_ref idref="fl-6"/>
      </object_component>
      <object_component id="oc-1b7">
         <name>.text:display_chars</name>
         <load_address>0xc192</load_address>
         <run_address>0xc192</run_address>
         <size>0xcc</size>
         <input_file_ref idref="fl-27"/>
      </object_component>
      <object_component id="oc-1eb">
         <name>.text:simpliciti_link</name>
         <load_address>0xc25e</load_address>
         <run_address>0xc25e</run_address>
         <size>0xca</size>
         <input_file_ref idref="fl-11"/>
      </object_component>
      <object_component id="oc-193">
         <name>.text:display_speed</name>
         <load_address>0xc328</load_address>
         <run_address>0xc328</run_address>
         <size>0xc8</size>
         <input_file_ref idref="fl-16"/>
      </object_component>
      <object_component id="oc-204">
         <name>.text:read_calibration_values</name>
         <load_address>0xc3f0</load_address>
         <run_address>0xc3f0</run_address>
         <size>0xc4</size>
         <input_file_ref idref="fl-2"/>
      </object_component>
      <object_component id="oc-1a1">
         <name>.text:sx_sync</name>
         <load_address>0xc4b4</load_address>
         <run_address>0xc4b4</run_address>
         <size>0xbc</size>
         <input_file_ref idref="fl-1b"/>
      </object_component>
      <object_component id="oc-23e">
         <name>.text:SearchPacketHit_u8</name>
         <load_address>0xc570</load_address>
         <run_address>0xc570</run_address>
         <size>0xb6</size>
         <input_file_ref idref="fl-36"/>
      </object_component>
      <object_component id="oc-f7">
         <name>.text</name>
         <load_address>0xc626</load_address>
         <run_address>0xc626</run_address>
         <size>0xb6</size>
         <input_file_ref idref="fl-4c"/>
      </object_component>
      <object_component id="oc-22a">
         <name>.text:Strobe</name>
         <load_address>0xc6dc</load_address>
         <run_address>0xc6dc</run_address>
         <size>0xa4</size>
         <input_file_ref idref="fl-2c"/>
      </object_component>
      <object_component id="oc-1b1">
         <name>.text:clock_tick</name>
         <load_address>0xc780</load_address>
         <run_address>0xc780</run_address>
         <size>0xa4</size>
         <input_file_ref idref="fl-17"/>
      </object_component>
      <object_component id="oc-21f">
         <name>.text:simpliciti_get_ed_data_callback</name>
         <load_address>0xc824</load_address>
         <run_address>0xc824</run_address>
         <size>0x9e</size>
         <input_file_ref idref="fl-1b"/>
      </object_component>
      <object_component id="oc-227">
         <name>.text:nwk_retrieveFrame</name>
         <load_address>0xc8c2</load_address>
         <run_address>0xc8c2</run_address>
         <size>0x9c</size>
         <input_file_ref idref="fl-d"/>
      </object_component>
      <object_component id="oc-1c5">
         <name>.text:temperature_measurement</name>
         <load_address>0xc95e</load_address>
         <run_address>0xc95e</run_address>
         <size>0x98</size>
         <input_file_ref idref="fl-1d"/>
      </object_component>
      <object_component id="oc-1ff">
         <name>.text:SetVCore</name>
         <load_address>0xc9f6</load_address>
         <run_address>0xc9f6</run_address>
         <size>0x94</size>
         <input_file_ref idref="fl-28"/>
      </object_component>
      <object_component id="oc-1b6">
         <name>.text:get_bluerobin_data</name>
         <load_address>0xca8a</load_address>
         <run_address>0xca8a</run_address>
         <size>0x90</size>
         <input_file_ref idref="fl-16"/>
      </object_component>
      <object_component id="oc-ed">
         <name>.text</name>
         <load_address>0xcb1a</load_address>
         <run_address>0xcb1a</run_address>
         <size>0x8e</size>
         <input_file_ref idref="fl-4a"/>
      </object_component>
      <object_component id="oc-179">
         <name>.text:main</name>
         <load_address>0xcba8</load_address>
         <run_address>0xcba8</run_address>
         <size>0x8c</size>
         <input_file_ref idref="fl-2"/>
      </object_component>
      <object_component id="oc-1f7">
         <name>.text:ps_i2c_sda</name>
         <load_address>0xcc34</load_address>
         <run_address>0xcc34</run_address>
         <size>0x8c</size>
         <input_file_ref idref="fl-2a"/>
      </object_component>
      <object_component id="oc-222">
         <name>.text:SMPL_Init</name>
         <load_address>0xccc0</load_address>
         <run_address>0xccc0</run_address>
         <size>0x8a</size>
         <input_file_ref idref="fl-c"/>
      </object_component>
      <object_component id="oc-249">
         <name>.text:nwk_buildFrame</name>
         <load_address>0xcd4a</load_address>
         <run_address>0xcd4a</run_address>
         <size>0x8a</size>
         <input_file_ref idref="fl-d"/>
      </object_component>
      <object_component id="oc-25f">
         <name>.text:GetData_v</name>
         <load_address>0xcdd4</load_address>
         <run_address>0xcdd4</run_address>
         <size>0x86</size>
         <input_file_ref idref="fl-36"/>
      </object_component>
      <object_component id="oc-26f">
         <name>.text:TrimACLK_Offset_v</name>
         <load_address>0xce5a</load_address>
         <run_address>0xce5a</run_address>
         <size>0x86</size>
         <input_file_ref idref="fl-36"/>
      </object_component>
      <object_component id="oc-171">
         <name>.text:_isr:TIMER0_A1_5_ISR</name>
         <load_address>0xcee0</load_address>
         <run_address>0xcee0</run_address>
         <size>0x84</size>
         <input_file_ref idref="fl-2d"/>
      </object_component>
      <object_component id="oc-1d3">
         <name>.text:get_numberOfDays</name>
         <load_address>0xcf64</load_address>
         <run_address>0xcf64</run_address>
         <size>0x82</size>
         <input_file_ref idref="fl-18"/>
      </object_component>
      <object_component id="oc-1f5">
         <name>.text:BRRX_RadioReceive_v</name>
         <load_address>0xcfe6</load_address>
         <run_address>0xcfe6</run_address>
         <size>0x7e</size>
         <input_file_ref idref="fl-34"/>
      </object_component>
      <object_component id="oc-25e">
         <name>.text:nwk_sendAckReply</name>
         <load_address>0xd064</load_address>
         <run_address>0xd064</run_address>
         <size>0x7c</size>
         <input_file_ref idref="fl-d"/>
      </object_component>
      <object_component id="oc-1d4">
         <name>.text:display_char</name>
         <load_address>0xd0e0</load_address>
         <run_address>0xd0e0</run_address>
         <size>0x7a</size>
         <input_file_ref idref="fl-27"/>
      </object_component>
      <object_component id="oc-234">
         <name>.text:nwk_QfindSlot</name>
         <load_address>0xd15a</load_address>
         <run_address>0xd15a</run_address>
         <size>0x78</size>
         <input_file_ref idref="fl-b"/>
      </object_component>
      <object_component id="oc-24b">
         <name>.text:nwk_radioControl</name>
         <load_address>0xd1d2</load_address>
         <run_address>0xd1d2</run_address>
         <size>0x78</size>
         <input_file_ref idref="fl-4"/>
      </object_component>
      <object_component id="oc-236">
         <name>.text:mrfiRadioInterfaceCmdStrobe</name>
         <load_address>0xd24a</load_address>
         <run_address>0xd24a</run_address>
         <size>0x74</size>
         <input_file_ref idref="fl-f"/>
      </object_component>
      <object_component id="oc-208">
         <name>.text:ps_read_register</name>
         <load_address>0xd2be</load_address>
         <run_address>0xd2be</run_address>
         <size>0x72</size>
         <input_file_ref idref="fl-2a"/>
      </object_component>
      <object_component id="oc-216">
         <name>.text:BRRX_RadioInit_v</name>
         <load_address>0xd330</load_address>
         <run_address>0xd330</run_address>
         <size>0x70</size>
         <input_file_ref idref="fl-34"/>
      </object_component>
      <object_component id="oc-1c9">
         <name>.text:battery_measurement</name>
         <load_address>0xd3a0</load_address>
         <run_address>0xd3a0</run_address>
         <size>0x6e</size>
         <input_file_ref idref="fl-15"/>
      </object_component>
      <object_component id="oc-215">
         <name>.text:ResetTXCB_v</name>
         <load_address>0xd40e</load_address>
         <run_address>0xd40e</run_address>
         <size>0x6a</size>
         <input_file_ref idref="fl-39"/>
      </object_component>
      <object_component id="oc-248">
         <name>.text:WritePATable</name>
         <load_address>0xd478</load_address>
         <run_address>0xd478</run_address>
         <size>0x6a</size>
         <input_file_ref idref="fl-2c"/>
      </object_component>
      <object_component id="oc-20a">
         <name>.text:cma_ps_get_pa</name>
         <load_address>0xd4e2</load_address>
         <run_address>0xd4e2</run_address>
         <size>0x6a</size>
         <input_file_ref idref="fl-26"/>
      </object_component>
      <object_component id="oc-250">
         <name>.text:nwk_getNextConnection</name>
         <load_address>0xd54c</load_address>
         <run_address>0xd54c</run_address>
         <size>0x6a</size>
         <input_file_ref idref="fl-a"/>
      </object_component>
      <object_component id="oc-206">
         <name>.text:adc12_single_conversion</name>
         <load_address>0xd5b6</load_address>
         <run_address>0xd5b6</run_address>
         <size>0x68</size>
         <input_file_ref idref="fl-20"/>
      </object_component>
      <object_component id="oc-203">
         <name>.text:cma_ps_init</name>
         <load_address>0xd61e</load_address>
         <run_address>0xd61e</run_address>
         <size>0x66</size>
         <input_file_ref idref="fl-26"/>
      </object_component>
      <object_component id="oc-269">
         <name>.text:nwk_processPing</name>
         <load_address>0xd684</load_address>
         <run_address>0xd684</run_address>
         <size>0x66</size>
         <input_file_ref idref="fl-8"/>
      </object_component>
      <object_component id="oc-1e7">
         <name>.text:bmp_as_start</name>
         <load_address>0xd6ea</load_address>
         <run_address>0xd6ea</run_address>
         <size>0x64</size>
         <input_file_ref idref="fl-22"/>
      </object_component>
      <object_component id="oc-1ad">
         <name>.text:MRFI_RadioIsr</name>
         <load_address>0xd74e</load_address>
         <run_address>0xd74e</run_address>
         <size>0x62</size>
         <input_file_ref idref="fl-f"/>
      </object_component>
      <object_component id="oc-1a6">
         <name>.text:Timer0_A4_Delay</name>
         <load_address>0xd7b0</load_address>
         <run_address>0xd7b0</run_address>
         <size>0x62</size>
         <input_file_ref idref="fl-2d"/>
      </object_component>
      <object_component id="oc-221">
         <name>.text:SMPL_SendOpt</name>
         <load_address>0xd812</load_address>
         <run_address>0xd812</run_address>
         <size>0x60</size>
         <input_file_ref idref="fl-c"/>
      </object_component>
      <object_component id="oc-20d">
         <name>.text:as_read_register</name>
         <load_address>0xd872</load_address>
         <run_address>0xd872</run_address>
         <size>0x60</size>
         <input_file_ref idref="fl-21"/>
      </object_component>
      <object_component id="oc-21e">
         <name>.text:as_write_register</name>
         <load_address>0xd8d2</load_address>
         <run_address>0xd8d2</run_address>
         <size>0x60</size>
         <input_file_ref idref="fl-21"/>
      </object_component>
      <object_component id="oc-1d7">
         <name>.text:start_altitude_measurement</name>
         <load_address>0xd932</load_address>
         <run_address>0xd932</run_address>
         <size>0x60</size>
         <input_file_ref idref="fl-14"/>
      </object_component>
      <object_component id="oc-1f1">
         <name>.text:BRRX_PacketEndTimerTask_v</name>
         <load_address>0xd992</load_address>
         <run_address>0xd992</run_address>
         <size>0x5e</size>
         <input_file_ref idref="fl-34"/>
      </object_component>
      <object_component id="oc-260">
         <name>.text:PrepareForFirstPacket_v</name>
         <load_address>0xd9f0</load_address>
         <run_address>0xd9f0</run_address>
         <size>0x5c</size>
         <input_file_ref idref="fl-36"/>
      </object_component>
      <object_component id="oc-19b">
         <name>.text:display_battery_V</name>
         <load_address>0xda4c</load_address>
         <run_address>0xda4c</run_address>
         <size>0x5c</size>
         <input_file_ref idref="fl-15"/>
      </object_component>
      <object_component id="oc-1ef">
         <name>.text:toggle_buzzer</name>
         <load_address>0xdaa8</load_address>
         <run_address>0xdaa8</run_address>
         <size>0x5c</size>
         <input_file_ref idref="fl-24"/>
      </object_component>
      <object_component id="oc-1fa">
         <name>.text:write_lcd_mem</name>
         <load_address>0xdb04</load_address>
         <run_address>0xdb04</run_address>
         <size>0x5c</size>
         <input_file_ref idref="fl-27"/>
      </object_component>
      <object_component id="oc-1cc">
         <name>.text:clear_line</name>
         <load_address>0xdb60</load_address>
         <run_address>0xdb60</run_address>
         <size>0x5a</size>
         <input_file_ref idref="fl-27"/>
      </object_component>
      <object_component id="oc-1e0">
         <name>.text:BRRX_Start_v</name>
         <load_address>0xdbba</load_address>
         <run_address>0xdbba</run_address>
         <size>0x58</size>
         <input_file_ref idref="fl-39"/>
      </object_component>
      <object_component id="oc-218">
         <name>.text:BRRX__StartNewSearch_v</name>
         <load_address>0xdc12</load_address>
         <run_address>0xdc12</run_address>
         <size>0x58</size>
         <input_file_ref idref="fl-36"/>
      </object_component>
      <object_component id="oc-1c8">
         <name>.text:bmp_as_get_data</name>
         <load_address>0xdc6a</load_address>
         <run_address>0xdc6a</run_address>
         <size>0x58</size>
         <input_file_ref idref="fl-22"/>
      </object_component>
      <object_component id="oc-1b2">
         <name>.text:ps_write_register</name>
         <load_address>0xdcc2</load_address>
         <run_address>0xdcc2</run_address>
         <size>0x58</size>
         <input_file_ref idref="fl-2a"/>
      </object_component>
      <object_component id="oc-d9">
         <name>.text</name>
         <load_address>0xdd1a</load_address>
         <run_address>0xdd1a</run_address>
         <size>0x58</size>
         <input_file_ref idref="fl-45"/>
      </object_component>
      <object_component id="oc-217">
         <name>.text:BRRX_RadioCalibrate_v</name>
         <load_address>0xdd72</load_address>
         <run_address>0xdd72</run_address>
         <size>0x56</size>
         <input_file_ref idref="fl-34"/>
      </object_component>
      <object_component id="oc-1d0">
         <name>.text:display_hours</name>
         <load_address>0xddc8</load_address>
         <run_address>0xddc8</run_address>
         <size>0x54</size>
         <input_file_ref idref="fl-27"/>
      </object_component>
      <object_component id="oc-243">
         <name>.text:ps_i2c_read</name>
         <load_address>0xde1c</load_address>
         <run_address>0xde1c</run_address>
         <size>0x54</size>
         <input_file_ref idref="fl-2a"/>
      </object_component>
      <object_component id="oc-254">
         <name>.text:MRFI_ReplyDelay</name>
         <load_address>0xde70</load_address>
         <run_address>0xde70</run_address>
         <size>0x52</size>
         <input_file_ref idref="fl-f"/>
      </object_component>
      <object_component id="oc-23d">
         <name>.text:TestStartTime_v</name>
         <load_address>0xdec2</load_address>
         <run_address>0xdec2</run_address>
         <size>0x52</size>
         <input_file_ref idref="fl-36"/>
      </object_component>
      <object_component id="oc-1e6">
         <name>.text:cma_as_start</name>
         <load_address>0xdf14</load_address>
         <run_address>0xdf14</run_address>
         <size>0x52</size>
         <input_file_ref idref="fl-25"/>
      </object_component>
      <object_component id="oc-20f">
         <name>.text:button_repeat_function</name>
         <load_address>0xdf66</load_address>
         <run_address>0xdf66</run_address>
         <size>0x50</size>
         <input_file_ref idref="fl-29"/>
      </object_component>
      <object_component id="oc-207">
         <name>.text:cma_ps_get_temp</name>
         <load_address>0xdfb6</load_address>
         <run_address>0xdfb6</run_address>
         <size>0x50</size>
         <input_file_ref idref="fl-26"/>
      </object_component>
      <object_component id="oc-192">
         <name>.text:display_heartrate</name>
         <load_address>0xe006</load_address>
         <run_address>0xe006</run_address>
         <size>0x50</size>
         <input_file_ref idref="fl-16"/>
      </object_component>
      <object_component id="oc-183">
         <name>.text:sx_rfbsl</name>
         <load_address>0xe056</load_address>
         <run_address>0xe056</run_address>
         <size>0x50</size>
         <input_file_ref idref="fl-1a"/>
      </object_component>
      <object_component id="oc-238">
         <name>.text:SearchPacketCheck_u8</name>
         <load_address>0xe0a6</load_address>
         <run_address>0xe0a6</run_address>
         <size>0x4e</size>
         <input_file_ref idref="fl-36"/>
      </object_component>
      <object_component id="oc-101">
         <name>.text</name>
         <load_address>0xe0f4</load_address>
         <run_address>0xe0f4</run_address>
         <size>0x4c</size>
         <input_file_ref idref="fl-4e"/>
      </object_component>
      <object_component id="oc-175">
         <name>.text:_auto_init</name>
         <load_address>0xe140</load_address>
         <run_address>0xe140</run_address>
         <size>0x4a</size>
         <input_file_ref idref="fl-70"/>
      </object_component>
      <object_component id="oc-e8">
         <name>.text</name>
         <load_address>0xe18a</load_address>
         <run_address>0xe18a</run_address>
         <size>0x4a</size>
         <input_file_ref idref="fl-49"/>
      </object_component>
      <object_component id="oc-262">
         <name>.text:BR__CalcRandomTimeOffset_u16</name>
         <load_address>0xe1d4</load_address>
         <run_address>0xe1d4</run_address>
         <size>0x48</size>
         <input_file_ref idref="fl-3a"/>
      </object_component>
      <object_component id="oc-1a9">
         <name>.text:start_buzzer</name>
         <load_address>0xe21c</load_address>
         <run_address>0xe21c</run_address>
         <size>0x48</size>
         <input_file_ref idref="fl-24"/>
      </object_component>
      <object_component id="oc-1e2">
         <name>.text:stop_bluerobin</name>
         <load_address>0xe264</load_address>
         <run_address>0xe264</run_address>
         <size>0x48</size>
         <input_file_ref idref="fl-16"/>
      </object_component>
      <object_component id="oc-255">
         <name>.text:MRFI_RxIdle</name>
         <load_address>0xe2ac</load_address>
         <run_address>0xe2ac</run_address>
         <size>0x46</size>
         <input_file_ref idref="fl-f"/>
      </object_component>
      <object_component id="oc-22d">
         <name>.text:ReadBurstReg</name>
         <load_address>0xe2f2</load_address>
         <run_address>0xe2f2</run_address>
         <size>0x46</size>
         <input_file_ref idref="fl-2c"/>
      </object_component>
      <object_component id="oc-247">
         <name>.text:WriteBurstReg</name>
         <load_address>0xe338</load_address>
         <run_address>0xe338</run_address>
         <size>0x46</size>
         <input_file_ref idref="fl-2c"/>
      </object_component>
      <object_component id="oc-26e">
         <name>.text:nwk_processMgmt</name>
         <load_address>0xe37e</load_address>
         <run_address>0xe37e</run_address>
         <size>0x46</size>
         <input_file_ref idref="fl-7"/>
      </object_component>
      <object_component id="oc-fc">
         <name>.text</name>
         <load_address>0xe3c4</load_address>
         <run_address>0xe3c4</run_address>
         <size>0x46</size>
         <input_file_ref idref="fl-4d"/>
      </object_component>
      <object_component id="oc-22f">
         <name>.text:mrfiRadioInterfaceReadReg</name>
         <load_address>0xe40a</load_address>
         <run_address>0xe40a</run_address>
         <size>0x44</size>
         <input_file_ref idref="fl-f"/>
      </object_component>
      <object_component id="oc-23a">
         <name>.text:PacketHit_u8</name>
         <load_address>0xe44e</load_address>
         <run_address>0xe44e</run_address>
         <size>0x42</size>
         <input_file_ref idref="fl-36"/>
      </object_component>
      <object_component id="oc-261">
         <name>.text:BRRX__NewInfo_v</name>
         <load_address>0xe490</load_address>
         <run_address>0xe490</run_address>
         <size>0x40</size>
         <input_file_ref idref="fl-39"/>
      </object_component>
      <object_component id="oc-1f8">
         <name>.text:ps_i2c_write</name>
         <load_address>0xe4d0</load_address>
         <run_address>0xe4d0</run_address>
         <size>0x40</size>
         <input_file_ref idref="fl-2a"/>
      </object_component>
      <object_component id="oc-d4">
         <name>.text</name>
         <load_address>0xe510</load_address>
         <run_address>0xe510</run_address>
         <size>0x40</size>
         <input_file_ref idref="fl-44"/>
      </object_component>
      <object_component id="oc-1df">
         <name>.text:BRRX_SetID_v</name>
         <load_address>0xe550</load_address>
         <run_address>0xe550</run_address>
         <size>0x3e</size>
         <input_file_ref idref="fl-39"/>
      </object_component>
      <object_component id="oc-22e">
         <name>.text:BRRX__DecodePacket_u8</name>
         <load_address>0xe58e</load_address>
         <run_address>0xe58e</run_address>
         <size>0x3e</size>
         <input_file_ref idref="fl-38"/>
      </object_component>
      <object_component id="oc-244">
         <name>.text:l_asr_const</name>
         <load_address>0xe5cc</load_address>
         <run_address>0xe5cc</run_address>
         <size>0x3e</size>
         <input_file_ref idref="fl-3b"/>
      </object_component>
      <object_component id="oc-209">
         <name>.text:l_lsl_const</name>
         <load_address>0xe60a</load_address>
         <run_address>0xe60a</run_address>
         <size>0x3e</size>
         <input_file_ref idref="fl-5f"/>
      </object_component>
      <object_component id="oc-245">
         <name>.text:l_lsr_const</name>
         <load_address>0xe648</load_address>
         <run_address>0xe648</run_address>
         <size>0x3e</size>
         <input_file_ref idref="fl-60"/>
      </object_component>
      <object_component id="oc-1b0">
         <name>.text:BRRX_TimerTask_v</name>
         <load_address>0xe686</load_address>
         <run_address>0xe686</run_address>
         <size>0x3c</size>
         <input_file_ref idref="fl-35"/>
      </object_component>
      <object_component id="oc-21d">
         <name>.text:as_start</name>
         <load_address>0xe6c2</load_address>
         <run_address>0xe6c2</run_address>
         <size>0x3c</size>
         <input_file_ref idref="fl-21"/>
      </object_component>
      <object_component id="oc-1ae">
         <name>.text:update_stopwatch_timer</name>
         <load_address>0xe6fe</load_address>
         <run_address>0xe6fe</run_address>
         <size>0x3c</size>
         <input_file_ref idref="fl-1c"/>
      </object_component>
      <object_component id="oc-1dd">
         <name>.text:WriteSingleReg</name>
         <load_address>0xe73a</load_address>
         <run_address>0xe73a</run_address>
         <size>0x3a</size>
         <input_file_ref idref="fl-2c"/>
      </object_component>
      <object_component id="oc-273">
         <name>.text:nwk_isValidReply</name>
         <load_address>0xe774</load_address>
         <run_address>0xe774</run_address>
         <size>0x3a</size>
         <input_file_ref idref="fl-a"/>
      </object_component>
      <object_component id="oc-1d9">
         <name>.text:BRRX_Init_v</name>
         <load_address>0xe7ae</load_address>
         <run_address>0xe7ae</run_address>
         <size>0x38</size>
         <input_file_ref idref="fl-39"/>
      </object_component>
      <object_component id="oc-170">
         <name>.text:_isr:radio_ISR</name>
         <load_address>0xe7e6</load_address>
         <run_address>0xe7e6</run_address>
         <size>0x38</size>
         <input_file_ref idref="fl-2b"/>
      </object_component>
      <object_component id="oc-24e">
         <name>.text:mrfiRadioInterfaceWriteReg</name>
         <load_address>0xe81e</load_address>
         <run_address>0xe81e</run_address>
         <size>0x36</size>
         <input_file_ref idref="fl-f"/>
      </object_component>
      <object_component id="oc-f2">
         <name>.text</name>
         <load_address>0xe854</load_address>
         <run_address>0xe854</run_address>
         <size>0x36</size>
         <input_file_ref idref="fl-4b"/>
      </object_component>
      <object_component id="oc-25b">
         <name>.text:BR__CalcCRC_u8</name>
         <load_address>0xe88a</load_address>
         <run_address>0xe88a</run_address>
         <size>0x34</size>
         <input_file_ref idref="fl-3a"/>
      </object_component>
      <object_component id="oc-23c">
         <name>.text:TrimRFCLK_Offset_v</name>
         <load_address>0xe8be</load_address>
         <run_address>0xe8be</run_address>
         <size>0x34</size>
         <input_file_ref idref="fl-36"/>
      </object_component>
      <object_component id="oc-200">
         <name>.text:radio_reset</name>
         <load_address>0xe8f2</load_address>
         <run_address>0xe8f2</run_address>
         <size>0x34</size>
         <input_file_ref idref="fl-2b"/>
      </object_component>
      <object_component id="oc-197">
         <name>.text:sx_stopwatch</name>
         <load_address>0xe926</load_address>
         <run_address>0xe926</run_address>
         <size>0x34</size>
         <input_file_ref idref="fl-1c"/>
      </object_component>
      <object_component id="oc-1f4">
         <name>.text:BRRX_RadioStop_v</name>
         <load_address>0xe95a</load_address>
         <run_address>0xe95a</run_address>
         <size>0x32</size>
         <input_file_ref idref="fl-34"/>
      </object_component>
      <object_component id="oc-253">
         <name>.text:MRFI_RxOn</name>
         <load_address>0xe98c</load_address>
         <run_address>0xe98c</run_address>
         <size>0x32</size>
         <input_file_ref idref="fl-f"/>
      </object_component>
      <object_component id="oc-1b4">
         <name>.text:as_stop</name>
         <load_address>0xe9be</load_address>
         <run_address>0xe9be</run_address>
         <size>0x32</size>
         <input_file_ref idref="fl-21"/>
      </object_component>
      <object_component id="oc-1c7">
         <name>.text:cma_as_get_data</name>
         <load_address>0xe9f0</load_address>
         <run_address>0xe9f0</run_address>
         <size>0x32</size>
         <input_file_ref idref="fl-25"/>
      </object_component>
      <object_component id="oc-230">
         <name>.text:mrfiRadioInterfaceReadRxFifo</name>
         <load_address>0xea22</load_address>
         <run_address>0xea22</run_address>
         <size>0x32</size>
         <input_file_ref idref="fl-f"/>
      </object_component>
      <object_component id="oc-106">
         <name>.text</name>
         <load_address>0xea54</load_address>
         <run_address>0xea54</run_address>
         <size>0x32</size>
         <input_file_ref idref="fl-4f"/>
      </object_component>
      <object_component id="oc-186">
         <name>.text:sx_alarm</name>
         <load_address>0xea86</load_address>
         <run_address>0xea86</run_address>
         <size>0x32</size>
         <input_file_ref idref="fl-13"/>
      </object_component>
      <object_component id="oc-24a">
         <name>.text:nwk_sendFrame</name>
         <load_address>0xeab8</load_address>
         <run_address>0xeab8</run_address>
         <size>0x30</size>
         <input_file_ref idref="fl-d"/>
      </object_component>
      <object_component id="oc-25a">
         <name>.text:nwk_QadjustOrder</name>
         <load_address>0xeae8</load_address>
         <run_address>0xeae8</run_address>
         <size>0x2e</size>
         <input_file_ref idref="fl-b"/>
      </object_component>
      <object_component id="oc-ca">
         <name>.text</name>
         <load_address>0xeb16</load_address>
         <run_address>0xeb16</run_address>
         <size>0x2c</size>
         <input_file_ref idref="fl-42"/>
      </object_component>
      <object_component id="oc-1b3">
         <name>.text:stop_altitude_measurement</name>
         <load_address>0xeb42</load_address>
         <run_address>0xeb42</run_address>
         <size>0x2c</size>
         <input_file_ref idref="fl-14"/>
      </object_component>
      <object_component id="oc-1e1">
         <name>.text:BRRX_GetID_u32</name>
         <load_address>0xeb6e</load_address>
         <run_address>0xeb6e</run_address>
         <size>0x2a</size>
         <input_file_ref idref="fl-39"/>
      </object_component>
      <object_component id="oc-265">
         <name>.text:MRFI_SetRFPwr</name>
         <load_address>0xeb98</load_address>
         <run_address>0xeb98</run_address>
         <size>0x2a</size>
         <input_file_ref idref="fl-f"/>
      </object_component>
      <object_component id="oc-233">
         <name>.text:Mrfi_CalculateRssi$13</name>
         <load_address>0xebc2</load_address>
         <run_address>0xebc2</run_address>
         <size>0x2a</size>
         <input_file_ref idref="fl-f"/>
      </object_component>
      <object_component id="oc-23f">
         <name>.text:SearchPacketMissed_u8</name>
         <load_address>0xebec</load_address>
         <run_address>0xebec</run_address>
         <size>0x2a</size>
         <input_file_ref idref="fl-36"/>
      </object_component>
      <object_component id="oc-1f0">
         <name>.text:Timer0_A3_Start</name>
         <load_address>0xec16</load_address>
         <run_address>0xec16</run_address>
         <size>0x2a</size>
         <input_file_ref idref="fl-2d"/>
      </object_component>
      <object_component id="oc-258">
         <name>.text:map_lid2idx$8</name>
         <load_address>0xec40</load_address>
         <run_address>0xec40</run_address>
         <size>0x28</size>
         <input_file_ref idref="fl-a"/>
      </object_component>
      <object_component id="oc-198">
         <name>.text:mx_stopwatch</name>
         <load_address>0xec68</load_address>
         <run_address>0xec68</run_address>
         <size>0x28</size>
         <input_file_ref idref="fl-1c"/>
      </object_component>
      <object_component id="oc-225">
         <name>.text:nwk_getConnInfo</name>
         <load_address>0xec90</load_address>
         <run_address>0xec90</run_address>
         <size>0x28</size>
         <input_file_ref idref="fl-a"/>
      </object_component>
      <object_component id="oc-1aa">
         <name>.text:stop_buzzer</name>
         <load_address>0xecb8</load_address>
         <run_address>0xecb8</run_address>
         <size>0x28</size>
         <input_file_ref idref="fl-24"/>
      </object_component>
      <object_component id="oc-256">
         <name>.text:MRFI_Sleep</name>
         <load_address>0xece0</load_address>
         <run_address>0xece0</run_address>
         <size>0x26</size>
         <input_file_ref idref="fl-f"/>
      </object_component>
      <object_component id="oc-185">
         <name>.text:display_rfbsl</name>
         <load_address>0xed06</load_address>
         <run_address>0xed06</run_address>
         <size>0x26</size>
         <input_file_ref idref="fl-1a"/>
      </object_component>
      <object_component id="oc-205">
         <name>.text:init_pressure_table</name>
         <load_address>0xed2c</load_address>
         <run_address>0xed2c</run_address>
         <size>0x26</size>
         <input_file_ref idref="fl-2a"/>
      </object_component>
      <object_component id="oc-226">
         <name>.text:nwk_checkConnInfo</name>
         <load_address>0xed52</load_address>
         <run_address>0xed52</run_address>
         <size>0x26</size>
         <input_file_ref idref="fl-a"/>
      </object_component>
      <object_component id="oc-19f">
         <name>.text:sx_ppt</name>
         <load_address>0xed78</load_address>
         <run_address>0xed78</run_address>
         <size>0x26</size>
         <input_file_ref idref="fl-1b"/>
      </object_component>
      <object_component id="oc-19d">
         <name>.text:sx_rf</name>
         <load_address>0xed9e</load_address>
         <run_address>0xed9e</run_address>
         <size>0x26</size>
         <input_file_ref idref="fl-1b"/>
      </object_component>
      <object_component id="oc-1de">
         <name>.text:BRRX_GetState_t</name>
         <load_address>0xedc4</load_address>
         <run_address>0xedc4</run_address>
         <size>0x24</size>
         <input_file_ref idref="fl-39"/>
      </object_component>
      <object_component id="oc-242">
         <name>.text:ps_init</name>
         <load_address>0xede8</load_address>
         <run_address>0xede8</run_address>
         <size>0x24</size>
         <input_file_ref idref="fl-2a"/>
      </object_component>
      <object_component id="oc-10b">
         <name>.text</name>
         <load_address>0xee0c</load_address>
         <run_address>0xee0c</run_address>
         <size>0x24</size>
         <input_file_ref idref="fl-50"/>
      </object_component>
      <object_component id="oc-257">
         <name>.text:BSP_Delay</name>
         <load_address>0xee30</load_address>
         <run_address>0xee30</run_address>
         <size>0x22</size>
         <input_file_ref idref="fl-10"/>
      </object_component>
      <object_component id="oc-1cf">
         <name>.text:display_value</name>
         <load_address>0xee52</load_address>
         <run_address>0xee52</run_address>
         <size>0x22</size>
         <input_file_ref idref="fl-27"/>
      </object_component>
      <object_component id="oc-25c">
         <name>.text:memcmp</name>
         <load_address>0xee74</load_address>
         <run_address>0xee74</run_address>
         <size>0x22</size>
         <input_file_ref idref="fl-61"/>
      </object_component>
      <object_component id="oc-1d5">
         <name>.text</name>
         <load_address>0xee96</load_address>
         <run_address>0xee96</run_address>
         <size>0x22</size>
         <input_file_ref idref="fl-6b"/>
      </object_component>
      <object_component id="oc-194">
         <name>.text:sx_acceleration</name>
         <load_address>0xeeb8</load_address>
         <run_address>0xeeb8</run_address>
         <size>0x22</size>
         <input_file_ref idref="fl-12"/>
      </object_component>
      <object_component id="oc-1fd">
         <name>.text:BRRX_GetDistance_u16</name>
         <load_address>0xeeda</load_address>
         <run_address>0xeeda</run_address>
         <size>0x20</size>
         <input_file_ref idref="fl-39"/>
      </object_component>
      <object_component id="oc-1fc">
         <name>.text:BRRX_GetSpeed_u8</name>
         <load_address>0xeefa</load_address>
         <run_address>0xeefa</run_address>
         <size>0x20</size>
         <input_file_ref idref="fl-39"/>
      </object_component>
      <object_component id="oc-1f6">
         <name>.text:SetAbsoluteTimer_v</name>
         <load_address>0xef1a</load_address>
         <run_address>0xef1a</run_address>
         <size>0x1e</size>
         <input_file_ref idref="fl-35"/>
      </object_component>
      <object_component id="oc-1b5">
         <name>.text:display_symbol</name>
         <load_address>0xef38</load_address>
         <run_address>0xef38</run_address>
         <size>0x1e</size>
         <input_file_ref idref="fl-27"/>
      </object_component>
      <object_component id="oc-268">
         <name>.text:memmove</name>
         <load_address>0xef56</load_address>
         <run_address>0xef56</run_address>
         <size>0x1e</size>
         <input_file_ref idref="fl-63"/>
      </object_component>
      <object_component id="oc-26b">
         <name>.text:nwk_processJoin</name>
         <load_address>0xef74</load_address>
         <run_address>0xef74</run_address>
         <size>0x1e</size>
         <input_file_ref idref="fl-5"/>
      </object_component>
      <object_component id="oc-224">
         <name>.text:Mrfi_DelayUsec$13</name>
         <load_address>0xef92</load_address>
         <run_address>0xef92</run_address>
         <size>0x1c</size>
         <input_file_ref idref="fl-f"/>
      </object_component>
      <object_component id="oc-1cb">
         <name>.text:clear_display_all</name>
         <load_address>0xefae</load_address>
         <run_address>0xefae</run_address>
         <size>0x1c</size>
         <input_file_ref idref="fl-27"/>
      </object_component>
      <object_component id="oc-1ed">
         <name>.text:close_radio</name>
         <load_address>0xefca</load_address>
         <run_address>0xefca</run_address>
         <size>0x1c</size>
         <input_file_ref idref="fl-2b"/>
      </object_component>
      <object_component id="oc-252">
         <name>.text:nwk_putNumObjectIntoMsg</name>
         <load_address>0xefe6</load_address>
         <run_address>0xefe6</run_address>
         <size>0x1c</size>
         <input_file_ref idref="fl-a"/>
      </object_component>
      <object_component id="oc-239">
         <name>.text:GetPacketTolerance_u8</name>
         <load_address>0xf002</load_address>
         <run_address>0xf002</run_address>
         <size>0x1a</size>
         <input_file_ref idref="fl-36"/>
      </object_component>
      <object_component id="oc-173">
         <name>.text:_isr:ADC12ISR</name>
         <load_address>0xf01c</load_address>
         <run_address>0xf01c</run_address>
         <size>0x1a</size>
         <input_file_ref idref="fl-20"/>
      </object_component>
      <object_component id="oc-7e">
         <name>.text:_isr:_c_int00_noargs_noexit</name>
         <load_address>0xf036</load_address>
         <run_address>0xf036</run_address>
         <size>0x1a</size>
         <input_file_ref idref="fl-3d"/>
      </object_component>
      <object_component id="oc-1d2">
         <name>.text:display_am_pm_symbol</name>
         <load_address>0xf050</load_address>
         <run_address>0xf050</run_address>
         <size>0x1a</size>
         <input_file_ref idref="fl-27"/>
      </object_component>
      <object_component id="oc-1a8">
         <name>.text:stop_stopwatch</name>
         <load_address>0xf06a</load_address>
         <run_address>0xf06a</run_address>
         <size>0x1a</size>
         <input_file_ref idref="fl-1c"/>
      </object_component>
      <object_component id="oc-1a3">
         <name>.text:sx_caldist</name>
         <load_address>0xf084</load_address>
         <run_address>0xf084</run_address>
         <size>0x1a</size>
         <input_file_ref idref="fl-16"/>
      </object_component>
      <object_component id="oc-22c">
         <name>.text:ReadSingleReg</name>
         <load_address>0xf09e</load_address>
         <run_address>0xf09e</run_address>
         <size>0x18</size>
         <input_file_ref idref="fl-2c"/>
      </object_component>
      <object_component id="oc-1cd">
         <name>.text:display_selection_Timeformat1</name>
         <load_address>0xf0b6</load_address>
         <run_address>0xf0b6</run_address>
         <size>0x16</size>
         <input_file_ref idref="fl-17"/>
      </object_component>
      <object_component id="oc-1ee">
         <name>.text:display_selection_User_Gender</name>
         <load_address>0xf0cc</load_address>
         <run_address>0xf0cc</run_address>
         <size>0x16</size>
         <input_file_ref idref="fl-16"/>
      </object_component>
      <object_component id="oc-cf">
         <name>.text</name>
         <load_address>0xf0e2</load_address>
         <run_address>0xf0e2</run_address>
         <size>0x16</size>
         <input_file_ref idref="fl-43"/>
      </object_component>
      <object_component id="oc-1e5">
         <name>.text</name>
         <load_address>0xf0f8</load_address>
         <run_address>0xf0f8</run_address>
         <size>0x16</size>
         <input_file_ref idref="fl-68"/>
      </object_component>
      <object_component id="oc-1a0">
         <name>.text:display_ppt</name>
         <load_address>0xf10e</load_address>
         <run_address>0xf10e</run_address>
         <size>0x14</size>
         <input_file_ref idref="fl-1b"/>
      </object_component>
      <object_component id="oc-19e">
         <name>.text:display_rf</name>
         <load_address>0xf122</load_address>
         <run_address>0xf122</run_address>
         <size>0x14</size>
         <input_file_ref idref="fl-1b"/>
      </object_component>
      <object_component id="oc-1a2">
         <name>.text:display_sync</name>
         <load_address>0xf136</load_address>
         <run_address>0xf136</run_address>
         <size>0x14</size>
         <input_file_ref idref="fl-1b"/>
      </object_component>
      <object_component id="oc-1a7">
         <name>.text:is_stopwatch</name>
         <load_address>0xf14a</load_address>
         <run_address>0xf14a</run_address>
         <size>0x14</size>
         <input_file_ref idref="fl-1c"/>
      </object_component>
      <object_component id="oc-1ac">
         <name>.text:BlueRobin_RadioISR_v</name>
         <load_address>0xf15e</load_address>
         <run_address>0xf15e</run_address>
         <size>0x12</size>
         <input_file_ref idref="fl-34"/>
      </object_component>
      <object_component id="oc-1b8">
         <name>.text:memcpy</name>
         <load_address>0xf170</load_address>
         <run_address>0xf170</run_address>
         <size>0x12</size>
         <input_file_ref idref="fl-62"/>
      </object_component>
      <object_component id="oc-231">
         <name>.text:memset</name>
         <load_address>0xf182</load_address>
         <run_address>0xf182</run_address>
         <size>0x12</size>
         <input_file_ref idref="fl-64"/>
      </object_component>
      <object_component id="oc-1d8">
         <name>.text:open_radio</name>
         <load_address>0xf194</load_address>
         <run_address>0xf194</run_address>
         <size>0x12</size>
         <input_file_ref idref="fl-2b"/>
      </object_component>
      <object_component id="oc-21a">
         <name>.text:BRRX__StartTimer_v</name>
         <load_address>0xf1a6</load_address>
         <run_address>0xf1a6</run_address>
         <size>0x10</size>
         <input_file_ref idref="fl-35"/>
      </object_component>
      <object_component id="oc-1e8">
         <name>.text:l_lsl</name>
         <load_address>0xf1b6</load_address>
         <run_address>0xf1b6</run_address>
         <size>0x10</size>
         <input_file_ref idref="fl-5f"/>
      </object_component>
      <object_component id="oc-1e9">
         <name>.text:l_lsr</name>
         <load_address>0xf1c6</load_address>
         <run_address>0xf1c6</run_address>
         <size>0x10</size>
         <input_file_ref idref="fl-60"/>
      </object_component>
      <object_component id="oc-201">
         <name>.text:radio_powerdown</name>
         <load_address>0xf1d6</load_address>
         <run_address>0xf1d6</run_address>
         <size>0x10</size>
         <input_file_ref idref="fl-2b"/>
      </object_component>
      <object_component id="oc-17f">
         <name>.text:sx_date</name>
         <load_address>0xf1e6</load_address>
         <run_address>0xf1e6</run_address>
         <size>0x10</size>
         <input_file_ref idref="fl-18"/>
[...]
         <value>0x1eea</value>
         <object_component_ref idref="oc-160"/>
      </symbol>
      <symbol id="sm-eac">
         <name>sx_rfbsl</name>
         <value>0xe056</value>
         <object_component_ref idref="oc-183"/>
      </symbol>
      <symbol id="sm-ead">
         <name>read_calibration_values</name>
         <value>0xc3f0</value>
         <object_component_ref idref="oc-204"/>
      </symbol>
      <symbol id="sm-eae">
         <name>nwk_QfindSlot</name>
         <value>0xd15a</value>
         <object_component_ref idref="oc-234"/>
      </symbol>
      <symbol id="sm-eaf">
         <name>init_application</name>
         <value>0x9c64</value>
         <object_component_ref idref="oc-1c1"/>
      </symbol>
      <symbol id="sm-eb0">
         <name>display_char</name>
         <value>0xd0e0</value>
         <object_component_ref idref="oc-1d4"/>
      </symbol>
      <symbol id="sm-eb1">
         <name>sx_altitude</name>
         <value>0xf2d8</value>
         <object_component_ref idref="oc-18d"/>
      </symbol>
      <symbol id="sm-eb2">
         <name>cma_mgrav_per_bit</name>
         <value>0xf8bc</value>
         <object_component_ref idref="oc-1e4"/>
      </symbol>
      <symbol id="sm-eb3">
         <name>main</name>
         <value>0xcba8</value>
         <object_component_ref idref="oc-179"/>
      </symbol>
      <symbol id="sm-eb4">
         <name>sTimer</name>
         <value>0x1eca</value>
         <object_component_ref idref="oc-166"/>
      </symbol>
      <symbol id="sm-eb5">
         <name>update_stopwatch</name>
         <value>0xf242</value>
         <object_component_ref idref="oc-19a"/>
      </symbol>
      <symbol id="sm-eb6">
         <name>MRFI_ReplyDelay</name>
         <value>0xde70</value>
         <object_component_ref idref="oc-254"/>
      </symbol>
      <symbol id="sm-eb7">
         <name>display_speed</name>
         <value>0xc328</value>
         <object_component_ref idref="oc-193"/>
      </symbol>
      <symbol id="sm-eb8">
         <name>as_stop</name>
         <value>0xe9be</value>
         <object_component_ref idref="oc-1b4"/>
      </symbol>
      <symbol id="sm-eb9">
         <name>display_alarm</name>
         <value>0xbe4e</value>
         <object_component_ref idref="oc-188"/>
      </symbol>
      <symbol id="sm-eba">
         <name>MRFI_Transmit</name>
         <value>0xa0a8</value>
         <object_component_ref idref="oc-264"/>
      </symbol>
      <symbol id="sm-ebb">
         <name>display_rfbsl</name>
         <value>0xed06</value>
         <object_component_ref idref="oc-185"/>
      </symbol>
      <symbol id="sm-ebc">
         <name>button</name>
         <value>0x1e90</value>
         <object_component_ref idref="oc-146"/>
      </symbol>
      <symbol id="sm-ebd">
         <name>selection_User_Gender</name>
         <value>0xf8dc</value>
         <object_component_ref idref="oc-22b"/>
      </symbol>
      <symbol id="sm-ebe">
         <name>sx_acceleration</name>
         <value>0xeeb8</value>
         <object_component_ref idref="oc-194"/>
      </symbol>
      <symbol id="sm-ebf">
         <name>MRFI_RxIdle</name>
         <value>0xe2ac</value>
         <object_component_ref idref="oc-255"/>
      </symbol>
      <symbol id="sm-ec0">
         <name>message</name>
         <value>0x1e24</value>
         <object_component_ref idref="oc-14e"/>
      </symbol>
      <symbol id="sm-ec1">
         <name>sButton</name>
         <value>0x1e92</value>
         <object_component_ref idref="oc-146"/>
      </symbol>
      <symbol id="sm-ec2">
         <name>battery_measurement</name>
         <value>0xd3a0</value>
         <object_component_ref idref="oc-1c9"/>
      </symbol>
      <symbol id="sm-ec3">
         <name>mx_temperature</name>
         <value>0xb32c</value>
         <object_component_ref idref="oc-18a"/>
      </symbol>
      <symbol id="sm-ec4">
         <name>SMPL_Init</name>
         <value>0xccc0</value>
         <object_component_ref idref="oc-222"/>
      </symbol>
      <symbol id="sm-ec5">
         <name>SMPL_SendOpt</name>
         <value>0xd812</value>
         <object_component_ref idref="oc-221"/>
      </symbol>
      <symbol id="sm-ec6">
         <name>update_date</name>
         <value>0xf26e</value>
         <object_component_ref idref="oc-182"/>
      </symbol>
      <symbol id="sm-ec7">
         <name>menu_L2_Ppt</name>
         <value>0xf5d2</value>
         <object_component_ref idref="oc-147"/>
      </symbol>
      <symbol id="sm-ec8">
         <name>sStopwatch</name>
         <value>0x1e4e</value>
         <object_component_ref idref="oc-163"/>
      </symbol>
      <symbol id="sm-ec9">
         <name>mx_time</name>
         <value>0x9078</value>
         <object_component_ref idref="oc-17c"/>
      </symbol>
      <symbol id="sm-eca">
         <name>simpliciti_ed_address</name>
         <value>0x1cea</value>
         <object_component_ref idref="oc-14c"/>
      </symbol>
      <symbol id="sm-ecb">
         <name>sBuzzer</name>
         <value>0x1ebe</value>
         <object_component_ref idref="oc-167"/>
      </symbol>
      <symbol id="sm-ecc">
         <name>cma_as_get_data</name>
         <value>0xe9f0</value>
         <object_component_ref idref="oc-1c7"/>
      </symbol>
      <symbol id="sm-ecd">
         <name>WriteBurstReg</name>
         <value>0xe338</value>
         <object_component_ref idref="oc-247"/>
      </symbol>
      <symbol id="sm-ece">
         <name>display_chars</name>
         <value>0xc192</value>
         <object_component_ref idref="oc-1b7"/>
      </symbol>
      <symbol id="sm-ecf">
         <name>menu_L1_Heartrate</name>
         <value>0xf566</value>
         <object_component_ref idref="oc-147"/>
      </symbol>
      <symbol id="sm-ed0">
         <name>nwk_retrieveFrame</name>
         <value>0xc8c2</value>
         <object_component_ref idref="oc-227"/>
      </symbol>
      <symbol id="sm-ed1">
         <name>nwk_isValidReply</name>
         <value>0xe774</value>
         <object_component_ref idref="oc-273"/>
      </symbol>
      <symbol id="sm-ed2">
         <name>Timer0_A4_Delay</name>
         <value>0xd7b0</value>
         <object_component_ref idref="oc-1a6"/>
      </symbol>
      <symbol id="sm-ed3">
         <name>bmp_param_b5</name>
         <value>0x1e1c</value>
         <object_component_ref idref="oc-165"/>
      </symbol>
      <symbol id="sm-ed4">
         <name>mx_altitude</name>
         <value>0xb122</value>
         <object_component_ref idref="oc-18e"/>
      </symbol>
      <symbol id="sm-ed5">
         <name>ReadBurstReg</name>
         <value>0xe2f2</value>
         <object_component_ref idref="oc-22d"/>
      </symbol>
      <symbol id="sm-ed6">
         <name>nwk_link</name>
         <value>0xa488</value>
         <object_component_ref idref="oc-223"/>
      </symbol>
      <symbol id="sm-ed7">
         <name>nwk_sendAckReply</name>
         <value>0xd064</value>
         <object_component_ref idref="oc-25e"/>
      </symbol>
      <symbol id="sm-ed8">
         <name>burst_start</name>
         <value>0x1d18</value>
         <object_component_ref idref="oc-14c"/>
      </symbol>
      <symbol id="sm-ed9">
         <name>toggle_buzzer</name>
         <value>0xdaa8</value>
         <object_component_ref idref="oc-1ef"/>
      </symbol>
      <symbol id="sm-eda">
         <name>sys</name>
         <value>0x1e20</value>
         <object_component_ref idref="oc-14e"/>
      </symbol>
      <symbol id="sm-edb">
         <name>mx_caldist</name>
         <value>0x9436</value>
         <object_component_ref idref="oc-1a4"/>
      </symbol>
      <symbol id="sm-edc">
         <name>sx_caldist</name>
         <value>0xf084</value>
         <object_component_ref idref="oc-1a3"/>
      </symbol>
      <symbol id="sm-edd">
         <name>nwk_putNumObjectIntoMsg</name>
         <value>0xefe6</value>
         <object_component_ref idref="oc-252"/>
      </symbol>
      <symbol id="sm-ede">
         <name>bmp_ps_get_pa</name>
         <value>0x9952</value>
         <object_component_ref idref="oc-20b"/>
      </symbol>
      <symbol id="sm-edf">
         <name>is_rf</name>
         <value>0xf212</value>
         <object_component_ref idref="oc-1ab"/>
      </symbol>
      <symbol id="sm-ee0">
         <name>clear_line</name>
         <value>0xdb60</value>
         <object_component_ref idref="oc-1cc"/>
      </symbol>
      <symbol id="sm-ee1">
         <name>nwk_allocateLocalRxPort</name>
         <value>0xbff6</value>
         <object_component_ref idref="oc-251"/>
      </symbol>
      <symbol id="sm-ee2">
         <name>do_altitude_measurement</name>
         <value>0xa97e</value>
         <object_component_ref idref="oc-1c6"/>
      </symbol>
      <symbol id="sm-ee3">
         <name>display</name>
         <value>0x1c8c</value>
         <object_component_ref idref="oc-145"/>
      </symbol>
      <symbol id="sm-ee4">
         <name>menu_L2_RFBSL</name>
         <value>0xf51e</value>
         <object_component_ref idref="oc-147"/>
      </symbol>
      <symbol id="sm-ee5">
         <name>update_time</name>
         <value>0xf278</value>
         <object_component_ref idref="oc-17e"/>
      </symbol>
      <symbol id="sm-ee6">
         <name>segments_bitmask</name>
         <value>0xf800</value>
         <object_component_ref idref="oc-1f9"/>
      </symbol>
      <symbol id="sm-ee7">
         <name>mx_stopwatch</name>
         <value>0xec68</value>
         <object_component_ref idref="oc-198"/>
      </symbol>
      <symbol id="sm-ee8">
         <name>PORT2_ISR</name>
         <value>0x8c82</value>
         <object_component_ref idref="oc-16f"/>
      </symbol>
      <symbol id="sm-ee9">
         <name>nwk_processSecurity</name>
         <value>0xf2ce</value>
         <object_component_ref idref="oc-26c"/>
      </symbol>
      <symbol id="sm-eea">
         <name>memmove</name>
         <value>0xef56</value>
         <object_component_ref idref="oc-268"/>
      </symbol>
      <symbol id="sm-eeb">
         <name>stop_altitude_measurement</name>
         <value>0xeb42</value>
         <object_component_ref idref="oc-1b3"/>
      </symbol>
      <symbol id="sm-eec">
         <name>BSP_Delay</name>
         <value>0xee30</value>
         <object_component_ref idref="oc-257"/>
      </symbol>
      <symbol id="sm-eed">
         <name>clock_tick</name>
         <value>0xc780</value>
         <object_component_ref idref="oc-1b1"/>
      </symbol>
      <symbol id="sm-eee">
         <name>menu_L1_Speed</name>
         <value>0xf578</value>
         <object_component_ref idref="oc-147"/>
      </symbol>
      <symbol id="sm-eef">
         <name>menu_L1_Time</name>
         <value>0xf4fa</value>
         <object_component_ref idref="oc-147"/>
      </symbol>
      <symbol id="sm-ef0">
         <name>nwk_join</name>
         <value>0xabc6</value>
         <object_component_ref idref="oc-24f"/>
      </symbol>
      <symbol id="sm-ef1">
         <name>nwk_processMgmt</name>
         <value>0xe37e</value>
         <object_component_ref idref="oc-26e"/>
      </symbol>
      <symbol id="sm-ef2">
         <name>display_temperature</name>
         <value>0xb904</value>
         <object_component_ref idref="oc-18b"/>
      </symbol>
      <symbol id="sm-ef3">
         <name>SMPL_Ioctl</name>
         <value>0xa710</value>
         <object_component_ref idref="oc-220"/>
      </symbol>
      <symbol id="sm-ef4">
         <name>sx_stopwatch</name>
         <value>0xe926</value>
         <object_component_ref idref="oc-197"/>
      </symbol>
      <symbol id="sm-ef5">
         <name>display_acceleration</name>
         <value>0x9ae4</value>
         <object_component_ref idref="oc-195"/>
      </symbol>
      <symbol id="sm-ef6">
         <name>selection_Timeformat</name>
         <value>0xf8d4</value>
         <object_component_ref idref="oc-20e"/>
      </symbol>
      <symbol id="sm-ef7">
         <name>adc12_single_conversion</name>
         <value>0xd5b6</value>
         <object_component_ref idref="oc-206"/>
      </symbol>
      <symbol id="sm-ef8">
         <name>bmp_as_start</name>
         <value>0xd6ea</value>
         <object_component_ref idref="oc-1e7"/>
      </symbol>
      <symbol id="sm-ef9">
         <name>ADC12ISR</name>
         <value>0xf01c</value>
         <object_component_ref idref="oc-173"/>
      </symbol>
      <symbol id="sm-efa">
         <name>wakeup_event</name>
         <value>0xace2</value>
         <object_component_ref idref="oc-1c4"/>
      </symbol>
      <symbol id="sm-efb">
         <name>sx_sync</name>
         <value>0xc4b4</value>
         <object_component_ref idref="oc-1a1"/>
      </symbol>
      <symbol id="sm-efc">
         <name>init_global_variables</name>
         <value>0xa1f4</value>
         <object_component_ref idref="oc-1c2"/>
      </symbol>
      <symbol id="sm-efd">
         <name>menu_L1_Alarm</name>
         <value>0xf530</value>
         <object_component_ref idref="oc-147"/>
      </symbol>
      <symbol id="sm-efe">
         <name>MRFI_SetRFPwr</name>
         <value>0xeb98</value>
         <object_component_ref idref="oc-265"/>
      </symbol>
      <symbol id="sm-eff">
         <name>nwk_nwkInit</name>
         <value>0x9dd6</value>
         <object_component_ref idref="oc-24d"/>
      </symbol>
      <symbol id="sm-f00">
         <name>menu_L2_Stopwatch</name>
         <value>0xf59c</value>
         <object_component_ref idref="oc-147"/>
      </symbol>
      <symbol id="sm-f01">
         <name>start_altitude_measurement</name>
         <value>0xd932</value>
         <object_component_ref idref="oc-1d7"/>
      </symbol>
      <symbol id="sm-f02">
         <name>display_am_pm_symbol</name>
         <value>0xf050</value>
         <object_component_ref idref="oc-1d2"/>
      </symbol>
      <symbol id="sm-f03">
         <name>adc12_result</name>
         <value>0x1ef2</value>
         <object_component_ref idref="oc-164"/>
      </symbol>
      <symbol id="sm-f04">
         <name>nwk_QfindOldest</name>
         <value>0xbd76</value>
         <object_component_ref idref="oc-259"/>
      </symbol>
      <symbol id="sm-f05">
         <name>WritePATable</name>
         <value>0xd478</value>
         <object_component_ref idref="oc-248"/>
      </symbol>
      <symbol id="sm-f06">
         <name>display_rf</name>
         <value>0xf122</value>
         <object_component_ref idref="oc-19e"/>
      </symbol>
      <symbol id="sm-f07">
         <name>method</name>
         <value>0xf4f9</value>
         <object_component_ref idref="oc-15b"/>
      </symbol>
      <symbol id="sm-f08">
         <name>sDate</name>
         <value>0x1ed4</value>
         <object_component_ref idref="oc-162"/>
      </symbol>
      <symbol id="sm-f09">
         <name>simpliciti_reply_count</name>
         <value>0x1d0f</value>
         <object_component_ref idref="oc-14c"/>
      </symbol>
      <symbol id="sm-f0a">
         <name>display_heartrate</name>
         <value>0xe006</value>
         <object_component_ref idref="oc-192"/>
      </symbol>
      <symbol id="sm-f0b">
         <name>display_sync</name>
         <value>0xf136</value>
         <object_component_ref idref="oc-1a2"/>
      </symbol>
      <symbol id="sm-f0c">
         <name>stopwatch_tick</name>
         <value>0xb42e</value>
         <object_component_ref idref="oc-1af"/>
      </symbol>
      <symbol id="sm-f0d">
         <name>simpliciti_get_ed_data_callback</name>
         <value>0xc824</value>
         <object_component_ref idref="oc-21f"/>
      </symbol>
      <symbol id="sm-f0e">
         <name>int_to_array_conversion_table</name>
         <value>0xf2da</value>
         <object_component_ref idref="oc-210"/>
      </symbol>
      <symbol id="sm-f0f">
         <name>nwk_getConnInfo</name>
         <value>0xec90</value>
         <object_component_ref idref="oc-225"/>
      </symbol>
      <symbol id="sm-f10">
         <name>button_repeat_function</name>
         <value>0xdf66</value>
         <object_component_ref idref="oc-20f"/>
      </symbol>
      <symbol id="sm-f11">
         <name>Timer0_A3_Start</name>
         <value>0xec16</value>
         <object_component_ref idref="oc-1f0"/>
      </symbol>
      <symbol id="sm-f12">
         <name>display_battery_V</name>
         <value>0xda4c</value>
         <object_component_ref idref="oc-19b"/>
      </symbol>
      <symbol id="sm-f13">
         <name>nwk_processFreq</name>
         <value>0xf2ca</value>
         <object_component_ref idref="oc-26d"/>
      </symbol>
      <symbol id="sm-f14">
         <name>sx_bluerobin</name>
         <value>0xb52e</value>
         <object_component_ref idref="oc-190"/>
      </symbol>
      <symbol id="sm-f15">
         <name>bmp_ps_init</name>
         <value>0xb9ee</value>
         <object_component_ref idref="oc-202"/>
      </symbol>
      <symbol id="sm-f16">
         <name>as_ok</name>
         <value>0x1d75</value>
         <object_component_ref idref="oc-15d"/>
      </symbol>
      <symbol id="sm-f17">
         <name>sBlueRobin</name>
         <value>0x1dec</value>
         <object_component_ref idref="oc-161"/>
      </symbol>
      <symbol id="sm-f18">
         <name>chronos_black</name>
         <value>0x1e27</value>
         <object_component_ref idref="oc-14e"/>
      </symbol>
      <symbol id="sm-f19">
         <name>menu_L2_CalDist</name>
         <value>0xf5f6</value>
         <object_component_ref idref="oc-147"/>
      </symbol>
      <symbol id="sm-f1a">
         <name>simpliciti_payload_length</name>
         <value>0x1d16</value>
         <object_component_ref idref="oc-14c"/>
      </symbol>
      <symbol id="sm-f1b">
         <name>get_bluerobin_data</name>
         <value>0xca8a</value>
         <object_component_ref idref="oc-1b6"/>
      </symbol>
      <symbol id="sm-f1c">
         <name>_system_pre_init</name>
         <value>0xf2c2</value>
         <object_component_ref idref="oc-174"/>
      </symbol>
      <symbol id="sm-f1d">
         <name>stop_bluerobin</name>
         <value>0xe264</value>
         <object_component_ref idref="oc-1e2"/>
      </symbol>
      <symbol id="sm-f1e">
         <name>write_lcd_mem</name>
         <value>0xdb04</value>
         <object_component_ref idref="oc-1fa"/>
      </symbol>
      <symbol id="sm-f1f">
         <name>sTime</name>
         <value>0x1e40</value>
         <object_component_ref idref="oc-15f"/>
      </symbol>
      <symbol id="sm-f20">
         <name>TIMER0_A0_ISR</name>
         <value>0x8000</value>
         <object_component_ref idref="oc-172"/>
      </symbol>
      <symbol id="sm-f21">
         <name>update_temperature</name>
         <value>0xf24e</value>
         <object_component_ref idref="oc-18c"/>
      </symbol>
      <symbol id="sm-f22">
         <name>display_hours</name>
         <value>0xddc8</value>
         <object_component_ref idref="oc-1d0"/>
      </symbol>
      <symbol id="sm-f23">
         <name>nwk_processLink</name>
         <value>0xc0c4</value>
         <object_component_ref idref="oc-26a"/>
      </symbol>
      <symbol id="sm-f24">
         <name>sx_time</name>
         <value>0xf1f6</value>
         <object_component_ref idref="oc-17b"/>
      </symbol>
      <symbol id="sm-f25">
         <name>display_caldist</name>
         <value>0xb228</value>
         <object_component_ref idref="oc-1a5"/>
      </symbol>
      <symbol id="sm-f26">
         <name>display_time</name>
         <value>0x9600</value>
         <object_component_ref idref="oc-17d"/>
      </symbol>
      <symbol id="sm-f27">
         <name>menu_L2_Date</name>
         <value>0xf50c</value>
         <object_component_ref idref="oc-147"/>
      </symbol>
      <symbol id="sm-f28">
         <name>display_symbol</name>
         <value>0xef38</value>
         <object_component_ref idref="oc-1b5"/>
      </symbol>
   </symbol_table>
   <title>Link successful</title>
</link_info>
