******************************************************************************
                  MSP430 Linker PC v4.4.2                      
******************************************************************************
>> Linked Tue Nov 17 20:27:58 2015

OUTPUT FILE NAME:   <EZ430_Chronos_Sit Up_433MHz.out>
ENTRY POINT SYMBOL: "_c_int00_noargs_noexit"  address: 0000ee1c


MEMORY CONFIGURATION

         name            origin    length      used     unused   attr    fill
----------------------  --------  ---------  --------  --------  ----  --------
  SFR                   00000000   00000010  00000000  00000010  RWIX
  PERIPHERALS_8BIT      00000010   000000f0  00000000  000000f0  RWIX
  PERIPHERALS_16BIT     00000100   00000100  00000000  00000100  RWIX
  INFOD                 00001800   00000080  00000000  00000080  RWIX
  INFOC                 00001880   00000080  00000000  00000080  RWIX
  INFOB                 00001900   00000080  00000000  00000080  RWIX
  INFOA                 00001980   00000080  00000000  00000080  RWIX
  RAM                   00001c00   00000ffe  0000034f  00000caf  RWIX
  FLASH                 00008000   00007f80  00007869  00000717  RWIX
  INT00                 0000ff80   00000002  00000000  00000002  RWIX
  INT01                 0000ff82   00000002  00000000  00000002  RWIX
  INT02                 0000ff84   00000002  00000000  00000002  RWIX
  INT03                 0000ff86   00000002  00000000  00000002  RWIX
  INT04                 0000ff88   00000002  00000000  00000002  RWIX
  INT05                 0000ff8a   00000002  00000000  00000002  RWIX
  INT06                 0000ff8c   00000002  00000000  00000002  RWIX
  INT07                 0000ff8e   00000002  00000000  00000002  RWIX
  INT08                 0000ff90   00000002  00000000  00000002  RWIX
  INT09                 0000ff92   00000002  00000000  00000002  RWIX
  INT10                 0000ff94   00000002  00000000  00000002  RWIX
  INT11                 0000ff96   00000002  00000000  00000002  RWIX
  INT12                 0000ff98   00000002  00000000  00000002  RWIX
  INT13                 0000ff9a   00000002  00000000  00000002  RWIX
  INT14                 0000ff9c   00000002  00000000  00000002  RWIX
  INT15                 0000ff9e   00000002  00000000  00000002  RWIX
  INT16                 0000ffa0   00000002  00000000  00000002  RWIX
  INT17                 0000ffa2   00000002  00000000  00000002  RWIX
  INT18                 0000ffa4   00000002  00000000  00000002  RWIX
  INT19                 0000ffa6   00000002  00000000  00000002  RWIX
  INT20                 0000ffa8   00000002  00000000  00000002  RWIX
  INT21                 0000ffaa   00000002  00000000  00000002  RWIX
  INT22                 0000ffac   00000002  00000000  00000002  RWIX
  INT23                 0000ffae   00000002  00000000  00000002  RWIX
  INT24                 0000ffb0   00000002  00000000  00000002  RWIX
  INT25                 0000ffb2   00000002  00000000  00000002  RWIX
  INT26                 0000ffb4   00000002  00000000  00000002  RWIX
  INT27                 0000ffb6   00000002  00000000  00000002  RWIX
  INT28                 0000ffb8   00000002  00000000  00000002  RWIX
  INT29                 0000ffba   00000002  00000000  00000002  RWIX
  INT30                 0000ffbc   00000002  00000000  00000002  RWIX
  INT31                 0000ffbe   00000002  00000000  00000002  RWIX
  INT32                 0000ffc0   00000002  00000000  00000002  RWIX
  INT33                 0000ffc2   00000002  00000000  00000002  RWIX
  INT34                 0000ffc4   00000002  00000000  00000002  RWIX
  INT35                 0000ffc6   00000002  00000000  00000002  RWIX
  INT36                 0000ffc8   00000002  00000000  00000002  RWIX
  INT37                 0000ffca   00000002  00000000  00000002  RWIX
  INT38                 0000ffcc   00000002  00000000  00000002  RWIX
  INT39                 0000ffce   00000002  00000000  00000002  RWIX
  INT40                 0000ffd0   00000002  00000000  00000002  RWIX
  INT41                 0000ffd2   00000002  00000000  00000002  RWIX
  INT42                 0000ffd4   00000002  00000000  00000002  RWIX
  INT43                 0000ffd6   00000002  00000000  00000002  RWIX
  INT44                 0000ffd8   00000002  00000000  00000002  RWIX
  INT45                 0000ffda   00000002  00000002  00000000  RWIX
  INT46                 0000ffdc   00000002  00000002  00000000  RWIX
  INT47                 0000ffde   00000002  00000002  00000000  RWIX
  INT48                 0000ffe0   00000002  00000002  00000000  RWIX
  INT49                 0000ffe2   00000002  00000002  00000000  RWIX
  INT50                 0000ffe4   00000002  00000002  00000000  RWIX
  INT51                 0000ffe6   00000002  00000002  00000000  RWIX
  INT52                 0000ffe8   00000002  00000002  00000000  RWIX
  INT53                 0000ffea   00000002  00000002  00000000  RWIX
  INT54                 0000ffec   00000002  00000002  00000000  RWIX
  INT55                 0000ffee   00000002  00000002  00000000  RWIX
  INT56                 0000fff0   00000002  00000002  00000000  RWIX
  INT57                 0000fff2   00000002  00000002  00000000  RWIX
  INT58                 0000fff4   00000002  00000002  00000000  RWIX
  INT59                 0000fff6   00000002  00000002  00000000  RWIX
  INT60                 0000fff8   00000002  00000002  00000000  RWIX
  INT61                 0000fffa   00000002  00000002  00000000  RWIX
  INT62                 0000fffc   00000002  00000002  00000000  RWIX
  RESET                 0000fffe   00000002  00000002  00000000  RWIX


SECTION ALLOCATION MAP

 output                                  attributes/
section   page    origin      length       input sections
--------  ----  ----------  ----------   ----------------
.bss       0    00001c00    000002ff     UNINITIALIZED
                  00001c00    0000008c     nwk_QMgmt.obj (.bss)
                  00001c8c    0000005e     display.obj (.bss)
                  00001cea    00000046     rfsimpliciti.obj (.bss)
                  00001d30    00000045     ps.obj (.bss)
                  00001d75    00000001     as.obj (.bss)
                  00001d76    0000003c     mrfi.obj (.bss)
                  00001db2    0000001d     nwk.obj (.bss)
                  00001dcf    00000001     main_ED_BM.obj (.bss)
                  00001dd0    0000001c     BlueRobin_RX_433MHz.lib : BRRX_Resource.obj (.bss)
                  00001dec    0000001a     bluerobin.obj (.bss)
                  00001e06    0000001a     bmp_ps.obj (.bss)
                  00001e20    00000012     main.obj (.bss)
                  00001e32    0000000e     altitude.obj (.bss)
                  00001e40    0000000e     clock.obj (.bss)
                  00001e4e    0000000e     stopwatch.obj (.bss)
                  00001e5c    0000000c     BlueRobin_RX_433MHz.lib : BRRX_Scheduler.obj (.bss)
                  00001e68    0000000c     scroller.obj (.bss)
                  00001e74    0000000a     BlueRobin_RX_433MHz.lib : BR_Common.obj (.bss)
                  00001e7e    0000000a     acceleration.obj (.bss)
                  00001e88    0000000a     nwk_frame.obj (.bss)
                  00001e92    0000000a     nwk_link.obj (.bss)
                  00001e9c    0000000a     ports.obj (.bss)
                  00001ea6    00000009     nwk_globals.obj (.bss)
                  00001eaf    00000001     nwk_api.obj (.bss)
                  00001eb0    00000009     nwk_join.obj (.bss)
                  00001eb9    00000001     nwk_ping.obj (.bss)
                  00001eba    00000008     BlueRobin_RX_433MHz.lib : BRRX_Timer.obj (.bss)
                  00001ec2    00000008     battery.obj (.bss)
                  00001eca    00000008     buzzer.obj (.bss)
                  00001ed2    00000007     timer.obj (.bss)
                  00001ed9    00000001     rfbsl.obj (.bss)
                  00001eda    00000006     BlueRobin_RX_433MHz.lib : BRRX_Radio.obj (.bss)
                  00001ee0    00000006     date.obj (.bss)
                  00001ee6    00000005     BlueRobin_RX_433MHz.lib : BRRX_Packet.obj (.bss)
                  00001eeb    00000001     --HOLE--
                  00001eec    00000004                             : BRRX_API.obj (.bss)
                  00001ef0    00000004     alarm.obj (.bss)
                  00001ef4    00000004     menu.obj (.bss)
                  00001ef8    00000003     adc12.obj (.bss)
                  00001efb    00000001     --HOLE--
                  00001efc    00000003     nwk_mgmt.obj (.bss)

.data      0    00001c00    00000000     UNINITIALIZED

.stack     0    00002bac    00000050     UNINITIALIZED
                  00002bac    00000002     rts430x.lib : boot.obj (.stack)
                  00002bae    0000004e     --HOLE--

.text      0    00008000    000070c2     
                  00008000    000002c0     timer.obj (.text:_isr:TIMER0_A0_ISR)
                  000082c0    00000298     ps.obj (.text:conv_pa_to_meter)
                  00008558    00000284     BlueRobin_RX_433MHz.lib : BRRX_Scheduler.obj (.text:BRRX__Scheduler_v)
                  000087dc    00000254     test.obj (.text:test_mode)
                  00008a30    0000022c     user.obj (.text:set_value)
                  00008c5c    00000204     ports.obj (.text:_isr:PORT2_ISR)
                  00008e60    000001f6     mrfi.obj (.text:MRFI_Init)
                  00009056    000001e4     clock.obj (.text:mx_time)
                  0000923a    000001da     ps.obj (.text:update_pressure_table)
                  00009414    000001ca     bluerobin.obj (.text:mx_caldist)
                  000095de    000001be     clock.obj (.text:display_time)
                  0000979c    000001a2     stopwatch.obj (.text:stopwatch_tick)
                  0000993e    00000198     acceleration.obj (.text:display_acceleration)
                  00009ad6    00000194     date.obj (.text:mx_date)
                  00009c6a    00000192     bmp_ps.obj (.text:bmp_ps_get_pa)
                  00009dfc    00000172     main.obj (.text:init_application)
                  00009f6e    0000016e     nwk.obj (.text:nwk_nwkInit)
                  0000a0dc    00000164     nwk_link.obj (.text:smpl_send_link_reply$4)
                  0000a240    0000014c     mrfi.obj (.text:MRFI_Transmit)
                  0000a38c    00000148     nwk_link.obj (.text:nwk_link)
                  0000a4d4    00000140     mrfi.obj (.text:Mrfi_SyncPinRxIsr$13)
                  0000a614    00000140     main.obj (.text:init_global_variables)
                  0000a754    0000013e     nwk_api.obj (.text:SMPL_Ioctl)
                  0000a892    00000130     rts430x.lib : fs_add.obj (.text)
                  0000a9c2    0000012c     altitude.obj (.text:do_altitude_measurement)
                  0000aaee    00000128     rfsimpliciti.obj (.text:simpliciti_sync_decode_ap_cmd_callback)
                  0000ac16    0000011c     stopwatch.obj (.text:display_stopwatch)
                  0000ad32    0000011c     nwk_join.obj (.text:nwk_join)
                  0000ae4e    00000112     rfsimpliciti.obj (.text:start_simpliciti_tx_only)
                  0000af60    0000010c     BlueRobin_RX_433MHz.lib : BRRX_Scheduler.obj (.text:PacketMissed_v)
                  0000b06c    00000108     nwk_frame.obj (.text:dispatchFrame$11)
                  0000b174    00000106     altitude.obj (.text:mx_altitude)
                  0000b27a    00000104     bluerobin.obj (.text:display_caldist)
                  0000b37e    000000fe     bluerobin.obj (.text:sx_bluerobin)
                  0000b47c    000000f6     main.obj (.text:display_update)
                  0000b572    000000f2     alarm.obj (.text:mx_alarm)
                  0000b664    000000f0     altitude.obj (.text:display_altitude)
                  0000b754    000000f0     main.obj (.text:wakeup_event)
                  0000b844    000000e6     bmp_ps.obj (.text:bmp_ps_init)
                  0000b92a    000000e2     main_ED_BM.obj (.text:simpliciti_main_sync)
                  0000ba0c    000000dc     date.obj (.text:display_date)
                  0000bae8    000000d8     nwk_QMgmt.obj (.text:nwk_QfindOldest)
                  0000bbc0    000000d6     alarm.obj (.text:display_alarm)
                  0000bc96    000000d2     display.obj (.text:int_to_array)
                  0000bd68    000000d2     rfsimpliciti.obj (.text:simpliciti_sync_get_data_callback)
                  0000be3a    000000ce     nwk.obj (.text:nwk_allocateLocalRxPort)
                  0000bf08    000000ce     nwk_link.obj (.text:nwk_processLink)
                  0000bfd6    000000cc     display.obj (.text:display_chars)
                  0000c0a2    000000ca     main_ED_BM.obj (.text:simpliciti_link)
                  0000c16c    000000c8     bluerobin.obj (.text:display_speed)
                  0000c234    000000b6     BlueRobin_RX_433MHz.lib : BRRX_Scheduler.obj (.text:SearchPacketHit_u8)
                  0000c2ea    000000b6     rts430x.lib : fs_mpy.obj (.text)
                  0000c3a0    000000b6     rfsimpliciti.obj (.text:sx_sync)
                  0000c456    000000b4     battery.obj (.text:battery_measurement)
                  0000c50a    000000ac     main.obj (.text:read_calibration_values)
                  0000c5b6    000000a4     rf1a.obj (.text:Strobe)
                  0000c65a    000000a4     clock.obj (.text:clock_tick)
                  0000c6fe    0000009e     rfsimpliciti.obj (.text:simpliciti_get_ed_data_callback)
                  0000c79c    0000009c     nwk_frame.obj (.text:nwk_retrieveFrame)
                  0000c838    00000094     pmm.obj (.text:SetVCore)
                  0000c8cc    00000090     bluerobin.obj (.text:get_bluerobin_data)
                  0000c95c    0000008e     rts430x.lib : fs_div.obj (.text)
                  0000c9ea    0000008c     ps.obj (.text:ps_i2c_sda)
                  0000ca76    0000008a     nwk_api.obj (.text:SMPL_Init)
                  0000cb00    0000008a     nwk_frame.obj (.text:nwk_buildFrame)
                  0000cb8a    00000086     BlueRobin_RX_433MHz.lib : BRRX_Scheduler.obj (.text:GetData_v)
                  0000cc10    00000086                             : BRRX_Scheduler.obj (.text:TrimACLK_Offset_v)
                  0000cc96    00000084     timer.obj (.text:_isr:TIMER0_A1_5_ISR)
                  0000cd1a    00000082     date.obj (.text:get_numberOfDays)
                  0000cd9c    0000007e     BlueRobin_RX_433MHz.lib : BRRX_Radio.obj (.text:BRRX_RadioReceive_v)
                  0000ce1a    0000007c     nwk_frame.obj (.text:nwk_sendAckReply)
                  0000ce96    0000007a     display.obj (.text:display_char)
                  0000cf10    00000078     nwk_QMgmt.obj (.text:nwk_QfindSlot)
                  0000cf88    00000078     nwk_ioctl.obj (.text:nwk_radioControl)
                  0000d000    00000076     main.obj (.text:process_requests)
                  0000d076    00000074     mrfi.obj (.text:mrfiRadioInterfaceCmdStrobe)
                  0000d0ea    00000072     ps.obj (.text:ps_read_register)
                  0000d15c    00000070     BlueRobin_RX_433MHz.lib : BRRX_Radio.obj (.text:BRRX_RadioInit_v)
                  0000d1cc    0000006a                             : BRRX_API.obj (.text:ResetTXCB_v)
                  0000d236    0000006a     rf1a.obj (.text:WritePATable)
                  0000d2a0    0000006a     cma_ps.obj (.text:cma_ps_get_pa)
                  0000d30a    0000006a     nwk.obj (.text:nwk_getNextConnection)
                  0000d374    00000066     cma_ps.obj (.text:cma_ps_init)
                  0000d3da    00000066     nwk_ping.obj (.text:nwk_processPing)
                  0000d440    00000064     bmp_as.obj (.text:bmp_as_start)
                  0000d4a4    00000062     mrfi.obj (.text:MRFI_RadioIsr)
                  0000d506    00000062     timer.obj (.text:Timer0_A4_Delay)
                  0000d568    00000060     nwk_api.obj (.text:SMPL_SendOpt)
                  0000d5c8    00000060     as.obj (.text:as_read_register)
                  0000d628    00000060     as.obj (.text:as_write_register)
                  0000d688    00000060     altitude.obj (.text:start_altitude_measurement)
                  0000d6e8    0000005e     BlueRobin_RX_433MHz.lib : BRRX_Radio.obj (.text:BRRX_PacketEndTimerTask_v)
                  0000d746    0000005c                             : BRRX_Scheduler.obj (.text:PrepareForFirstPacket_v)
                  0000d7a2    0000005c     battery.obj (.text:display_battery_V)
                  0000d7fe    0000005c     buzzer.obj (.text:toggle_buzzer)
                  0000d85a    0000005c     display.obj (.text:write_lcd_mem)
                  0000d8b6    0000005a     display.obj (.text:clear_line)
                  0000d910    00000058     BlueRobin_RX_433MHz.lib : BRRX_API.obj (.text:BRRX_Start_v)
                  0000d968    00000058                             : BRRX_Scheduler.obj (.text:BRRX__StartNewSearch_v)
                  0000d9c0    00000058     bmp_as.obj (.text:bmp_as_get_data)
                  0000da18    00000058     ps.obj (.text:ps_write_register)
                  0000da70    00000058     rts430x.lib : div32u.obj (.text)
                  0000dac8    00000056     BlueRobin_RX_433MHz.lib : BRRX_Radio.obj (.text:BRRX_RadioCalibrate_v)
                  0000db1e    00000056     scroller.obj (.text:display_scroller)
                  0000db74    00000054     display.obj (.text:display_hours)
                  0000dbc8    00000054     ps.obj (.text:ps_i2c_read)
                  0000dc1c    00000052     mrfi.obj (.text:MRFI_ReplyDelay)
                  0000dc6e    00000052     BlueRobin_RX_433MHz.lib : BRRX_Scheduler.obj (.text:TestStartTime_v)
                  0000dcc0    00000052     cma_as.obj (.text:cma_as_start)
                  0000dd12    00000050     ports.obj (.text:button_repeat_function)
                  0000dd62    00000050     cma_ps.obj (.text:cma_ps_get_temp)
                  0000ddb2    00000050     bluerobin.obj (.text:display_heartrate)
                  0000de02    00000050     rfbsl.obj (.text:sx_rfbsl)
                  0000de52    0000004e     BlueRobin_RX_433MHz.lib : BRRX_Scheduler.obj (.text:SearchPacketCheck_u8)
                  0000dea0    0000004c     rts430x.lib : fs_toul.obj (.text)
                  0000deec    0000004a                 : autoinit.obj (.text:_auto_init)
                  0000df36    0000004a                 : fs_cmp.obj (.text)
                  0000df80    00000048     BlueRobin_RX_433MHz.lib : BR_Common.obj (.text:BR__CalcRandomTimeOffset_u16)
                  0000dfc8    00000048     bluerobin.obj (.text:stop_bluerobin)
                  0000e010    00000046     mrfi.obj (.text:MRFI_RxIdle)
                  0000e056    00000046     rf1a.obj (.text:ReadBurstReg)
                  0000e09c    00000046     rf1a.obj (.text:WriteBurstReg)
                  0000e0e2    00000046     nwk_mgmt.obj (.text:nwk_processMgmt)
                  0000e128    00000046     rts430x.lib : fs_tou.obj (.text)
                  0000e16e    00000046     buzzer.obj (.text:start_buzzer)
                  0000e1b4    00000044     mrfi.obj (.text:mrfiRadioInterfaceReadReg)
                  0000e1f8    00000042     BlueRobin_RX_433MHz.lib : BRRX_Scheduler.obj (.text:PacketHit_u8)
                  0000e23a    00000040                             : BRRX_API.obj (.text:BRRX__NewInfo_v)
                  0000e27a    00000040     ps.obj (.text:ps_i2c_write)
                  0000e2ba    00000040     rts430x.lib : div32s.obj (.text)
                  0000e2fa    0000003e     BlueRobin_RX_433MHz.lib : BRRX_API.obj (.text:BRRX_SetID_v)
                  0000e338    0000003e                             : BRRX_Packet.obj (.text:BRRX__DecodePacket_u8)
                  0000e376    0000003e     rts430x.lib : asr32.obj (.text:l_asr_const)
                  0000e3b4    0000003e                 : lsl32.obj (.text:l_lsl_const)
                  0000e3f2    0000003e                 : lsr32.obj (.text:l_lsr_const)
                  0000e430    0000003c     BlueRobin_RX_433MHz.lib : BRRX_Timer.obj (.text:BRRX_TimerTask_v)
                  0000e46c    0000003c     as.obj (.text:as_start)
                  0000e4a8    0000003c     main.obj (.text:main)
                  0000e4e4    0000003c     stopwatch.obj (.text:update_stopwatch_timer)
                  0000e520    0000003a     rf1a.obj (.text:WriteSingleReg)
                  0000e55a    0000003a     nwk.obj (.text:nwk_isValidReply)
                  0000e594    00000038     BlueRobin_RX_433MHz.lib : BRRX_API.obj (.text:BRRX_Init_v)
                  0000e5cc    00000038     radio.obj (.text:_isr:radio_ISR)
                  0000e604    00000036     mrfi.obj (.text:mrfiRadioInterfaceWriteReg)
                  0000e63a    00000036     rts430x.lib : fs_itof.obj (.text)
                  0000e670    00000034     BlueRobin_RX_433MHz.lib : BR_Common.obj (.text:BR__CalcCRC_u8)
                  0000e6a4    00000034                             : BRRX_Scheduler.obj (.text:TrimRFCLK_Offset_v)
                  0000e6d8    00000034     radio.obj (.text:radio_reset)
                  0000e70c    00000034     stopwatch.obj (.text:sx_stopwatch)
                  0000e740    00000032     BlueRobin_RX_433MHz.lib : BRRX_Radio.obj (.text:BRRX_RadioStop_v)
                  0000e772    00000032     mrfi.obj (.text:MRFI_RxOn)
                  0000e7a4    00000032     as.obj (.text:as_stop)
                  0000e7d6    00000032     cma_as.obj (.text:cma_as_get_data)
                  0000e808    00000032     mrfi.obj (.text:mrfiRadioInterfaceReadRxFifo)
                  0000e83a    00000032     rts430x.lib : fs_ultof.obj (.text)
                  0000e86c    00000032     alarm.obj (.text:sx_alarm)
                  0000e89e    00000030     nwk_frame.obj (.text:nwk_sendFrame)
                  0000e8ce    0000002e     nwk_QMgmt.obj (.text:nwk_QadjustOrder)
                  0000e8fc    0000002c     rts430x.lib : div16s.obj (.text)
                  0000e928    0000002c     altitude.obj (.text:stop_altitude_measurement)
                  0000e954    0000002a     BlueRobin_RX_433MHz.lib : BRRX_API.obj (.text:BRRX_GetID_u32)
                  0000e97e    0000002a     mrfi.obj (.text:MRFI_SetRFPwr)
                  0000e9a8    0000002a     mrfi.obj (.text:Mrfi_CalculateRssi$13)
                  0000e9d2    0000002a     BlueRobin_RX_433MHz.lib : BRRX_Scheduler.obj (.text:SearchPacketMissed_u8)
                  0000e9fc    0000002a     timer.obj (.text:Timer0_A3_Start)
                  0000ea26    00000028     nwk.obj (.text:map_lid2idx$8)
                  0000ea4e    00000028     stopwatch.obj (.text:mx_stopwatch)
                  0000ea76    00000028     nwk.obj (.text:nwk_getConnInfo)
                  0000ea9e    00000028     buzzer.obj (.text:stop_buzzer)
                  0000eac6    00000026     mrfi.obj (.text:MRFI_Sleep)
                  0000eaec    00000026     rfbsl.obj (.text:display_rfbsl)
                  0000eb12    00000026     ps.obj (.text:init_pressure_table)
                  0000eb38    00000026     nwk.obj (.text:nwk_checkConnInfo)
                  0000eb5e    00000026     rfsimpliciti.obj (.text:sx_ppt)
                  0000eb84    00000026     rfsimpliciti.obj (.text:sx_rf)
                  0000ebaa    00000024     BlueRobin_RX_433MHz.lib : BRRX_API.obj (.text:BRRX_GetState_t)
                  0000ebce    00000024     ps.obj (.text:ps_init)
                  0000ebf2    00000024     rts430x.lib : fs_utof.obj (.text)
                  0000ec16    00000022     bsp.obj (.text:BSP_Delay)
                  0000ec38    00000022     display.obj (.text:display_value)
                  0000ec5a    00000022     rts430x.lib : memcmp.obj (.text:memcmp)
                  0000ec7c    00000022                 : mult32_f5hw.obj (.text)
                  0000ec9e    00000022     acceleration.obj (.text:sx_acceleration)
                  0000ecc0    00000020     BlueRobin_RX_433MHz.lib : BRRX_API.obj (.text:BRRX_GetDistance_u16)
                  0000ece0    00000020                             : BRRX_API.obj (.text:BRRX_GetSpeed_u8)
                  0000ed00    0000001e                             : BRRX_Timer.obj (.text:SetAbsoluteTimer_v)
                  0000ed1e    0000001e     display.obj (.text:display_symbol)
                  0000ed3c    0000001e     rts430x.lib : memmov.obj (.text:memmove)
                  0000ed5a    0000001e     nwk_join.obj (.text:nwk_processJoin)
                  0000ed78    0000001c     mrfi.obj (.text:Mrfi_DelayUsec$13)
                  0000ed94    0000001c     display.obj (.text:clear_display_all)
                  0000edb0    0000001c     radio.obj (.text:close_radio)
                  0000edcc    0000001c     nwk.obj (.text:nwk_putNumObjectIntoMsg)
                  0000ede8    0000001a     BlueRobin_RX_433MHz.lib : BRRX_Scheduler.obj (.text:GetPacketTolerance_u8)
                  0000ee02    0000001a     adc12.obj (.text:_isr:ADC12ISR)
                  0000ee1c    0000001a     rts430x.lib : boot_special.obj (.text:_isr:_c_int00_noargs_noexit)
                  0000ee36    0000001a     display.obj (.text:display_am_pm_symbol)
                  0000ee50    0000001a     stopwatch.obj (.text:stop_stopwatch)
                  0000ee6a    0000001a     bluerobin.obj (.text:sx_caldist)
                  0000ee84    00000018     rf1a.obj (.text:ReadSingleReg)
                  0000ee9c    00000016     clock.obj (.text:display_selection_Timeformat1)
                  0000eeb2    00000016     bluerobin.obj (.text:display_selection_User_Gender)
                  0000eec8    00000016     rts430x.lib : div16u.obj (.text)
                  0000eede    00000016                 : mult16_f5hw.obj (.text)
                  0000eef4    00000014     rfsimpliciti.obj (.text:display_ppt)
                  0000ef08    00000014     rfsimpliciti.obj (.text:display_rf)
                  0000ef1c    00000014     rfsimpliciti.obj (.text:display_sync)
                  0000ef30    00000014     stopwatch.obj (.text:is_stopwatch)
                  0000ef44    00000012     BlueRobin_RX_433MHz.lib : BRRX_Radio.obj (.text:BlueRobin_RadioISR_v)
                  0000ef56    00000012     rts430x.lib : memcpy.obj (.text:memcpy)
                  0000ef68    00000012                 : memset.obj (.text:memset)
                  0000ef7a    00000012     radio.obj (.text:open_radio)
                  0000ef8c    00000010     BlueRobin_RX_433MHz.lib : BRRX_Timer.obj (.text:BRRX__StartTimer_v)
                  0000ef9c    00000010     rts430x.lib : lsl32.obj (.text:l_lsl)
                  0000efac    00000010                 : lsr32.obj (.text:l_lsr)
                  0000efbc    00000010     radio.obj (.text:radio_powerdown)
                  0000efcc    00000010     date.obj (.text:sx_date)
                  0000efdc    00000010     clock.obj (.text:sx_time)
                  0000efec    0000000c     BlueRobin_RX_433MHz.lib : BRRX_Timer.obj (.text:BRRX__GetCurrentTime_u16)
                  0000eff8    0000000c     rfsimpliciti.obj (.text:is_rf)
                  0000f004    0000000c     menu.obj (.text:update_acceleration)
                  0000f010    0000000c     menu.obj (.text:update_battery_voltage)
                  0000f01c    0000000c     menu.obj (.text:update_date)
                  0000f028    0000000c     menu.obj (.text:update_scroller)
                  0000f034    0000000c     menu.obj (.text:update_stopwatch)
                  0000f040    0000000a     BlueRobin_RX_433MHz.lib : BRRX_Timer.obj (.text:BRRX__IsTimerRunning_v)
                  0000f04a    0000000a                             : BRRX_Timer.obj (.text:BRRX__StopTimer_v)
                  0000f054    0000000a     menu.obj (.text:update_alarm)
                  0000f05e    0000000a     menu.obj (.text:update_time)
                  0000f068    00000008     BlueRobin_RX_433MHz.lib : BRRX_Radio.obj (.text:BRRX_GetFS_Offset_s8)
                  0000f070    00000008                             : BRRX_API.obj (.text:BRRX_SetSignalLevelReduction_v)
                  0000f078    00000006                             : BRRX_API.obj (.text:BRRX_GetHeartRate_u8)
                  0000f07e    00000006                             : BRRX_API.obj (.text:BRRX_SetPowerdownDelay_v)
                  0000f084    00000006                             : BRRX_API.obj (.text:BRRX_SetSearchTimeout_v)
                  0000f08a    00000006                             : BRRX_API.obj (.text:BRRX_Stop_v)
                  0000f090    00000006                             : BRRX_Timer.obj (.text:BRRX__CallTimer_v)
                  0000f096    00000006                             : BRRX_Timer.obj (.text:BRRX__InitTimer_v)
                  0000f09c    00000006     rts430x.lib : isr_trap.obj (.text:_isr:__TI_ISR_TRAP)
                  0000f0a2    00000006     bluerobin.obj (.text:mx_bluerobin)
                  0000f0a8    00000004     rts430x.lib : pre_init.obj (.text:_system_pre_init)
                  0000f0ac    00000004                 : exit.obj (.text:abort)
                  0000f0b0    00000004     nwk_freq.obj (.text:nwk_processFreq)
                  0000f0b4    00000004     nwk_security.obj (.text:nwk_processSecurity)
                  0000f0b8    00000004     ps.obj (.text:ps_i2c_delay)
                  0000f0bc    00000002     user.obj (.text:dummy)
                  0000f0be    00000002     altitude.obj (.text:sx_altitude)
                  0000f0c0    00000002     scroller.obj (.text:sx_scroller)

.const     0    0000f0c2    00000625     
                  0000f0c2    0000021f     display.obj (.const:int_to_array_conversion_table)
                  0000f2e1    00000001     mrfi.obj (.const)
                  0000f2e2    0000010e     menu.obj (.const)
                  0000f3f0    00000100     BlueRobin_RX_433MHz.lib : BR_Common.obj (.const:RandomValue_u8)
                  0000f4f0    00000094     <whole-program> (.const:.string)
                  0000f584    00000040     mrfi.obj (.const:mrfiRadioCfg)
                  0000f5c4    0000002b     display.obj (.const:.string:lcd_font)
                  0000f5ef    00000001     nwk_frame.obj (.const)
                  0000f5f0    0000002a     display.obj (.const:.string:segments_bitmask)
                  0000f61a    00000027     BlueRobin_RX_433MHz.lib : BRRX_Radio.obj (.const:RadioSettings_t)
                  0000f641    00000001     --HOLE-- [fill = 0]
                  0000f642    00000022     ps.obj (.const:h0)
                  0000f664    00000022     ps.obj (.const:p0)
                  0000f686    00000018     nwk_frame.obj (.const:func$11)
                  0000f69e    0000000e     acceleration.obj (.const:bmp_mgrav_per_bit)
                  0000f6ac    0000000e     acceleration.obj (.const:cma_mgrav_per_bit)
                  0000f6ba    00000009     nwk_globals.obj (.const)
                  0000f6c3    00000001     --HOLE-- [fill = 0]
                  0000f6c4    00000008     clock.obj (.const:selection_Timeformat)
                  0000f6cc    00000008     bluerobin.obj (.const:selection_User_Gender)
                  0000f6d4    00000004     mrfi.obj (.const:.string:mrfiBroadcastAddr)
                  0000f6d8    00000004     mrfi.obj (.const:.string:mrfiLogicalChanTable$13)
                  0000f6dc    00000004     BlueRobin_RX_433MHz.lib : BRRX_Resource.obj (.const)
                  0000f6e0    00000003     mrfi.obj (.const:.string:mrfiRFPowerTable$13)
                  0000f6e3    00000001     --HOLE-- [fill = 0]
                  0000f6e4    00000003     mrfi.obj (.const:.string:mrfiRFPowerTable_B$13)

.cinit     0    0000f6e8    00000182     
                  0000f6e8    00000137     <whole-program> (.cinit)
                  0000f81f    00000001     --HOLE-- [fill = 0]
                  0000f820    00000017     BlueRobin_RX_433MHz.lib : BRRX_Scheduler.obj (.cinit)
                  0000f837    00000001     --HOLE-- [fill = 0]
                  0000f838    00000017                             : BRRX_Timer.obj (.cinit)
                  0000f84f    00000001     --HOLE-- [fill = 0]
                  0000f850    0000000c                             : BRRX_Radio.obj (.cinit)
                  0000f85c    0000000b                             : BRRX_Packet.obj (.cinit)
                  0000f867    00000001     --HOLE-- [fill = 0]
                  0000f868    00000002     (.pad.cinit) [fill = 0]

.pinit     0    00008000    00000000     UNINITIALIZED

AES        0    0000ffda    00000002     
                  0000ffda    00000002     rts430x.lib : int45.obj (.int45)

RTC        0    0000ffdc    00000002     
                  0000ffdc    00000002     rts430x.lib : int46.obj (.int46)

LCD_B      0    0000ffde    00000002     
                  0000ffde    00000002     rts430x.lib : int47.obj (.int47)

PORT2      0    0000ffe0    00000002     
                  0000ffe0    00000002     <whole-program> (.int48)

PORT1      0    0000ffe2    00000002     
                  0000ffe2    00000002     rts430x.lib : int49.obj (.int49)

TIMER1_A1 
*          0    0000ffe4    00000002     
                  0000ffe4    00000002     rts430x.lib : int50.obj (.int50)

TIMER1_A0 
*          0    0000ffe6    00000002     
                  0000ffe6    00000002     rts430x.lib : int51.obj (.int51)

DMA        0    0000ffe8    00000002     
                  0000ffe8    00000002     rts430x.lib : int52.obj (.int52)

CC1101     0    0000ffea    00000002     
                  0000ffea    00000002     radio.obj (.int53)

TIMER0_A1 
*          0    0000ffec    00000002     
                  0000ffec    00000002     <whole-program> (.int54)

TIMER0_A0 
*          0    0000ffee    00000002     
                  0000ffee    00000002     <whole-program> (.int55)

ADC12      0    0000fff0    00000002     
                  0000fff0    00000002     <whole-program> (.int56)

USCI_B0    0    0000fff2    00000002     
                  0000fff2    00000002     rts430x.lib : int57.obj (.int57)

USCI_A0    0    0000fff4    00000002     
                  0000fff4    00000002     rts430x.lib : int58.obj (.int58)

WDT        0    0000fff6    00000002     
                  0000fff6    00000002     rts430x.lib : int59.obj (.int59)

COMP_B     0    0000fff8    00000002     
                  0000fff8    00000002     rts430x.lib : int60.obj (.int60)

UNMI       0    0000fffa    00000002     
                  0000fffa    00000002     rts430x.lib : int61.obj (.int61)

SYSNMI     0    0000fffc    00000002     
                  0000fffc    00000002     rts430x.lib : int62.obj (.int62)

.reset     0    0000fffe    00000002     
                  0000fffe    00000002     rts430x.lib : boot.obj (.reset)


GLOBAL SYMBOLS: SORTED ALPHABETICALLY BY Name 

address   name                                  
-------   ----                                  
00001c00  .bss                                  
00001c00  .data                                 
00008000  .text                                 
00000700  ADC12CTL0                             
00000701  ADC12CTL0_H                           
00000700  ADC12CTL0_L                           
00000702  ADC12CTL1                             
00000703  ADC12CTL1_H                           
00000702  ADC12CTL1_L                           
00000704  ADC12CTL2                             
00000705  ADC12CTL2_H                           
00000704  ADC12CTL2_L                           
0000070c  ADC12IE                               
0000070d  ADC12IE_H                             
0000070c  ADC12IE_L                             
0000070a  ADC12IFG                              
0000070b  ADC12IFG_H                            
0000070a  ADC12IFG_L                            
0000ee02  ADC12ISR                              
0000070e  ADC12IV                               
0000070f  ADC12IV_H                             
0000070e  ADC12IV_L                             
00000710  ADC12MCTL0                            
00000711  ADC12MCTL1                            
0000071a  ADC12MCTL10                           
0000071b  ADC12MCTL11                           
0000071c  ADC12MCTL12                           
0000071d  ADC12MCTL13                           
0000071e  ADC12MCTL14                           
0000071f  ADC12MCTL15                           
00000712  ADC12MCTL2                            
00000713  ADC12MCTL3                            
00000714  ADC12MCTL4                            
00000715  ADC12MCTL5                            
00000716  ADC12MCTL6                            
00000717  ADC12MCTL7                            
00000718  ADC12MCTL8                            
00000719  ADC12MCTL9                            
00000720  ADC12MEM0                             
00000721  ADC12MEM0_H                           
00000720  ADC12MEM0_L                           
00000722  ADC12MEM1                             
00000734  ADC12MEM10                            
00000735  ADC12MEM10_H                          
00000734  ADC12MEM10_L                          
00000736  ADC12MEM11                            
00000737  ADC12MEM11_H                          
00000736  ADC12MEM11_L                          
00000738  ADC12MEM12                            
00000739  ADC12MEM12_H                          
00000738  ADC12MEM12_L                          
0000073a  ADC12MEM13                            
0000073b  ADC12MEM13_H                          
0000073a  ADC12MEM13_L                          
0000073c  ADC12MEM14                            
0000073d  ADC12MEM14_H                          
0000073c  ADC12MEM14_L                          
0000073e  ADC12MEM15                            
0000073f  ADC12MEM15_H                          
0000073e  ADC12MEM15_L                          
00000723  ADC12MEM1_H                           
00000722  ADC12MEM1_L                           
00000724  ADC12MEM2                             
00000725  ADC12MEM2_H                           
00000724  ADC12MEM2_L                           
00000726  ADC12MEM3                             
00000727  ADC12MEM3_H                           
00000726  ADC12MEM3_L                           
00000728  ADC12MEM4                             
00000729  ADC12MEM4_H                           
00000728  ADC12MEM4_L                           
0000072a  ADC12MEM5                             
0000072b  ADC12MEM5_H                           
0000072a  ADC12MEM5_L                           
0000072c  ADC12MEM6                             
0000072d  ADC12MEM6_H                           
0000072c  ADC12MEM6_L                           
0000072e  ADC12MEM7                             
0000072f  ADC12MEM7_H                           
0000072e  ADC12MEM7_L                           
00000730  ADC12MEM8                             
00000731  ADC12MEM8_H                           
00000730  ADC12MEM8_L                           
00000732  ADC12MEM9                             
00000733  ADC12MEM9_H                           
00000732  ADC12MEM9_L                           
000009c0  AESACTL0                              
000009c1  AESACTL0_H                            
000009c0  AESACTL0_L                            
000009c8  AESADIN                               
000009c9  AESADIN_H                             
000009c8  AESADIN_L                             
000009ca  AESADOUT                              
000009cb  AESADOUT_H                            
000009ca  AESADOUT_L                            
000009c6  AESAKEY                               
000009c7  AESAKEY_H                             
000009c6  AESAKEY_L                             
000009c4  AESASTAT                              
000009c5  AESASTAT_H                            
000009c4  AESASTAT_L                            
0000ecc0  BRRX_GetDistance_u16                  
0000f068  BRRX_GetFS_Offset_s8                  
0000f078  BRRX_GetHeartRate_u8                  
0000e954  BRRX_GetID_u32                        
0000ece0  BRRX_GetSpeed_u8                      
0000ebaa  BRRX_GetState_t                       
0000e594  BRRX_Init_v                           
0000d6e8  BRRX_PacketEndTimerTask_v             
0000dac8  BRRX_RadioCalibrate_v                 
0000d15c  BRRX_RadioInit_v                      
0000cd9c  BRRX_RadioReceive_v                   
0000e740  BRRX_RadioStop_v                      
0000e2fa  BRRX_SetID_v                          
0000f07e  BRRX_SetPowerdownDelay_v              
0000f084  BRRX_SetSearchTimeout_v               
0000f070  BRRX_SetSignalLevelReduction_v        
0000d910  BRRX_Start_v                          
0000f08a  BRRX_Stop_v                           
0000e430  BRRX_TimerTask_v                      
0000f090  BRRX__CallTimer_v                     
00001ee8  BRRX__CurrentPacketTime_u16           
00001eea  BRRX__CurrentSignalLevel_u8           
0000e338  BRRX__DecodePacket_u8                 
0000f6dc  BRRX__First_TXCB_t                    
0000efec  BRRX__GetCurrentTime_u16              
0000f096  BRRX__InitTimer_v                     
0000f040  BRRX__IsTimerRunning_v                
0000f6de  BRRX__Last_TXCB_t                     
00001e64  BRRX__MaxSearchTries_u8               
0000e23a  BRRX__NewInfo_v                       
00001ebc  BRRX__NextEndTime_u16                 
00001eba  BRRX__NextEventTime_u16               
00001ebf  BRRX__NextFrequencyOffset_s8          
00001ebe  BRRX__NextFrequency_u8                
00001e74  BRRX__PacketBits_t                    
00001e62  BRRX__PowerdownDelay_u8               
00008558  BRRX__Scheduler_v                     
00001e65  BRRX__SearchRatio_u8                  
00001e63  BRRX__SignalLevelReduction            
0000d968  BRRX__StartNewSearch_v                
0000ef8c  BRRX__StartTimer_v                    
00001ee6  BRRX__StatusFlags_t                   
0000f04a  BRRX__StopTimer_v                     
00001dd0  BRRX__TXCB_t                          
00001e66  BRRX__TestMode_u8                     
00001ec0  BRRX__TimerState_t                    
0000e670  BR__CalcCRC_u8                        
0000df80  BR__CalcRandomTimeOffset_u16          
0000ec16  BSP_Delay                             
0000ef44  BlueRobin_RadioISR_v                  
0000f0ac  C$$EXIT                               
000008c0  CBCTL0                                
000008c1  CBCTL0_H                              
000008c0  CBCTL0_L                              
000008c2  CBCTL1                                
000008c3  CBCTL1_H                              
000008c2  CBCTL1_L                              
000008c4  CBCTL2                                
000008c5  CBCTL2_H                              
000008c4  CBCTL2_L                              
000008c6  CBCTL3                                
000008c7  CBCTL3_H                              
000008c6  CBCTL3_L                              
000008cc  CBINT                                 
000008cd  CBINT_H                               
000008cc  CBINT_L                               
000008ce  CBIV                                  
00000150  CRCDI                                 
00000151  CRCDI_H                               
00000150  CRCDI_L                               
00000154  CRCINIRES                             
00000155  CRCINIRES_H                           
00000154  CRCINIRES_L                           
00000510  DMA0CTL                               
00000511  DMA0CTL_H                             
00000510  DMA0CTL_L                             
00000516  DMA0DA                                
00000518  DMA0DAH                               
00000516  DMA0DAL                               
00000512  DMA0SA                                
00000514  DMA0SAH                               
00000512  DMA0SAL                               
0000051a  DMA0SZ                                
00000520  DMA1CTL                               
00000521  DMA1CTL_H                             
00000520  DMA1CTL_L                             
00000526  DMA1DA                                
00000528  DMA1DAH                               
00000526  DMA1DAL                               
00000522  DMA1SA                                
00000524  DMA1SAH                               
00000522  DMA1SAL                               
0000052a  DMA1SZ                                
00000530  DMA2CTL                               
00000531  DMA2CTL_H                             
00000530  DMA2CTL_L                             
00000536  DMA2DA                                
00000538  DMA2DAH                               
00000536  DMA2DAL                               
00000532  DMA2SA                                
00000534  DMA2SAH                               
00000532  DMA2SAL                               
0000053a  DMA2SZ                                
00000500  DMACTL0                               
00000501  DMACTL0_H                             
00000500  DMACTL0_L                             
00000502  DMACTL1                               
00000503  DMACTL1_H                             
00000502  DMACTL1_L                             
00000504  DMACTL2                               
00000505  DMACTL2_H                             
00000504  DMACTL2_L                             
00000506  DMACTL3                               
00000507  DMACTL3_H                             
00000506  DMACTL3_L                             
00000508  DMACTL4                               
00000509  DMACTL4_H                             
00000508  DMACTL4_L                             
0000050e  DMAIV                                 
0000050f  DMAIV_H                               
0000050e  DMAIV_L                               
00000140  FCTL1                                 
00000141  FCTL1_H                               
00000140  FCTL1_L                               
00000144  FCTL3                                 
00000145  FCTL3_H                               
00000144  FCTL3_L                               
00000146  FCTL4                                 
00000147  FCTL4_H                               
00000146  FCTL4_L                               
00000a04  LCDBBLKCTL                            
00000a05  LCDBBLKCTL_H                          
00000a04  LCDBBLKCTL_L                          
00000a12  LCDBCPCTL                             
00000a13  LCDBCPCTL_H                           
00000a12  LCDBCPCTL_L                           
00000a00  LCDBCTL0                              
00000a01  LCDBCTL0_H                            
00000a00  LCDBCTL0_L                            
00000a02  LCDBCTL1                              
00000a03  LCDBCTL1_H                            
00000a02  LCDBCTL1_L                            
00000a1e  LCDBIV                                
00000a40  LCDBM1                                
00000a49  LCDBM10                               
00000a4a  LCDBM11                               
00000a4b  LCDBM12                               
00000a4c  LCDBM13                               
00000a4d  LCDBM14                               
00000a4e  LCDBM15                               
00000a4f  LCDBM16                               
00000a50  LCDBM17                               
00000a51  LCDBM18                               
00000a52  LCDBM19                               
00000a41  LCDBM2                                
00000a53  LCDBM20                               
00000a54  LCDBM21                               
00000a55  LCDBM22                               
00000a56  LCDBM23                               
00000a57  LCDBM24                               
00000a42  LCDBM3                                
00000a43  LCDBM4                                
00000a44  LCDBM5                                
00000a45  LCDBM6                                
00000a46  LCDBM7                                
00000a47  LCDBM8                                
00000a48  LCDBM9                                
00000a06  LCDBMEMCTL                            
00000a07  LCDBMEMCTL_H                          
00000a06  LCDBMEMCTL_L                          
00000a0a  LCDBPCTL0                             
00000a0b  LCDBPCTL0_H                           
00000a0a  LCDBPCTL0_L                           
00000a0c  LCDBPCTL1                             
00000a0d  LCDBPCTL1_H                           
00000a0c  LCDBPCTL1_L                           
00000a0e  LCDBPCTL2                             
00000a0f  LCDBPCTL2_H                           
00000a0e  LCDBPCTL2_L                           
00000a10  LCDBPCTL3                             
00000a11  LCDBPCTL3_H                           
00000a10  LCDBPCTL3_L                           
00000a08  LCDBVCTL                              
00000a09  LCDBVCTL_H                            
00000a08  LCDBVCTL_L                            
00000a20  LCDM1                                 
00000a29  LCDM10                                
00000a2a  LCDM11                                
00000a2b  LCDM12                                
00000a2c  LCDM13                                
00000a2d  LCDM14                                
00000a2e  LCDM15                                
00000a2f  LCDM16                                
00000a30  LCDM17                                
00000a31  LCDM18                                
00000a32  LCDM19                                
00000a21  LCDM2                                 
00000a33  LCDM20                                
00000a34  LCDM21                                
00000a35  LCDM22                                
00000a36  LCDM23                                
00000a37  LCDM24                                
00000a22  LCDM3                                 
00000a23  LCDM4                                 
00000a24  LCDM5                                 
00000a25  LCDM6                                 
00000a26  LCDM7                                 
00000a27  LCDM8                                 
00000a28  LCDM9                                 
0000e3ae  L_ASR_1                               
0000e38a  L_ASR_10                              
0000e386  L_ASR_11                              
0000e382  L_ASR_12                              
0000e37e  L_ASR_13                              
0000e37a  L_ASR_14                              
0000e376  L_ASR_15                              
0000e3aa  L_ASR_2                               
0000e3a6  L_ASR_3                               
0000e3a2  L_ASR_4                               
0000e39e  L_ASR_5                               
0000e39a  L_ASR_6                               
0000e396  L_ASR_7                               
0000e392  L_ASR_8                               
0000e38e  L_ASR_9                               
0000ef9c  L_LSL                                 
0000e3ec  L_LSL_1                               
0000e3c8  L_LSL_10                              
0000e3c4  L_LSL_11                              
0000e3c0  L_LSL_12                              
0000e3bc  L_LSL_13                              
0000e3b8  L_LSL_14                              
0000e3b4  L_LSL_15                              
0000e3e8  L_LSL_2                               
0000e3e4  L_LSL_3                               
0000e3e0  L_LSL_4                               
0000e3dc  L_LSL_5                               
0000e3d8  L_LSL_6                               
0000e3d4  L_LSL_7                               
0000e3d0  L_LSL_8                               
0000e3cc  L_LSL_9                               
0000efac  L_LSR                                 
0000e42a  L_LSR_1                               
0000e406  L_LSR_10                              
0000e402  L_LSR_11                              
0000e3fe  L_LSR_12                              
0000e3fa  L_LSR_13                              
0000e3f6  L_LSR_14                              
0000e3f2  L_LSR_15                              
0000e426  L_LSR_2                               
0000e422  L_LSR_3                               
0000e41e  L_LSR_4                               
0000e41a  L_LSR_5                               
0000e416  L_LSR_6                               
0000e412  L_LSR_7                               
0000e40e  L_LSR_8                               
0000e40a  L_LSR_9                               
000004c4  MAC                                   
000004da  MAC32H                                
000004db  MAC32H_H                              
000004da  MAC32H_L                              
000004d8  MAC32L                                
000004d9  MAC32L_H                              
000004d8  MAC32L_L                              
000004c6  MACS                                  
000004de  MACS32H                               
000004df  MACS32H_H                             
000004de  MACS32H_L                             
000004dc  MACS32L                               
000004dd  MACS32L_H                             
000004dc  MACS32L_L                             
000004c7  MACS_H                                
000004c6  MACS_L                                
000004c5  MAC_H                                 
000004c4  MAC_L                                 
000004c0  MPY                                   
000004ec  MPY32CTL0                             
000004ed  MPY32CTL0_H                           
000004ec  MPY32CTL0_L                           
000004d2  MPY32H                                
000004d3  MPY32H_H                              
000004d2  MPY32H_L                              
000004d0  MPY32L                                
000004d1  MPY32L_H                              
000004d0  MPY32L_L                              
000004c2  MPYS                                  
000004d6  MPYS32H                               
000004d7  MPYS32H_H                             
000004d6  MPYS32H_L                             
000004d4  MPYS32L                               
000004d5  MPYS32L_H                             
000004d4  MPYS32L_L                             
000004c3  MPYS_H                                
000004c2  MPYS_L                                
000004c1  MPY_H                                 
000004c0  MPY_L                                 
00008e60  MRFI_Init                             
0000d4a4  MRFI_RadioIsr                         
0000dc1c  MRFI_ReplyDelay                       
0000e010  MRFI_RxIdle                           
0000e772  MRFI_RxOn                             
0000e97e  MRFI_SetRFPwr                         
0000eac6  MRFI_Sleep                            
0000a240  MRFI_Transmit                         
000004c8  OP2                                   
000004e2  OP2H                                  
000004e3  OP2H_H                                
000004e2  OP2H_L                                
000004e0  OP2L                                  
000004e1  OP2L_H                                
000004e0  OP2L_L                                
000004c9  OP2_H                                 
000004c8  OP2_L                                 
0000020e  P1IV                                  
000001c8  P1MAP01                               
000001c9  P1MAP01_H                             
000001c8  P1MAP01_L                             
000001ca  P1MAP23                               
000001cb  P1MAP23_H                             
000001ca  P1MAP23_L                             
000001cc  P1MAP45                               
000001cd  P1MAP45_H                             
000001cc  P1MAP45_L                             
000001ce  P1MAP67                               
000001cf  P1MAP67_H                             
000001ce  P1MAP67_L                             
0000021e  P2IV                                  
000001d0  P2MAP01                               
000001d1  P2MAP01_H                             
000001d0  P2MAP01_L                             
000001d2  P2MAP23                               
000001d3  P2MAP23_H                             
000001d2  P2MAP23_L                             
000001d4  P2MAP45                               
000001d5  P2MAP45_H                             
000001d4  P2MAP45_L                             
000001d6  P2MAP67                               
000001d7  P2MAP67_H                             
000001d6  P2MAP67_L                             
000001d8  P3MAP01                               
000001d9  P3MAP01_H                             
000001d8  P3MAP01_L                             
000001da  P3MAP23                               
000001db  P3MAP23_H                             
000001da  P3MAP23_L                             
000001dc  P3MAP45                               
000001dd  P3MAP45_H                             
000001dc  P3MAP45_L                             
000001de  P3MAP67                               
000001df  P3MAP67_H                             
000001de  P3MAP67_L                             
00000204  PADIR                                 
00000205  PADIR_H                               
00000204  PADIR_L                               
00000208  PADS                                  
00000209  PADS_H                                
00000208  PADS_L                                
0000021a  PAIE                                  
00000218  PAIES                                 
00000219  PAIES_H                               
00000218  PAIES_L                               
0000021b  PAIE_H                                
0000021a  PAIE_L                                
0000021c  PAIFG                                 
0000021d  PAIFG_H                               
0000021c  PAIFG_L                               
00000200  PAIN                                  
00000201  PAIN_H                                
00000200  PAIN_L                                
00000202  PAOUT                                 
00000203  PAOUT_H                               
00000202  PAOUT_L                               
00000206  PAREN                                 
00000207  PAREN_H                               
00000206  PAREN_L                               
0000020a  PASEL                                 
0000020b  PASEL_H                               
0000020a  PASEL_L                               
00000224  PBDIR                                 
00000225  PBDIR_H                               
00000224  PBDIR_L                               
00000228  PBDS                                  
00000229  PBDS_H                                
00000228  PBDS_L                                
00000220  PBIN                                  
00000221  PBIN_H                                
00000220  PBIN_L                                
00000222  PBOUT                                 
00000223  PBOUT_H                               
00000222  PBOUT_L                               
00000226  PBREN                                 
00000227  PBREN_H                               
00000226  PBREN_L                               
0000022a  PBSEL                                 
0000022b  PBSEL_H                               
0000022a  PBSEL_L                               
00000244  PCDIR                                 
00000245  PCDIR_H                               
00000244  PCDIR_L                               
00000248  PCDS                                  
00000249  PCDS_H                                
00000248  PCDS_L                                
00000240  PCIN                                  
00000241  PCIN_H                                
00000240  PCIN_L                                
00000242  PCOUT                                 
00000243  PCOUT_H                               
00000242  PCOUT_L                               
00000246  PCREN                                 
00000247  PCREN_H                               
00000246  PCREN_L                               
0000024a  PCSEL                                 
0000024b  PCSEL_H                               
0000024a  PCSEL_L                               
00000324  PJDIR                                 
00000325  PJDIR_H                               
00000324  PJDIR_L                               
00000328  PJDS                                  
00000329  PJDS_H                                
00000328  PJDS_L                                
00000320  PJIN                                  
00000321  PJIN_H                                
00000320  PJIN_L                                
00000322  PJOUT                                 
00000323  PJOUT_H                               
00000322  PJOUT_L                               
00000326  PJREN                                 
00000327  PJREN_H                               
00000326  PJREN_L                               
000001c2  PMAPCTL                               
000001c3  PMAPCTL_H                             
000001c2  PMAPCTL_L                             
000001c0  PMAPKEYID                             
000001c1  PMAPKEYID_H                           
000001c0  PMAPKEYID_L                           
00000120  PMMCTL0                               
00000121  PMMCTL0_H                             
00000120  PMMCTL0_L                             
00000122  PMMCTL1                               
00000123  PMMCTL1_H                             
00000122  PMMCTL1_L                             
0000012c  PMMIFG                                
0000012d  PMMIFG_H                              
0000012c  PMMIFG_L                              
0000012e  PMMRIE                                
0000012f  PMMRIE_H                              
0000012e  PMMRIE_L                              
00008c5c  PORT2_ISR                             
00000158  RCCTL0                                
00000159  RCCTL0_H                              
00000158  RCCTL0_L                              
000001b0  REFCTL0                               
000001b1  REFCTL0_H                             
000001b0  REFCTL0_L                             
000004e4  RES0                                  
000004e5  RES0_H                                
000004e4  RES0_L                                
000004e6  RES1                                  
000004e7  RES1_H                                
000004e6  RES1_L                                
000004e8  RES2                                  
000004e9  RES2_H                                
000004e8  RES2_L                                
000004ea  RES3                                  
000004eb  RES3_H                                
000004ea  RES3_L                                
000004cc  RESHI                                 
000004cd  RESHI_H                               
000004cc  RESHI_L                               
000004ca  RESLO                                 
000004cb  RESLO_H                               
000004ca  RESLO_L                               
00000f16  RF1ADINW                              
00000f17  RF1ADINW_H                            
00000f16  RF1ADINW_L                            
00000f28  RF1ADOUT0W                            
00000f29  RF1ADOUT0W_H                          
00000f28  RF1ADOUT0W_L                          
00000f2a  RF1ADOUT1W                            
00000f2b  RF1ADOUT1W_H                          
00000f2a  RF1ADOUT1W_L                          
00000f2c  RF1ADOUT2W                            
00000f2d  RF1ADOUT2W_H                          
00000f2c  RF1ADOUT2W_L                          
00000f36  RF1AIE                                
00000f34  RF1AIES                               
00000f35  RF1AIES_H                             
00000f34  RF1AIES_L                             
00000f37  RF1AIE_H                              
00000f36  RF1AIE_L                              
00000f00  RF1AIFCTL0                            
00000f01  RF1AIFCTL0_H                          
00000f00  RF1AIFCTL0_L                          
00000f02  RF1AIFCTL1                            
00000f03  RF1AIFCTL1_H                          
00000f02  RF1AIFCTL1_L                          
00000f04  RF1AIFCTL2                            
00000f05  RF1AIFCTL2_H                          
00000f04  RF1AIFCTL2_L                          
00000f06  RF1AIFERR                             
00000f0c  RF1AIFERRV                            
00000f0d  RF1AIFERRV_H                          
00000f0c  RF1AIFERRV_L                          
00000f07  RF1AIFERR_H                           
00000f06  RF1AIFERR_L                           
00000f32  RF1AIFG                               
00000f33  RF1AIFG_H                             
00000f32  RF1AIFG_L                             
00000f0e  RF1AIFIV                              
00000f0f  RF1AIFIV_H                            
00000f0e  RF1AIFIV_L                            
00000f30  RF1AIN                                
00000f12  RF1AINSTR1W                           
00000f13  RF1AINSTR1W_H                         
00000f12  RF1AINSTR1W_L                         
00000f14  RF1AINSTR2W                           
00000f15  RF1AINSTR2W_H                         
00000f14  RF1AINSTR2W_L                         
00000f10  RF1AINSTRW                            
00000f11  RF1AINSTRW_H                          
00000f10  RF1AINSTRW_L                          
00000f31  RF1AIN_H                              
00000f30  RF1AIN_L                              
00000f38  RF1AIV                                
00000f39  RF1AIV_H                              
00000f38  RF1AIV_L                              
00000f3c  RF1ARXFIFO                            
00000f3d  RF1ARXFIFO_H                          
00000f3c  RF1ARXFIFO_L                          
00000f20  RF1ASTAT0W                            
00000f21  RF1ASTAT0W_H                          
00000f20  RF1ASTAT0W_L                          
00000f22  RF1ASTAT1W                            
00000f23  RF1ASTAT1W_H                          
00000f22  RF1ASTAT1W_L                          
00000f24  RF1ASTAT2W                            
00000f25  RF1ASTAT2W_H                          
00000f24  RF1ASTAT2W_L                          
00000f3e  RF1ATXFIFO                            
00000f3f  RF1ATXFIFO_H                          
00000f3e  RF1ATXFIFO_L                          
000004ba  RTCADOWDAY                            
000004bb  RTCADOWDAY_H                          
000004ba  RTCADOWDAY_L                          
000004b8  RTCAMINHR                             
000004b9  RTCAMINHR_H                           
000004b8  RTCAMINHR_L                           
000004a0  RTCCTL01                              
000004a1  RTCCTL01_H                            
000004a0  RTCCTL01_L                            
000004a2  RTCCTL23                              
000004a3  RTCCTL23_H                            
000004a2  RTCCTL23_L                            
000004b4  RTCDATE                               
000004b5  RTCDATE_H                             
000004b4  RTCDATE_L                             
000004ae  RTCIV                                 
000004ac  RTCPS                                 
000004a8  RTCPS0CTL                             
000004a9  RTCPS0CTL_H                           
000004a8  RTCPS0CTL_L                           
000004aa  RTCPS1CTL                             
000004ab  RTCPS1CTL_H                           
000004aa  RTCPS1CTL_L                           
000004ad  RTCPS_H                               
000004ac  RTCPS_L                               
000004b0  RTCTIM0                               
000004b1  RTCTIM0_H                             
000004b0  RTCTIM0_L                             
000004b2  RTCTIM1                               
000004b3  RTCTIM1_H                             
000004b2  RTCTIM1_L                             
000004b6  RTCYEAR                               
000004b7  RTCYEAR_H                             
000004b6  RTCYEAR_L                             
0000f3f0  RandomValue_u8                        
0000e056  ReadBurstReg                          
0000ee84  ReadSingleReg                         
00000100  SFRIE1                                
00000101  SFRIE1_H                              
00000100  SFRIE1_L                              
00000102  SFRIFG1                               
00000103  SFRIFG1_H                             
00000102  SFRIFG1_L                             
00000104  SFRRPCR                               
00000105  SFRRPCR_H                             
00000104  SFRRPCR_L                             
0000ca76  SMPL_Init                             
0000a754  SMPL_Ioctl                            
0000d568  SMPL_SendOpt                          
000004ce  SUMEXT                                
000004cf  SUMEXT_H                              
000004ce  SUMEXT_L                              
00000124  SVSMHCTL                              
00000125  SVSMHCTL_H                            
00000124  SVSMHCTL_L                            
00000128  SVSMIO                                
00000129  SVSMIO_H                              
00000128  SVSMIO_L                              
00000126  SVSMLCTL                              
00000127  SVSMLCTL_H                            
00000126  SVSMLCTL_L                            
00000198  SYSBERRIV                             
00000199  SYSBERRIV_H                           
00000198  SYSBERRIV_L                           
00000182  SYSBSLC                               
00000183  SYSBSLC_H                             
00000182  SYSBSLC_L                             
00000180  SYSCTL                                
00000181  SYSCTL_H                              
00000180  SYSCTL_L                              
00000186  SYSJMBC                               
00000187  SYSJMBC_H                             
00000186  SYSJMBC_L                             
00000188  SYSJMBI0                              
00000189  SYSJMBI0_H                            
00000188  SYSJMBI0_L                            
0000018a  SYSJMBI1                              
0000018b  SYSJMBI1_H                            
0000018a  SYSJMBI1_L                            
0000018c  SYSJMBO0                              
0000018d  SYSJMBO0_H                            
0000018c  SYSJMBO0_L                            
0000018e  SYSJMBO1                              
0000018f  SYSJMBO1_H                            
0000018e  SYSJMBO1_L                            
0000019e  SYSRSTIV                              
0000019f  SYSRSTIV_H                            
0000019e  SYSRSTIV_L                            
0000019c  SYSSNIV                               
0000019d  SYSSNIV_H                             
0000019c  SYSSNIV_L                             
0000019a  SYSUNIV                               
0000019b  SYSUNIV_H                             
0000019a  SYSUNIV_L                             
0000c838  SetVCore                              
0000c5b6  Strobe                                
00000352  TA0CCR0                               
00000354  TA0CCR1                               
00000356  TA0CCR2                               
00000358  TA0CCR3                               
0000035a  TA0CCR4                               
00000342  TA0CCTL0                              
00000344  TA0CCTL1                              
00000346  TA0CCTL2                              
00000348  TA0CCTL3                              
0000034a  TA0CCTL4                              
00000340  TA0CTL                                
00000360  TA0EX0                                
0000036e  TA0IV                                 
00000350  TA0R                                  
00000392  TA1CCR0                               
00000394  TA1CCR1                               
00000396  TA1CCR2                               
00000382  TA1CCTL0                              
00000384  TA1CCTL1                              
00000386  TA1CCTL2                              
00000380  TA1CTL                                
000003a0  TA1EX0                                
000003ae  TA1IV                                 
00000390  TA1R                                  
00008000  TIMER0_A0_ISR                         
0000cc96  TIMER0_A1_5_ISR                       
0000e9fc  Timer0_A3_Start                       
0000d506  Timer0_A4_Delay                       
000005d0  UCA0ABCTL                             
000005c6  UCA0BRW                               
000005c7  UCA0BRW_H                             
000005c6  UCA0BRW_L                             
000005c0  UCA0CTLW0                             
000005c1  UCA0CTLW0_H                           
000005c0  UCA0CTLW0_L                           
000005dc  UCA0ICTL                              
000005dd  UCA0ICTL_H                            
000005dc  UCA0ICTL_L                            
000005d2  UCA0IRCTL                             
000005d3  UCA0IRCTL_H                           
000005d2  UCA0IRCTL_L                           
000005de  UCA0IV                                
000005c8  UCA0MCTL                              
000005cc  UCA0RXBUF                             
000005ca  UCA0STAT                              
000005ce  UCA0TXBUF                             
000005e6  UCB0BRW                               
000005e7  UCB0BRW_H                             
000005e6  UCB0BRW_L                             
000005e0  UCB0CTLW0                             
000005e1  UCB0CTLW0_H                           
000005e0  UCB0CTLW0_L                           
000005f0  UCB0I2COA                             
000005f1  UCB0I2COA_H                           
000005f0  UCB0I2COA_L                           
000005f2  UCB0I2CSA                             
000005f3  UCB0I2CSA_H                           
000005f2  UCB0I2CSA_L                           
000005fc  UCB0ICTL                              
000005fd  UCB0ICTL_H                            
000005fc  UCB0ICTL_L                            
000005fe  UCB0IV                                
000005ec  UCB0RXBUF                             
000005ea  UCB0STAT                              
000005ee  UCB0TXBUF                             
00000160  UCSCTL0                               
00000161  UCSCTL0_H                             
00000160  UCSCTL0_L                             
00000162  UCSCTL1                               
00000163  UCSCTL1_H                             
00000162  UCSCTL1_L                             
00000164  UCSCTL2                               
00000165  UCSCTL2_H                             
00000164  UCSCTL2_L                             
00000166  UCSCTL3                               
00000167  UCSCTL3_H                             
00000166  UCSCTL3_L                             
00000168  UCSCTL4                               
00000169  UCSCTL4_H                             
00000168  UCSCTL4_L                             
0000016a  UCSCTL5                               
0000016b  UCSCTL5_H                             
0000016a  UCSCTL5_L                             
0000016c  UCSCTL6                               
0000016d  UCSCTL6_H                             
0000016c  UCSCTL6_L                             
0000016e  UCSCTL7                               
0000016f  UCSCTL7_H                             
0000016e  UCSCTL7_L                             
00000170  UCSCTL8                               
00000171  UCSCTL8_H                             
00000170  UCSCTL8_L                             
0000015c  WDTCTL                                
0000015d  WDTCTL_H                              
0000015c  WDTCTL_L                              
0000e09c  WriteBurstReg                         
0000d236  WritePATable                          
0000e520  WriteSingleReg                        
00002bfc  __STACK_END                           
00000050  __STACK_SIZE                          
0000f09c  __TI_ISR_TRAP                         
0000ffda  __TI_int45                            
0000ffdc  __TI_int46                            
0000ffde  __TI_int47                            
0000ffe0  __TI_int48                            
0000ffe2  __TI_int49                            
0000ffe4  __TI_int50                            
0000ffe6  __TI_int51                            
0000ffe8  __TI_int52                            
0000ffea  __TI_int53                            
0000ffec  __TI_int54                            
0000ffee  __TI_int55                            
0000fff0  __TI_int56                            
0000fff2  __TI_int57                            
0000fff4  __TI_int58                            
0000fff6  __TI_int59                            
0000fff8  __TI_int60                            
0000fffa  __TI_int61                            
0000fffc  __TI_int62                            
ffffffff  __binit__                             
00001c00  __bss__                               
ffffffff  __c_args__                            
0000f6e8  __cinit__                             
00001c00  __data__                              
0000e8fc  __divi                                
0000e2ba  __divli                               
0000eec8  __divu                                
0000da70  __divul                               
00001c00  __edata__                             
00001eff  __end__                               
0000f0c2  __etext__                             
0000a898  __fs_add                              
0000df36  __fs_cmp                              
0000c95c  __fs_div                              
0000e63a  __fs_itof                             
0000c2ea  __fs_mpy                              
0000a892  __fs_sub                              
0000e128  __fs_tou                              
0000dea0  __fs_toul                             
0000e83a  __fs_ultof                            
0000ebf2  __fs_utof                             
0000eede  __mpyi_f5hw                           
0000ec7c  __mpyl_f5hw                           
ffffffff  __pinit__                             
0000e8fc  __remi                                
0000e2ba  __remli                               
0000eec8  __remu                                
0000da70  __remul                               
00008000  __text__                              
0000deec  _auto_init                            
0000ee1c  _c_int00_noargs_noexit                
0000fffe  _reset_vector                         
00002bac  _stack                                
0000f0a8  _system_pre_init                      
0000f0ac  abort                                 
00001efa  adc12_data_ready                      
00001ef8  adc12_result                          
00001d75  as_ok                                 
0000d5c8  as_read_register                      
0000e46c  as_start                              
0000e7a4  as_stop                               
0000d628  as_write_register                     
0000c456  battery_measurement                   
ffffffff  binit                                 
0000d9c0  bmp_as_get_data                       
0000d440  bmp_as_start                          
00001e06  bmp_cal_param                         
0000f69e  bmp_mgrav_per_bit                     
00001e1c  bmp_param_b5                          
00009c6a  bmp_ps_get_pa                         
0000b844  bmp_ps_init                           
00001e26  bmp_used                              
00001ede  brrx_packet_end_cap_value             
00001d1a  burst_end                             
00001d17  burst_mode                            
00001d1c  burst_packet                          
00001d2e  burst_packet_index                    
00001d18  burst_start                           
[...]
00001c00  __bss__                               
00001c00  __data__                              
00001c00  __edata__                             
00001c00  edata                                 
00001c8c  display                               
00001c8e  segments_lcdmem                       
00001ce2  int_to_array_str                      
00001cea  simpliciti_ed_address                 
00001cee  simpliciti_data                       
00001d0e  simpliciti_flag                       
00001d0f  simpliciti_reply_count                
00001d10  sRFsmpl                               
00001d16  simpliciti_payload_length             
00001d17  burst_mode                            
00001d18  burst_start                           
00001d1a  burst_end                             
00001d1c  burst_packet                          
00001d2e  burst_packet_index                    
00001d30  p                                     
00001d74  ps_ok                                 
00001d75  as_ok                                 
00001dd0  BRRX__TXCB_t                          
00001dec  sBlueRobin                            
00001e06  bmp_cal_param                         
00001e1c  bmp_param_b5                          
00001e20  sys                                   
00001e22  request                               
00001e24  message                               
00001e26  bmp_used                              
00001e27  chronos_black                         
00001e28  rf_frequoffset                        
00001e2a  fptr_lcd_function_line1               
00001e2e  fptr_lcd_function_line2               
00001e32  sAlt                                  
00001e40  sTime                                 
00001e4e  sStopwatch                            
00001e62  BRRX__PowerdownDelay_u8               
00001e63  BRRX__SignalLevelReduction            
00001e64  BRRX__MaxSearchTries_u8               
00001e65  BRRX__SearchRatio_u8                  
00001e66  BRRX__TestMode_u8                     
00001e68  scroller                              
00001e74  BRRX__PacketBits_t                    
00001e7e  sAccel                                
00001e9c  button                                
00001e9e  sButton                               
00001eaf  sInit_done                            
00001eba  BRRX__NextEventTime_u16               
00001ebc  BRRX__NextEndTime_u16                 
00001ebe  BRRX__NextFrequency_u8                
00001ebf  BRRX__NextFrequencyOffset_s8          
00001ec0  BRRX__TimerState_t                    
00001ec2  sBatt                                 
00001eca  sBuzzer                               
00001ed2  fptr_Timer0_A3_function               
00001ed6  sTimer                                
00001ed9  rfBSL_button_confirmation             
00001ede  brrx_packet_end_cap_value             
00001ee0  sDate                                 
00001ee6  BRRX__StatusFlags_t                   
00001ee8  BRRX__CurrentPacketTime_u16           
00001eea  BRRX__CurrentSignalLevel_u8           
00001ef0  sAlarm                                
00001ef4  ptrMenu_L1                            
00001ef6  ptrMenu_L2                            
00001ef8  adc12_result                          
00001efa  adc12_data_ready                      
00001eff  __end__                               
00001eff  end                                   
00002bac  _stack                                
00002bfc  __STACK_END                           
00008000  .text                                 
00008000  TIMER0_A0_ISR                         
00008000  __text__                              
000082c0  conv_pa_to_meter                      
00008558  BRRX__Scheduler_v                     
000087dc  test_mode                             
00008a30  set_value                             
00008c5c  PORT2_ISR                             
00008e60  MRFI_Init                             
00009056  mx_time                               
0000923a  update_pressure_table                 
00009414  mx_caldist                            
000095de  display_time                          
0000979c  stopwatch_tick                        
0000993e  display_acceleration                  
00009ad6  mx_date                               
00009c6a  bmp_ps_get_pa                         
00009dfc  init_application                      
00009f6e  nwk_nwkInit                           
0000a240  MRFI_Transmit                         
0000a38c  nwk_link                              
0000a614  init_global_variables                 
0000a754  SMPL_Ioctl                            
0000a892  __fs_sub                              
0000a898  __fs_add                              
0000a9c2  do_altitude_measurement               
0000aaee  simpliciti_sync_decode_ap_cmd_callback
0000ac16  display_stopwatch                     
0000ad32  nwk_join                              
0000ae4e  start_simpliciti_tx_only              
0000b174  mx_altitude                           
0000b27a  display_caldist                       
0000b37e  sx_bluerobin                          
0000b47c  display_update                        
0000b572  mx_alarm                              
0000b664  display_altitude                      
0000b754  wakeup_event                          
0000b844  bmp_ps_init                           
0000b92a  simpliciti_main_sync                  
0000ba0c  display_date                          
0000bae8  nwk_QfindOldest                       
0000bbc0  display_alarm                         
0000bc96  int_to_array                          
0000bd68  simpliciti_sync_get_data_callback     
0000be3a  nwk_allocateLocalRxPort               
0000bf08  nwk_processLink                       
0000bfd6  display_chars                         
0000c0a2  simpliciti_link                       
0000c16c  display_speed                         
0000c2ea  __fs_mpy                              
0000c3a0  sx_sync                               
0000c456  battery_measurement                   
0000c50a  read_calibration_values               
0000c5b6  Strobe                                
0000c65a  clock_tick                            
0000c6fe  simpliciti_get_ed_data_callback       
0000c79c  nwk_retrieveFrame                     
0000c838  SetVCore                              
0000c8cc  get_bluerobin_data                    
0000c95c  __fs_div                              
0000c9ea  ps_i2c_sda                            
0000ca76  SMPL_Init                             
0000cb00  nwk_buildFrame                        
0000cc96  TIMER0_A1_5_ISR                       
0000cd1a  get_numberOfDays                      
0000cd9c  BRRX_RadioReceive_v                   
0000ce1a  nwk_sendAckReply                      
0000ce96  display_char                          
0000cf10  nwk_QfindSlot                         
0000cf88  nwk_radioControl                      
0000d000  process_requests                      
0000d076  mrfiRadioInterfaceCmdStrobe           
0000d0ea  ps_read_register                      
0000d15c  BRRX_RadioInit_v                      
0000d236  WritePATable                          
0000d2a0  cma_ps_get_pa                         
0000d30a  nwk_getNextConnection                 
0000d374  cma_ps_init                           
0000d3da  nwk_processPing                       
0000d440  bmp_as_start                          
0000d4a4  MRFI_RadioIsr                         
0000d506  Timer0_A4_Delay                       
0000d568  SMPL_SendOpt                          
0000d5c8  as_read_register                      
0000d628  as_write_register                     
0000d688  start_altitude_measurement            
0000d6e8  BRRX_PacketEndTimerTask_v             
0000d7a2  display_battery_V                     
0000d7fe  toggle_buzzer                         
0000d85a  write_lcd_mem                         
0000d8b6  clear_line                            
0000d910  BRRX_Start_v                          
0000d968  BRRX__StartNewSearch_v                
0000d9c0  bmp_as_get_data                       
0000da18  ps_write_register                     
0000da70  __divul                               
0000da70  __remul                               
0000dac8  BRRX_RadioCalibrate_v                 
0000db1e  display_scroller                      
0000db74  display_hours                         
0000dbc8  ps_i2c_read                           
0000dc1c  MRFI_ReplyDelay                       
0000dcc0  cma_as_start                          
0000dd12  button_repeat_function                
0000dd62  cma_ps_get_temp                       
0000ddb2  display_heartrate                     
0000de02  sx_rfbsl                              
0000dea0  __fs_toul                             
0000deec  _auto_init                            
0000df36  __fs_cmp                              
0000df80  BR__CalcRandomTimeOffset_u16          
0000dfc8  stop_bluerobin                        
0000e010  MRFI_RxIdle                           
0000e056  ReadBurstReg                          
0000e09c  WriteBurstReg                         
0000e0e2  nwk_processMgmt                       
0000e128  __fs_tou                              
0000e16e  start_buzzer                          
0000e1b4  mrfiRadioInterfaceReadReg             
0000e23a  BRRX__NewInfo_v                       
0000e27a  ps_i2c_write                          
0000e2ba  __divli                               
0000e2ba  __remli                               
0000e2fa  BRRX_SetID_v                          
0000e338  BRRX__DecodePacket_u8                 
0000e376  L_ASR_15                              
0000e37a  L_ASR_14                              
0000e37e  L_ASR_13                              
0000e382  L_ASR_12                              
0000e386  L_ASR_11                              
0000e38a  L_ASR_10                              
0000e38e  L_ASR_9                               
0000e392  L_ASR_8                               
0000e396  L_ASR_7                               
0000e39a  L_ASR_6                               
0000e39e  L_ASR_5                               
0000e3a2  L_ASR_4                               
0000e3a6  L_ASR_3                               
0000e3aa  L_ASR_2                               
0000e3ae  L_ASR_1                               
0000e3b4  L_LSL_15                              
0000e3b8  L_LSL_14                              
0000e3bc  L_LSL_13                              
0000e3c0  L_LSL_12                              
0000e3c4  L_LSL_11                              
0000e3c8  L_LSL_10                              
0000e3cc  L_LSL_9                               
0000e3d0  L_LSL_8                               
0000e3d4  L_LSL_7                               
0000e3d8  L_LSL_6                               
0000e3dc  L_LSL_5                               
0000e3e0  L_LSL_4                               
0000e3e4  L_LSL_3                               
0000e3e8  L_LSL_2                               
0000e3ec  L_LSL_1                               
0000e3f2  L_LSR_15                              
0000e3f6  L_LSR_14                              
0000e3fa  L_LSR_13                              
0000e3fe  L_LSR_12                              
0000e402  L_LSR_11                              
0000e406  L_LSR_10                              
0000e40a  L_LSR_9                               
0000e40e  L_LSR_8                               
0000e412  L_LSR_7                               
0000e416  L_LSR_6                               
0000e41a  L_LSR_5                               
0000e41e  L_LSR_4                               
0000e422  L_LSR_3                               
0000e426  L_LSR_2                               
0000e42a  L_LSR_1                               
0000e430  BRRX_TimerTask_v                      
0000e46c  as_start                              
0000e4a8  main                                  
0000e4e4  update_stopwatch_timer                
0000e520  WriteSingleReg                        
0000e55a  nwk_isValidReply                      
0000e594  BRRX_Init_v                           
0000e5cc  radio_ISR                             
0000e604  mrfiRadioInterfaceWriteReg            
0000e63a  __fs_itof                             
0000e670  BR__CalcCRC_u8                        
0000e6d8  radio_reset                           
0000e70c  sx_stopwatch                          
0000e740  BRRX_RadioStop_v                      
0000e772  MRFI_RxOn                             
0000e7a4  as_stop                               
0000e7d6  cma_as_get_data                       
0000e808  mrfiRadioInterfaceReadRxFifo          
0000e83a  __fs_ultof                            
0000e86c  sx_alarm                              
0000e89e  nwk_sendFrame                         
0000e8ce  nwk_QadjustOrder                      
0000e8fc  __divi                                
0000e8fc  __remi                                
0000e928  stop_altitude_measurement             
0000e954  BRRX_GetID_u32                        
0000e97e  MRFI_SetRFPwr                         
0000e9fc  Timer0_A3_Start                       
0000ea4e  mx_stopwatch                          
0000ea76  nwk_getConnInfo                       
0000ea9e  stop_buzzer                           
0000eac6  MRFI_Sleep                            
0000eaec  display_rfbsl                         
0000eb12  init_pressure_table                   
0000eb38  nwk_checkConnInfo                     
0000eb5e  sx_ppt                                
0000eb84  sx_rf                                 
0000ebaa  BRRX_GetState_t                       
0000ebce  ps_init                               
0000ebf2  __fs_utof                             
0000ec16  BSP_Delay                             
0000ec38  display_value                         
0000ec5a  memcmp                                
0000ec7c  __mpyl_f5hw                           
0000ec9e  sx_acceleration                       
0000ecc0  BRRX_GetDistance_u16                  
0000ece0  BRRX_GetSpeed_u8                      
0000ed1e  display_symbol                        
0000ed3c  memmove                               
0000ed5a  nwk_processJoin                       
0000ed94  clear_display_all                     
0000edb0  close_radio                           
0000edcc  nwk_putNumObjectIntoMsg               
0000ee02  ADC12ISR                              
0000ee1c  _c_int00_noargs_noexit                
0000ee36  display_am_pm_symbol                  
0000ee50  stop_stopwatch                        
0000ee6a  sx_caldist                            
0000ee84  ReadSingleReg                         
0000ee9c  display_selection_Timeformat1         
0000eeb2  display_selection_User_Gender         
0000eec8  __divu                                
0000eec8  __remu                                
0000eede  __mpyi_f5hw                           
0000eef4  display_ppt                           
0000ef08  display_rf                            
0000ef1c  display_sync                          
0000ef30  is_stopwatch                          
0000ef44  BlueRobin_RadioISR_v                  
0000ef56  memcpy                                
0000ef68  memset                                
0000ef7a  open_radio                            
0000ef8c  BRRX__StartTimer_v                    
0000ef9c  L_LSL                                 
0000efac  L_LSR                                 
0000efbc  radio_powerdown                       
0000efcc  sx_date                               
0000efdc  sx_time                               
0000efec  BRRX__GetCurrentTime_u16              
0000eff8  is_rf                                 
0000f004  update_acceleration                   
0000f010  update_battery_voltage                
0000f01c  update_date                           
0000f028  update_scroller                       
0000f034  update_stopwatch                      
0000f040  BRRX__IsTimerRunning_v                
0000f04a  BRRX__StopTimer_v                     
0000f054  update_alarm                          
0000f05e  update_time                           
0000f068  BRRX_GetFS_Offset_s8                  
0000f070  BRRX_SetSignalLevelReduction_v        
0000f078  BRRX_GetHeartRate_u8                  
0000f07e  BRRX_SetPowerdownDelay_v              
0000f084  BRRX_SetSearchTimeout_v               
0000f08a  BRRX_Stop_v                           
0000f090  BRRX__CallTimer_v                     
0000f096  BRRX__InitTimer_v                     
0000f09c  __TI_ISR_TRAP                         
0000f0a2  mx_bluerobin                          
0000f0a8  _system_pre_init                      
0000f0ac  C$$EXIT                               
0000f0ac  abort                                 
0000f0b0  nwk_processFreq                       
0000f0b4  nwk_processSecurity                   
0000f0b8  ps_i2c_delay                          
0000f0bc  dummy                                 
0000f0be  sx_altitude                           
0000f0c0  sx_scroller                           
0000f0c2  __etext__                             
0000f0c2  etext                                 
0000f0c2  int_to_array_conversion_table         
0000f2e1  method                                
0000f2e2  menu_L1_Acceleration                  
0000f2f4  menu_L2_Stopwatch                     
0000f306  menu_L2_RFBSL                         
0000f318  menu_L1_Time                          
0000f32a  menu_L1_Alarm                         
0000f33c  menu_L1_Altitude                      
0000f34e  menu_L1_Heartrate                     
0000f360  menu_L1_Speed                         
0000f372  menu_L1_Scroller                      
0000f384  menu_L2_Date                          
0000f396  menu_L2_Battery                       
0000f3a8  menu_L2_Rf                            
0000f3ba  menu_L2_Ppt                           
0000f3cc  menu_L2_Sync                          
0000f3de  menu_L2_CalDist                       
0000f3f0  RandomValue_u8                        
0000f584  mrfiRadioCfg                          
0000f5c4  lcd_font                              
0000f5f0  segments_bitmask                      
0000f642  h0                                    
0000f664  p0                                    
0000f69e  bmp_mgrav_per_bit                     
0000f6ac  cma_mgrav_per_bit                     
0000f6c4  selection_Timeformat                  
0000f6cc  selection_User_Gender                 
0000f6d4  mrfiBroadcastAddr                     
0000f6dc  BRRX__First_TXCB_t                    
0000f6de  BRRX__Last_TXCB_t                     
0000f6e8  __cinit__                             
0000f6e8  cinit                                 
0000ffda  __TI_int45                            
0000ffdc  __TI_int46                            
0000ffde  __TI_int47                            
0000ffe0  __TI_int48                            
0000ffe2  __TI_int49                            
0000ffe4  __TI_int50                            
0000ffe6  __TI_int51                            
0000ffe8  __TI_int52                            
0000ffea  __TI_int53                            
0000ffec  __TI_int54                            
0000ffee  __TI_int55                            
0000fff0  __TI_int56                            
0000fff2  __TI_int57                            
0000fff4  __TI_int58                            
0000fff6  __TI_int59                            
0000fff8  __TI_int60                            
0000fffa  __TI_int61                            
0000fffc  __TI_int62                            
0000fffe  _reset_vector                         
ffffffff  __binit__                             
ffffffff  __c_args__                            
ffffffff  __pinit__                             
ffffffff  binit                                 
ffffffff  pinit                                 

[1119 symbols]
