<?xml version="1.0"?>
<link_info>
   <banner>MSP430 Linker PC v4.4.2</banner>
   <copyright>Copyright (c) 2003-2014 Texas Instruments Incorporated</copyright>
   <link_time>0x564b1fe3</link_time>
   <link_errors>0x0</link_errors>
   <output_file>EZ430_Chronos_Sit Up_433MHz.out</output_file>
   <entry_point>
      <name>_c_int00_noargs_noexit</name>
      <address>0xe1e8</address>
   </entry_point>
   <input_file_list>
      <input_file id="fl-29">
         <path>.\driver\</path>
         <kind>object</kind>
         <file>ps.obj</file>
         <name>ps.obj</name>
      </input_file>
      <input_file id="fl-2a">
         <path>.\driver\</path>
         <kind>object</kind>
         <file>radio.obj</file>
         <name>radio.obj</name>
      </input_file>
      <input_file id="fl-33">
         <path>..\bluerobin\</path>
         <kind>archive</kind>
         <file>BlueRobin_RX_433MHz.lib</file>
         <name>BRRX_Radio.obj</name>
      </input_file>
      <input_file id="fl-34">
         <path>..\bluerobin\</path>
         <kind>archive</kind>
         <file>BlueRobin_RX_433MHz.lib</file>
         <name>BRRX_Timer.obj</name>
      </input_file>
      <input_file id="fl-35">
         <path>..\bluerobin\</path>
         <kind>archive</kind>
         <file>BlueRobin_RX_433MHz.lib</file>
         <name>BRRX_Scheduler.obj</name>
      </input_file>
      <input_file id="fl-36">
         <path>..\bluerobin\</path>
         <kind>archive</kind>
         <file>BlueRobin_RX_433MHz.lib</file>
         <name>BRRX_Resource.obj</name>
      </input_file>
      <input_file id="fl-37">
         <path>..\bluerobin\</path>
         <kind>archive</kind>
         <file>BlueRobin_RX_433MHz.lib</file>
         <name>BRRX_Packet.obj</name>
      </input_file>
      <input_file id="fl-38">
         <path>..\bluerobin\</path>
         <kind>archive</kind>
         <file>BlueRobin_RX_433MHz.lib</file>
         <name>BRRX_API.obj</name>
      </input_file>
      <input_file id="fl-39">
         <path>..\bluerobin\</path>
         <kind>archive</kind>
         <file>BlueRobin_RX_433MHz.lib</file>
         <name>BR_Common.obj</name>
      </input_file>
      <input_file id="fl-3a">
         <path>E:\ti\ccsv6\tools\compiler\ti-cgt-msp430_4.4.2\lib\</path>
         <kind>archive</kind>
         <file>rts430x.lib</file>
         <name>asr32.obj</name>
      </input_file>
      <input_file id="fl-3b">
         <path>E:\ti\ccsv6\tools\compiler\ti-cgt-msp430_4.4.2\lib\</path>
         <kind>archive</kind>
         <file>rts430x.lib</file>
         <name>boot.obj</name>
      </input_file>
      <input_file id="fl-3c">
         <path>E:\ti\ccsv6\tools\compiler\ti-cgt-msp430_4.4.2\lib\</path>
         <kind>archive</kind>
         <file>rts430x.lib</file>
         <name>boot_special.obj</name>
      </input_file>
      <input_file id="fl-40">
         <path>E:\ti\ccsv6\tools\compiler\ti-cgt-msp430_4.4.2\lib\</path>
         <kind>archive</kind>
         <file>rts430x.lib</file>
         <name>cpy_util.obj</name>
      </input_file>
      <input_file id="fl-41">
         <path>E:\ti\ccsv6\tools\compiler\ti-cgt-msp430_4.4.2\lib\</path>
         <kind>archive</kind>
         <file>rts430x.lib</file>
         <name>div16s.obj</name>
      </input_file>
      <input_file id="fl-42">
         <path>E:\ti\ccsv6\tools\compiler\ti-cgt-msp430_4.4.2\lib\</path>
         <kind>archive</kind>
         <file>rts430x.lib</file>
         <name>div16u.obj</name>
      </input_file>
      <input_file id="fl-43">
         <path>E:\ti\ccsv6\tools\compiler\ti-cgt-msp430_4.4.2\lib\</path>
         <kind>archive</kind>
         <file>rts430x.lib</file>
         <name>div32s.obj</name>
      </input_file>
      <input_file id="fl-44">
         <path>E:\ti\ccsv6\tools\compiler\ti-cgt-msp430_4.4.2\lib\</path>
         <kind>archive</kind>
         <file>rts430x.lib</file>
         <name>div32u.obj</name>
      </input_file>
      <input_file id="fl-45">
         <path>E:\ti\ccsv6\tools\compiler\ti-cgt-msp430_4.4.2\lib\</path>
         <kind>archive</kind>
         <file>rts430x.lib</file>
         <name>exit.obj</name>
      </input_file>
      <input_file id="fl-46">
         <path>E:\ti\ccsv6\tools\compiler\ti-cgt-msp430_4.4.2\lib\</path>
         <kind>archive</kind>
         <file>rts430x.lib</file>
         <name>fs_add.obj</name>
      </input_file>
      <input_file id="fl-47">
         <path>E:\ti\ccsv6\tools\compiler\ti-cgt-msp430_4.4.2\lib\</path>
         <kind>archive</kind>
         <file>rts430x.lib</file>
         <name>fs_cmp.obj</name>
      </input_file>
      <input_file id="fl-48">
         <path>E:\ti\ccsv6\tools\compiler\ti-cgt-msp430_4.4.2\lib\</path>
         <kind>archive</kind>
         <file>rts430x.lib</file>
         <name>fs_div.obj</name>
      </input_file>
      <input_file id="fl-49">
         <path>E:\ti\ccsv6\tools\compiler\ti-cgt-msp430_4.4.2\lib\</path>
         <kind>archive</kind>
         <file>rts430x.lib</file>
         <name>fs_itof.obj</name>
      </input_file>
      <input_file id="fl-4a">
         <path>E:\ti\ccsv6\tools\compiler\ti-cgt-msp430_4.4.2\lib\</path>
         <kind>archive</kind>
         <file>rts430x.lib</file>
         <name>fs_mpy.obj</name>
      </input_file>
      <input_file id="fl-4b">
         <path>E:\ti\ccsv6\tools\compiler\ti-cgt-msp430_4.4.2\lib\</path>
         <kind>archive</kind>
         <file>rts430x.lib</file>
         <name>fs_toul.obj</name>
      </input_file>
      <input_file id="fl-4c">
         <path>E:\ti\ccsv6\tools\compiler\ti-cgt-msp430_4.4.2\lib\</path>
         <kind>archive</kind>
         <file>rts430x.lib</file>
         <name>fs_tou.obj</name>
      </input_file>
      <input_file id="fl-4d">
         <path>E:\ti\ccsv6\tools\compiler\ti-cgt-msp430_4.4.2\lib\</path>
         <kind>archive</kind>
         <file>rts430x.lib</file>
         <name>fs_ultof.obj</name>
      </input_file>
      <input_file id="fl-4e">
         <path>E:\ti\ccsv6\tools\compiler\ti-cgt-msp430_4.4.2\lib\</path>
         <kind>archive</kind>
         <file>rts430x.lib</file>
         <name>fs_utof.obj</name>
      </input_file>
      <input_file id="fl-4f">
         <path>E:\ti\ccsv6\tools\compiler\ti-cgt-msp430_4.4.2\lib\</path>
         <kind>archive</kind>
         <file>rts430x.lib</file>
         <name>int45.obj</name>
      </input_file>
      <input_file id="fl-50">
         <path>E:\ti\ccsv6\tools\compiler\ti-cgt-msp430_4.4.2\lib\</path>
         <kind>archive</kind>
         <file>rts430x.lib</file>
         <name>int46.obj</name>
      </input_file>
      <input_file id="fl-51">
         <path>E:\ti\ccsv6\tools\compiler\ti-cgt-msp430_4.4.2\lib\</path>
         <kind>archive</kind>
         <file>rts430x.lib</file>
         <name>int47.obj</name>
      </input_file>
      <input_file id="fl-52">
         <path>E:\ti\ccsv6\tools\compiler\ti-cgt-msp430_4.4.2\lib\</path>
         <kind>archive</kind>
         <file>rts430x.lib</file>
         <name>int49.obj</name>
      </input_file>
      <input_file id="fl-53">
         <path>E:\ti\ccsv6\tools\compiler\ti-cgt-msp430_4.4.2\lib\</path>
         <kind>archive</kind>
         <file>rts430x.lib</file>
         <name>int50.obj</name>
      </input_file>
      <input_file id="fl-54">
         <path>E:\ti\ccsv6\tools\compiler\ti-cgt-msp430_4.4.2\lib\</path>
         <kind>archive</kind>
         <file>rts430x.lib</file>
         <name>int51.obj</name>
      </input_file>
      <input_file id="fl-55">
         <path>E:\ti\ccsv6\tools\compiler\ti-cgt-msp430_4.4.2\lib\</path>
         <kind>archive</kind>
         <file>rts430x.lib</file>
         <name>int52.obj</name>
      </input_file>
      <input_file id="fl-56">
         <path>E:\ti\ccsv6\tools\compiler\ti-cgt-msp430_4.4.2\lib\</path>
         <kind>archive</kind>
         <file>rts430x.lib</file>
         <name>int57.obj</name>
      </input_file>
      <input_file id="fl-57">
         <path>E:\ti\ccsv6\tools\compiler\ti-cgt-msp430_4.4.2\lib\</path>
         <kind>archive</kind>
         <file>rts430x.lib</file>
         <name>int58.obj</name>
      </input_file>
      <input_file id="fl-58">
         <path>E:\ti\ccsv6\tools\compiler\ti-cgt-msp430_4.4.2\lib\</path>
         <kind>archive</kind>
         <file>rts430x.lib</file>
         <name>int59.obj</name>
      </input_file>
      <input_file id="fl-59">
         <path>E:\ti\ccsv6\tools\compiler\ti-cgt-msp430_4.4.2\lib\</path>
         <kind>archive</kind>
         <file>rts430x.lib</file>
         <name>int60.obj</name>
      </input_file>
      <input_file id="fl-5a">
         <path>E:\ti\ccsv6\tools\compiler\ti-cgt-msp430_4.4.2\lib\</path>
         <kind>archive</kind>
         <file>rts430x.lib</file>
         <name>int61.obj</name>
      </input_file>
      <input_file id="fl-5b">
         <path>E:\ti\ccsv6\tools\compiler\ti-cgt-msp430_4.4.2\lib\</path>
         <kind>archive</kind>
         <file>rts430x.lib</file>
         <name>int62.obj</name>
      </input_file>
      <input_file id="fl-5c">
         <path>E:\ti\ccsv6\tools\compiler\ti-cgt-msp430_4.4.2\lib\</path>
         <kind>archive</kind>
         <file>rts430x.lib</file>
         <name>isr_trap.obj</name>
      </input_file>
      <input_file id="fl-5e">
         <path>E:\ti\ccsv6\tools\compiler\ti-cgt-msp430_4.4.2\lib\</path>
         <kind>archive</kind>
         <file>rts430x.lib</file>
         <name>lsl32.obj</name>
      </input_file>
      <input_file id="fl-5f">
         <path>E:\ti\ccsv6\tools\compiler\ti-cgt-msp430_4.4.2\lib\</path>
         <kind>archive</kind>
         <file>rts430x.lib</file>
         <name>lsr32.obj</name>
      </input_file>
      <input_file id="fl-65">
         <path>E:\ti\ccsv6\tools\compiler\ti-cgt-msp430_4.4.2\lib\</path>
         <kind>archive</kind>
         <file>rts430x.lib</file>
         <name>mult1632_f5hw.obj</name>
      </input_file>
      <input_file id="fl-66">
         <path>E:\ti\ccsv6\tools\compiler\ti-cgt-msp430_4.4.2\lib\</path>
         <kind>archive</kind>
         <file>rts430x.lib</file>
         <name>mult16_f5hw.obj</name>
      </input_file>
      <input_file id="fl-67">
         <path>E:\ti\ccsv6\tools\compiler\ti-cgt-msp430_4.4.2\lib\</path>
         <kind>archive</kind>
         <file>rts430x.lib</file>
         <name>mult16.obj</name>
      </input_file>
      <input_file id="fl-68">
         <path>E:\ti\ccsv6\tools\compiler\ti-cgt-msp430_4.4.2\lib\</path>
         <kind>archive</kind>
         <file>rts430x.lib</file>
         <name>mult3264_f5hw.obj</name>
      </input_file>
      <input_file id="fl-69">
         <path>E:\ti\ccsv6\tools\compiler\ti-cgt-msp430_4.4.2\lib\</path>
         <kind>archive</kind>
         <file>rts430x.lib</file>
         <name>mult32_f5hw.obj</name>
      </input_file>
      <input_file id="fl-6a">
         <path>E:\ti\ccsv6\tools\compiler\ti-cgt-msp430_4.4.2\lib\</path>
         <kind>archive</kind>
         <file>rts430x.lib</file>
         <name>mult32.obj</name>
      </input_file>
      <input_file id="fl-6b">
         <path>E:\ti\ccsv6\tools\compiler\ti-cgt-msp430_4.4.2\lib\</path>
         <kind>archive</kind>
         <file>rts430x.lib</file>
         <name>mult64_f5hw.obj</name>
      </input_file>
      <input_file id="fl-6d">
         <path>E:\ti\ccsv6\tools\compiler\ti-cgt-msp430_4.4.2\lib\</path>
         <kind>archive</kind>
         <file>rts430x.lib</file>
         <name>args_main.obj</name>
      </input_file>
      <input_file id="fl-6e">
         <path>E:\ti\ccsv6\tools\compiler\ti-cgt-msp430_4.4.2\lib\</path>
         <kind>archive</kind>
         <file>rts430x.lib</file>
         <name>autoinit.obj</name>
      </input_file>
      <input_file id="fl-99">
         <path>C:\Users\DARKDA~1\AppData\Local\Temp\</path>
         <kind>object</kind>
         <file>068403</file>
         <name>068403</name>
      </input_file>
   </input_file_list>
   <object_component_list>
      <object_component id="oc-84">
         <name>.bss</name>
         <uninitialized>true</uninitialized>
         <run_address>0x1d30</run_address>
         <size>0x45</size>
         <input_file_ref idref="fl-29"/>
      </object_component>
      <object_component id="oc-8f">
         <name>.bss</name>
         <uninitialized>true</uninitialized>
         <run_address>0x1ecc</run_address>
         <size>0x6</size>
         <input_file_ref idref="fl-33"/>
      </object_component>
      <object_component id="oc-95">
         <name>.bss</name>
         <uninitialized>true</uninitialized>
         <run_address>0x1eac</run_address>
         <size>0x8</size>
         <input_file_ref idref="fl-34"/>
      </object_component>
      <object_component id="oc-9b">
         <name>.bss</name>
         <uninitialized>true</uninitialized>
         <run_address>0x1e4e</run_address>
         <size>0xc</size>
         <input_file_ref idref="fl-35"/>
      </object_component>
      <object_component id="oc-a1">
         <name>.bss</name>
         <uninitialized>true</uninitialized>
         <run_address>0x1dd0</run_address>
         <size>0x1c</size>
         <input_file_ref idref="fl-36"/>
      </object_component>
      <object_component id="oc-a6">
         <name>.bss</name>
         <uninitialized>true</uninitialized>
         <run_address>0x1ed8</run_address>
         <size>0x5</size>
         <input_file_ref idref="fl-37"/>
      </object_component>
      <object_component id="oc-ac">
         <name>.bss</name>
         <uninitialized>true</uninitialized>
         <run_address>0x1ede</run_address>
         <size>0x4</size>
         <input_file_ref idref="fl-38"/>
      </object_component>
      <object_component id="oc-b1">
         <name>.bss</name>
         <uninitialized>true</uninitialized>
         <run_address>0x1e66</run_address>
         <size>0xa</size>
         <input_file_ref idref="fl-39"/>
      </object_component>
      <object_component id="oc-145">
         <name>.bss</name>
         <uninitialized>true</uninitialized>
         <run_address>0x1c8c</run_address>
         <size>0x5e</size>
         <input_file_ref idref="fl-26"/>
      </object_component>
      <object_component id="oc-146">
         <name>.bss</name>
         <uninitialized>true</uninitialized>
         <run_address>0x1e8e</run_address>
         <size>0xa</size>
         <input_file_ref idref="fl-28"/>
      </object_component>
      <object_component id="oc-148">
         <name>.bss</name>
         <uninitialized>true</uninitialized>
         <run_address>0x1ee6</run_address>
         <size>0x4</size>
         <input_file_ref idref="fl-18"/>
      </object_component>
      <object_component id="oc-149">
         <name>.bss</name>
         <uninitialized>true</uninitialized>
         <run_address>0x1eb4</run_address>
         <size>0x8</size>
         <input_file_ref idref="fl-14"/>
      </object_component>
      <object_component id="oc-14a">
         <name>.bss</name>
         <uninitialized>true</uninitialized>
         <run_address>0x1cea</run_address>
         <size>0x46</size>
         <input_file_ref idref="fl-1a"/>
      </object_component>
      <object_component id="oc-14b">
         <name>.bss</name>
         <uninitialized>true</uninitialized>
         <run_address>0x1e20</run_address>
         <size>0x12</size>
         <input_file_ref idref="fl-2"/>
      </object_component>
      <object_component id="oc-14c">
         <name>.bss</name>
         <uninitialized>true</uninitialized>
         <run_address>0x1ea2</run_address>
         <size>0x9</size>
         <input_file_ref idref="fl-5"/>
      </object_component>
      <object_component id="oc-14d">
         <name>.bss</name>
         <uninitialized>true</uninitialized>
         <run_address>0x1e84</run_address>
         <size>0xa</size>
         <input_file_ref idref="fl-6"/>
      </object_component>
      <object_component id="oc-14e">
         <name>.bss</name>
         <uninitialized>true</uninitialized>
         <run_address>0x1eee</run_address>
         <size>0x3</size>
         <input_file_ref idref="fl-7"/>
      </object_component>
      <object_component id="oc-14f">
         <name>.bss</name>
         <uninitialized>true</uninitialized>
         <run_address>0x1eab</run_address>
         <size>0x1</size>
         <input_file_ref idref="fl-8"/>
      </object_component>
      <object_component id="oc-150">
         <name>.bss</name>
         <uninitialized>true</uninitialized>
         <run_address>0x1db2</run_address>
         <size>0x1d</size>
         <input_file_ref idref="fl-a"/>
      </object_component>
      <object_component id="oc-151">
         <name>.bss</name>
         <uninitialized>true</uninitialized>
         <run_address>0x1c00</run_address>
         <size>0x8c</size>
         <input_file_ref idref="fl-b"/>
      </object_component>
      <object_component id="oc-152">
         <name>.bss</name>
         <uninitialized>true</uninitialized>
         <run_address>0x1ea1</run_address>
         <size>0x1</size>
         <input_file_ref idref="fl-c"/>
      </object_component>
      <object_component id="oc-153">
         <name>.bss</name>
         <uninitialized>true</uninitialized>
         <run_address>0x1e7a</run_address>
         <size>0xa</size>
         <input_file_ref idref="fl-d"/>
      </object_component>
      <object_component id="oc-156">
         <name>.bss</name>
         <uninitialized>true</uninitialized>
         <run_address>0x1e98</run_address>
         <size>0x9</size>
         <input_file_ref idref="fl-e"/>
      </object_component>
      <object_component id="oc-157">
         <name>.bss</name>
         <uninitialized>true</uninitialized>
         <run_address>0x1d76</run_address>
         <size>0x3c</size>
         <input_file_ref idref="fl-f"/>
      </object_component>
      <object_component id="oc-159">
         <name>.bss</name>
         <uninitialized>true</uninitialized>
         <run_address>0x1dcf</run_address>
         <size>0x1</size>
         <input_file_ref idref="fl-11"/>
      </object_component>
      <object_component id="oc-15a">
         <name>.bss</name>
         <uninitialized>true</uninitialized>
         <run_address>0x1d75</run_address>
         <size>0x1</size>
         <input_file_ref idref="fl-20"/>
      </object_component>
      <object_component id="oc-15b">
         <name>.bss</name>
         <uninitialized>true</uninitialized>
         <run_address>0x1e70</run_address>
         <size>0xa</size>
         <input_file_ref idref="fl-12"/>
      </object_component>
      <object_component id="oc-15c">
         <name>.bss</name>
         <uninitialized>true</uninitialized>
         <run_address>0x1e32</run_address>
         <size>0xe</size>
         <input_file_ref idref="fl-16"/>
      </object_component>
      <object_component id="oc-15d">
         <name>.bss</name>
         <uninitialized>true</uninitialized>
         <run_address>0x1ee2</run_address>
         <size>0x4</size>
         <input_file_ref idref="fl-13"/>
      </object_component>
      <object_component id="oc-15e">
         <name>.bss</name>
         <uninitialized>true</uninitialized>
         <run_address>0x1dec</run_address>
         <size>0x1a</size>
         <input_file_ref idref="fl-15"/>
      </object_component>
      <object_component id="oc-15f">
         <name>.bss</name>
         <uninitialized>true</uninitialized>
         <run_address>0x1ed2</run_address>
         <size>0x6</size>
         <input_file_ref idref="fl-17"/>
      </object_component>
      <object_component id="oc-160">
         <name>.bss</name>
         <uninitialized>true</uninitialized>
         <run_address>0x1ecb</run_address>
         <size>0x1</size>
         <input_file_ref idref="fl-19"/>
      </object_component>
      <object_component id="oc-161">
         <name>.bss</name>
         <uninitialized>true</uninitialized>
         <run_address>0x1e5a</run_address>
         <size>0xc</size>
         <input_file_ref idref="fl-1b"/>
      </object_component>
      <object_component id="oc-162">
         <name>.bss</name>
         <uninitialized>true</uninitialized>
         <run_address>0x1e40</run_address>
         <size>0xe</size>
         <input_file_ref idref="fl-1c"/>
      </object_component>
      <object_component id="oc-163">
         <name>.bss</name>
         <uninitialized>true</uninitialized>
         <run_address>0x1eea</run_address>
         <size>0x3</size>
         <input_file_ref idref="fl-1f"/>
      </object_component>
      <object_component id="oc-164">
         <name>.bss</name>
         <uninitialized>true</uninitialized>
         <run_address>0x1e06</run_address>
         <size>0x1a</size>
         <input_file_ref idref="fl-22"/>
      </object_component>
      <object_component id="oc-165">
         <name>.bss</name>
         <uninitialized>true</uninitialized>
         <run_address>0x1ec4</run_address>
         <size>0x7</size>
         <input_file_ref idref="fl-2c"/>
      </object_component>
      <object_component id="oc-166">
         <name>.bss</name>
         <uninitialized>true</uninitialized>
         <run_address>0x1ebc</run_address>
         <size>0x8</size>
         <input_file_ref idref="fl-23"/>
      </object_component>
      <object_component id="oc-bb">
         <name>.stack</name>
         <uninitialized>true</uninitialized>
         <run_address>0x2bac</run_address>
         <size>0x2</size>
         <input_file_ref idref="fl-3b"/>
      </object_component>
      <object_component id="oc-2be">
         <name>.stack</name>
         <uninitialized>true</uninitialized>
         <run_address>0x2bac</run_address>
         <size>0x0</size>
      </object_component>
      <object_component id="oc-1e9">
         <name>.text:BRRX__Scheduler_v</name>
         <load_address>0x8000</load_address>
         <run_address>0x8000</run_address>
         <size>0x284</size>
         <input_file_ref idref="fl-35"/>
      </object_component>
      <object_component id="oc-171">
         <name>.text:_isr:TIMER0_A0_ISR</name>
         <load_address>0x8284</load_address>
         <run_address>0x8284</run_address>
         <size>0x276</size>
         <input_file_ref idref="fl-2c"/>
      </object_component>
      <object_component id="oc-1cf">
         <name>.text:set_value</name>
         <load_address>0x84fa</load_address>
         <run_address>0x84fa</run_address>
         <size>0x22c</size>
         <input_file_ref idref="fl-1e"/>
      </object_component>
      <object_component id="oc-1bd">
         <name>.text:test_mode</name>
         <load_address>0x8726</load_address>
         <run_address>0x8726</run_address>
         <size>0x22c</size>
         <input_file_ref idref="fl-1d"/>
      </object_component>
      <object_component id="oc-16e">
         <name>.text:_isr:PORT2_ISR</name>
         <load_address>0x8952</load_address>
         <run_address>0x8952</run_address>
         <size>0x1fa</size>
         <input_file_ref idref="fl-28"/>
      </object_component>
      <object_component id="oc-234">
         <name>.text:MRFI_Init</name>
         <load_address>0x8b4c</load_address>
         <run_address>0x8b4c</run_address>
         <size>0x1f6</size>
         <input_file_ref idref="fl-f"/>
      </object_component>
      <object_component id="oc-186">
         <name>.text:mx_time</name>
         <load_address>0x8d42</load_address>
         <run_address>0x8d42</run_address>
         <size>0x1e4</size>
         <input_file_ref idref="fl-16"/>
      </object_component>
      <object_component id="oc-1a0">
         <name>.text:mx_caldist</name>
         <load_address>0x8f26</load_address>
         <run_address>0x8f26</run_address>
         <size>0x1ca</size>
         <input_file_ref idref="fl-15"/>
      </object_component>
      <object_component id="oc-187">
         <name>.text:display_time</name>
         <load_address>0x90f0</load_address>
         <run_address>0x90f0</run_address>
         <size>0x1be</size>
         <input_file_ref idref="fl-16"/>
      </object_component>
      <object_component id="oc-1ab">
         <name>.text:stopwatch_tick</name>
         <load_address>0x92ae</load_address>
         <run_address>0x92ae</run_address>
         <size>0x1a2</size>
         <input_file_ref idref="fl-1c"/>
      </object_component>
      <object_component id="oc-17c">
         <name>.text:display_acceleration</name>
         <load_address>0x9450</load_address>
         <run_address>0x9450</run_address>
         <size>0x198</size>
         <input_file_ref idref="fl-12"/>
      </object_component>
      <object_component id="oc-194">
         <name>.text:mx_date</name>
         <load_address>0x95e8</load_address>
         <run_address>0x95e8</run_address>
         <size>0x194</size>
         <input_file_ref idref="fl-17"/>
      </object_component>
      <object_component id="oc-1bb">
         <name>.text:init_application</name>
         <load_address>0x977c</load_address>
         <run_address>0x977c</run_address>
         <size>0x172</size>
         <input_file_ref idref="fl-2"/>
      </object_component>
      <object_component id="oc-235">
         <name>.text:nwk_nwkInit</name>
         <load_address>0x98ee</load_address>
         <run_address>0x98ee</run_address>
         <size>0x16e</size>
         <input_file_ref idref="fl-a"/>
      </object_component>
      <object_component id="oc-261">
         <name>.text:smpl_send_link_reply$4</name>
         <load_address>0x9a5c</load_address>
         <run_address>0x9a5c</run_address>
         <size>0x164</size>
         <input_file_ref idref="fl-6"/>
      </object_component>
      <object_component id="oc-24f">
         <name>.text:MRFI_Transmit</name>
         <load_address>0x9bc0</load_address>
         <run_address>0x9bc0</run_address>
         <size>0x14c</size>
         <input_file_ref idref="fl-f"/>
      </object_component>
      <object_component id="oc-20d">
         <name>.text:nwk_link</name>
         <load_address>0x9d0c</load_address>
         <run_address>0x9d0c</run_address>
         <size>0x148</size>
         <input_file_ref idref="fl-6"/>
      </object_component>
      <object_component id="oc-1e8">
         <name>.text:Mrfi_SyncPinRxIsr$13</name>
         <load_address>0x9e54</load_address>
         <run_address>0x9e54</run_address>
         <size>0x140</size>
         <input_file_ref idref="fl-f"/>
      </object_component>
      <object_component id="oc-20a">
         <name>.text:SMPL_Ioctl</name>
         <load_address>0x9f94</load_address>
         <run_address>0x9f94</run_address>
         <size>0x13e</size>
         <input_file_ref idref="fl-c"/>
      </object_component>
      <object_component id="oc-e3">
         <name>.text</name>
         <load_address>0xa0d2</load_address>
         <run_address>0xa0d2</run_address>
         <size>0x130</size>
         <input_file_ref idref="fl-46"/>
      </object_component>
      <object_component id="oc-180">
         <name>.text:display_stopwatch</name>
         <load_address>0xa202</load_address>
         <run_address>0xa202</run_address>
         <size>0x11c</size>
         <input_file_ref idref="fl-1c"/>
      </object_component>
      <object_component id="oc-237">
         <name>.text:nwk_join</name>
         <load_address>0xa31e</load_address>
         <run_address>0xa31e</run_address>
         <size>0x11c</size>
         <input_file_ref idref="fl-5"/>
      </object_component>
      <object_component id="oc-1df">
         <name>.text:start_simpliciti_tx_only</name>
         <load_address>0xa43a</load_address>
         <run_address>0xa43a</run_address>
         <size>0x112</size>
         <input_file_ref idref="fl-1a"/>
      </object_component>
      <object_component id="oc-225">
         <name>.text:PacketMissed_v</name>
         <load_address>0xa54c</load_address>
         <run_address>0xa54c</run_address>
         <size>0x10c</size>
         <input_file_ref idref="fl-35"/>
      </object_component>
      <object_component id="oc-21f">
         <name>.text:dispatchFrame$11</name>
         <load_address>0xa658</load_address>
         <run_address>0xa658</run_address>
         <size>0x108</size>
         <input_file_ref idref="fl-d"/>
      </object_component>
      <object_component id="oc-212">
         <name>.text:simpliciti_sync_decode_ap_cmd_callback</name>
         <load_address>0xa760</load_address>
         <run_address>0xa760</run_address>
         <size>0x108</size>
         <input_file_ref idref="fl-1a"/>
      </object_component>
      <object_component id="oc-1a1">
         <name>.text:display_caldist</name>
         <load_address>0xa868</load_address>
         <run_address>0xa868</run_address>
         <size>0x104</size>
         <input_file_ref idref="fl-15"/>
      </object_component>
      <object_component id="oc-1bc">
         <name>.text:init_global_variables</name>
         <load_address>0xa96c</load_address>
         <run_address>0xa96c</run_address>
         <size>0x102</size>
         <input_file_ref idref="fl-2"/>
      </object_component>
      <object_component id="oc-18c">
         <name>.text:sx_bluerobin</name>
         <load_address>0xaa6e</load_address>
         <run_address>0xaa6e</run_address>
         <size>0xfe</size>
         <input_file_ref idref="fl-15"/>
      </object_component>
      <object_component id="oc-1c2">
         <name>.text:display_update</name>
         <load_address>0xab6c</load_address>
         <run_address>0xab6c</run_address>
         <size>0xf6</size>
         <input_file_ref idref="fl-2"/>
      </object_component>
      <object_component id="oc-189">
         <name>.text:mx_alarm</name>
         <load_address>0xac62</load_address>
         <run_address>0xac62</run_address>
         <size>0xf2</size>
         <input_file_ref idref="fl-13"/>
      </object_component>
      <object_component id="oc-1be">
         <name>.text:wakeup_event</name>
         <load_address>0xad54</load_address>
         <run_address>0xad54</run_address>
         <size>0xf0</size>
         <input_file_ref idref="fl-2"/>
      </object_component>
      <object_component id="oc-1f6">
         <name>.text:bmp_ps_init</name>
         <load_address>0xae44</load_address>
         <run_address>0xae44</run_address>
         <size>0xe6</size>
         <input_file_ref idref="fl-22"/>
      </object_component>
      <object_component id="oc-1e1">
         <name>.text:simpliciti_main_sync</name>
         <load_address>0xaf2a</load_address>
         <run_address>0xaf2a</run_address>
         <size>0xe2</size>
         <input_file_ref idref="fl-11"/>
      </object_component>
      <object_component id="oc-195">
         <name>.text:display_date</name>
         <load_address>0xb00c</load_address>
         <run_address>0xb00c</run_address>
         <size>0xdc</size>
         <input_file_ref idref="fl-17"/>
      </object_component>
      <object_component id="oc-241">
         <name>.text:nwk_QfindOldest</name>
         <load_address>0xb0e8</load_address>
         <run_address>0xb0e8</run_address>
         <size>0xd8</size>
         <input_file_ref idref="fl-b"/>
      </object_component>
      <object_component id="oc-18a">
         <name>.text:display_alarm</name>
         <load_address>0xb1c0</load_address>
         <run_address>0xb1c0</run_address>
         <size>0xd6</size>
         <input_file_ref idref="fl-13"/>
      </object_component>
      <object_component id="oc-1c7">
         <name>.text:int_to_array</name>
         <load_address>0xb296</load_address>
         <run_address>0xb296</run_address>
         <size>0xd2</size>
         <input_file_ref idref="fl-26"/>
      </object_component>
      <object_component id="oc-239">
         <name>.text:nwk_allocateLocalRxPort</name>
         <load_address>0xb368</load_address>
         <run_address>0xb368</run_address>
         <size>0xce</size>
         <input_file_ref idref="fl-a"/>
      </object_component>
      <object_component id="oc-255">
         <name>.text:nwk_processLink</name>
         <load_address>0xb436</load_address>
         <run_address>0xb436</run_address>
         <size>0xce</size>
         <input_file_ref idref="fl-6"/>
      </object_component>
      <object_component id="oc-1af">
         <name>.text:display_chars</name>
         <load_address>0xb504</load_address>
         <run_address>0xb504</run_address>
         <size>0xcc</size>
         <input_file_ref idref="fl-26"/>
      </object_component>
      <object_component id="oc-1e0">
         <name>.text:simpliciti_link</name>
         <load_address>0xb5d0</load_address>
         <run_address>0xb5d0</run_address>
         <size>0xca</size>
         <input_file_ref idref="fl-11"/>
      </object_component>
      <object_component id="oc-18f">
         <name>.text:display_speed</name>
         <load_address>0xb69a</load_address>
         <run_address>0xb69a</run_address>
         <size>0xc8</size>
         <input_file_ref idref="fl-15"/>
      </object_component>
      <object_component id="oc-213">
         <name>.text:simpliciti_sync_get_data_callback</name>
         <load_address>0xb762</load_address>
         <run_address>0xb762</run_address>
         <size>0xc0</size>
         <input_file_ref idref="fl-1a"/>
      </object_component>
      <object_component id="oc-228">
         <name>.text:SearchPacketHit_u8</name>
         <load_address>0xb822</load_address>
         <run_address>0xb822</run_address>
         <size>0xb6</size>
         <input_file_ref idref="fl-35"/>
      </object_component>
      <object_component id="oc-f7">
         <name>.text</name>
         <load_address>0xb8d8</load_address>
         <run_address>0xb8d8</run_address>
         <size>0xb6</size>
         <input_file_ref idref="fl-4a"/>
      </object_component>
      <object_component id="oc-1c1">
         <name>.text:battery_measurement</name>
         <load_address>0xb98e</load_address>
         <run_address>0xb98e</run_address>
         <size>0xb4</size>
         <input_file_ref idref="fl-14"/>
      </object_component>
      <object_component id="oc-19d">
         <name>.text:sx_sync</name>
         <load_address>0xba42</load_address>
         <run_address>0xba42</run_address>
         <size>0xae</size>
         <input_file_ref idref="fl-1a"/>
      </object_component>
      <object_component id="oc-214">
         <name>.text:Strobe</name>
         <load_address>0xbaf0</load_address>
         <run_address>0xbaf0</run_address>
         <size>0xa4</size>
         <input_file_ref idref="fl-2b"/>
      </object_component>
      <object_component id="oc-1ad">
         <name>.text:clock_tick</name>
         <load_address>0xbb94</load_address>
         <run_address>0xbb94</run_address>
         <size>0xa4</size>
         <input_file_ref idref="fl-16"/>
      </object_component>
      <object_component id="oc-178">
         <name>.text:main</name>
         <load_address>0xbc38</load_address>
         <run_address>0xbc38</run_address>
         <size>0xa0</size>
         <input_file_ref idref="fl-2"/>
      </object_component>
      <object_component id="oc-209">
         <name>.text:simpliciti_get_ed_data_callback</name>
         <load_address>0xbcd8</load_address>
         <run_address>0xbcd8</run_address>
         <size>0x9e</size>
         <input_file_ref idref="fl-1a"/>
      </object_component>
      <object_component id="oc-211">
         <name>.text:nwk_retrieveFrame</name>
         <load_address>0xbd76</load_address>
         <run_address>0xbd76</run_address>
         <size>0x9c</size>
         <input_file_ref idref="fl-d"/>
      </object_component>
      <object_component id="oc-1f3">
         <name>.text:SetVCore</name>
         <load_address>0xbe12</load_address>
         <run_address>0xbe12</run_address>
         <size>0x94</size>
         <input_file_ref idref="fl-27"/>
      </object_component>
      <object_component id="oc-1b1">
         <name>.text:get_bluerobin_data</name>
         <load_address>0xbea6</load_address>
         <run_address>0xbea6</run_address>
         <size>0x90</size>
         <input_file_ref idref="fl-15"/>
      </object_component>
      <object_component id="oc-ed">
         <name>.text</name>
         <load_address>0xbf36</load_address>
         <run_address>0xbf36</run_address>
         <size>0x8e</size>
         <input_file_ref idref="fl-48"/>
      </object_component>
      <object_component id="oc-24c">
         <name>.text:ps_i2c_sda</name>
         <load_address>0xbfc4</load_address>
         <run_address>0xbfc4</run_address>
         <size>0x8c</size>
         <input_file_ref idref="fl-29"/>
      </object_component>
      <object_component id="oc-1f8">
         <name>.text:read_calibration_values</name>
         <load_address>0xc050</load_address>
         <run_address>0xc050</run_address>
         <size>0x8c</size>
         <input_file_ref idref="fl-2"/>
      </object_component>
      <object_component id="oc-20c">
         <name>.text:SMPL_Init</name>
         <load_address>0xc0dc</load_address>
         <run_address>0xc0dc</run_address>
         <size>0x8a</size>
         <input_file_ref idref="fl-c"/>
      </object_component>
      <object_component id="oc-231">
         <name>.text:nwk_buildFrame</name>
         <load_address>0xc166</load_address>
         <run_address>0xc166</run_address>
         <size>0x8a</size>
         <input_file_ref idref="fl-d"/>
      </object_component>
      <object_component id="oc-247">
         <name>.text:GetData_v</name>
         <load_address>0xc1f0</load_address>
         <run_address>0xc1f0</run_address>
         <size>0x86</size>
         <input_file_ref idref="fl-35"/>
      </object_component>
      <object_component id="oc-25a">
         <name>.text:TrimACLK_Offset_v</name>
         <load_address>0xc276</load_address>
         <run_address>0xc276</run_address>
         <size>0x86</size>
         <input_file_ref idref="fl-35"/>
      </object_component>
      <object_component id="oc-170">
         <name>.text:_isr:TIMER0_A1_5_ISR</name>
         <load_address>0xc2fc</load_address>
         <run_address>0xc2fc</run_address>
         <size>0x84</size>
         <input_file_ref idref="fl-2c"/>
      </object_component>
      <object_component id="oc-1de">
         <name>.text:get_numberOfDays</name>
         <load_address>0xc380</load_address>
         <run_address>0xc380</run_address>
         <size>0x82</size>
         <input_file_ref idref="fl-17"/>
      </object_component>
      <object_component id="oc-1eb">
         <name>.text:BRRX_RadioReceive_v</name>
         <load_address>0xc402</load_address>
         <run_address>0xc402</run_address>
         <size>0x7e</size>
         <input_file_ref idref="fl-33"/>
      </object_component>
      <object_component id="oc-246">
         <name>.text:nwk_sendAckReply</name>
         <load_address>0xc480</load_address>
         <run_address>0xc480</run_address>
         <size>0x7c</size>
         <input_file_ref idref="fl-d"/>
      </object_component>
      <object_component id="oc-1c3">
         <name>.text:display_char</name>
         <load_address>0xc4fc</load_address>
         <run_address>0xc4fc</run_address>
         <size>0x7a</size>
         <input_file_ref idref="fl-26"/>
      </object_component>
      <object_component id="oc-21e">
         <name>.text:nwk_QfindSlot</name>
         <load_address>0xc576</load_address>
         <run_address>0xc576</run_address>
         <size>0x78</size>
         <input_file_ref idref="fl-b"/>
      </object_component>
      <object_component id="oc-233">
         <name>.text:nwk_radioControl</name>
         <load_address>0xc5ee</load_address>
         <run_address>0xc5ee</run_address>
         <size>0x78</size>
         <input_file_ref idref="fl-4"/>
      </object_component>
      <object_component id="oc-220">
         <name>.text:mrfiRadioInterfaceCmdStrobe</name>
         <load_address>0xc666</load_address>
         <run_address>0xc666</run_address>
         <size>0x74</size>
         <input_file_ref idref="fl-f"/>
      </object_component>
      <object_component id="oc-22c">
         <name>.text:ps_read_register</name>
         <load_address>0xc6da</load_address>
         <run_address>0xc6da</run_address>
         <size>0x72</size>
         <input_file_ref idref="fl-29"/>
      </object_component>
      <object_component id="oc-202">
         <name>.text:BRRX_RadioInit_v</name>
         <load_address>0xc74c</load_address>
         <run_address>0xc74c</run_address>
         <size>0x70</size>
         <input_file_ref idref="fl-33"/>
      </object_component>
      <object_component id="oc-201">
         <name>.text:ResetTXCB_v</name>
         <load_address>0xc7bc</load_address>
         <run_address>0xc7bc</run_address>
         <size>0x6a</size>
         <input_file_ref idref="fl-38"/>
      </object_component>
      <object_component id="oc-230">
         <name>.text:WritePATable</name>
         <load_address>0xc826</load_address>
         <run_address>0xc826</run_address>
         <size>0x6a</size>
         <input_file_ref idref="fl-2b"/>
      </object_component>
      <object_component id="oc-238">
         <name>.text:nwk_getNextConnection</name>
         <load_address>0xc890</load_address>
         <run_address>0xc890</run_address>
         <size>0x6a</size>
         <input_file_ref idref="fl-a"/>
      </object_component>
      <object_component id="oc-1f7">
         <name>.text:cma_ps_init</name>
         <load_address>0xc8fa</load_address>
         <run_address>0xc8fa</run_address>
         <size>0x66</size>
         <input_file_ref idref="fl-25"/>
      </object_component>
      <object_component id="oc-254">
         <name>.text:nwk_processPing</name>
         <load_address>0xc960</load_address>
         <run_address>0xc960</run_address>
         <size>0x66</size>
         <input_file_ref idref="fl-8"/>
      </object_component>
      <object_component id="oc-1c9">
         <name>.text:bmp_as_start</name>
         <load_address>0xc9c6</load_address>
         <run_address>0xc9c6</run_address>
         <size>0x64</size>
         <input_file_ref idref="fl-21"/>
      </object_component>
      <object_component id="oc-1a9">
         <name>.text:MRFI_RadioIsr</name>
         <load_address>0xca2a</load_address>
         <run_address>0xca2a</run_address>
         <size>0x62</size>
         <input_file_ref idref="fl-f"/>
      </object_component>
      <object_component id="oc-1a2">
         <name>.text:Timer0_A4_Delay</name>
         <load_address>0xca8c</load_address>
         <run_address>0xca8c</run_address>
         <size>0x62</size>
         <input_file_ref idref="fl-2c"/>
      </object_component>
      <object_component id="oc-20b">
         <name>.text:SMPL_SendOpt</name>
         <load_address>0xcaee</load_address>
         <run_address>0xcaee</run_address>
         <size>0x60</size>
         <input_file_ref idref="fl-c"/>
      </object_component>
      <object_component id="oc-1f9">
         <name>.text:as_read_register</name>
         <load_address>0xcb4e</load_address>
         <run_address>0xcb4e</run_address>
         <size>0x60</size>
         <input_file_ref idref="fl-20"/>
      </object_component>
      <object_component id="oc-1fd">
         <name>.text:as_write_register</name>
         <load_address>0xcbae</load_address>
         <run_address>0xcbae</run_address>
         <size>0x60</size>
         <input_file_ref idref="fl-20"/>
      </object_component>
      <object_component id="oc-1e7">
         <name>.text:BRRX_PacketEndTimerTask_v</name>
         <load_address>0xcc0e</load_address>
         <run_address>0xcc0e</run_address>
         <size>0x5e</size>
         <input_file_ref idref="fl-33"/>
      </object_component>
      <object_component id="oc-248">
         <name>.text:PrepareForFirstPacket_v</name>
         <load_address>0xcc6c</load_address>
         <run_address>0xcc6c</run_address>
         <size>0x5c</size>
         <input_file_ref idref="fl-35"/>
      </object_component>
      <object_component id="oc-197">
         <name>.text:display_battery_V</name>
         <load_address>0xccc8</load_address>
         <run_address>0xccc8</run_address>
         <size>0x5c</size>
         <input_file_ref idref="fl-14"/>
      </object_component>
      <object_component id="oc-1e5">
         <name>.text:toggle_buzzer</name>
         <load_address>0xcd24</load_address>
         <run_address>0xcd24</run_address>
         <size>0x5c</size>
         <input_file_ref idref="fl-23"/>
      </object_component>
      <object_component id="oc-1ee">
         <name>.text:write_lcd_mem</name>
         <load_address>0xcd80</load_address>
         <run_address>0xcd80</run_address>
         <size>0x5c</size>
         <input_file_ref idref="fl-26"/>
      </object_component>
      <object_component id="oc-1cc">
         <name>.text:clear_line</name>
         <load_address>0xcddc</load_address>
         <run_address>0xcddc</run_address>
         <size>0x5a</size>
         <input_file_ref idref="fl-26"/>
      </object_component>
      <object_component id="oc-1db">
         <name>.text:BRRX_Start_v</name>
         <load_address>0xce36</load_address>
         <run_address>0xce36</run_address>
         <size>0x58</size>
         <input_file_ref idref="fl-38"/>
      </object_component>
      <object_component id="oc-204">
         <name>.text:BRRX__StartNewSearch_v</name>
         <load_address>0xce8e</load_address>
         <run_address>0xce8e</run_address>
         <size>0x58</size>
         <input_file_ref idref="fl-35"/>
      </object_component>
      <object_component id="oc-1c0">
         <name>.text:bmp_as_get_data</name>
         <load_address>0xcee6</load_address>
         <run_address>0xcee6</run_address>
         <size>0x58</size>
         <input_file_ref idref="fl-21"/>
      </object_component>
      <object_component id="oc-22d">
         <name>.text:ps_write_register</name>
         <load_address>0xcf3e</load_address>
         <run_address>0xcf3e</run_address>
         <size>0x58</size>
         <input_file_ref idref="fl-29"/>
      </object_component>
      <object_component id="oc-d9">
         <name>.text</name>
         <load_address>0xcf96</load_address>
         <run_address>0xcf96</run_address>
         <size>0x58</size>
         <input_file_ref idref="fl-44"/>
      </object_component>
      <object_component id="oc-203">
         <name>.text:BRRX_RadioCalibrate_v</name>
         <load_address>0xcfee</load_address>
         <run_address>0xcfee</run_address>
         <size>0x56</size>
         <input_file_ref idref="fl-33"/>
      </object_component>
      <object_component id="oc-191">
         <name>.text:display_scroller</name>
         <load_address>0xd044</load_address>
         <run_address>0xd044</run_address>
         <size>0x56</size>
         <input_file_ref idref="fl-1b"/>
      </object_component>
      <object_component id="oc-1d1">
         <name>.text:display_hours</name>
         <load_address>0xd09a</load_address>
         <run_address>0xd09a</run_address>
         <size>0x54</size>
         <input_file_ref idref="fl-26"/>
      </object_component>
      <object_component id="oc-24d">
         <name>.text:ps_i2c_read</name>
         <load_address>0xd0ee</load_address>
         <run_address>0xd0ee</run_address>
         <size>0x54</size>
         <input_file_ref idref="fl-29"/>
      </object_component>
      <object_component id="oc-23c">
         <name>.text:MRFI_ReplyDelay</name>
         <load_address>0xd142</load_address>
         <run_address>0xd142</run_address>
         <size>0x52</size>
         <input_file_ref idref="fl-f"/>
      </object_component>
      <object_component id="oc-227">
         <name>.text:TestStartTime_v</name>
         <load_address>0xd194</load_address>
         <run_address>0xd194</run_address>
         <size>0x52</size>
         <input_file_ref idref="fl-35"/>
      </object_component>
      <object_component id="oc-1c8">
         <name>.text:cma_as_start</name>
         <load_address>0xd1e6</load_address>
         <run_address>0xd1e6</run_address>
         <size>0x52</size>
         <input_file_ref idref="fl-24"/>
      </object_component>
      <object_component id="oc-1ff">
         <name>.text:button_repeat_function</name>
         <load_address>0xd238</load_address>
         <run_address>0xd238</run_address>
         <size>0x50</size>
         <input_file_ref idref="fl-28"/>
      </object_component>
      <object_component id="oc-18e">
         <name>.text:display_heartrate</name>
         <load_address>0xd288</load_address>
         <run_address>0xd288</run_address>
         <size>0x50</size>
         <input_file_ref idref="fl-15"/>
      </object_component>
      <object_component id="oc-182">
         <name>.text:sx_rfbsl</name>
         <load_address>0xd2d8</load_address>
         <run_address>0xd2d8</run_address>
         <size>0x50</size>
         <input_file_ref idref="fl-19"/>
      </object_component>
      <object_component id="oc-222">
         <name>.text:SearchPacketCheck_u8</name>
         <load_address>0xd328</load_address>
         <run_address>0xd328</run_address>
         <size>0x4e</size>
         <input_file_ref idref="fl-35"/>
      </object_component>
      <object_component id="oc-fc">
         <name>.text</name>
         <load_address>0xd376</load_address>
         <run_address>0xd376</run_address>
         <size>0x4c</size>
         <input_file_ref idref="fl-4b"/>
      </object_component>
      <object_component id="oc-174">
         <name>.text:_auto_init</name>
         <load_address>0xd3c2</load_address>
         <run_address>0xd3c2</run_address>
         <size>0x4a</size>
         <input_file_ref idref="fl-6e"/>
      </object_component>
      <object_component id="oc-e8">
         <name>.text</name>
         <load_address>0xd40c</load_address>
         <run_address>0xd40c</run_address>
         <size>0x4a</size>
         <input_file_ref idref="fl-47"/>
      </object_component>
      <object_component id="oc-24a">
         <name>.text:BR__CalcRandomTimeOffset_u16</name>
         <load_address>0xd456</load_address>
         <run_address>0xd456</run_address>
         <size>0x48</size>
         <input_file_ref idref="fl-39"/>
      </object_component>
      <object_component id="oc-1dd">
         <name>.text:stop_bluerobin</name>
         <load_address>0xd49e</load_address>
         <run_address>0xd49e</run_address>
         <size>0x48</size>
         <input_file_ref idref="fl-15"/>
      </object_component>
      <object_component id="oc-23d">
         <name>.text:MRFI_RxIdle</name>
         <load_address>0xd4e6</load_address>
         <run_address>0xd4e6</run_address>
         <size>0x46</size>
         <input_file_ref idref="fl-f"/>
      </object_component>
      <object_component id="oc-217">
         <name>.text:ReadBurstReg</name>
         <load_address>0xd52c</load_address>
         <run_address>0xd52c</run_address>
         <size>0x46</size>
         <input_file_ref idref="fl-2b"/>
      </object_component>
      <object_component id="oc-22f">
         <name>.text:WriteBurstReg</name>
         <load_address>0xd572</load_address>
         <run_address>0xd572</run_address>
         <size>0x46</size>
         <input_file_ref idref="fl-2b"/>
      </object_component>
      <object_component id="oc-259">
         <name>.text:nwk_processMgmt</name>
         <load_address>0xd5b8</load_address>
         <run_address>0xd5b8</run_address>
         <size>0x46</size>
         <input_file_ref idref="fl-7"/>
      </object_component>
      <object_component id="oc-101">
         <name>.text</name>
         <load_address>0xd5fe</load_address>
         <run_address>0xd5fe</run_address>
         <size>0x46</size>
         <input_file_ref idref="fl-4c"/>
      </object_component>
      <object_component id="oc-1a5">
         <name>.text:start_buzzer</name>
         <load_address>0xd644</load_address>
         <run_address>0xd644</run_address>
         <size>0x46</size>
         <input_file_ref idref="fl-23"/>
      </object_component>
      <object_component id="oc-219">
         <name>.text:mrfiRadioInterfaceReadReg</name>
         <load_address>0xd68a</load_address>
         <run_address>0xd68a</run_address>
         <size>0x44</size>
         <input_file_ref idref="fl-f"/>
      </object_component>
      <object_component id="oc-224">
         <name>.text:PacketHit_u8</name>
         <load_address>0xd6ce</load_address>
         <run_address>0xd6ce</run_address>
         <size>0x42</size>
         <input_file_ref idref="fl-35"/>
      </object_component>
      <object_component id="oc-249">
         <name>.text:BRRX__NewInfo_v</name>
         <load_address>0xd710</load_address>
         <run_address>0xd710</run_address>
         <size>0x40</size>
         <input_file_ref idref="fl-38"/>
      </object_component>
      <object_component id="oc-24e">
         <name>.text:ps_i2c_write</name>
         <load_address>0xd750</load_address>
         <run_address>0xd750</run_address>
         <size>0x40</size>
         <input_file_ref idref="fl-29"/>
      </object_component>
      <object_component id="oc-d4">
         <name>.text</name>
         <load_address>0xd790</load_address>
         <run_address>0xd790</run_address>
         <size>0x40</size>
         <input_file_ref idref="fl-43"/>
      </object_component>
      <object_component id="oc-1da">
         <name>.text:BRRX_SetID_v</name>
         <load_address>0xd7d0</load_address>
         <run_address>0xd7d0</run_address>
         <size>0x3e</size>
         <input_file_ref idref="fl-38"/>
      </object_component>
      <object_component id="oc-218">
         <name>.text:BRRX__DecodePacket_u8</name>
         <load_address>0xd80e</load_address>
         <run_address>0xd80e</run_address>
         <size>0x3e</size>
         <input_file_ref idref="fl-37"/>
      </object_component>
      <object_component id="oc-25b">
         <name>.text:l_lsr_const</name>
         <load_address>0xd84c</load_address>
         <run_address>0xd84c</run_address>
         <size>0x3e</size>
         <input_file_ref idref="fl-5f"/>
      </object_component>
      <object_component id="oc-1ac">
         <name>.text:BRRX_TimerTask_v</name>
         <load_address>0xd88a</load_address>
         <run_address>0xd88a</run_address>
         <size>0x3c</size>
         <input_file_ref idref="fl-34"/>
      </object_component>
      <object_component id="oc-1fc">
         <name>.text:as_start</name>
         <load_address>0xd8c6</load_address>
         <run_address>0xd8c6</run_address>
         <size>0x3c</size>
         <input_file_ref idref="fl-20"/>
      </object_component>
      <object_component id="oc-1aa">
         <name>.text:update_stopwatch_timer</name>
         <load_address>0xd902</load_address>
         <run_address>0xd902</run_address>
         <size>0x3c</size>
         <input_file_ref idref="fl-1c"/>
      </object_component>
      <object_component id="oc-1d8">
         <name>.text:WriteSingleReg</name>
         <load_address>0xd93e</load_address>
         <run_address>0xd93e</run_address>
         <size>0x3a</size>
         <input_file_ref idref="fl-2b"/>
      </object_component>
      <object_component id="oc-260">
         <name>.text:nwk_isValidReply</name>
         <load_address>0xd978</load_address>
         <run_address>0xd978</run_address>
         <size>0x3a</size>
         <input_file_ref idref="fl-a"/>
      </object_component>
      <object_component id="oc-1d4">
         <name>.text:BRRX_Init_v</name>
         <load_address>0xd9b2</load_address>
         <run_address>0xd9b2</run_address>
         <size>0x38</size>
         <input_file_ref idref="fl-38"/>
      </object_component>
      <object_component id="oc-16f">
         <name>.text:_isr:radio_ISR</name>
         <load_address>0xd9ea</load_address>
         <run_address>0xd9ea</run_address>
         <size>0x38</size>
         <input_file_ref idref="fl-2a"/>
      </object_component>
      <object_component id="oc-236">
         <name>.text:mrfiRadioInterfaceWriteReg</name>
         <load_address>0xda22</load_address>
         <run_address>0xda22</run_address>
         <size>0x36</size>
         <input_file_ref idref="fl-f"/>
      </object_component>
      <object_component id="oc-f2">
         <name>.text</name>
         <load_address>0xda58</load_address>
         <run_address>0xda58</run_address>
         <size>0x36</size>
         <input_file_ref idref="fl-49"/>
      </object_component>
      <object_component id="oc-243">
         <name>.text:BR__CalcCRC_u8</name>
         <load_address>0xda8e</load_address>
         <run_address>0xda8e</run_address>
         <size>0x34</size>
         <input_file_ref idref="fl-39"/>
      </object_component>
      <object_component id="oc-226">
         <name>.text:TrimRFCLK_Offset_v</name>
         <load_address>0xdac2</load_address>
         <run_address>0xdac2</run_address>
         <size>0x34</size>
         <input_file_ref idref="fl-35"/>
      </object_component>
      <object_component id="oc-1f4">
         <name>.text:radio_reset</name>
         <load_address>0xdaf6</load_address>
         <run_address>0xdaf6</run_address>
         <size>0x34</size>
         <input_file_ref idref="fl-2a"/>
      </object_component>
      <object_component id="oc-17e">
         <name>.text:sx_stopwatch</name>
         <load_address>0xdb2a</load_address>
         <run_address>0xdb2a</run_address>
         <size>0x34</size>
         <input_file_ref idref="fl-1c"/>
      </object_component>
      <object_component id="oc-1ea">
         <name>.text:BRRX_RadioStop_v</name>
         <load_address>0xdb5e</load_address>
         <run_address>0xdb5e</run_address>
         <size>0x32</size>
         <input_file_ref idref="fl-33"/>
      </object_component>
      <object_component id="oc-23b">
         <name>.text:MRFI_RxOn</name>
         <load_address>0xdb90</load_address>
         <run_address>0xdb90</run_address>
         <size>0x32</size>
         <input_file_ref idref="fl-f"/>
      </object_component>
      <object_component id="oc-1ae">
         <name>.text:as_stop</name>
         <load_address>0xdbc2</load_address>
         <run_address>0xdbc2</run_address>
         <size>0x32</size>
         <input_file_ref idref="fl-20"/>
      </object_component>
      <object_component id="oc-1bf">
         <name>.text:cma_as_get_data</name>
         <load_address>0xdbf4</load_address>
         <run_address>0xdbf4</run_address>
         <size>0x32</size>
         <input_file_ref idref="fl-24"/>
      </object_component>
      <object_component id="oc-21a">
         <name>.text:mrfiRadioInterfaceReadRxFifo</name>
         <load_address>0xdc26</load_address>
         <run_address>0xdc26</run_address>
         <size>0x32</size>
         <input_file_ref idref="fl-f"/>
      </object_component>
      <object_component id="oc-106">
         <name>.text</name>
         <load_address>0xdc58</load_address>
         <run_address>0xdc58</run_address>
         <size>0x32</size>
         <input_file_ref idref="fl-4d"/>
      </object_component>
      <object_component id="oc-188">
         <name>.text:sx_alarm</name>
         <load_address>0xdc8a</load_address>
         <run_address>0xdc8a</run_address>
         <size>0x32</size>
         <input_file_ref idref="fl-13"/>
      </object_component>
      <object_component id="oc-232">
         <name>.text:nwk_sendFrame</name>
         <load_address>0xdcbc</load_address>
         <run_address>0xdcbc</run_address>
         <size>0x30</size>
         <input_file_ref idref="fl-d"/>
      </object_component>
      <object_component id="oc-242">
         <name>.text:nwk_QadjustOrder</name>
         <load_address>0xdcec</load_address>
         <run_address>0xdcec</run_address>
         <size>0x2e</size>
         <input_file_ref idref="fl-b"/>
      </object_component>
      <object_component id="oc-ca">
         <name>.text</name>
         <load_address>0xdd1a</load_address>
         <run_address>0xdd1a</run_address>
         <size>0x2c</size>
         <input_file_ref idref="fl-41"/>
      </object_component>
      <object_component id="oc-1dc">
         <name>.text:BRRX_GetID_u32</name>
         <load_address>0xdd46</load_address>
         <run_address>0xdd46</run_address>
         <size>0x2a</size>
         <input_file_ref idref="fl-38"/>
      </object_component>
      <object_component id="oc-250">
         <name>.text:MRFI_SetRFPwr</name>
         <load_address>0xdd70</load_address>
         <run_address>0xdd70</run_address>
         <size>0x2a</size>
         <input_file_ref idref="fl-f"/>
      </object_component>
      <object_component id="oc-21d">
         <name>.text:Mrfi_CalculateRssi$13</name>
         <load_address>0xdd9a</load_address>
         <run_address>0xdd9a</run_address>
         <size>0x2a</size>
         <input_file_ref idref="fl-f"/>
      </object_component>
      <object_component id="oc-229">
         <name>.text:SearchPacketMissed_u8</name>
         <load_address>0xddc4</load_address>
         <run_address>0xddc4</run_address>
         <size>0x2a</size>
         <input_file_ref idref="fl-35"/>
      </object_component>
      <object_component id="oc-1e6">
         <name>.text:Timer0_A3_Start</name>
         <load_address>0xddee</load_address>
         <run_address>0xddee</run_address>
         <size>0x2a</size>
         <input_file_ref idref="fl-2c"/>
      </object_component>
      <object_component id="oc-240">
         <name>.text:map_lid2idx$8</name>
         <load_address>0xde18</load_address>
         <run_address>0xde18</run_address>
         <size>0x28</size>
         <input_file_ref idref="fl-a"/>
      </object_component>
      <object_component id="oc-17f">
         <name>.text:mx_stopwatch</name>
         <load_address>0xde40</load_address>
         <run_address>0xde40</run_address>
         <size>0x28</size>
         <input_file_ref idref="fl-1c"/>
      </object_component>
      <object_component id="oc-20f">
         <name>.text:nwk_getConnInfo</name>
         <load_address>0xde68</load_address>
         <run_address>0xde68</run_address>
         <size>0x28</size>
         <input_file_ref idref="fl-a"/>
      </object_component>
      <object_component id="oc-1a6">
         <name>.text:stop_buzzer</name>
         <load_address>0xde90</load_address>
         <run_address>0xde90</run_address>
         <size>0x28</size>
         <input_file_ref idref="fl-23"/>
      </object_component>
      <object_component id="oc-23e">
         <name>.text:MRFI_Sleep</name>
         <load_address>0xdeb8</load_address>
         <run_address>0xdeb8</run_address>
         <size>0x26</size>
         <input_file_ref idref="fl-f"/>
      </object_component>
      <object_component id="oc-183">
         <name>.text:display_rfbsl</name>
         <load_address>0xdede</load_address>
         <run_address>0xdede</run_address>
         <size>0x26</size>
         <input_file_ref idref="fl-19"/>
      </object_component>
      <object_component id="oc-210">
         <name>.text:nwk_checkConnInfo</name>
         <load_address>0xdf04</load_address>
         <run_address>0xdf04</run_address>
         <size>0x26</size>
         <input_file_ref idref="fl-a"/>
      </object_component>
      <object_component id="oc-19b">
         <name>.text:sx_ppt</name>
         <load_address>0xdf2a</load_address>
         <run_address>0xdf2a</run_address>
         <size>0x26</size>
         <input_file_ref idref="fl-1a"/>
      </object_component>
      <object_component id="oc-199">
         <name>.text:sx_rf</name>
         <load_address>0xdf50</load_address>
         <run_address>0xdf50</run_address>
         <size>0x26</size>
         <input_file_ref idref="fl-1a"/>
      </object_component>
      <object_component id="oc-1d9">
         <name>.text:BRRX_GetState_t</name>
         <load_address>0xdf76</load_address>
         <run_address>0xdf76</run_address>
         <size>0x24</size>
         <input_file_ref idref="fl-38"/>
      </object_component>
      <object_component id="oc-22b">
         <name>.text:ps_init</name>
         <load_address>0xdf9a</load_address>
         <run_address>0xdf9a</run_address>
         <size>0x24</size>
         <input_file_ref idref="fl-29"/>
      </object_component>
      <object_component id="oc-10b">
         <name>.text</name>
         <load_address>0xdfbe</load_address>
         <run_address>0xdfbe</run_address>
         <size>0x24</size>
         <input_file_ref idref="fl-4e"/>
      </object_component>
      <object_component id="oc-23f">
         <name>.text:BSP_Delay</name>
         <load_address>0xdfe2</load_address>
         <run_address>0xdfe2</run_address>
         <size>0x22</size>
         <input_file_ref idref="fl-10"/>
      </object_component>
      <object_component id="oc-1d0">
         <name>.text:display_value</name>
         <load_address>0xe004</load_address>
         <run_address>0xe004</run_address>
         <size>0x22</size>
         <input_file_ref idref="fl-26"/>
      </object_component>
      <object_component id="oc-244">
         <name>.text:memcmp</name>
         <load_address>0xe026</load_address>
         <run_address>0xe026</run_address>
         <size>0x22</size>
         <input_file_ref idref="fl-60"/>
      </object_component>
      <object_component id="oc-1e3">
         <name>.text</name>
         <load_address>0xe048</load_address>
         <run_address>0xe048</run_address>
         <size>0x22</size>
         <input_file_ref idref="fl-69"/>
      </object_component>
      <object_component id="oc-17a">
         <name>.text:sx_acceleration</name>
         <load_address>0xe06a</load_address>
         <run_address>0xe06a</run_address>
         <size>0x22</size>
         <input_file_ref idref="fl-12"/>
      </object_component>
      <object_component id="oc-1f1">
         <name>.text:BRRX_GetDistance_u16</name>
         <load_address>0xe08c</load_address>
         <run_address>0xe08c</run_address>
         <size>0x20</size>
         <input_file_ref idref="fl-38"/>
      </object_component>
      <object_component id="oc-1f0">
         <name>.text:BRRX_GetSpeed_u8</name>
         <load_address>0xe0ac</load_address>
         <run_address>0xe0ac</run_address>
         <size>0x20</size>
         <input_file_ref idref="fl-38"/>
      </object_component>
      <object_component id="oc-1ec">
         <name>.text:SetAbsoluteTimer_v</name>
         <load_address>0xe0cc</load_address>
         <run_address>0xe0cc</run_address>
         <size>0x1e</size>
         <input_file_ref idref="fl-34"/>
      </object_component>
      <object_component id="oc-1b0">
         <name>.text:display_symbol</name>
         <load_address>0xe0ea</load_address>
         <run_address>0xe0ea</run_address>
         <size>0x1e</size>
         <input_file_ref idref="fl-26"/>
      </object_component>
      <object_component id="oc-253">
         <name>.text:memmove</name>
         <load_address>0xe108</load_address>
         <run_address>0xe108</run_address>
         <size>0x1e</size>
         <input_file_ref idref="fl-62"/>
      </object_component>
      <object_component id="oc-256">
         <name>.text:nwk_processJoin</name>
         <load_address>0xe126</load_address>
         <run_address>0xe126</run_address>
         <size>0x1e</size>
         <input_file_ref idref="fl-5"/>
      </object_component>
      <object_component id="oc-20e">
         <name>.text:Mrfi_DelayUsec$13</name>
         <load_address>0xe144</load_address>
         <run_address>0xe144</run_address>
         <size>0x1c</size>
         <input_file_ref idref="fl-f"/>
      </object_component>
      <object_component id="oc-1cd">
         <name>.text:clear_display_all</name>
         <load_address>0xe160</load_address>
         <run_address>0xe160</run_address>
         <size>0x1c</size>
         <input_file_ref idref="fl-26"/>
      </object_component>
      <object_component id="oc-1e2">
         <name>.text:close_radio</name>
         <load_address>0xe17c</load_address>
         <run_address>0xe17c</run_address>
         <size>0x1c</size>
         <input_file_ref idref="fl-2a"/>
      </object_component>
      <object_component id="oc-23a">
         <name>.text:nwk_putNumObjectIntoMsg</name>
         <load_address>0xe198</load_address>
         <run_address>0xe198</run_address>
         <size>0x1c</size>
         <input_file_ref idref="fl-a"/>
      </object_component>
      <object_component id="oc-223">
         <name>.text:GetPacketTolerance_u8</name>
         <load_address>0xe1b4</load_address>
         <run_address>0xe1b4</run_address>
         <size>0x1a</size>
         <input_file_ref idref="fl-35"/>
      </object_component>
      <object_component id="oc-172">
         <name>.text:_isr:ADC12ISR</name>
         <load_address>0xe1ce</load_address>
         <run_address>0xe1ce</run_address>
         <size>0x1a</size>
         <input_file_ref idref="fl-1f"/>
      </object_component>
      <object_component id="oc-7e">
         <name>.text:_isr:_c_int00_noargs_noexit</name>
         <load_address>0xe1e8</load_address>
         <run_address>0xe1e8</run_address>
         <size>0x1a</size>
         <input_file_ref idref="fl-3c"/>
      </object_component>
      <object_component id="oc-1d2">
         <name>.text:display_am_pm_symbol</name>
         <load_address>0xe202</load_address>
         <run_address>0xe202</run_address>
         <size>0x1a</size>
         <input_file_ref idref="fl-26"/>
      </object_component>
      <object_component id="oc-1a4">
         <name>.text:stop_stopwatch</name>
         <load_address>0xe21c</load_address>
         <run_address>0xe21c</run_address>
         <size>0x1a</size>
         <input_file_ref idref="fl-1c"/>
      </object_component>
      <object_component id="oc-19f">
         <name>.text:sx_caldist</name>
         <load_address>0xe236</load_address>
         <run_address>0xe236</run_address>
         <size>0x1a</size>
         <input_file_ref idref="fl-15"/>
      </object_component>
      <object_component id="oc-216">
         <name>.text:ReadSingleReg</name>
         <load_address>0xe250</load_address>
         <run_address>0xe250</run_address>
         <size>0x18</size>
         <input_file_ref idref="fl-2b"/>
      </object_component>
      <object_component id="oc-1ce">
         <name>.text:display_selection_Timeformat1</name>
         <load_address>0xe268</load_address>
         <run_address>0xe268</run_address>
         <size>0x16</size>
         <input_file_ref idref="fl-16"/>
      </object_component>
      <object_component id="oc-1e4">
         <name>.text:display_selection_User_Gender</name>
         <load_address>0xe27e</load_address>
         <run_address>0xe27e</run_address>
         <size>0x16</size>
         <input_file_ref idref="fl-15"/>
      </object_component>
      <object_component id="oc-cf">
         <name>.text</name>
         <load_address>0xe294</load_address>
         <run_address>0xe294</run_address>
         <size>0x16</size>
         <input_file_ref idref="fl-42"/>
      </object_component>
      <object_component id="oc-1c6">
         <name>.text</name>
         <load_address>0xe2aa</load_address>
         <run_address>0xe2aa</run_address>
         <size>0x16</size>
         <input_file_ref idref="fl-66"/>
      </object_component>
      <object_component id="oc-19c">
         <name>.text:display_ppt</name>
         <load_address>0xe2c0</load_address>
         <run_address>0xe2c0</run_address>
         <size>0x14</size>
         <input_file_ref idref="fl-1a"/>
      </object_component>
      <object_component id="oc-19a">
         <name>.text:display_rf</name>
         <load_address>0xe2d4</load_address>
         <run_address>0xe2d4</run_address>
         <size>0x14</size>
         <input_file_ref idref="fl-1a"/>
      </object_component>
      <object_component id="oc-19e">
         <name>.text:display_sync</name>
         <load_address>0xe2e8</load_address>
         <run_address>0xe2e8</run_address>
         <size>0x14</size>
         <input_file_ref idref="fl-1a"/>
      </object_component>
      <object_component id="oc-1a3">
         <name>.text:is_stopwatch</name>
         <load_address>0xe2fc</load_address>
         <run_address>0xe2fc</run_address>
         <size>0x14</size>
         <input_file_ref idref="fl-1c"/>
      </object_component>
      <object_component id="oc-1a8">
         <name>.text:BlueRobin_RadioISR_v</name>
         <load_address>0xe310</load_address>
         <run_address>0xe310</run_address>
         <size>0x12</size>
         <input_file_ref idref="fl-33"/>
      </object_component>
      <object_component id="oc-1b2">
         <name>.text:memcpy</name>
         <load_address>0xe322</load_address>
         <run_address>0xe322</run_address>
         <size>0x12</size>
         <input_file_ref idref="fl-61"/>
      </object_component>
      <object_component id="oc-21b">
         <name>.text:memset</name>
         <load_address>0xe334</load_address>
         <run_address>0xe334</run_address>
         <size>0x12</size>
         <input_file_ref idref="fl-63"/>
      </object_component>
      <object_component id="oc-1d3">
         <name>.text:open_radio</name>
         <load_address>0xe346</load_address>
         <run_address>0xe346</run_address>
         <size>0x12</size>
         <input_file_ref idref="fl-2a"/>
      </object_component>
      <object_component id="oc-206">
         <name>.text:BRRX__StartTimer_v</name>
         <load_address>0xe358</load_address>
         <run_address>0xe358</run_address>
         <size>0x10</size>
         <input_file_ref idref="fl-34"/>
      </object_component>
      <object_component id="oc-1ca">
         <name>.text:l_lsl</name>
         <load_address>0xe368</load_address>
         <run_address>0xe368</run_address>
         <size>0x10</size>
         <input_file_ref idref="fl-5e"/>
      </object_component>
      <object_component id="oc-1cb">
         <name>.text:l_lsr</name>
         <load_address>0xe378</load_address>
         <run_address>0xe378</run_address>
         <size>0x10</size>
         <input_file_ref idref="fl-5f"/>
      </object_component>
      <object_component id="oc-1f5">
         <name>.text:radio_powerdown</name>
         <load_address>0xe388</load_address>
         <run_address>0xe388</run_address>
         <size>0x10</size>
         <input_file_ref idref="fl-2a"/>
      </object_component>
      <object_component id="oc-193">
         <name>.text:sx_date</name>
         <load_address>0xe398</load_address>
         <run_address>0xe398</run_address>
         <size>0x10</size>
         <input_file_ref idref="fl-17"/>
      </object_component>
      <object_component id="oc-185">
         <name>.text:sx_time</name>
         <load_address>0xe3a8</load_address>
         <run_address>0xe3a8</run_address>
         <size>0x10</size>
         <input_file_ref idref="fl-16"/>
      </object_component>
      <object_component id="oc-221">
         <name>.text:BRRX__GetCurrentTime_u16</name>
         <load_address>0xe3b8</load_address>
         <run_address>0xe3b8</run_address>
         <size>0xc</size>
         <input_file_ref idref="fl-34"/>
      </object_component>
      <object_component id="oc-1a7">
         <name>.text:is_rf</name>
         <load_address>0xe3c4</load_address>
         <run_address>0xe3c4</run_address>
         <size>0xc</size>
         <input_file_ref idref="fl-1a"/>
      </object_component>
      <object_component id="oc-17d">
         <name>.text:update_acceleration</name>
         <load_address>0xe3d0</load_address>
         <run_address>0xe3d0</run_address>
         <size>0xc</size>
         <input_file_ref idref="fl-18"/>
      </object_component>
      <object_component id="oc-198">
         <name>.text:update_battery_voltage</name>
         <load_address>0xe3dc</load_address>
         <run_address>0xe3dc</run_address>
         <size>0xc</size>
         <input_file_ref idref="fl-18"/>
      </object_component>
      <object_component id="oc-196">
         <name>.text:update_date</name>
         <load_address>0xe3e8</load_address>
         <run_address>0xe3e8</run_address>
         <size>0xc</size>
         <input_file_ref idref="fl-18"/>
      </object_component>
      <object_component id="oc-192">
         <name>.text:update_scroller</name>
         <load_address>0xe3f4</load_address>
         <run_address>0xe3f4</run_address>
         <size>0xc</size>
         <input_file_ref idref="fl-18"/>
      </object_component>
      <object_component id="oc-181">
         <name>.text:update_stopwatch</name>
         <load_address>0xe400</load_address>
         <run_address>0xe400</run_address>
         <size>0xc</size>
         <input_file_ref idref="fl-18"/>
      </object_component>
      <object_component id="oc-205">
         <name>.text:BRRX__IsTimerRunning_v</name>
         <load_address>0xe40c</load_address>
         <run_address>0xe40c</run_address>
         <size>0xa</size>
         <input_file_ref idref="fl-34"/>
      </object_component>
      <object_component id="oc-22a">
         <name>.text:BRRX__StopTimer_v</name>
         <load_address>0xe416</load_address>
         <run_address>0xe416</run_address>
         <size>0xa</size>
         <input_file_ref idref="fl-34"/>
      </object_component>
      <object_component id="oc-18b">
         <name>.text:update_alarm</name>
         <load_address>0xe420</load_address>
         <run_address>0xe420</run_address>
         <size>0xa</size>
         <input_file_ref idref="fl-18"/>
      </object_component>
      <object_component id="oc-184">
         <name>.text:update_time</name>
         <load_address>0xe42a</load_address>
         <run_address>0xe42a</run_address>
         <size>0xa</size>
         <input_file_ref idref="fl-18"/>
      </object_component>
      <object_component id="oc-24b">
         <name>.text:BRRX_GetFS_Offset_s8</name>
         <load_address>0xe434</load_address>
         <run_address>0xe434</run_address>
         <size>0x8</size>
         <input_file_ref idref="fl-33"/>
      </object_component>
      <object_component id="oc-1d7">
         <name>.text:BRRX_SetSignalLevelReduction_v</name>
         <load_address>0xe43c</load_address>
         <run_address>0xe43c</run_address>
         <size>0x8</size>
         <input_file_ref idref="fl-38"/>
      </object_component>
      <object_component id="oc-1ef">
         <name>.text:BRRX_GetHeartRate_u8</name>
         <load_address>0xe444</load_address>
         <run_address>0xe444</run_address>
         <size>0x6</size>
         <input_file_ref idref="fl-38"/>
      </object_component>
      <object_component id="oc-1d5">
         <name>.text:BRRX_SetPowerdownDelay_v</name>
         <load_address>0xe44a</load_address>
         <run_address>0xe44a</run_address>
         <size>0x6</size>
         <input_file_ref idref="fl-38"/>
      </object_component>
      <object_component id="oc-1d6">
         <name>.text:BRRX_SetSearchTimeout_v</name>
         <load_address>0xe450</load_address>
         <run_address>0xe450</run_address>
         <size>0x6</size>
         <input_file_ref idref="fl-38"/>
      </object_component>
      <object_component id="oc-208">
         <name>.text:BRRX_Stop_v</name>
         <load_address>0xe456</load_address>
         <run_address>0xe456</run_address>
         <size>0x6</size>
         <input_file_ref idref="fl-38"/>
      </object_component>
      <object_component id="oc-207">
         <name>.text:BRRX__CallTimer_v</name>
         <load_address>0xe45c</load_address>
         <run_address>0xe45c</run_address>
         <size>0x6</size>
         <input_file_ref idref="fl-34"/>
      </object_component>
      <object_component id="oc-200">
         <name>.text:BRRX__InitTimer_v</name>
         <load_address>0xe462</load_address>
         <run_address>0xe462</run_address>
         <size>0x6</size>
[...]
      <symbol id="sm-dfd">
         <name>ReadSingleReg</name>
         <value>0xe250</value>
         <object_component_ref idref="oc-216"/>
      </symbol>
      <symbol id="sm-dfe">
         <name>simpliciti_data</name>
         <value>0x1cee</value>
         <object_component_ref idref="oc-14a"/>
      </symbol>
      <symbol id="sm-dff">
         <name>mrfiRadioInterfaceCmdStrobe</name>
         <value>0xc666</value>
         <object_component_ref idref="oc-220"/>
      </symbol>
      <symbol id="sm-e00">
         <name>display_update</name>
         <value>0xab6c</value>
         <object_component_ref idref="oc-1c2"/>
      </symbol>
      <symbol id="sm-e01">
         <name>sRFsmpl</name>
         <value>0x1d10</value>
         <object_component_ref idref="oc-14a"/>
      </symbol>
      <symbol id="sm-e02">
         <name>nwk_radioControl</name>
         <value>0xc5ee</value>
         <object_component_ref idref="oc-233"/>
      </symbol>
      <symbol id="sm-e03">
         <name>cma_ps_init</name>
         <value>0xc8fa</value>
         <object_component_ref idref="oc-1f7"/>
      </symbol>
      <symbol id="sm-e04">
         <name>sAlarm</name>
         <value>0x1ee2</value>
         <object_component_ref idref="oc-15d"/>
      </symbol>
      <symbol id="sm-e05">
         <name>sx_rfbsl</name>
         <value>0xd2d8</value>
         <object_component_ref idref="oc-182"/>
      </symbol>
      <symbol id="sm-e06">
         <name>read_calibration_values</name>
         <value>0xc050</value>
         <object_component_ref idref="oc-1f8"/>
      </symbol>
      <symbol id="sm-e07">
         <name>nwk_QfindSlot</name>
         <value>0xc576</value>
         <object_component_ref idref="oc-21e"/>
      </symbol>
      <symbol id="sm-e08">
         <name>init_application</name>
         <value>0x977c</value>
         <object_component_ref idref="oc-1bb"/>
      </symbol>
      <symbol id="sm-e09">
         <name>display_char</name>
         <value>0xc4fc</value>
         <object_component_ref idref="oc-1c3"/>
      </symbol>
      <symbol id="sm-e0a">
         <name>cma_mgrav_per_bit</name>
         <value>0xea20</value>
         <object_component_ref idref="oc-1c5"/>
      </symbol>
      <symbol id="sm-e0b">
         <name>main</name>
         <value>0xbc38</value>
         <object_component_ref idref="oc-178"/>
      </symbol>
      <symbol id="sm-e0c">
         <name>sTimer</name>
         <value>0x1ec8</value>
         <object_component_ref idref="oc-165"/>
      </symbol>
      <symbol id="sm-e0d">
         <name>update_stopwatch</name>
         <value>0xe400</value>
         <object_component_ref idref="oc-181"/>
      </symbol>
      <symbol id="sm-e0e">
         <name>MRFI_ReplyDelay</name>
         <value>0xd142</value>
         <object_component_ref idref="oc-23c"/>
      </symbol>
      <symbol id="sm-e0f">
         <name>display_speed</name>
         <value>0xb69a</value>
         <object_component_ref idref="oc-18f"/>
      </symbol>
      <symbol id="sm-e10">
         <name>as_stop</name>
         <value>0xdbc2</value>
         <object_component_ref idref="oc-1ae"/>
      </symbol>
      <symbol id="sm-e11">
         <name>display_alarm</name>
         <value>0xb1c0</value>
         <object_component_ref idref="oc-18a"/>
      </symbol>
      <symbol id="sm-e12">
         <name>MRFI_Transmit</name>
         <value>0x9bc0</value>
         <object_component_ref idref="oc-24f"/>
      </symbol>
      <symbol id="sm-e13">
         <name>display_rfbsl</name>
         <value>0xdede</value>
         <object_component_ref idref="oc-183"/>
      </symbol>
      <symbol id="sm-e14">
         <name>button</name>
         <value>0x1e8e</value>
         <object_component_ref idref="oc-146"/>
      </symbol>
      <symbol id="sm-e15">
         <name>display_scroller</name>
         <value>0xd044</value>
         <object_component_ref idref="oc-191"/>
      </symbol>
      <symbol id="sm-e16">
         <name>selection_User_Gender</name>
         <value>0xea40</value>
         <object_component_ref idref="oc-215"/>
      </symbol>
      <symbol id="sm-e17">
         <name>sx_acceleration</name>
         <value>0xe06a</value>
         <object_component_ref idref="oc-17a"/>
      </symbol>
      <symbol id="sm-e18">
         <name>MRFI_RxIdle</name>
         <value>0xd4e6</value>
         <object_component_ref idref="oc-23d"/>
      </symbol>
      <symbol id="sm-e19">
         <name>message</name>
         <value>0x1e24</value>
         <object_component_ref idref="oc-14b"/>
      </symbol>
      <symbol id="sm-e1a">
         <name>sButton</name>
         <value>0x1e90</value>
         <object_component_ref idref="oc-146"/>
      </symbol>
      <symbol id="sm-e1b">
         <name>battery_measurement</name>
         <value>0xb98e</value>
         <object_component_ref idref="oc-1c1"/>
      </symbol>
      <symbol id="sm-e1c">
         <name>SMPL_Init</name>
         <value>0xc0dc</value>
         <object_component_ref idref="oc-20c"/>
      </symbol>
      <symbol id="sm-e1d">
         <name>SMPL_SendOpt</name>
         <value>0xcaee</value>
         <object_component_ref idref="oc-20b"/>
      </symbol>
      <symbol id="sm-e1e">
         <name>update_date</name>
         <value>0xe3e8</value>
         <object_component_ref idref="oc-196"/>
      </symbol>
      <symbol id="sm-e1f">
         <name>menu_L2_Ppt</name>
         <value>0xe872</value>
         <object_component_ref idref="oc-147"/>
      </symbol>
      <symbol id="sm-e20">
         <name>sStopwatch</name>
         <value>0x1e40</value>
         <object_component_ref idref="oc-162"/>
      </symbol>
      <symbol id="sm-e21">
         <name>mx_time</name>
         <value>0x8d42</value>
         <object_component_ref idref="oc-186"/>
      </symbol>
      <symbol id="sm-e22">
         <name>simpliciti_ed_address</name>
         <value>0x1cea</value>
         <object_component_ref idref="oc-14a"/>
      </symbol>
      <symbol id="sm-e23">
         <name>sBuzzer</name>
         <value>0x1ebc</value>
         <object_component_ref idref="oc-166"/>
      </symbol>
      <symbol id="sm-e24">
         <name>cma_as_get_data</name>
         <value>0xdbf4</value>
         <object_component_ref idref="oc-1bf"/>
      </symbol>
      <symbol id="sm-e25">
         <name>WriteBurstReg</name>
         <value>0xd572</value>
         <object_component_ref idref="oc-22f"/>
      </symbol>
      <symbol id="sm-e26">
         <name>display_chars</name>
         <value>0xb504</value>
         <object_component_ref idref="oc-1af"/>
      </symbol>
      <symbol id="sm-e27">
         <name>menu_L1_Heartrate</name>
         <value>0xe806</value>
         <object_component_ref idref="oc-147"/>
      </symbol>
      <symbol id="sm-e28">
         <name>nwk_retrieveFrame</name>
         <value>0xbd76</value>
         <object_component_ref idref="oc-211"/>
      </symbol>
      <symbol id="sm-e29">
         <name>nwk_isValidReply</name>
         <value>0xd978</value>
         <object_component_ref idref="oc-260"/>
      </symbol>
      <symbol id="sm-e2a">
         <name>Timer0_A4_Delay</name>
         <value>0xca8c</value>
         <object_component_ref idref="oc-1a2"/>
      </symbol>
      <symbol id="sm-e2b">
         <name>bmp_param_b5</name>
         <value>0x1e1c</value>
         <object_component_ref idref="oc-164"/>
      </symbol>
      <symbol id="sm-e2c">
         <name>ReadBurstReg</name>
         <value>0xd52c</value>
         <object_component_ref idref="oc-217"/>
      </symbol>
      <symbol id="sm-e2d">
         <name>nwk_link</name>
         <value>0x9d0c</value>
         <object_component_ref idref="oc-20d"/>
      </symbol>
      <symbol id="sm-e2e">
         <name>nwk_sendAckReply</name>
         <value>0xc480</value>
         <object_component_ref idref="oc-246"/>
      </symbol>
      <symbol id="sm-e2f">
         <name>burst_start</name>
         <value>0x1d18</value>
         <object_component_ref idref="oc-14a"/>
      </symbol>
      <symbol id="sm-e30">
         <name>toggle_buzzer</name>
         <value>0xcd24</value>
         <object_component_ref idref="oc-1e5"/>
      </symbol>
      <symbol id="sm-e31">
         <name>sys</name>
         <value>0x1e20</value>
         <object_component_ref idref="oc-14b"/>
      </symbol>
      <symbol id="sm-e32">
         <name>mx_caldist</name>
         <value>0x8f26</value>
         <object_component_ref idref="oc-1a0"/>
      </symbol>
      <symbol id="sm-e33">
         <name>sx_caldist</name>
         <value>0xe236</value>
         <object_component_ref idref="oc-19f"/>
      </symbol>
      <symbol id="sm-e34">
         <name>nwk_putNumObjectIntoMsg</name>
         <value>0xe198</value>
         <object_component_ref idref="oc-23a"/>
      </symbol>
      <symbol id="sm-e35">
         <name>is_rf</name>
         <value>0xe3c4</value>
         <object_component_ref idref="oc-1a7"/>
      </symbol>
      <symbol id="sm-e36">
         <name>clear_line</name>
         <value>0xcddc</value>
         <object_component_ref idref="oc-1cc"/>
      </symbol>
      <symbol id="sm-e37">
         <name>nwk_allocateLocalRxPort</name>
         <value>0xb368</value>
         <object_component_ref idref="oc-239"/>
      </symbol>
      <symbol id="sm-e38">
         <name>display</name>
         <value>0x1c8c</value>
         <object_component_ref idref="oc-145"/>
      </symbol>
      <symbol id="sm-e39">
         <name>menu_L2_RFBSL</name>
         <value>0xe7d0</value>
         <object_component_ref idref="oc-147"/>
      </symbol>
      <symbol id="sm-e3a">
         <name>update_time</name>
         <value>0xe42a</value>
         <object_component_ref idref="oc-184"/>
      </symbol>
      <symbol id="sm-e3b">
         <name>segments_bitmask</name>
         <value>0xe9a8</value>
         <object_component_ref idref="oc-1ed"/>
      </symbol>
      <symbol id="sm-e3c">
         <name>mx_stopwatch</name>
         <value>0xde40</value>
         <object_component_ref idref="oc-17f"/>
      </symbol>
      <symbol id="sm-e3d">
         <name>PORT2_ISR</name>
         <value>0x8952</value>
         <object_component_ref idref="oc-16e"/>
      </symbol>
      <symbol id="sm-e3e">
         <name>nwk_processSecurity</name>
         <value>0xe480</value>
         <object_component_ref idref="oc-257"/>
      </symbol>
      <symbol id="sm-e3f">
         <name>memmove</name>
         <value>0xe108</value>
         <object_component_ref idref="oc-253"/>
      </symbol>
      <symbol id="sm-e40">
         <name>BSP_Delay</name>
         <value>0xdfe2</value>
         <object_component_ref idref="oc-23f"/>
      </symbol>
      <symbol id="sm-e41">
         <name>clock_tick</name>
         <value>0xbb94</value>
         <object_component_ref idref="oc-1ad"/>
      </symbol>
      <symbol id="sm-e42">
         <name>menu_L1_Speed</name>
         <value>0xe818</value>
         <object_component_ref idref="oc-147"/>
      </symbol>
      <symbol id="sm-e43">
         <name>menu_L1_Time</name>
         <value>0xe7e2</value>
         <object_component_ref idref="oc-147"/>
      </symbol>
      <symbol id="sm-e44">
         <name>nwk_join</name>
         <value>0xa31e</value>
         <object_component_ref idref="oc-237"/>
      </symbol>
      <symbol id="sm-e45">
         <name>nwk_processMgmt</name>
         <value>0xd5b8</value>
         <object_component_ref idref="oc-259"/>
      </symbol>
      <symbol id="sm-e46">
         <name>SMPL_Ioctl</name>
         <value>0x9f94</value>
         <object_component_ref idref="oc-20a"/>
      </symbol>
      <symbol id="sm-e47">
         <name>sx_stopwatch</name>
         <value>0xdb2a</value>
         <object_component_ref idref="oc-17e"/>
      </symbol>
      <symbol id="sm-e48">
         <name>display_acceleration</name>
         <value>0x9450</value>
         <object_component_ref idref="oc-17c"/>
      </symbol>
      <symbol id="sm-e49">
         <name>selection_Timeformat</name>
         <value>0xea38</value>
         <object_component_ref idref="oc-1fe"/>
      </symbol>
      <symbol id="sm-e4a">
         <name>bmp_as_start</name>
         <value>0xc9c6</value>
         <object_component_ref idref="oc-1c9"/>
      </symbol>
      <symbol id="sm-e4b">
         <name>ADC12ISR</name>
         <value>0xe1ce</value>
         <object_component_ref idref="oc-172"/>
      </symbol>
      <symbol id="sm-e4c">
         <name>wakeup_event</name>
         <value>0xad54</value>
         <object_component_ref idref="oc-1be"/>
      </symbol>
      <symbol id="sm-e4d">
         <name>sx_sync</name>
         <value>0xba42</value>
         <object_component_ref idref="oc-19d"/>
      </symbol>
      <symbol id="sm-e4e">
         <name>init_global_variables</name>
         <value>0xa96c</value>
         <object_component_ref idref="oc-1bc"/>
      </symbol>
      <symbol id="sm-e4f">
         <name>menu_L1_Alarm</name>
         <value>0xe7f4</value>
         <object_component_ref idref="oc-147"/>
      </symbol>
      <symbol id="sm-e50">
         <name>MRFI_SetRFPwr</name>
         <value>0xdd70</value>
         <object_component_ref idref="oc-250"/>
      </symbol>
      <symbol id="sm-e51">
         <name>menu_L1_Scroller</name>
         <value>0xe82a</value>
         <object_component_ref idref="oc-147"/>
      </symbol>
      <symbol id="sm-e52">
         <name>nwk_nwkInit</name>
         <value>0x98ee</value>
         <object_component_ref idref="oc-235"/>
      </symbol>
      <symbol id="sm-e53">
         <name>menu_L2_Stopwatch</name>
         <value>0xe7be</value>
         <object_component_ref idref="oc-147"/>
      </symbol>
      <symbol id="sm-e54">
         <name>display_am_pm_symbol</name>
         <value>0xe202</value>
         <object_component_ref idref="oc-1d2"/>
      </symbol>
      <symbol id="sm-e55">
         <name>adc12_result</name>
         <value>0x1eea</value>
         <object_component_ref idref="oc-163"/>
      </symbol>
      <symbol id="sm-e56">
         <name>nwk_QfindOldest</name>
         <value>0xb0e8</value>
         <object_component_ref idref="oc-241"/>
      </symbol>
      <symbol id="sm-e57">
         <name>WritePATable</name>
         <value>0xc826</value>
         <object_component_ref idref="oc-230"/>
      </symbol>
      <symbol id="sm-e58">
         <name>display_rf</name>
         <value>0xe2d4</value>
         <object_component_ref idref="oc-19a"/>
      </symbol>
      <symbol id="sm-e59">
         <name>method</name>
         <value>0xe6ab</value>
         <object_component_ref idref="oc-158"/>
      </symbol>
      <symbol id="sm-e5a">
         <name>sDate</name>
         <value>0x1ed2</value>
         <object_component_ref idref="oc-15f"/>
      </symbol>
      <symbol id="sm-e5b">
         <name>simpliciti_reply_count</name>
         <value>0x1d0f</value>
         <object_component_ref idref="oc-14a"/>
      </symbol>
      <symbol id="sm-e5c">
         <name>display_heartrate</name>
         <value>0xd288</value>
         <object_component_ref idref="oc-18e"/>
      </symbol>
      <symbol id="sm-e5d">
         <name>display_sync</name>
         <value>0xe2e8</value>
         <object_component_ref idref="oc-19e"/>
      </symbol>
      <symbol id="sm-e5e">
         <name>stopwatch_tick</name>
         <value>0x92ae</value>
         <object_component_ref idref="oc-1ab"/>
      </symbol>
      <symbol id="sm-e5f">
         <name>simpliciti_get_ed_data_callback</name>
         <value>0xbcd8</value>
         <object_component_ref idref="oc-209"/>
      </symbol>
      <symbol id="sm-e60">
         <name>int_to_array_conversion_table</name>
         <value>0xe48c</value>
         <object_component_ref idref="oc-1fb"/>
      </symbol>
      <symbol id="sm-e61">
         <name>nwk_getConnInfo</name>
         <value>0xde68</value>
         <object_component_ref idref="oc-20f"/>
      </symbol>
      <symbol id="sm-e62">
         <name>button_repeat_function</name>
         <value>0xd238</value>
         <object_component_ref idref="oc-1ff"/>
      </symbol>
      <symbol id="sm-e63">
         <name>Timer0_A3_Start</name>
         <value>0xddee</value>
         <object_component_ref idref="oc-1e6"/>
      </symbol>
      <symbol id="sm-e64">
         <name>display_battery_V</name>
         <value>0xccc8</value>
         <object_component_ref idref="oc-197"/>
      </symbol>
      <symbol id="sm-e65">
         <name>nwk_processFreq</name>
         <value>0xe47c</value>
         <object_component_ref idref="oc-258"/>
      </symbol>
      <symbol id="sm-e66">
         <name>sx_bluerobin</name>
         <value>0xaa6e</value>
         <object_component_ref idref="oc-18c"/>
      </symbol>
      <symbol id="sm-e67">
         <name>bmp_ps_init</name>
         <value>0xae44</value>
         <object_component_ref idref="oc-1f6"/>
      </symbol>
      <symbol id="sm-e68">
         <name>as_ok</name>
         <value>0x1d75</value>
         <object_component_ref idref="oc-15a"/>
      </symbol>
      <symbol id="sm-e69">
         <name>sBlueRobin</name>
         <value>0x1dec</value>
         <object_component_ref idref="oc-15e"/>
      </symbol>
      <symbol id="sm-e6a">
         <name>sx_scroller</name>
         <value>0xe48a</value>
         <object_component_ref idref="oc-190"/>
      </symbol>
      <symbol id="sm-e6b">
         <name>chronos_black</name>
         <value>0x1e27</value>
         <object_component_ref idref="oc-14b"/>
      </symbol>
      <symbol id="sm-e6c">
         <name>menu_L2_CalDist</name>
         <value>0xe896</value>
         <object_component_ref idref="oc-147"/>
      </symbol>
      <symbol id="sm-e6d">
         <name>simpliciti_payload_length</name>
         <value>0x1d16</value>
         <object_component_ref idref="oc-14a"/>
      </symbol>
      <symbol id="sm-e6e">
         <name>get_bluerobin_data</name>
         <value>0xbea6</value>
         <object_component_ref idref="oc-1b1"/>
      </symbol>
      <symbol id="sm-e6f">
         <name>_system_pre_init</name>
         <value>0xe474</value>
         <object_component_ref idref="oc-173"/>
      </symbol>
      <symbol id="sm-e70">
         <name>stop_bluerobin</name>
         <value>0xd49e</value>
         <object_component_ref idref="oc-1dd"/>
      </symbol>
      <symbol id="sm-e71">
         <name>write_lcd_mem</name>
         <value>0xcd80</value>
         <object_component_ref idref="oc-1ee"/>
      </symbol>
      <symbol id="sm-e72">
         <name>sTime</name>
         <value>0x1e32</value>
         <object_component_ref idref="oc-15c"/>
      </symbol>
      <symbol id="sm-e73">
         <name>TIMER0_A0_ISR</name>
         <value>0x8284</value>
         <object_component_ref idref="oc-171"/>
      </symbol>
      <symbol id="sm-e74">
         <name>display_hours</name>
         <value>0xd09a</value>
         <object_component_ref idref="oc-1d1"/>
      </symbol>
      <symbol id="sm-e75">
         <name>nwk_processLink</name>
         <value>0xb436</value>
         <object_component_ref idref="oc-255"/>
      </symbol>
      <symbol id="sm-e76">
         <name>sx_time</name>
         <value>0xe3a8</value>
         <object_component_ref idref="oc-185"/>
      </symbol>
      <symbol id="sm-e77">
         <name>display_caldist</name>
         <value>0xa868</value>
         <object_component_ref idref="oc-1a1"/>
      </symbol>
      <symbol id="sm-e78">
         <name>display_time</name>
         <value>0x90f0</value>
         <object_component_ref idref="oc-187"/>
      </symbol>
      <symbol id="sm-e79">
         <name>menu_L2_Date</name>
         <value>0xe83c</value>
         <object_component_ref idref="oc-147"/>
      </symbol>
      <symbol id="sm-e7a">
         <name>display_symbol</name>
         <value>0xe0ea</value>
         <object_component_ref idref="oc-1b0"/>
      </symbol>
   </symbol_table>
   <title>Link successful</title>
</link_info>
