******************************************************************************
                  MSP430 Linker PC v4.4.6                      
******************************************************************************
>> Linked Wed Nov 11 13:56:36 2015

OUTPUT FILE NAME:   <ez430_chronos_scroll_433MHz.out>
ENTRY POINT SYMBOL: "_c_int00_noargs_noexit"  address: 0000f0c8


MEMORY CONFIGURATION

         name            origin    length      used     unused   attr    fill
----------------------  --------  ---------  --------  --------  ----  --------
  SFR                   00000000   00000010  00000000  00000010  RWIX
  PERIPHERALS_8BIT      00000010   000000f0  00000000  000000f0  RWIX
  PERIPHERALS_16BIT     00000100   00000100  00000000  00000100  RWIX
  INFOD                 00001800   00000080  00000000  00000080  RWIX
  INFOC                 00001880   00000080  00000000  00000080  RWIX
  INFOB                 00001900   00000080  00000000  00000080  RWIX
  INFOA                 00001980   00000080  00000000  00000080  RWIX
  RAM                   00001c00   00000ffe  00000355  00000ca9  RWIX
  FLASH                 00008000   00007f80  00007b37  00000449  RWIX
  INT00                 0000ff80   00000002  00000000  00000002  RWIX
  INT01                 0000ff82   00000002  00000000  00000002  RWIX
  INT02                 0000ff84   00000002  00000000  00000002  RWIX
  INT03                 0000ff86   00000002  00000000  00000002  RWIX
  INT04                 0000ff88   00000002  00000000  00000002  RWIX
  INT05                 0000ff8a   00000002  00000000  00000002  RWIX
  INT06                 0000ff8c   00000002  00000000  00000002  RWIX
  INT07                 0000ff8e   00000002  00000000  00000002  RWIX
  INT08                 0000ff90   00000002  00000000  00000002  RWIX
  INT09                 0000ff92   00000002  00000000  00000002  RWIX
  INT10                 0000ff94   00000002  00000000  00000002  RWIX
  INT11                 0000ff96   00000002  00000000  00000002  RWIX
  INT12                 0000ff98   00000002  00000000  00000002  RWIX
  INT13                 0000ff9a   00000002  00000000  00000002  RWIX
  INT14                 0000ff9c   00000002  00000000  00000002  RWIX
  INT15                 0000ff9e   00000002  00000000  00000002  RWIX
  INT16                 0000ffa0   00000002  00000000  00000002  RWIX
  INT17                 0000ffa2   00000002  00000000  00000002  RWIX
  INT18                 0000ffa4   00000002  00000000  00000002  RWIX
  INT19                 0000ffa6   00000002  00000000  00000002  RWIX
  INT20                 0000ffa8   00000002  00000000  00000002  RWIX
  INT21                 0000ffaa   00000002  00000000  00000002  RWIX
  INT22                 0000ffac   00000002  00000000  00000002  RWIX
  INT23                 0000ffae   00000002  00000000  00000002  RWIX
  INT24                 0000ffb0   00000002  00000000  00000002  RWIX
  INT25                 0000ffb2   00000002  00000000  00000002  RWIX
  INT26                 0000ffb4   00000002  00000000  00000002  RWIX
  INT27                 0000ffb6   00000002  00000000  00000002  RWIX
  INT28                 0000ffb8   00000002  00000000  00000002  RWIX
  INT29                 0000ffba   00000002  00000000  00000002  RWIX
  INT30                 0000ffbc   00000002  00000000  00000002  RWIX
  INT31                 0000ffbe   00000002  00000000  00000002  RWIX
  INT32                 0000ffc0   00000002  00000000  00000002  RWIX
  INT33                 0000ffc2   00000002  00000000  00000002  RWIX
  INT34                 0000ffc4   00000002  00000000  00000002  RWIX
  INT35                 0000ffc6   00000002  00000000  00000002  RWIX
  INT36                 0000ffc8   00000002  00000000  00000002  RWIX
  INT37                 0000ffca   00000002  00000000  00000002  RWIX
  INT38                 0000ffcc   00000002  00000000  00000002  RWIX
  INT39                 0000ffce   00000002  00000000  00000002  RWIX
  INT40                 0000ffd0   00000002  00000000  00000002  RWIX
  INT41                 0000ffd2   00000002  00000000  00000002  RWIX
  INT42                 0000ffd4   00000002  00000000  00000002  RWIX
  INT43                 0000ffd6   00000002  00000000  00000002  RWIX
  INT44                 0000ffd8   00000002  00000000  00000002  RWIX
  INT45                 0000ffda   00000002  00000002  00000000  RWIX
  INT46                 0000ffdc   00000002  00000002  00000000  RWIX
  INT47                 0000ffde   00000002  00000002  00000000  RWIX
  INT48                 0000ffe0   00000002  00000002  00000000  RWIX
  INT49                 0000ffe2   00000002  00000002  00000000  RWIX
  INT50                 0000ffe4   00000002  00000002  00000000  RWIX
  INT51                 0000ffe6   00000002  00000002  00000000  RWIX
  INT52                 0000ffe8   00000002  00000002  00000000  RWIX
  INT53                 0000ffea   00000002  00000002  00000000  RWIX
  INT54                 0000ffec   00000002  00000002  00000000  RWIX
  INT55                 0000ffee   00000002  00000002  00000000  RWIX
  INT56                 0000fff0   00000002  00000002  00000000  RWIX
  INT57                 0000fff2   00000002  00000002  00000000  RWIX
  INT58                 0000fff4   00000002  00000002  00000000  RWIX
  INT59                 0000fff6   00000002  00000002  00000000  RWIX
  INT60                 0000fff8   00000002  00000002  00000000  RWIX
  INT61                 0000fffa   00000002  00000002  00000000  RWIX
  INT62                 0000fffc   00000002  00000002  00000000  RWIX
  RESET                 0000fffe   00000002  00000002  00000000  RWIX


SECTION ALLOCATION MAP

 output                                  attributes/
section   page    origin      length       input sections
--------  ----  ----------  ----------   ----------------
.bss       0    00001c00    00000305     UNINITIALIZED
                  00001c00    0000008c     nwk_QMgmt.obj (.bss)
                  00001c8c    0000005e     display.obj (.bss)
                  00001cea    00000046     rfsimpliciti.obj (.bss)
                  00001d30    00000045     ps.obj (.bss)
                  00001d75    00000001     as.obj (.bss)
                  00001d76    0000003c     mrfi.obj (.bss)
                  00001db2    0000001d     nwk.obj (.bss)
                  00001dcf    00000001     main_ED_BM.obj (.bss)
                  00001dd0    0000001c     BlueRobin_RX_433MHz.lib : BRRX_Resource.obj (.bss)
                  00001dec    0000001a     bluerobin.obj (.bss)
                  00001e06    0000001a     bmp_ps.obj (.bss)
                  00001e20    00000012     main.obj (.bss)
                  00001e32    0000000e     altitude.obj (.bss)
                  00001e40    0000000e     clock.obj (.bss)
                  00001e4e    0000000e     stopwatch.obj (.bss)
                  00001e5c    0000000c     BlueRobin_RX_433MHz.lib : BRRX_Scheduler.obj (.bss)
                  00001e68    0000000c     scroller.obj (.bss)
                  00001e74    0000000a     BlueRobin_RX_433MHz.lib : BR_Common.obj (.bss)
                  00001e7e    0000000a     acceleration.obj (.bss)
                  00001e88    0000000a     nwk_frame.obj (.bss)
                  00001e92    0000000a     nwk_link.obj (.bss)
                  00001e9c    0000000a     ports.obj (.bss)
                  00001ea6    00000009     nwk_globals.obj (.bss)
                  00001eaf    00000001     nwk_api.obj (.bss)
                  00001eb0    00000009     nwk_join.obj (.bss)
                  00001eb9    00000001     nwk_ping.obj (.bss)
                  00001eba    00000008     BlueRobin_RX_433MHz.lib : BRRX_Timer.obj (.bss)
                  00001ec2    00000008     battery.obj (.bss)
                  00001eca    00000008     buzzer.obj (.bss)
                  00001ed2    00000007     timer.obj (.bss)
                  00001ed9    00000001     rfbsl.obj (.bss)
                  00001eda    00000006     BlueRobin_RX_433MHz.lib : BRRX_Radio.obj (.bss)
                  00001ee0    00000006     date.obj (.bss)
                  00001ee6    00000006     temperature.obj (.bss)
                  00001eec    00000005     BlueRobin_RX_433MHz.lib : BRRX_Packet.obj (.bss)
                  00001ef1    00000001     --HOLE--
                  00001ef2    00000004                             : BRRX_API.obj (.bss)
                  00001ef6    00000004     alarm.obj (.bss)
                  00001efa    00000004     menu.obj (.bss)
                  00001efe    00000003     adc12.obj (.bss)
                  00001f01    00000001     --HOLE--
                  00001f02    00000003     nwk_mgmt.obj (.bss)

.data      0    00001c00    00000000     UNINITIALIZED

.stack     0    00002bac    00000050     UNINITIALIZED
                  00002bac    00000002     rts430x.lib : boot.obj (.stack)
                  00002bae    0000004e     --HOLE--

.text      0    00008000    0000737a     
                  00008000    000002cc     timer.obj (.text:_isr:TIMER0_A0_ISR)
                  000082cc    00000298     ps.obj (.text:conv_pa_to_meter)
                  00008564    00000284     BlueRobin_RX_433MHz.lib : BRRX_Scheduler.obj (.text:BRRX__Scheduler_v)
                  000087e8    0000027a     test.obj (.text:test_mode)
                  00008a62    0000022c     user.obj (.text:set_value)
                  00008c8e    00000200     ports.obj (.text:_isr:PORT2_ISR)
                  00008e8e    000001f6     mrfi.obj (.text:MRFI_Init)
                  00009084    000001e4     clock.obj (.text:mx_time)
                  00009268    000001da     ps.obj (.text:update_pressure_table)
                  00009442    000001ca     bluerobin.obj (.text:mx_caldist)
                  0000960c    000001be     clock.obj (.text:display_time)
                  000097ca    00000194     date.obj (.text:mx_date)
                  0000995e    00000192     bmp_ps.obj (.text:bmp_ps_get_pa)
                  00009af0    00000180     acceleration.obj (.text:display_acceleration)
                  00009c70    00000172     main.obj (.text:init_application)
                  00009de2    0000016e     nwk.obj (.text:nwk_nwkInit)
                  00009f50    00000164     nwk_link.obj (.text:smpl_send_link_reply$4)
                  0000a0b4    0000014c     mrfi.obj (.text:MRFI_Transmit)
                  0000a200    0000014a     main.obj (.text:init_global_variables)
                  0000a34a    0000014a     rfsimpliciti.obj (.text:simpliciti_sync_decode_ap_cmd_callback)
                  0000a494    00000148     nwk_link.obj (.text:nwk_link)
                  0000a5dc    00000140     mrfi.obj (.text:Mrfi_SyncPinRxIsr$13)
                  0000a71c    0000013e     nwk_api.obj (.text:SMPL_Ioctl)
                  0000a85a    00000130     rts430x.lib : fs_add.obj (.text)
                  0000a98a    0000012c     altitude.obj (.text:do_altitude_measurement)
                  0000aab6    0000011c     stopwatch.obj (.text:display_stopwatch)
                  0000abd2    0000011c     nwk_join.obj (.text:nwk_join)
                  0000acee    0000011a     main.obj (.text:wakeup_event)
                  0000ae08    00000112     rfsimpliciti.obj (.text:start_simpliciti_tx_only)
                  0000af1a    0000010c     BlueRobin_RX_433MHz.lib : BRRX_Scheduler.obj (.text:PacketMissed_v)
                  0000b026    00000108     nwk_frame.obj (.text:dispatchFrame$11)
                  0000b12e    00000106     altitude.obj (.text:mx_altitude)
                  0000b234    00000104     bluerobin.obj (.text:display_caldist)
                  0000b338    00000102     temperature.obj (.text:mx_temperature)
                  0000b43a    00000100     stopwatch.obj (.text:stopwatch_tick)
                  0000b53a    000000fe     bluerobin.obj (.text:sx_bluerobin)
                  0000b638    000000f6     main.obj (.text:display_update)
                  0000b72e    000000f2     alarm.obj (.text:mx_alarm)
                  0000b820    000000f0     altitude.obj (.text:display_altitude)
                  0000b910    000000ea     temperature.obj (.text:display_temperature)
                  0000b9fa    000000e6     bmp_ps.obj (.text:bmp_ps_init)
                  0000bae0    000000e4     rfsimpliciti.obj (.text:simpliciti_sync_get_data_callback)
                  0000bbc4    000000e2     main_ED_BM.obj (.text:simpliciti_main_sync)
                  0000bca6    000000dc     date.obj (.text:display_date)
                  0000bd82    000000d8     nwk_QMgmt.obj (.text:nwk_QfindOldest)
                  0000be5a    000000d6     alarm.obj (.text:display_alarm)
                  0000bf30    000000d2     display.obj (.text:int_to_array)
                  0000c002    000000ce     nwk.obj (.text:nwk_allocateLocalRxPort)
                  0000c0d0    000000ce     nwk_link.obj (.text:nwk_processLink)
                  0000c19e    000000cc     display.obj (.text:display_chars)
                  0000c26a    000000ca     main_ED_BM.obj (.text:simpliciti_link)
                  0000c334    000000c8     bluerobin.obj (.text:display_speed)
                  0000c3fc    000000c4     main.obj (.text:read_calibration_values)
                  0000c4c0    000000bc     rfsimpliciti.obj (.text:sx_sync)
                  0000c57c    000000b6     BlueRobin_RX_433MHz.lib : BRRX_Scheduler.obj (.text:SearchPacketHit_u8)
                  0000c632    000000b6     rts430x.lib : fs_mpy.obj (.text)
                  0000c6e8    000000a4     rf1a.obj (.text:Strobe)
                  0000c78c    000000a4     clock.obj (.text:clock_tick)
                  0000c830    0000009e     rfsimpliciti.obj (.text:simpliciti_get_ed_data_callback)
                  0000c8ce    0000009c     nwk_frame.obj (.text:nwk_retrieveFrame)
                  0000c96a    00000098     temperature.obj (.text:temperature_measurement)
                  0000ca02    00000094     pmm.obj (.text:SetVCore)
                  0000ca96    00000090     bluerobin.obj (.text:get_bluerobin_data)
                  0000cb26    0000008e     rts430x.lib : fs_div.obj (.text)
                  0000cbb4    0000008c     ps.obj (.text:ps_i2c_sda)
                  0000cc40    0000008a     nwk_api.obj (.text:SMPL_Init)
                  0000ccca    0000008a     nwk_frame.obj (.text:nwk_buildFrame)
                  0000cd54    00000086     BlueRobin_RX_433MHz.lib : BRRX_Scheduler.obj (.text:GetData_v)
                  0000cdda    00000086                             : BRRX_Scheduler.obj (.text:TrimACLK_Offset_v)
                  0000ce60    00000084     timer.obj (.text:_isr:TIMER0_A1_5_ISR)
                  0000cee4    00000082     date.obj (.text:get_numberOfDays)
                  0000cf66    00000080     main.obj (.text:process_requests)
                  0000cfe6    0000007e     BlueRobin_RX_433MHz.lib : BRRX_Radio.obj (.text:BRRX_RadioReceive_v)
                  0000d064    0000007c     nwk_frame.obj (.text:nwk_sendAckReply)
                  0000d0e0    0000007a     display.obj (.text:display_char)
                  0000d15a    00000078     nwk_QMgmt.obj (.text:nwk_QfindSlot)
                  0000d1d2    00000078     nwk_ioctl.obj (.text:nwk_radioControl)
                  0000d24a    00000074     mrfi.obj (.text:mrfiRadioInterfaceCmdStrobe)
                  0000d2be    00000072     ps.obj (.text:ps_read_register)
                  0000d330    00000070     BlueRobin_RX_433MHz.lib : BRRX_Radio.obj (.text:BRRX_RadioInit_v)
                  0000d3a0    0000006e     battery.obj (.text:battery_measurement)
                  0000d40e    0000006a     BlueRobin_RX_433MHz.lib : BRRX_API.obj (.text:ResetTXCB_v)
                  0000d478    0000006a     rf1a.obj (.text:WritePATable)
                  0000d4e2    0000006a     cma_ps.obj (.text:cma_ps_get_pa)
                  0000d54c    0000006a     nwk.obj (.text:nwk_getNextConnection)
                  0000d5b6    00000068     adc12.obj (.text:adc12_single_conversion)
                  0000d61e    00000066     cma_ps.obj (.text:cma_ps_init)
                  0000d684    00000066     nwk_ping.obj (.text:nwk_processPing)
                  0000d6ea    00000064     bmp_as.obj (.text:bmp_as_start)
                  0000d74e    00000062     mrfi.obj (.text:MRFI_RadioIsr)
                  0000d7b0    00000062     timer.obj (.text:Timer0_A4_Delay)
                  0000d812    00000060     nwk_api.obj (.text:SMPL_SendOpt)
                  0000d872    00000060     as.obj (.text:as_read_register)
                  0000d8d2    00000060     as.obj (.text:as_write_register)
                  0000d932    00000060     altitude.obj (.text:start_altitude_measurement)
                  0000d992    0000005e     BlueRobin_RX_433MHz.lib : BRRX_Radio.obj (.text:BRRX_PacketEndTimerTask_v)
                  0000d9f0    0000005c                             : BRRX_Scheduler.obj (.text:PrepareForFirstPacket_v)
                  0000da4c    0000005c     battery.obj (.text:display_battery_V)
                  0000daa8    0000005c     buzzer.obj (.text:toggle_buzzer)
                  0000db04    0000005c     display.obj (.text:write_lcd_mem)
                  0000db60    0000005a     display.obj (.text:clear_line)
                  0000dbba    00000058     BlueRobin_RX_433MHz.lib : BRRX_API.obj (.text:BRRX_Start_v)
                  0000dc12    00000058                             : BRRX_Scheduler.obj (.text:BRRX__StartNewSearch_v)
                  0000dc6a    00000058     bmp_as.obj (.text:bmp_as_get_data)
                  0000dcc2    00000058     ps.obj (.text:ps_write_register)
                  0000dd1a    00000058     rts430x.lib : div32u.obj (.text)
                  0000dd72    00000056     BlueRobin_RX_433MHz.lib : BRRX_Radio.obj (.text:BRRX_RadioCalibrate_v)
                  0000ddc8    00000056     scroller.obj (.text:display_scroller)
                  0000de1e    00000054     display.obj (.text:display_hours)
                  0000de72    00000054     ps.obj (.text:ps_i2c_read)
                  0000dec6    00000052     mrfi.obj (.text:MRFI_ReplyDelay)
                  0000df18    00000052     BlueRobin_RX_433MHz.lib : BRRX_Scheduler.obj (.text:TestStartTime_v)
                  0000df6a    00000052     cma_as.obj (.text:cma_as_start)
                  0000dfbc    00000050     ports.obj (.text:button_repeat_function)
                  0000e00c    00000050     cma_ps.obj (.text:cma_ps_get_temp)
                  0000e05c    00000050     bluerobin.obj (.text:display_heartrate)
                  0000e0ac    00000050     rfbsl.obj (.text:sx_rfbsl)
                  0000e0fc    0000004e     BlueRobin_RX_433MHz.lib : BRRX_Scheduler.obj (.text:SearchPacketCheck_u8)
                  0000e14a    0000004c     rts430x.lib : fs_toul.obj (.text)
                  0000e196    0000004a                 : autoinit.obj (.text:_auto_init)
                  0000e1e0    0000004a                 : fs_cmp.obj (.text)
                  0000e22a    00000048     BlueRobin_RX_433MHz.lib : BR_Common.obj (.text:BR__CalcRandomTimeOffset_u16)
                  0000e272    00000048     buzzer.obj (.text:start_buzzer)
                  0000e2ba    00000048     bluerobin.obj (.text:stop_bluerobin)
                  0000e302    00000046     mrfi.obj (.text:MRFI_RxIdle)
                  0000e348    00000046     rf1a.obj (.text:ReadBurstReg)
                  0000e38e    00000046     rf1a.obj (.text:WriteBurstReg)
                  0000e3d4    00000046     nwk_mgmt.obj (.text:nwk_processMgmt)
                  0000e41a    00000046     rts430x.lib : fs_tou.obj (.text)
                  0000e460    00000044     mrfi.obj (.text:mrfiRadioInterfaceReadReg)
                  0000e4a4    00000042     BlueRobin_RX_433MHz.lib : BRRX_Scheduler.obj (.text:PacketHit_u8)
                  0000e4e6    00000040                             : BRRX_API.obj (.text:BRRX__NewInfo_v)
                  0000e526    00000040     ps.obj (.text:ps_i2c_write)
                  0000e566    00000040     rts430x.lib : div32s.obj (.text)
                  0000e5a6    0000003e     BlueRobin_RX_433MHz.lib : BRRX_API.obj (.text:BRRX_SetID_v)
                  0000e5e4    0000003e                             : BRRX_Packet.obj (.text:BRRX__DecodePacket_u8)
                  0000e622    0000003e     rts430x.lib : asr32.obj (.text:l_asr_const)
                  0000e660    0000003e                 : lsl32.obj (.text:l_lsl_const)
                  0000e69e    0000003e                 : lsr32.obj (.text:l_lsr_const)
                  0000e6dc    0000003c     BlueRobin_RX_433MHz.lib : BRRX_Timer.obj (.text:BRRX_TimerTask_v)
                  0000e718    0000003c     as.obj (.text:as_start)
                  0000e754    0000003c     main.obj (.text:main)
                  0000e790    0000003c     stopwatch.obj (.text:update_stopwatch_timer)
                  0000e7cc    0000003a     rf1a.obj (.text:WriteSingleReg)
                  0000e806    0000003a     nwk.obj (.text:nwk_isValidReply)
                  0000e840    00000038     BlueRobin_RX_433MHz.lib : BRRX_API.obj (.text:BRRX_Init_v)
                  0000e878    00000038     radio.obj (.text:_isr:radio_ISR)
                  0000e8b0    00000036     mrfi.obj (.text:mrfiRadioInterfaceWriteReg)
                  0000e8e6    00000036     rts430x.lib : fs_itof.obj (.text)
                  0000e91c    00000034     BlueRobin_RX_433MHz.lib : BR_Common.obj (.text:BR__CalcCRC_u8)
                  0000e950    00000034                             : BRRX_Scheduler.obj (.text:TrimRFCLK_Offset_v)
                  0000e984    00000034     radio.obj (.text:radio_reset)
                  0000e9b8    00000034     stopwatch.obj (.text:sx_stopwatch)
                  0000e9ec    00000032     BlueRobin_RX_433MHz.lib : BRRX_Radio.obj (.text:BRRX_RadioStop_v)
                  0000ea1e    00000032     mrfi.obj (.text:MRFI_RxOn)
                  0000ea50    00000032     as.obj (.text:as_stop)
                  0000ea82    00000032     cma_as.obj (.text:cma_as_get_data)
                  0000eab4    00000032     mrfi.obj (.text:mrfiRadioInterfaceReadRxFifo)
                  0000eae6    00000032     rts430x.lib : fs_ultof.obj (.text)
                  0000eb18    00000032     alarm.obj (.text:sx_alarm)
                  0000eb4a    00000030     nwk_frame.obj (.text:nwk_sendFrame)
                  0000eb7a    0000002e     nwk_QMgmt.obj (.text:nwk_QadjustOrder)
                  0000eba8    0000002c     rts430x.lib : div16s.obj (.text)
                  0000ebd4    0000002c     altitude.obj (.text:stop_altitude_measurement)
                  0000ec00    0000002a     BlueRobin_RX_433MHz.lib : BRRX_API.obj (.text:BRRX_GetID_u32)
                  0000ec2a    0000002a     mrfi.obj (.text:MRFI_SetRFPwr)
                  0000ec54    0000002a     mrfi.obj (.text:Mrfi_CalculateRssi$13)
                  0000ec7e    0000002a     BlueRobin_RX_433MHz.lib : BRRX_Scheduler.obj (.text:SearchPacketMissed_u8)
                  0000eca8    0000002a     timer.obj (.text:Timer0_A3_Start)
                  0000ecd2    00000028     nwk.obj (.text:map_lid2idx$8)
                  0000ecfa    00000028     stopwatch.obj (.text:mx_stopwatch)
                  0000ed22    00000028     nwk.obj (.text:nwk_getConnInfo)
                  0000ed4a    00000028     buzzer.obj (.text:stop_buzzer)
                  0000ed72    00000026     mrfi.obj (.text:MRFI_Sleep)
                  0000ed98    00000026     rfbsl.obj (.text:display_rfbsl)
                  0000edbe    00000026     ps.obj (.text:init_pressure_table)
                  0000ede4    00000026     nwk.obj (.text:nwk_checkConnInfo)
                  0000ee0a    00000026     rfsimpliciti.obj (.text:sx_ppt)
                  0000ee30    00000026     rfsimpliciti.obj (.text:sx_rf)
                  0000ee56    00000024     BlueRobin_RX_433MHz.lib : BRRX_API.obj (.text:BRRX_GetState_t)
                  0000ee7a    00000024     ps.obj (.text:ps_init)
                  0000ee9e    00000024     rts430x.lib : fs_utof.obj (.text)
                  0000eec2    00000022     bsp.obj (.text:BSP_Delay)
                  0000eee4    00000022     display.obj (.text:display_value)
                  0000ef06    00000022     rts430x.lib : memcmp.obj (.text:memcmp)
                  0000ef28    00000022                 : mult32_f5hw.obj (.text)
                  0000ef4a    00000022     acceleration.obj (.text:sx_acceleration)
                  0000ef6c    00000020     BlueRobin_RX_433MHz.lib : BRRX_API.obj (.text:BRRX_GetDistance_u16)
                  0000ef8c    00000020                             : BRRX_API.obj (.text:BRRX_GetSpeed_u8)
                  0000efac    0000001e                             : BRRX_Timer.obj (.text:SetAbsoluteTimer_v)
                  0000efca    0000001e     display.obj (.text:display_symbol)
                  0000efe8    0000001e     rts430x.lib : memmov.obj (.text:memmove)
                  0000f006    0000001e     nwk_join.obj (.text:nwk_processJoin)
                  0000f024    0000001c     mrfi.obj (.text:Mrfi_DelayUsec$13)
                  0000f040    0000001c     display.obj (.text:clear_display_all)
                  0000f05c    0000001c     radio.obj (.text:close_radio)
                  0000f078    0000001c     nwk.obj (.text:nwk_putNumObjectIntoMsg)
                  0000f094    0000001a     BlueRobin_RX_433MHz.lib : BRRX_Scheduler.obj (.text:GetPacketTolerance_u8)
                  0000f0ae    0000001a     adc12.obj (.text:_isr:ADC12ISR)
                  0000f0c8    0000001a     rts430x.lib : boot_special.obj (.text:_isr:_c_int00_noargs_noexit)
                  0000f0e2    0000001a     display.obj (.text:display_am_pm_symbol)
                  0000f0fc    0000001a     stopwatch.obj (.text:stop_stopwatch)
                  0000f116    0000001a     bluerobin.obj (.text:sx_caldist)
                  0000f130    00000018     rf1a.obj (.text:ReadSingleReg)
                  0000f148    00000016     clock.obj (.text:display_selection_Timeformat1)
                  0000f15e    00000016     bluerobin.obj (.text:display_selection_User_Gender)
                  0000f174    00000016     rts430x.lib : div16u.obj (.text)
                  0000f18a    00000016                 : mult16_f5hw.obj (.text)
                  0000f1a0    00000014     rfsimpliciti.obj (.text:display_ppt)
                  0000f1b4    00000014     rfsimpliciti.obj (.text:display_rf)
                  0000f1c8    00000014     rfsimpliciti.obj (.text:display_sync)
                  0000f1dc    00000014     stopwatch.obj (.text:is_stopwatch)
                  0000f1f0    00000012     BlueRobin_RX_433MHz.lib : BRRX_Radio.obj (.text:BlueRobin_RadioISR_v)
                  0000f202    00000012     rts430x.lib : memcpy.obj (.text:memcpy)
                  0000f214    00000012                 : memset.obj (.text:memset)
                  0000f226    00000012     radio.obj (.text:open_radio)
                  0000f238    00000010     BlueRobin_RX_433MHz.lib : BRRX_Timer.obj (.text:BRRX__StartTimer_v)
                  0000f248    00000010     rts430x.lib : lsl32.obj (.text:l_lsl)
                  0000f258    00000010                 : lsr32.obj (.text:l_lsr)
                  0000f268    00000010     radio.obj (.text:radio_powerdown)
                  0000f278    00000010     date.obj (.text:sx_date)
                  0000f288    00000010     clock.obj (.text:sx_time)
                  0000f298    0000000c     BlueRobin_RX_433MHz.lib : BRRX_Timer.obj (.text:BRRX__GetCurrentTime_u16)
                  0000f2a4    0000000c     rfsimpliciti.obj (.text:is_rf)
                  0000f2b0    0000000c     menu.obj (.text:update_acceleration)
                  0000f2bc    0000000c     menu.obj (.text:update_alarm)
                  0000f2c8    0000000c     menu.obj (.text:update_battery_voltage)
                  0000f2d4    0000000c     menu.obj (.text:update_scroller)
                  0000f2e0    0000000c     menu.obj (.text:update_stopwatch)
                  0000f2ec    0000000c     menu.obj (.text:update_temperature)
                  0000f2f8    0000000a     BlueRobin_RX_433MHz.lib : BRRX_Timer.obj (.text:BRRX__IsTimerRunning_v)
                  0000f302    0000000a                             : BRRX_Timer.obj (.text:BRRX__StopTimer_v)
                  0000f30c    0000000a     menu.obj (.text:update_date)
                  0000f316    0000000a     menu.obj (.text:update_time)
                  0000f320    00000008     BlueRobin_RX_433MHz.lib : BRRX_Radio.obj (.text:BRRX_GetFS_Offset_s8)
                  0000f328    00000008                             : BRRX_API.obj (.text:BRRX_SetSignalLevelReduction_v)
                  0000f330    00000006                             : BRRX_API.obj (.text:BRRX_GetHeartRate_u8)
                  0000f336    00000006                             : BRRX_API.obj (.text:BRRX_SetPowerdownDelay_v)
                  0000f33c    00000006                             : BRRX_API.obj (.text:BRRX_SetSearchTimeout_v)
                  0000f342    00000006                             : BRRX_API.obj (.text:BRRX_Stop_v)
                  0000f348    00000006                             : BRRX_Timer.obj (.text:BRRX__CallTimer_v)
                  0000f34e    00000006                             : BRRX_Timer.obj (.text:BRRX__InitTimer_v)
                  0000f354    00000006     rts430x.lib : isr_trap.obj (.text:_isr:__TI_ISR_TRAP)
                  0000f35a    00000006     bluerobin.obj (.text:mx_bluerobin)
                  0000f360    00000004     rts430x.lib : pre_init.obj (.text:_system_pre_init)
                  0000f364    00000004                 : exit.obj (.text:abort)
                  0000f368    00000004     nwk_freq.obj (.text:nwk_processFreq)
                  0000f36c    00000004     nwk_security.obj (.text:nwk_processSecurity)
                  0000f370    00000004     ps.obj (.text:ps_i2c_delay)
                  0000f374    00000002     user.obj (.text:dummy)
                  0000f376    00000002     altitude.obj (.text:sx_altitude)
                  0000f378    00000002     scroller.obj (.text:sx_scroller)

.const     0    0000f37a    0000063b     
                  0000f37a    0000021f     display.obj (.const:int_to_array_conversion_table)
                  0000f599    00000001     mrfi.obj (.const)
                  0000f59a    00000120     menu.obj (.const)
                  0000f6ba    00000100     BlueRobin_RX_433MHz.lib : BR_Common.obj (.const:RandomValue_u8)
                  0000f7ba    00000098     <whole-program> (.const:.string)
                  0000f852    00000040     mrfi.obj (.const:mrfiRadioCfg)
                  0000f892    0000002b     display.obj (.const:.string:lcd_font)
                  0000f8bd    00000001     nwk_frame.obj (.const)
                  0000f8be    0000002a     display.obj (.const:.string:segments_bitmask)
                  0000f8e8    00000027     BlueRobin_RX_433MHz.lib : BRRX_Radio.obj (.const:RadioSettings_t)
                  0000f90f    00000001     --HOLE-- [fill = 0]
                  0000f910    00000022     ps.obj (.const:h0)
                  0000f932    00000022     ps.obj (.const:p0)
                  0000f954    00000018     nwk_frame.obj (.const:func$11)
                  0000f96c    0000000e     acceleration.obj (.const:bmp_mgrav_per_bit)
                  0000f97a    0000000e     acceleration.obj (.const:cma_mgrav_per_bit)
                  0000f988    00000009     nwk_globals.obj (.const)
                  0000f991    00000001     --HOLE-- [fill = 0]
                  0000f992    00000008     clock.obj (.const:selection_Timeformat)
                  0000f99a    00000008     bluerobin.obj (.const:selection_User_Gender)
                  0000f9a2    00000004     mrfi.obj (.const:.string:mrfiBroadcastAddr)
                  0000f9a6    00000004     mrfi.obj (.const:.string:mrfiLogicalChanTable$13)
                  0000f9aa    00000004     BlueRobin_RX_433MHz.lib : BRRX_Resource.obj (.const)
                  0000f9ae    00000003     mrfi.obj (.const:.string:mrfiRFPowerTable$13)
                  0000f9b1    00000001     --HOLE-- [fill = 0]
                  0000f9b2    00000003     mrfi.obj (.const:.string:mrfiRFPowerTable_B$13)

.cinit     0    0000f9b6    00000182     
                  0000f9b6    00000137     <whole-program> (.cinit)
                  0000faed    00000001     --HOLE-- [fill = 0]
                  0000faee    00000017     BlueRobin_RX_433MHz.lib : BRRX_Scheduler.obj (.cinit)
                  0000fb05    00000001     --HOLE-- [fill = 0]
                  0000fb06    00000017                             : BRRX_Timer.obj (.cinit)
                  0000fb1d    00000001     --HOLE-- [fill = 0]
                  0000fb1e    0000000c                             : BRRX_Radio.obj (.cinit)
                  0000fb2a    0000000b                             : BRRX_Packet.obj (.cinit)
                  0000fb35    00000001     --HOLE-- [fill = 0]
                  0000fb36    00000002     (.pad.cinit) [fill = 0]

.pinit     0    00008000    00000000     UNINITIALIZED

AES        0    0000ffda    00000002     
                  0000ffda    00000002     rts430x.lib : int45.obj (.int45)

RTC        0    0000ffdc    00000002     
                  0000ffdc    00000002     rts430x.lib : int46.obj (.int46)

LCD_B      0    0000ffde    00000002     
                  0000ffde    00000002     rts430x.lib : int47.obj (.int47)

PORT2      0    0000ffe0    00000002     
                  0000ffe0    00000002     <whole-program> (.int48)

PORT1      0    0000ffe2    00000002     
                  0000ffe2    00000002     rts430x.lib : int49.obj (.int49)

TIMER1_A1 
*          0    0000ffe4    00000002     
                  0000ffe4    00000002     rts430x.lib : int50.obj (.int50)

TIMER1_A0 
*          0    0000ffe6    00000002     
                  0000ffe6    00000002     rts430x.lib : int51.obj (.int51)

DMA        0    0000ffe8    00000002     
                  0000ffe8    00000002     rts430x.lib : int52.obj (.int52)

CC1101     0    0000ffea    00000002     
                  0000ffea    00000002     radio.obj (.int53)

TIMER0_A1 
*          0    0000ffec    00000002     
                  0000ffec    00000002     <whole-program> (.int54)

TIMER0_A0 
*          0    0000ffee    00000002     
                  0000ffee    00000002     <whole-program> (.int55)

ADC12      0    0000fff0    00000002     
                  0000fff0    00000002     <whole-program> (.int56)

USCI_B0    0    0000fff2    00000002     
                  0000fff2    00000002     rts430x.lib : int57.obj (.int57)

USCI_A0    0    0000fff4    00000002     
                  0000fff4    00000002     rts430x.lib : int58.obj (.int58)

WDT        0    0000fff6    00000002     
                  0000fff6    00000002     rts430x.lib : int59.obj (.int59)

COMP_B     0    0000fff8    00000002     
                  0000fff8    00000002     rts430x.lib : int60.obj (.int60)

UNMI       0    0000fffa    00000002     
                  0000fffa    00000002     rts430x.lib : int61.obj (.int61)

SYSNMI     0    0000fffc    00000002     
                  0000fffc    00000002     rts430x.lib : int62.obj (.int62)

.reset     0    0000fffe    00000002     
                  0000fffe    00000002     rts430x.lib : boot.obj (.reset)


GLOBAL SYMBOLS: SORTED ALPHABETICALLY BY Name 

address   name                                  
-------   ----                                  
00001c00  .bss                                  
00001c00  .data                                 
00008000  .text                                 
00000700  ADC12CTL0                             
00000701  ADC12CTL0_H                           
00000700  ADC12CTL0_L                           
00000702  ADC12CTL1                             
00000703  ADC12CTL1_H                           
00000702  ADC12CTL1_L                           
00000704  ADC12CTL2                             
00000705  ADC12CTL2_H                           
00000704  ADC12CTL2_L                           
0000070c  ADC12IE                               
0000070d  ADC12IE_H                             
0000070c  ADC12IE_L                             
0000070a  ADC12IFG                              
0000070b  ADC12IFG_H                            
0000070a  ADC12IFG_L                            
0000f0ae  ADC12ISR                              
0000070e  ADC12IV                               
0000070f  ADC12IV_H                             
0000070e  ADC12IV_L                             
00000710  ADC12MCTL0                            
00000711  ADC12MCTL1                            
0000071a  ADC12MCTL10                           
0000071b  ADC12MCTL11                           
0000071c  ADC12MCTL12                           
0000071d  ADC12MCTL13                           
0000071e  ADC12MCTL14                           
0000071f  ADC12MCTL15                           
00000712  ADC12MCTL2                            
00000713  ADC12MCTL3                            
00000714  ADC12MCTL4                            
00000715  ADC12MCTL5                            
00000716  ADC12MCTL6                            
00000717  ADC12MCTL7                            
00000718  ADC12MCTL8                            
00000719  ADC12MCTL9                            
00000720  ADC12MEM0                             
00000721  ADC12MEM0_H                           
00000720  ADC12MEM0_L                           
00000722  ADC12MEM1                             
00000734  ADC12MEM10                            
00000735  ADC12MEM10_H                          
00000734  ADC12MEM10_L                          
00000736  ADC12MEM11                            
00000737  ADC12MEM11_H                          
00000736  ADC12MEM11_L                          
00000738  ADC12MEM12                            
00000739  ADC12MEM12_H                          
00000738  ADC12MEM12_L                          
0000073a  ADC12MEM13                            
0000073b  ADC12MEM13_H                          
0000073a  ADC12MEM13_L                          
0000073c  ADC12MEM14                            
0000073d  ADC12MEM14_H                          
0000073c  ADC12MEM14_L                          
0000073e  ADC12MEM15                            
0000073f  ADC12MEM15_H                          
0000073e  ADC12MEM15_L                          
00000723  ADC12MEM1_H                           
00000722  ADC12MEM1_L                           
00000724  ADC12MEM2                             
00000725  ADC12MEM2_H                           
00000724  ADC12MEM2_L                           
00000726  ADC12MEM3                             
00000727  ADC12MEM3_H                           
00000726  ADC12MEM3_L                           
00000728  ADC12MEM4                             
00000729  ADC12MEM4_H                           
00000728  ADC12MEM4_L                           
0000072a  ADC12MEM5                             
0000072b  ADC12MEM5_H                           
0000072a  ADC12MEM5_L                           
0000072c  ADC12MEM6                             
0000072d  ADC12MEM6_H                           
0000072c  ADC12MEM6_L                           
0000072e  ADC12MEM7                             
0000072f  ADC12MEM7_H                           
0000072e  ADC12MEM7_L                           
00000730  ADC12MEM8                             
00000731  ADC12MEM8_H                           
00000730  ADC12MEM8_L                           
00000732  ADC12MEM9                             
00000733  ADC12MEM9_H                           
00000732  ADC12MEM9_L                           
000009c0  AESACTL0                              
000009c1  AESACTL0_H                            
000009c0  AESACTL0_L                            
000009c8  AESADIN                               
000009c9  AESADIN_H                             
000009c8  AESADIN_L                             
000009ca  AESADOUT                              
000009cb  AESADOUT_H                            
000009ca  AESADOUT_L                            
000009c6  AESAKEY                               
000009c7  AESAKEY_H                             
000009c6  AESAKEY_L                             
000009c4  AESASTAT                              
000009c5  AESASTAT_H                            
000009c4  AESASTAT_L                            
0000ef6c  BRRX_GetDistance_u16                  
0000f320  BRRX_GetFS_Offset_s8                  
0000f330  BRRX_GetHeartRate_u8                  
0000ec00  BRRX_GetID_u32                        
0000ef8c  BRRX_GetSpeed_u8                      
0000ee56  BRRX_GetState_t                       
0000e840  BRRX_Init_v                           
0000d992  BRRX_PacketEndTimerTask_v             
0000dd72  BRRX_RadioCalibrate_v                 
0000d330  BRRX_RadioInit_v                      
0000cfe6  BRRX_RadioReceive_v                   
0000e9ec  BRRX_RadioStop_v                      
0000e5a6  BRRX_SetID_v                          
0000f336  BRRX_SetPowerdownDelay_v              
0000f33c  BRRX_SetSearchTimeout_v               
0000f328  BRRX_SetSignalLevelReduction_v        
0000dbba  BRRX_Start_v                          
0000f342  BRRX_Stop_v                           
0000e6dc  BRRX_TimerTask_v                      
0000f348  BRRX__CallTimer_v                     
00001eee  BRRX__CurrentPacketTime_u16           
00001ef0  BRRX__CurrentSignalLevel_u8           
0000e5e4  BRRX__DecodePacket_u8                 
0000f9aa  BRRX__First_TXCB_t                    
0000f298  BRRX__GetCurrentTime_u16              
0000f34e  BRRX__InitTimer_v                     
0000f2f8  BRRX__IsTimerRunning_v                
0000f9ac  BRRX__Last_TXCB_t                     
00001e64  BRRX__MaxSearchTries_u8               
0000e4e6  BRRX__NewInfo_v                       
00001ebc  BRRX__NextEndTime_u16                 
00001eba  BRRX__NextEventTime_u16               
00001ebf  BRRX__NextFrequencyOffset_s8          
00001ebe  BRRX__NextFrequency_u8                
00001e74  BRRX__PacketBits_t                    
00001e62  BRRX__PowerdownDelay_u8               
00008564  BRRX__Scheduler_v                     
00001e65  BRRX__SearchRatio_u8                  
00001e63  BRRX__SignalLevelReduction            
0000dc12  BRRX__StartNewSearch_v                
0000f238  BRRX__StartTimer_v                    
00001eec  BRRX__StatusFlags_t                   
0000f302  BRRX__StopTimer_v                     
00001dd0  BRRX__TXCB_t                          
00001e66  BRRX__TestMode_u8                     
00001ec0  BRRX__TimerState_t                    
0000e91c  BR__CalcCRC_u8                        
0000e22a  BR__CalcRandomTimeOffset_u16          
0000eec2  BSP_Delay                             
0000f1f0  BlueRobin_RadioISR_v                  
0000f364  C$$EXIT                               
000008c0  CBCTL0                                
000008c1  CBCTL0_H                              
000008c0  CBCTL0_L                              
000008c2  CBCTL1                                
000008c3  CBCTL1_H                              
000008c2  CBCTL1_L                              
000008c4  CBCTL2                                
000008c5  CBCTL2_H                              
000008c4  CBCTL2_L                              
000008c6  CBCTL3                                
000008c7  CBCTL3_H                              
000008c6  CBCTL3_L                              
000008cc  CBINT                                 
000008cd  CBINT_H                               
000008cc  CBINT_L                               
000008ce  CBIV                                  
00000150  CRCDI                                 
00000151  CRCDI_H                               
00000150  CRCDI_L                               
00000154  CRCINIRES                             
00000155  CRCINIRES_H                           
00000154  CRCINIRES_L                           
00000510  DMA0CTL                               
00000511  DMA0CTL_H                             
00000510  DMA0CTL_L                             
00000516  DMA0DA                                
00000516  DMA0DAL                               
00000512  DMA0SA                                
00000512  DMA0SAL                               
0000051a  DMA0SZ                                
00000520  DMA1CTL                               
00000521  DMA1CTL_H                             
00000520  DMA1CTL_L                             
00000526  DMA1DA                                
00000526  DMA1DAL                               
00000522  DMA1SA                                
00000522  DMA1SAL                               
0000052a  DMA1SZ                                
00000530  DMA2CTL                               
00000531  DMA2CTL_H                             
00000530  DMA2CTL_L                             
00000536  DMA2DA                                
00000536  DMA2DAL                               
00000532  DMA2SA                                
00000532  DMA2SAL                               
0000053a  DMA2SZ                                
00000500  DMACTL0                               
00000501  DMACTL0_H                             
00000500  DMACTL0_L                             
00000502  DMACTL1                               
00000503  DMACTL1_H                             
00000502  DMACTL1_L                             
00000504  DMACTL2                               
00000505  DMACTL2_H                             
00000504  DMACTL2_L                             
00000506  DMACTL3                               
00000507  DMACTL3_H                             
00000506  DMACTL3_L                             
00000508  DMACTL4                               
00000509  DMACTL4_H                             
00000508  DMACTL4_L                             
0000050e  DMAIV                                 
0000050f  DMAIV_H                               
0000050e  DMAIV_L                               
00000140  FCTL1                                 
00000141  FCTL1_H                               
00000140  FCTL1_L                               
00000144  FCTL3                                 
00000145  FCTL3_H                               
00000144  FCTL3_L                               
00000146  FCTL4                                 
00000147  FCTL4_H                               
00000146  FCTL4_L                               
00000a04  LCDBBLKCTL                            
00000a05  LCDBBLKCTL_H                          
00000a04  LCDBBLKCTL_L                          
00000a12  LCDBCPCTL                             
00000a13  LCDBCPCTL_H                           
00000a12  LCDBCPCTL_L                           
00000a00  LCDBCTL0                              
00000a01  LCDBCTL0_H                            
00000a00  LCDBCTL0_L                            
00000a02  LCDBCTL1                              
00000a03  LCDBCTL1_H                            
00000a02  LCDBCTL1_L                            
00000a1e  LCDBIV                                
00000a40  LCDBM1                                
00000a49  LCDBM10                               
00000a4a  LCDBM11                               
00000a4b  LCDBM12                               
00000a4c  LCDBM13                               
00000a4d  LCDBM14                               
00000a4e  LCDBM15                               
00000a4f  LCDBM16                               
00000a50  LCDBM17                               
00000a51  LCDBM18                               
00000a52  LCDBM19                               
00000a41  LCDBM2                                
00000a53  LCDBM20                               
00000a54  LCDBM21                               
00000a55  LCDBM22                               
00000a56  LCDBM23                               
00000a57  LCDBM24                               
00000a42  LCDBM3                                
00000a43  LCDBM4                                
00000a44  LCDBM5                                
00000a45  LCDBM6                                
00000a46  LCDBM7                                
00000a47  LCDBM8                                
00000a48  LCDBM9                                
00000a06  LCDBMEMCTL                            
00000a07  LCDBMEMCTL_H                          
00000a06  LCDBMEMCTL_L                          
00000a0a  LCDBPCTL0                             
00000a0b  LCDBPCTL0_H                           
00000a0a  LCDBPCTL0_L                           
00000a0c  LCDBPCTL1                             
00000a0d  LCDBPCTL1_H                           
00000a0c  LCDBPCTL1_L                           
00000a0e  LCDBPCTL2                             
00000a0f  LCDBPCTL2_H                           
00000a0e  LCDBPCTL2_L                           
00000a10  LCDBPCTL3                             
00000a11  LCDBPCTL3_H                           
00000a10  LCDBPCTL3_L                           
00000a08  LCDBVCTL                              
00000a09  LCDBVCTL_H                            
00000a08  LCDBVCTL_L                            
00000a20  LCDM1                                 
00000a29  LCDM10                                
00000a2a  LCDM11                                
00000a2b  LCDM12                                
00000a2c  LCDM13                                
00000a2d  LCDM14                                
00000a2e  LCDM15                                
00000a2f  LCDM16                                
00000a30  LCDM17                                
00000a31  LCDM18                                
00000a32  LCDM19                                
00000a21  LCDM2                                 
00000a33  LCDM20                                
00000a34  LCDM21                                
00000a35  LCDM22                                
00000a36  LCDM23                                
00000a37  LCDM24                                
00000a22  LCDM3                                 
00000a23  LCDM4                                 
00000a24  LCDM5                                 
00000a25  LCDM6                                 
00000a26  LCDM7                                 
00000a27  LCDM8                                 
00000a28  LCDM9                                 
0000e65a  L_ASR_1                               
0000e636  L_ASR_10                              
0000e632  L_ASR_11                              
0000e62e  L_ASR_12                              
0000e62a  L_ASR_13                              
0000e626  L_ASR_14                              
0000e622  L_ASR_15                              
0000e656  L_ASR_2                               
0000e652  L_ASR_3                               
0000e64e  L_ASR_4                               
0000e64a  L_ASR_5                               
0000e646  L_ASR_6                               
0000e642  L_ASR_7                               
0000e63e  L_ASR_8                               
0000e63a  L_ASR_9                               
0000f248  L_LSL                                 
0000e698  L_LSL_1                               
0000e674  L_LSL_10                              
0000e670  L_LSL_11                              
0000e66c  L_LSL_12                              
0000e668  L_LSL_13                              
0000e664  L_LSL_14                              
0000e660  L_LSL_15                              
0000e694  L_LSL_2                               
0000e690  L_LSL_3                               
0000e68c  L_LSL_4                               
0000e688  L_LSL_5                               
0000e684  L_LSL_6                               
0000e680  L_LSL_7                               
0000e67c  L_LSL_8                               
0000e678  L_LSL_9                               
0000f258  L_LSR                                 
0000e6d6  L_LSR_1                               
0000e6b2  L_LSR_10                              
0000e6ae  L_LSR_11                              
0000e6aa  L_LSR_12                              
0000e6a6  L_LSR_13                              
0000e6a2  L_LSR_14                              
0000e69e  L_LSR_15                              
0000e6d2  L_LSR_2                               
0000e6ce  L_LSR_3                               
0000e6ca  L_LSR_4                               
0000e6c6  L_LSR_5                               
0000e6c2  L_LSR_6                               
0000e6be  L_LSR_7                               
0000e6ba  L_LSR_8                               
0000e6b6  L_LSR_9                               
000004c4  MAC                                   
000004da  MAC32H                                
000004db  MAC32H_H                              
000004da  MAC32H_L                              
000004d8  MAC32L                                
000004d9  MAC32L_H                              
000004d8  MAC32L_L                              
000004c6  MACS                                  
000004de  MACS32H                               
000004df  MACS32H_H                             
000004de  MACS32H_L                             
000004dc  MACS32L                               
000004dd  MACS32L_H                             
000004dc  MACS32L_L                             
000004c7  MACS_H                                
000004c6  MACS_L                                
000004c5  MAC_H                                 
000004c4  MAC_L                                 
000004c0  MPY                                   
000004ec  MPY32CTL0                             
000004ed  MPY32CTL0_H                           
000004ec  MPY32CTL0_L                           
000004d2  MPY32H                                
000004d3  MPY32H_H                              
000004d2  MPY32H_L                              
000004d0  MPY32L                                
000004d1  MPY32L_H                              
000004d0  MPY32L_L                              
000004c2  MPYS                                  
000004d6  MPYS32H                               
000004d7  MPYS32H_H                             
000004d6  MPYS32H_L                             
000004d4  MPYS32L                               
000004d5  MPYS32L_H                             
000004d4  MPYS32L_L                             
000004c3  MPYS_H                                
000004c2  MPYS_L                                
000004c1  MPY_H                                 
000004c0  MPY_L                                 
00008e8e  MRFI_Init                             
0000d74e  MRFI_RadioIsr                         
0000dec6  MRFI_ReplyDelay                       
0000e302  MRFI_RxIdle                           
0000ea1e  MRFI_RxOn                             
0000ec2a  MRFI_SetRFPwr                         
0000ed72  MRFI_Sleep                            
0000a0b4  MRFI_Transmit                         
000004c8  OP2                                   
000004e2  OP2H                                  
000004e3  OP2H_H                                
000004e2  OP2H_L                                
000004e0  OP2L                                  
000004e1  OP2L_H                                
000004e0  OP2L_L                                
000004c9  OP2_H                                 
000004c8  OP2_L                                 
0000020e  P1IV                                  
000001c8  P1MAP01                               
000001c9  P1MAP01_H                             
000001c8  P1MAP01_L                             
000001ca  P1MAP23                               
000001cb  P1MAP23_H                             
000001ca  P1MAP23_L                             
000001cc  P1MAP45                               
000001cd  P1MAP45_H                             
000001cc  P1MAP45_L                             
000001ce  P1MAP67                               
000001cf  P1MAP67_H                             
000001ce  P1MAP67_L                             
0000021e  P2IV                                  
000001d0  P2MAP01                               
000001d1  P2MAP01_H                             
000001d0  P2MAP01_L                             
000001d2  P2MAP23                               
000001d3  P2MAP23_H                             
000001d2  P2MAP23_L                             
000001d4  P2MAP45                               
000001d5  P2MAP45_H                             
000001d4  P2MAP45_L                             
000001d6  P2MAP67                               
000001d7  P2MAP67_H                             
000001d6  P2MAP67_L                             
000001d8  P3MAP01                               
000001d9  P3MAP01_H                             
000001d8  P3MAP01_L                             
000001da  P3MAP23                               
000001db  P3MAP23_H                             
000001da  P3MAP23_L                             
000001dc  P3MAP45                               
000001dd  P3MAP45_H                             
000001dc  P3MAP45_L                             
000001de  P3MAP67                               
000001df  P3MAP67_H                             
000001de  P3MAP67_L                             
00000204  PADIR                                 
00000205  PADIR_H                               
00000204  PADIR_L                               
00000208  PADS                                  
00000209  PADS_H                                
00000208  PADS_L                                
0000021a  PAIE                                  
00000218  PAIES                                 
00000219  PAIES_H                               
00000218  PAIES_L                               
0000021b  PAIE_H                                
0000021a  PAIE_L                                
0000021c  PAIFG                                 
0000021d  PAIFG_H                               
0000021c  PAIFG_L                               
00000200  PAIN                                  
00000201  PAIN_H                                
00000200  PAIN_L                                
00000202  PAOUT                                 
00000203  PAOUT_H                               
00000202  PAOUT_L                               
00000206  PAREN                                 
00000207  PAREN_H                               
00000206  PAREN_L                               
0000020a  PASEL                                 
0000020b  PASEL_H                               
0000020a  PASEL_L                               
00000224  PBDIR                                 
00000225  PBDIR_H                               
00000224  PBDIR_L                               
00000228  PBDS                                  
00000229  PBDS_H                                
00000228  PBDS_L                                
00000220  PBIN                                  
00000221  PBIN_H                                
00000220  PBIN_L                                
00000222  PBOUT                                 
00000223  PBOUT_H                               
00000222  PBOUT_L                               
00000226  PBREN                                 
00000227  PBREN_H                               
00000226  PBREN_L                               
0000022a  PBSEL                                 
0000022b  PBSEL_H                               
0000022a  PBSEL_L                               
00000244  PCDIR                                 
00000245  PCDIR_H                               
00000244  PCDIR_L                               
00000248  PCDS                                  
00000249  PCDS_H                                
00000248  PCDS_L                                
00000240  PCIN                                  
00000241  PCIN_H                                
00000240  PCIN_L                                
00000242  PCOUT                                 
00000243  PCOUT_H                               
00000242  PCOUT_L                               
00000246  PCREN                                 
00000247  PCREN_H                               
00000246  PCREN_L                               
0000024a  PCSEL                                 
0000024b  PCSEL_H                               
0000024a  PCSEL_L                               
00000324  PJDIR                                 
00000325  PJDIR_H                               
00000324  PJDIR_L                               
00000328  PJDS                                  
00000329  PJDS_H                                
00000328  PJDS_L                                
00000320  PJIN                                  
00000321  PJIN_H                                
00000320  PJIN_L                                
00000322  PJOUT                                 
00000323  PJOUT_H                               
00000322  PJOUT_L                               
00000326  PJREN                                 
00000327  PJREN_H                               
00000326  PJREN_L                               
000001c2  PMAPCTL                               
000001c3  PMAPCTL_H                             
000001c2  PMAPCTL_L                             
000001c0  PMAPKEYID                             
000001c1  PMAPKEYID_H                           
000001c0  PMAPKEYID_L                           
00000120  PMMCTL0                               
00000121  PMMCTL0_H                             
00000120  PMMCTL0_L                             
00000122  PMMCTL1                               
00000123  PMMCTL1_H                             
00000122  PMMCTL1_L                             
0000012c  PMMIFG                                
0000012d  PMMIFG_H                              
0000012c  PMMIFG_L                              
0000012e  PMMRIE                                
0000012f  PMMRIE_H                              
0000012e  PMMRIE_L                              
00008c8e  PORT2_ISR                             
00000158  RCCTL0                                
00000159  RCCTL0_H                              
00000158  RCCTL0_L                              
000001b0  REFCTL0                               
000001b1  REFCTL0_H                             
000001b0  REFCTL0_L                             
000004e4  RES0                                  
000004e5  RES0_H                                
000004e4  RES0_L                                
000004e6  RES1                                  
000004e7  RES1_H                                
000004e6  RES1_L                                
000004e8  RES2                                  
000004e9  RES2_H                                
000004e8  RES2_L                                
000004ea  RES3                                  
000004eb  RES3_H                                
000004ea  RES3_L                                
000004cc  RESHI                                 
000004cd  RESHI_H                               
000004cc  RESHI_L                               
000004ca  RESLO                                 
000004cb  RESLO_H                               
000004ca  RESLO_L                               
00000f16  RF1ADINW                              
00000f17  RF1ADINW_H                            
00000f16  RF1ADINW_L                            
00000f28  RF1ADOUT0W                            
00000f29  RF1ADOUT0W_H                          
00000f28  RF1ADOUT0W_L                          
00000f2a  RF1ADOUT1W                            
00000f2b  RF1ADOUT1W_H                          
00000f2a  RF1ADOUT1W_L                          
00000f2c  RF1ADOUT2W                            
00000f2d  RF1ADOUT2W_H                          
00000f2c  RF1ADOUT2W_L                          
00000f36  RF1AIE                                
00000f34  RF1AIES                               
00000f35  RF1AIES_H                             
00000f34  RF1AIES_L                             
00000f37  RF1AIE_H                              
00000f36  RF1AIE_L                              
00000f00  RF1AIFCTL0                            
00000f01  RF1AIFCTL0_H                          
00000f00  RF1AIFCTL0_L                          
00000f02  RF1AIFCTL1                            
00000f03  RF1AIFCTL1_H                          
00000f02  RF1AIFCTL1_L                          
00000f04  RF1AIFCTL2                            
00000f05  RF1AIFCTL2_H                          
00000f04  RF1AIFCTL2_L                          
00000f06  RF1AIFERR                             
00000f0c  RF1AIFERRV                            
00000f0d  RF1AIFERRV_H                          
00000f0c  RF1AIFERRV_L                          
00000f07  RF1AIFERR_H                           
00000f06  RF1AIFERR_L                           
00000f32  RF1AIFG                               
00000f33  RF1AIFG_H                             
00000f32  RF1AIFG_L                             
00000f0e  RF1AIFIV                              
00000f0f  RF1AIFIV_H                            
00000f0e  RF1AIFIV_L                            
00000f30  RF1AIN                                
00000f12  RF1AINSTR1W                           
00000f13  RF1AINSTR1W_H                         
00000f12  RF1AINSTR1W_L                         
00000f14  RF1AINSTR2W                           
00000f15  RF1AINSTR2W_H                         
00000f14  RF1AINSTR2W_L                         
00000f10  RF1AINSTRW                            
00000f11  RF1AINSTRW_H                          
00000f10  RF1AINSTRW_L                          
00000f31  RF1AIN_H                              
00000f30  RF1AIN_L                              
00000f38  RF1AIV                                
00000f39  RF1AIV_H                              
00000f38  RF1AIV_L                              
00000f3c  RF1ARXFIFO                            
00000f3d  RF1ARXFIFO_H                          
00000f3c  RF1ARXFIFO_L                          
00000f20  RF1ASTAT0W                            
00000f21  RF1ASTAT0W_H                          
00000f20  RF1ASTAT0W_L                          
00000f22  RF1ASTAT1W                            
00000f23  RF1ASTAT1W_H                          
00000f22  RF1ASTAT1W_L                          
00000f24  RF1ASTAT2W                            
00000f25  RF1ASTAT2W_H                          
00000f24  RF1ASTAT2W_L                          
00000f3e  RF1ATXFIFO                            
00000f3f  RF1ATXFIFO_H                          
00000f3e  RF1ATXFIFO_L                          
000004ba  RTCADOWDAY                            
000004bb  RTCADOWDAY_H                          
000004ba  RTCADOWDAY_L                          
000004b8  RTCAMINHR                             
000004b9  RTCAMINHR_H                           
000004b8  RTCAMINHR_L                           
000004a0  RTCCTL01                              
000004a1  RTCCTL01_H                            
000004a0  RTCCTL01_L                            
000004a2  RTCCTL23                              
000004a3  RTCCTL23_H                            
000004a2  RTCCTL23_L                            
000004b4  RTCDATE                               
000004b5  RTCDATE_H                             
000004b4  RTCDATE_L                             
000004ae  RTCIV                                 
000004ac  RTCPS                                 
000004a8  RTCPS0CTL                             
000004a9  RTCPS0CTL_H                           
000004a8  RTCPS0CTL_L                           
000004aa  RTCPS1CTL                             
000004ab  RTCPS1CTL_H                           
000004aa  RTCPS1CTL_L                           
000004ad  RTCPS_H                               
000004ac  RTCPS_L                               
000004b0  RTCTIM0                               
000004b1  RTCTIM0_H                             
000004b0  RTCTIM0_L                             
000004b2  RTCTIM1                               
000004b3  RTCTIM1_H                             
000004b2  RTCTIM1_L                             
000004b6  RTCYEAR                               
000004b7  RTCYEAR_H                             
000004b6  RTCYEAR_L                             
0000f6ba  RandomValue_u8                        
0000e348  ReadBurstReg                          
0000f130  ReadSingleReg                         
00000100  SFRIE1                                
00000101  SFRIE1_H                              
00000100  SFRIE1_L                              
00000102  SFRIFG1                               
00000103  SFRIFG1_H                             
00000102  SFRIFG1_L                             
00000104  SFRRPCR                               
00000105  SFRRPCR_H                             
00000104  SFRRPCR_L                             
0000cc40  SMPL_Init                             
0000a71c  SMPL_Ioctl                            
0000d812  SMPL_SendOpt                          
000004ce  SUMEXT                                
000004cf  SUMEXT_H                              
000004ce  SUMEXT_L                              
00000124  SVSMHCTL                              
00000125  SVSMHCTL_H                            
00000124  SVSMHCTL_L                            
00000128  SVSMIO                                
00000129  SVSMIO_H                              
00000128  SVSMIO_L                              
00000126  SVSMLCTL                              
00000127  SVSMLCTL_H                            
00000126  SVSMLCTL_L                            
00000198  SYSBERRIV                             
00000199  SYSBERRIV_H                           
00000198  SYSBERRIV_L                           
00000182  SYSBSLC                               
00000183  SYSBSLC_H                             
00000182  SYSBSLC_L                             
00000180  SYSCTL                                
00000181  SYSCTL_H                              
00000180  SYSCTL_L                              
00000186  SYSJMBC                               
00000187  SYSJMBC_H                             
00000186  SYSJMBC_L                             
00000188  SYSJMBI0                              
00000189  SYSJMBI0_H                            
00000188  SYSJMBI0_L                            
0000018a  SYSJMBI1                              
0000018b  SYSJMBI1_H                            
0000018a  SYSJMBI1_L                            
0000018c  SYSJMBO0                              
0000018d  SYSJMBO0_H                            
0000018c  SYSJMBO0_L                            
0000018e  SYSJMBO1                              
0000018f  SYSJMBO1_H                            
0000018e  SYSJMBO1_L                            
0000019e  SYSRSTIV                              
0000019f  SYSRSTIV_H                            
0000019e  SYSRSTIV_L                            
0000019c  SYSSNIV                               
0000019d  SYSSNIV_H                             
0000019c  SYSSNIV_L                             
0000019a  SYSUNIV                               
0000019b  SYSUNIV_H                             
0000019a  SYSUNIV_L                             
0000ca02  SetVCore                              
0000c6e8  Strobe                                
00000352  TA0CCR0                               
00000354  TA0CCR1                               
00000356  TA0CCR2                               
00000358  TA0CCR3                               
0000035a  TA0CCR4                               
00000342  TA0CCTL0                              
00000344  TA0CCTL1                              
00000346  TA0CCTL2                              
00000348  TA0CCTL3                              
0000034a  TA0CCTL4                              
00000340  TA0CTL                                
00000360  TA0EX0                                
0000036e  TA0IV                                 
00000350  TA0R                                  
00000392  TA1CCR0                               
00000394  TA1CCR1                               
00000396  TA1CCR2                               
00000382  TA1CCTL0                              
00000384  TA1CCTL1                              
00000386  TA1CCTL2                              
00000380  TA1CTL                                
000003a0  TA1EX0                                
000003ae  TA1IV                                 
00000390  TA1R                                  
00008000  TIMER0_A0_ISR                         
0000ce60  TIMER0_A1_5_ISR                       
0000eca8  Timer0_A3_Start                       
0000d7b0  Timer0_A4_Delay                       
000005d0  UCA0ABCTL                             
000005c6  UCA0BRW                               
000005c7  UCA0BRW_H                             
000005c6  UCA0BRW_L                             
000005c0  UCA0CTLW0                             
000005c1  UCA0CTLW0_H                           
000005c0  UCA0CTLW0_L                           
000005dc  UCA0ICTL                              
000005dd  UCA0ICTL_H                            
000005dc  UCA0ICTL_L                            
000005d2  UCA0IRCTL                             
000005d3  UCA0IRCTL_H                           
000005d2  UCA0IRCTL_L                           
000005de  UCA0IV                                
000005c8  UCA0MCTL                              
000005cc  UCA0RXBUF                             
000005ca  UCA0STAT                              
000005ce  UCA0TXBUF                             
000005e6  UCB0BRW                               
000005e7  UCB0BRW_H                             
000005e6  UCB0BRW_L                             
000005e0  UCB0CTLW0                             
000005e1  UCB0CTLW0_H                           
000005e0  UCB0CTLW0_L                           
000005f0  UCB0I2COA                             
000005f1  UCB0I2COA_H                           
000005f0  UCB0I2COA_L                           
000005f2  UCB0I2CSA                             
000005f3  UCB0I2CSA_H                           
000005f2  UCB0I2CSA_L                           
000005fc  UCB0ICTL                              
000005fd  UCB0ICTL_H                            
000005fc  UCB0ICTL_L                            
000005fe  UCB0IV                                
000005ec  UCB0RXBUF                             
000005ea  UCB0STAT                              
000005ee  UCB0TXBUF                             
00000160  UCSCTL0                               
00000161  UCSCTL0_H                             
00000160  UCSCTL0_L                             
00000162  UCSCTL1                               
00000163  UCSCTL1_H                             
00000162  UCSCTL1_L                             
00000164  UCSCTL2                               
00000165  UCSCTL2_H                             
00000164  UCSCTL2_L                             
00000166  UCSCTL3                               
00000167  UCSCTL3_H                             
00000166  UCSCTL3_L                             
00000168  UCSCTL4                               
00000169  UCSCTL4_H                             
00000168  UCSCTL4_L                             
0000016a  UCSCTL5                               
0000016b  UCSCTL5_H                             
0000016a  UCSCTL5_L                             
0000016c  UCSCTL6                               
0000016d  UCSCTL6_H                             
0000016c  UCSCTL6_L                             
0000016e  UCSCTL7                               
0000016f  UCSCTL7_H                             
0000016e  UCSCTL7_L                             
00000170  UCSCTL8                               
00000171  UCSCTL8_H                             
00000170  UCSCTL8_L                             
0000015c  WDTCTL                                
0000015d  WDTCTL_H                              
0000015c  WDTCTL_L                              
0000e38e  WriteBurstReg                         
0000d478  WritePATable                          
0000e7cc  WriteSingleReg                        
00002bfc  __STACK_END                           
00000050  __STACK_SIZE                          
0000f354  __TI_ISR_TRAP                         
0000ffda  __TI_int45                            
0000ffdc  __TI_int46                            
0000ffde  __TI_int47                            
0000ffe0  __TI_int48                            
0000ffe2  __TI_int49                            
0000ffe4  __TI_int50                            
0000ffe6  __TI_int51                            
0000ffe8  __TI_int52                            
0000ffea  __TI_int53                            
0000ffec  __TI_int54                            
0000ffee  __TI_int55                            
0000fff0  __TI_int56                            
0000fff2  __TI_int57                            
0000fff4  __TI_int58                            
0000fff6  __TI_int59                            
0000fff8  __TI_int60                            
0000fffa  __TI_int61                            
0000fffc  __TI_int62                            
ffffffff  __binit__                             
00001c00  __bss__                               
ffffffff  __c_args__                            
0000f9b6  __cinit__                             
00001c00  __data__                              
0000eba8  __divi                                
0000e566  __divli                               
0000f174  __divu                                
0000dd1a  __divul                               
00001c00  __edata__                             
00001f05  __end__                               
0000f37a  __etext__                             
0000a860  __fs_add                              
0000e1e0  __fs_cmp                              
0000cb26  __fs_div                              
0000e8e6  __fs_itof                             
0000c632  __fs_mpy                              
0000a85a  __fs_sub                              
0000e41a  __fs_tou                              
0000e14a  __fs_toul                             
0000eae6  __fs_ultof                            
0000ee9e  __fs_utof                             
0000f18a  __mpyi_f5hw                           
0000ef28  __mpyl_f5hw                           
ffffffff  __pinit__                             
0000eba8  __remi                                
0000e566  __remli                               
0000f174  __remu                                
0000dd1a  __remul                               
00008000  __text__                              
0000e196  _auto_init                            
0000f0c8  _c_int00_noargs_noexit                
0000fffe  _reset_vector                         
00002bac  _stack                                
0000f360  _system_pre_init                      
0000f364  abort                                 
00001f00  adc12_data_ready                      
00001efe  adc12_result                          
0000d5b6  adc12_single_conversion               
00001d75  as_ok                                 
0000d872  as_read_register                      
0000e718  as_start                              
0000ea50  as_stop                               
0000d8d2  as_write_register                     
0000d3a0  battery_measurement                   
ffffffff  binit                                 
0000dc6a  bmp_as_get_data                       
0000d6ea  bmp_as_start                          
00001e06  bmp_cal_param                         
0000f96c  bmp_mgrav_per_bit                     
00001e1c  bmp_param_b5                          
0000995e  bmp_ps_get_pa                         
0000b9fa  bmp_ps_init                           
00001e26  bmp_used                              
00001ede  brrx_packet_end_cap_value             
[...]
00001cea  simpliciti_ed_address                 
00001cee  simpliciti_data                       
00001d0e  simpliciti_flag                       
00001d0f  simpliciti_reply_count                
00001d10  sRFsmpl                               
00001d16  simpliciti_payload_length             
00001d17  burst_mode                            
00001d18  burst_start                           
00001d1a  burst_end                             
00001d1c  burst_packet                          
00001d2e  burst_packet_index                    
00001d30  p                                     
00001d74  ps_ok                                 
00001d75  as_ok                                 
00001dd0  BRRX__TXCB_t                          
00001dec  sBlueRobin                            
00001e06  bmp_cal_param                         
00001e1c  bmp_param_b5                          
00001e20  sys                                   
00001e22  request                               
00001e24  message                               
00001e26  bmp_used                              
00001e27  chronos_black                         
00001e28  rf_frequoffset                        
00001e2a  fptr_lcd_function_line1               
00001e2e  fptr_lcd_function_line2               
00001e32  sAlt                                  
00001e40  sTime                                 
00001e4e  sStopwatch                            
00001e62  BRRX__PowerdownDelay_u8               
00001e63  BRRX__SignalLevelReduction            
00001e64  BRRX__MaxSearchTries_u8               
00001e65  BRRX__SearchRatio_u8                  
00001e66  BRRX__TestMode_u8                     
00001e68  scroller                              
00001e74  BRRX__PacketBits_t                    
00001e7e  sAccel                                
00001e9c  button                                
00001e9e  sButton                               
00001eaf  sInit_done                            
00001eba  BRRX__NextEventTime_u16               
00001ebc  BRRX__NextEndTime_u16                 
00001ebe  BRRX__NextFrequency_u8                
00001ebf  BRRX__NextFrequencyOffset_s8          
00001ec0  BRRX__TimerState_t                    
00001ec2  sBatt                                 
00001eca  sBuzzer                               
00001ed2  fptr_Timer0_A3_function               
00001ed6  sTimer                                
00001ed9  rfBSL_button_confirmation             
00001ede  brrx_packet_end_cap_value             
00001ee0  sDate                                 
00001ee6  sTemp                                 
00001eec  BRRX__StatusFlags_t                   
00001eee  BRRX__CurrentPacketTime_u16           
00001ef0  BRRX__CurrentSignalLevel_u8           
00001ef6  sAlarm                                
00001efa  ptrMenu_L1                            
00001efc  ptrMenu_L2                            
00001efe  adc12_result                          
00001f00  adc12_data_ready                      
00001f05  __end__                               
00001f05  end                                   
00002bac  _stack                                
00002bfc  __STACK_END                           
00008000  .text                                 
00008000  TIMER0_A0_ISR                         
00008000  __text__                              
000082cc  conv_pa_to_meter                      
00008564  BRRX__Scheduler_v                     
000087e8  test_mode                             
00008a62  set_value                             
00008c8e  PORT2_ISR                             
00008e8e  MRFI_Init                             
00009084  mx_time                               
00009268  update_pressure_table                 
00009442  mx_caldist                            
0000960c  display_time                          
000097ca  mx_date                               
0000995e  bmp_ps_get_pa                         
00009af0  display_acceleration                  
00009c70  init_application                      
00009de2  nwk_nwkInit                           
0000a0b4  MRFI_Transmit                         
0000a200  init_global_variables                 
0000a34a  simpliciti_sync_decode_ap_cmd_callback
0000a494  nwk_link                              
0000a71c  SMPL_Ioctl                            
0000a85a  __fs_sub                              
0000a860  __fs_add                              
0000a98a  do_altitude_measurement               
0000aab6  display_stopwatch                     
0000abd2  nwk_join                              
0000acee  wakeup_event                          
0000ae08  start_simpliciti_tx_only              
0000b12e  mx_altitude                           
0000b234  display_caldist                       
0000b338  mx_temperature                        
0000b43a  stopwatch_tick                        
0000b53a  sx_bluerobin                          
0000b638  display_update                        
0000b72e  mx_alarm                              
0000b820  display_altitude                      
0000b910  display_temperature                   
0000b9fa  bmp_ps_init                           
0000bae0  simpliciti_sync_get_data_callback     
0000bbc4  simpliciti_main_sync                  
0000bca6  display_date                          
0000bd82  nwk_QfindOldest                       
0000be5a  display_alarm                         
0000bf30  int_to_array                          
0000c002  nwk_allocateLocalRxPort               
0000c0d0  nwk_processLink                       
0000c19e  display_chars                         
0000c26a  simpliciti_link                       
0000c334  display_speed                         
0000c3fc  read_calibration_values               
0000c4c0  sx_sync                               
0000c632  __fs_mpy                              
0000c6e8  Strobe                                
0000c78c  clock_tick                            
0000c830  simpliciti_get_ed_data_callback       
0000c8ce  nwk_retrieveFrame                     
0000c96a  temperature_measurement               
0000ca02  SetVCore                              
0000ca96  get_bluerobin_data                    
0000cb26  __fs_div                              
0000cbb4  ps_i2c_sda                            
0000cc40  SMPL_Init                             
0000ccca  nwk_buildFrame                        
0000ce60  TIMER0_A1_5_ISR                       
0000cee4  get_numberOfDays                      
0000cf66  process_requests                      
0000cfe6  BRRX_RadioReceive_v                   
0000d064  nwk_sendAckReply                      
0000d0e0  display_char                          
0000d15a  nwk_QfindSlot                         
0000d1d2  nwk_radioControl                      
0000d24a  mrfiRadioInterfaceCmdStrobe           
0000d2be  ps_read_register                      
0000d330  BRRX_RadioInit_v                      
0000d3a0  battery_measurement                   
0000d478  WritePATable                          
0000d4e2  cma_ps_get_pa                         
0000d54c  nwk_getNextConnection                 
0000d5b6  adc12_single_conversion               
0000d61e  cma_ps_init                           
0000d684  nwk_processPing                       
0000d6ea  bmp_as_start                          
0000d74e  MRFI_RadioIsr                         
0000d7b0  Timer0_A4_Delay                       
0000d812  SMPL_SendOpt                          
0000d872  as_read_register                      
0000d8d2  as_write_register                     
0000d932  start_altitude_measurement            
0000d992  BRRX_PacketEndTimerTask_v             
0000da4c  display_battery_V                     
0000daa8  toggle_buzzer                         
0000db04  write_lcd_mem                         
0000db60  clear_line                            
0000dbba  BRRX_Start_v                          
0000dc12  BRRX__StartNewSearch_v                
0000dc6a  bmp_as_get_data                       
0000dcc2  ps_write_register                     
0000dd1a  __divul                               
0000dd1a  __remul                               
0000dd72  BRRX_RadioCalibrate_v                 
0000ddc8  display_scroller                      
0000de1e  display_hours                         
0000de72  ps_i2c_read                           
0000dec6  MRFI_ReplyDelay                       
0000df6a  cma_as_start                          
0000dfbc  button_repeat_function                
0000e00c  cma_ps_get_temp                       
0000e05c  display_heartrate                     
0000e0ac  sx_rfbsl                              
0000e14a  __fs_toul                             
0000e196  _auto_init                            
0000e1e0  __fs_cmp                              
0000e22a  BR__CalcRandomTimeOffset_u16          
0000e272  start_buzzer                          
0000e2ba  stop_bluerobin                        
0000e302  MRFI_RxIdle                           
0000e348  ReadBurstReg                          
0000e38e  WriteBurstReg                         
0000e3d4  nwk_processMgmt                       
0000e41a  __fs_tou                              
0000e460  mrfiRadioInterfaceReadReg             
0000e4e6  BRRX__NewInfo_v                       
0000e526  ps_i2c_write                          
0000e566  __divli                               
0000e566  __remli                               
0000e5a6  BRRX_SetID_v                          
0000e5e4  BRRX__DecodePacket_u8                 
0000e622  L_ASR_15                              
0000e626  L_ASR_14                              
0000e62a  L_ASR_13                              
0000e62e  L_ASR_12                              
0000e632  L_ASR_11                              
0000e636  L_ASR_10                              
0000e63a  L_ASR_9                               
0000e63e  L_ASR_8                               
0000e642  L_ASR_7                               
0000e646  L_ASR_6                               
0000e64a  L_ASR_5                               
0000e64e  L_ASR_4                               
0000e652  L_ASR_3                               
0000e656  L_ASR_2                               
0000e65a  L_ASR_1                               
0000e660  L_LSL_15                              
0000e664  L_LSL_14                              
0000e668  L_LSL_13                              
0000e66c  L_LSL_12                              
0000e670  L_LSL_11                              
0000e674  L_LSL_10                              
0000e678  L_LSL_9                               
0000e67c  L_LSL_8                               
0000e680  L_LSL_7                               
0000e684  L_LSL_6                               
0000e688  L_LSL_5                               
0000e68c  L_LSL_4                               
0000e690  L_LSL_3                               
0000e694  L_LSL_2                               
0000e698  L_LSL_1                               
0000e69e  L_LSR_15                              
0000e6a2  L_LSR_14                              
0000e6a6  L_LSR_13                              
0000e6aa  L_LSR_12                              
0000e6ae  L_LSR_11                              
0000e6b2  L_LSR_10                              
0000e6b6  L_LSR_9                               
0000e6ba  L_LSR_8                               
0000e6be  L_LSR_7                               
0000e6c2  L_LSR_6                               
0000e6c6  L_LSR_5                               
0000e6ca  L_LSR_4                               
0000e6ce  L_LSR_3                               
0000e6d2  L_LSR_2                               
0000e6d6  L_LSR_1                               
0000e6dc  BRRX_TimerTask_v                      
0000e718  as_start                              
0000e754  main                                  
0000e790  update_stopwatch_timer                
0000e7cc  WriteSingleReg                        
0000e806  nwk_isValidReply                      
0000e840  BRRX_Init_v                           
0000e878  radio_ISR                             
0000e8b0  mrfiRadioInterfaceWriteReg            
0000e8e6  __fs_itof                             
0000e91c  BR__CalcCRC_u8                        
0000e984  radio_reset                           
0000e9b8  sx_stopwatch                          
0000e9ec  BRRX_RadioStop_v                      
0000ea1e  MRFI_RxOn                             
0000ea50  as_stop                               
0000ea82  cma_as_get_data                       
0000eab4  mrfiRadioInterfaceReadRxFifo          
0000eae6  __fs_ultof                            
0000eb18  sx_alarm                              
0000eb4a  nwk_sendFrame                         
0000eb7a  nwk_QadjustOrder                      
0000eba8  __divi                                
0000eba8  __remi                                
0000ebd4  stop_altitude_measurement             
0000ec00  BRRX_GetID_u32                        
0000ec2a  MRFI_SetRFPwr                         
0000eca8  Timer0_A3_Start                       
0000ecfa  mx_stopwatch                          
0000ed22  nwk_getConnInfo                       
0000ed4a  stop_buzzer                           
0000ed72  MRFI_Sleep                            
0000ed98  display_rfbsl                         
0000edbe  init_pressure_table                   
0000ede4  nwk_checkConnInfo                     
0000ee0a  sx_ppt                                
0000ee30  sx_rf                                 
0000ee56  BRRX_GetState_t                       
0000ee7a  ps_init                               
0000ee9e  __fs_utof                             
0000eec2  BSP_Delay                             
0000eee4  display_value                         
0000ef06  memcmp                                
0000ef28  __mpyl_f5hw                           
0000ef4a  sx_acceleration                       
0000ef6c  BRRX_GetDistance_u16                  
0000ef8c  BRRX_GetSpeed_u8                      
0000efca  display_symbol                        
0000efe8  memmove                               
0000f006  nwk_processJoin                       
0000f040  clear_display_all                     
0000f05c  close_radio                           
0000f078  nwk_putNumObjectIntoMsg               
0000f0ae  ADC12ISR                              
0000f0c8  _c_int00_noargs_noexit                
0000f0e2  display_am_pm_symbol                  
0000f0fc  stop_stopwatch                        
0000f116  sx_caldist                            
0000f130  ReadSingleReg                         
0000f148  display_selection_Timeformat1         
0000f15e  display_selection_User_Gender         
0000f174  __divu                                
0000f174  __remu                                
0000f18a  __mpyi_f5hw                           
0000f1a0  display_ppt                           
0000f1b4  display_rf                            
0000f1c8  display_sync                          
0000f1dc  is_stopwatch                          
0000f1f0  BlueRobin_RadioISR_v                  
0000f202  memcpy                                
0000f214  memset                                
0000f226  open_radio                            
0000f238  BRRX__StartTimer_v                    
0000f248  L_LSL                                 
0000f258  L_LSR                                 
0000f268  radio_powerdown                       
0000f278  sx_date                               
0000f288  sx_time                               
0000f298  BRRX__GetCurrentTime_u16              
0000f2a4  is_rf                                 
0000f2b0  update_acceleration                   
0000f2bc  update_alarm                          
0000f2c8  update_battery_voltage                
0000f2d4  update_scroller                       
0000f2e0  update_stopwatch                      
0000f2ec  update_temperature                    
0000f2f8  BRRX__IsTimerRunning_v                
0000f302  BRRX__StopTimer_v                     
0000f30c  update_date                           
0000f316  update_time                           
0000f320  BRRX_GetFS_Offset_s8                  
0000f328  BRRX_SetSignalLevelReduction_v        
0000f330  BRRX_GetHeartRate_u8                  
0000f336  BRRX_SetPowerdownDelay_v              
0000f33c  BRRX_SetSearchTimeout_v               
0000f342  BRRX_Stop_v                           
0000f348  BRRX__CallTimer_v                     
0000f34e  BRRX__InitTimer_v                     
0000f354  __TI_ISR_TRAP                         
0000f35a  mx_bluerobin                          
0000f360  _system_pre_init                      
0000f364  C$$EXIT                               
0000f364  abort                                 
0000f368  nwk_processFreq                       
0000f36c  nwk_processSecurity                   
0000f370  ps_i2c_delay                          
0000f374  dummy                                 
0000f376  sx_altitude                           
0000f378  sx_scroller                           
0000f37a  __etext__                             
0000f37a  etext                                 
0000f37a  int_to_array_conversion_table         
0000f599  method                                
0000f59a  menu_L1_Time                          
0000f5ac  menu_L2_Date                          
0000f5be  menu_L2_RFBSL                         
0000f5d0  menu_L1_Alarm                         
0000f5e2  menu_L1_Temperature                   
0000f5f4  menu_L1_Altitude                      
0000f606  menu_L1_Heartrate                     
0000f618  menu_L1_Speed                         
0000f62a  menu_L1_Acceleration                  
0000f63c  menu_L1_Scroller                      
0000f64e  menu_L2_Stopwatch                     
0000f660  menu_L2_Battery                       
0000f672  menu_L2_Rf                            
0000f684  menu_L2_Ppt                           
0000f696  menu_L2_Sync                          
0000f6a8  menu_L2_CalDist                       
0000f6ba  RandomValue_u8                        
0000f852  mrfiRadioCfg                          
0000f892  lcd_font                              
0000f8be  segments_bitmask                      
0000f910  h0                                    
0000f932  p0                                    
0000f96c  bmp_mgrav_per_bit                     
0000f97a  cma_mgrav_per_bit                     
0000f992  selection_Timeformat                  
0000f99a  selection_User_Gender                 
0000f9a2  mrfiBroadcastAddr                     
0000f9aa  BRRX__First_TXCB_t                    
0000f9ac  BRRX__Last_TXCB_t                     
0000f9b6  __cinit__                             
0000f9b6  cinit                                 
0000ffda  __TI_int45                            
0000ffdc  __TI_int46                            
0000ffde  __TI_int47                            
0000ffe0  __TI_int48                            
0000ffe2  __TI_int49                            
0000ffe4  __TI_int50                            
0000ffe6  __TI_int51                            
0000ffe8  __TI_int52                            
0000ffea  __TI_int53                            
0000ffec  __TI_int54                            
0000ffee  __TI_int55                            
0000fff0  __TI_int56                            
0000fff2  __TI_int57                            
0000fff4  __TI_int58                            
0000fff6  __TI_int59                            
0000fff8  __TI_int60                            
0000fffa  __TI_int61                            
0000fffc  __TI_int62                            
0000fffe  _reset_vector                         
ffffffff  __binit__                             
ffffffff  __c_args__                            
ffffffff  __pinit__                             
ffffffff  binit                                 
ffffffff  pinit                                 

[1120 symbols]
