<?xml version="1.0"?>
<link_info>
   <banner>MSP430 Linker PC v4.4.6</banner>
   <copyright>Copyright (c) 2003-2015 Texas Instruments Incorporated</copyright>
   <link_time>0x563a157a</link_time>
   <link_errors>0x0</link_errors>
   <output_file>ez430_chronos_433MHz.out</output_file>
   <entry_point>
      <name>_c_int00_noargs_noexit</name>
      <address>0xf034</address>
   </entry_point>
   <input_file_list>
      <input_file id="fl-16">
         <path>.\driver\</path>
         <kind>object</kind>
         <file>ps.obj</file>
         <name>ps.obj</name>
      </input_file>
      <input_file id="fl-33">
         <path>..\driver\</path>
         <kind>archive</kind>
         <file>ez430_chronos_drivers.lib</file>
         <name>radio.obj</name>
      </input_file>
      <input_file id="fl-36">
         <path>..\bluerobin\</path>
         <kind>archive</kind>
         <file>BlueRobin_RX_433MHz.lib</file>
         <name>BRRX_Radio.obj</name>
      </input_file>
      <input_file id="fl-37">
         <path>..\bluerobin\</path>
         <kind>archive</kind>
         <file>BlueRobin_RX_433MHz.lib</file>
         <name>BRRX_Timer.obj</name>
      </input_file>
      <input_file id="fl-38">
         <path>..\bluerobin\</path>
         <kind>archive</kind>
         <file>BlueRobin_RX_433MHz.lib</file>
         <name>BRRX_Scheduler.obj</name>
      </input_file>
      <input_file id="fl-39">
         <path>..\bluerobin\</path>
         <kind>archive</kind>
         <file>BlueRobin_RX_433MHz.lib</file>
         <name>BRRX_Resource.obj</name>
      </input_file>
      <input_file id="fl-3a">
         <path>..\bluerobin\</path>
         <kind>archive</kind>
         <file>BlueRobin_RX_433MHz.lib</file>
         <name>BRRX_Packet.obj</name>
      </input_file>
      <input_file id="fl-3b">
         <path>..\bluerobin\</path>
         <kind>archive</kind>
         <file>BlueRobin_RX_433MHz.lib</file>
         <name>BRRX_API.obj</name>
      </input_file>
      <input_file id="fl-3c">
         <path>..\bluerobin\</path>
         <kind>archive</kind>
         <file>BlueRobin_RX_433MHz.lib</file>
         <name>BR_Common.obj</name>
      </input_file>
      <input_file id="fl-3d">
         <path>C:\Code Composer Studio\ccsv6\tools\compiler\ti-cgt-msp430_4.4.6\lib\</path>
         <kind>archive</kind>
         <file>rts430x.lib</file>
         <name>asr32.obj</name>
      </input_file>
      <input_file id="fl-3e">
         <path>C:\Code Composer Studio\ccsv6\tools\compiler\ti-cgt-msp430_4.4.6\lib\</path>
         <kind>archive</kind>
         <file>rts430x.lib</file>
         <name>boot.obj</name>
      </input_file>
      <input_file id="fl-3f">
         <path>C:\Code Composer Studio\ccsv6\tools\compiler\ti-cgt-msp430_4.4.6\lib\</path>
         <kind>archive</kind>
         <file>rts430x.lib</file>
         <name>boot_special.obj</name>
      </input_file>
      <input_file id="fl-43">
         <path>C:\Code Composer Studio\ccsv6\tools\compiler\ti-cgt-msp430_4.4.6\lib\</path>
         <kind>archive</kind>
         <file>rts430x.lib</file>
         <name>cpy_util.obj</name>
      </input_file>
      <input_file id="fl-44">
         <path>C:\Code Composer Studio\ccsv6\tools\compiler\ti-cgt-msp430_4.4.6\lib\</path>
         <kind>archive</kind>
         <file>rts430x.lib</file>
         <name>div16s.obj</name>
      </input_file>
      <input_file id="fl-45">
         <path>C:\Code Composer Studio\ccsv6\tools\compiler\ti-cgt-msp430_4.4.6\lib\</path>
         <kind>archive</kind>
         <file>rts430x.lib</file>
         <name>div16u.obj</name>
      </input_file>
      <input_file id="fl-46">
         <path>C:\Code Composer Studio\ccsv6\tools\compiler\ti-cgt-msp430_4.4.6\lib\</path>
         <kind>archive</kind>
         <file>rts430x.lib</file>
         <name>div32s.obj</name>
      </input_file>
      <input_file id="fl-47">
         <path>C:\Code Composer Studio\ccsv6\tools\compiler\ti-cgt-msp430_4.4.6\lib\</path>
         <kind>archive</kind>
         <file>rts430x.lib</file>
         <name>div32u.obj</name>
      </input_file>
      <input_file id="fl-48">
         <path>C:\Code Composer Studio\ccsv6\tools\compiler\ti-cgt-msp430_4.4.6\lib\</path>
         <kind>archive</kind>
         <file>rts430x.lib</file>
         <name>exit.obj</name>
      </input_file>
      <input_file id="fl-4a">
         <path>C:\Code Composer Studio\ccsv6\tools\compiler\ti-cgt-msp430_4.4.6\lib\</path>
         <kind>archive</kind>
         <file>rts430x.lib</file>
         <name>fs_add.obj</name>
      </input_file>
      <input_file id="fl-4b">
         <path>C:\Code Composer Studio\ccsv6\tools\compiler\ti-cgt-msp430_4.4.6\lib\</path>
         <kind>archive</kind>
         <file>rts430x.lib</file>
         <name>fs_cmp.obj</name>
      </input_file>
      <input_file id="fl-4c">
         <path>C:\Code Composer Studio\ccsv6\tools\compiler\ti-cgt-msp430_4.4.6\lib\</path>
         <kind>archive</kind>
         <file>rts430x.lib</file>
         <name>fs_div.obj</name>
      </input_file>
      <input_file id="fl-4d">
         <path>C:\Code Composer Studio\ccsv6\tools\compiler\ti-cgt-msp430_4.4.6\lib\</path>
         <kind>archive</kind>
         <file>rts430x.lib</file>
         <name>fs_itof.obj</name>
      </input_file>
      <input_file id="fl-4e">
         <path>C:\Code Composer Studio\ccsv6\tools\compiler\ti-cgt-msp430_4.4.6\lib\</path>
         <kind>archive</kind>
         <file>rts430x.lib</file>
         <name>fs_mpy.obj</name>
      </input_file>
      <input_file id="fl-4f">
         <path>C:\Code Composer Studio\ccsv6\tools\compiler\ti-cgt-msp430_4.4.6\lib\</path>
         <kind>archive</kind>
         <file>rts430x.lib</file>
         <name>fs_tou.obj</name>
      </input_file>
      <input_file id="fl-50">
         <path>C:\Code Composer Studio\ccsv6\tools\compiler\ti-cgt-msp430_4.4.6\lib\</path>
         <kind>archive</kind>
         <file>rts430x.lib</file>
         <name>fs_toul.obj</name>
      </input_file>
      <input_file id="fl-51">
         <path>C:\Code Composer Studio\ccsv6\tools\compiler\ti-cgt-msp430_4.4.6\lib\</path>
         <kind>archive</kind>
         <file>rts430x.lib</file>
         <name>fs_ultof.obj</name>
      </input_file>
      <input_file id="fl-52">
         <path>C:\Code Composer Studio\ccsv6\tools\compiler\ti-cgt-msp430_4.4.6\lib\</path>
         <kind>archive</kind>
         <file>rts430x.lib</file>
         <name>fs_utof.obj</name>
      </input_file>
      <input_file id="fl-53">
         <path>C:\Code Composer Studio\ccsv6\tools\compiler\ti-cgt-msp430_4.4.6\lib\</path>
         <kind>archive</kind>
         <file>rts430x.lib</file>
         <name>int45.obj</name>
      </input_file>
      <input_file id="fl-54">
         <path>C:\Code Composer Studio\ccsv6\tools\compiler\ti-cgt-msp430_4.4.6\lib\</path>
         <kind>archive</kind>
         <file>rts430x.lib</file>
         <name>int46.obj</name>
      </input_file>
      <input_file id="fl-55">
         <path>C:\Code Composer Studio\ccsv6\tools\compiler\ti-cgt-msp430_4.4.6\lib\</path>
         <kind>archive</kind>
         <file>rts430x.lib</file>
         <name>int47.obj</name>
      </input_file>
      <input_file id="fl-56">
         <path>C:\Code Composer Studio\ccsv6\tools\compiler\ti-cgt-msp430_4.4.6\lib\</path>
         <kind>archive</kind>
         <file>rts430x.lib</file>
         <name>int49.obj</name>
      </input_file>
      <input_file id="fl-57">
         <path>C:\Code Composer Studio\ccsv6\tools\compiler\ti-cgt-msp430_4.4.6\lib\</path>
         <kind>archive</kind>
         <file>rts430x.lib</file>
         <name>int50.obj</name>
      </input_file>
      <input_file id="fl-58">
         <path>C:\Code Composer Studio\ccsv6\tools\compiler\ti-cgt-msp430_4.4.6\lib\</path>
         <kind>archive</kind>
         <file>rts430x.lib</file>
         <name>int51.obj</name>
      </input_file>
      <input_file id="fl-59">
         <path>C:\Code Composer Studio\ccsv6\tools\compiler\ti-cgt-msp430_4.4.6\lib\</path>
         <kind>archive</kind>
         <file>rts430x.lib</file>
         <name>int52.obj</name>
      </input_file>
      <input_file id="fl-5a">
         <path>C:\Code Composer Studio\ccsv6\tools\compiler\ti-cgt-msp430_4.4.6\lib\</path>
         <kind>archive</kind>
         <file>rts430x.lib</file>
         <name>int57.obj</name>
      </input_file>
      <input_file id="fl-5b">
         <path>C:\Code Composer Studio\ccsv6\tools\compiler\ti-cgt-msp430_4.4.6\lib\</path>
         <kind>archive</kind>
         <file>rts430x.lib</file>
         <name>int58.obj</name>
      </input_file>
      <input_file id="fl-5c">
         <path>C:\Code Composer Studio\ccsv6\tools\compiler\ti-cgt-msp430_4.4.6\lib\</path>
         <kind>archive</kind>
         <file>rts430x.lib</file>
         <name>int59.obj</name>
      </input_file>
      <input_file id="fl-5d">
         <path>C:\Code Composer Studio\ccsv6\tools\compiler\ti-cgt-msp430_4.4.6\lib\</path>
         <kind>archive</kind>
         <file>rts430x.lib</file>
         <name>int60.obj</name>
      </input_file>
      <input_file id="fl-5e">
         <path>C:\Code Composer Studio\ccsv6\tools\compiler\ti-cgt-msp430_4.4.6\lib\</path>
         <kind>archive</kind>
         <file>rts430x.lib</file>
         <name>int61.obj</name>
      </input_file>
      <input_file id="fl-5f">
         <path>C:\Code Composer Studio\ccsv6\tools\compiler\ti-cgt-msp430_4.4.6\lib\</path>
         <kind>archive</kind>
         <file>rts430x.lib</file>
         <name>int62.obj</name>
      </input_file>
      <input_file id="fl-60">
         <path>C:\Code Composer Studio\ccsv6\tools\compiler\ti-cgt-msp430_4.4.6\lib\</path>
         <kind>archive</kind>
         <file>rts430x.lib</file>
         <name>isr_trap.obj</name>
      </input_file>
      <input_file id="fl-61">
         <path>C:\Code Composer Studio\ccsv6\tools\compiler\ti-cgt-msp430_4.4.6\lib\</path>
         <kind>archive</kind>
         <file>rts430x.lib</file>
         <name>lsl32.obj</name>
      </input_file>
      <input_file id="fl-62">
         <path>C:\Code Composer Studio\ccsv6\tools\compiler\ti-cgt-msp430_4.4.6\lib\</path>
         <kind>archive</kind>
         <file>rts430x.lib</file>
         <name>lsr32.obj</name>
      </input_file>
      <input_file id="fl-68">
         <path>C:\Code Composer Studio\ccsv6\tools\compiler\ti-cgt-msp430_4.4.6\lib\</path>
         <kind>archive</kind>
         <file>rts430x.lib</file>
         <name>mult16.obj</name>
      </input_file>
      <input_file id="fl-69">
         <path>C:\Code Composer Studio\ccsv6\tools\compiler\ti-cgt-msp430_4.4.6\lib\</path>
         <kind>archive</kind>
         <file>rts430x.lib</file>
         <name>mult1632_f5hw.obj</name>
      </input_file>
      <input_file id="fl-6a">
         <path>C:\Code Composer Studio\ccsv6\tools\compiler\ti-cgt-msp430_4.4.6\lib\</path>
         <kind>archive</kind>
         <file>rts430x.lib</file>
         <name>mult16_f5hw.obj</name>
      </input_file>
      <input_file id="fl-6b">
         <path>C:\Code Composer Studio\ccsv6\tools\compiler\ti-cgt-msp430_4.4.6\lib\</path>
         <kind>archive</kind>
         <file>rts430x.lib</file>
         <name>mult32.obj</name>
      </input_file>
      <input_file id="fl-6c">
         <path>C:\Code Composer Studio\ccsv6\tools\compiler\ti-cgt-msp430_4.4.6\lib\</path>
         <kind>archive</kind>
         <file>rts430x.lib</file>
         <name>mult3264_f5hw.obj</name>
      </input_file>
      <input_file id="fl-6d">
         <path>C:\Code Composer Studio\ccsv6\tools\compiler\ti-cgt-msp430_4.4.6\lib\</path>
         <kind>archive</kind>
         <file>rts430x.lib</file>
         <name>mult32_f5hw.obj</name>
      </input_file>
      <input_file id="fl-6e">
         <path>C:\Code Composer Studio\ccsv6\tools\compiler\ti-cgt-msp430_4.4.6\lib\</path>
         <kind>archive</kind>
         <file>rts430x.lib</file>
         <name>mult64_f5hw.obj</name>
      </input_file>
      <input_file id="fl-71">
         <path>C:\Code Composer Studio\ccsv6\tools\compiler\ti-cgt-msp430_4.4.6\lib\</path>
         <kind>archive</kind>
         <file>rts430x.lib</file>
         <name>args_main.obj</name>
      </input_file>
      <input_file id="fl-72">
         <path>C:\Code Composer Studio\ccsv6\tools\compiler\ti-cgt-msp430_4.4.6\lib\</path>
         <kind>archive</kind>
         <file>rts430x.lib</file>
         <name>autoinit.obj</name>
      </input_file>
      <input_file id="fl-9d">
         <path>C:\Users\Rollin\AppData\Local\Temp\</path>
         <kind>object</kind>
         <file>105482</file>
         <name>105482</name>
      </input_file>
   </input_file_list>
   <object_component_list>
      <object_component id="oc-84">
         <name>.bss</name>
         <uninitialized>true</uninitialized>
         <run_address>0x1d32</run_address>
         <size>0x45</size>
         <input_file_ref idref="fl-16"/>
      </object_component>
      <object_component id="oc-8e">
         <name>.bss</name>
         <uninitialized>true</uninitialized>
         <run_address>0x1ed0</run_address>
         <size>0x6</size>
         <input_file_ref idref="fl-36"/>
      </object_component>
      <object_component id="oc-94">
         <name>.bss</name>
         <uninitialized>true</uninitialized>
         <run_address>0x1eb0</run_address>
         <size>0x8</size>
         <input_file_ref idref="fl-37"/>
      </object_component>
      <object_component id="oc-9a">
         <name>.bss</name>
         <uninitialized>true</uninitialized>
         <run_address>0x1e5e</run_address>
         <size>0xc</size>
         <input_file_ref idref="fl-38"/>
      </object_component>
      <object_component id="oc-a0">
         <name>.bss</name>
         <uninitialized>true</uninitialized>
         <run_address>0x1dd2</run_address>
         <size>0x1c</size>
         <input_file_ref idref="fl-39"/>
      </object_component>
      <object_component id="oc-a5">
         <name>.bss</name>
         <uninitialized>true</uninitialized>
         <run_address>0x1ee2</run_address>
         <size>0x5</size>
         <input_file_ref idref="fl-3a"/>
      </object_component>
      <object_component id="oc-ab">
         <name>.bss</name>
         <uninitialized>true</uninitialized>
         <run_address>0x1ee8</run_address>
         <size>0x4</size>
         <input_file_ref idref="fl-3b"/>
      </object_component>
      <object_component id="oc-b0">
         <name>.bss</name>
         <uninitialized>true</uninitialized>
         <run_address>0x1e6a</run_address>
         <size>0xa</size>
         <input_file_ref idref="fl-3c"/>
      </object_component>
      <object_component id="oc-144">
         <name>.bss</name>
         <uninitialized>true</uninitialized>
         <run_address>0x1c8c</run_address>
         <size>0x5e</size>
         <input_file_ref idref="fl-30"/>
      </object_component>
      <object_component id="oc-145">
         <name>.bss</name>
         <uninitialized>true</uninitialized>
         <run_address>0x1e92</run_address>
         <size>0xa</size>
         <input_file_ref idref="fl-32"/>
      </object_component>
      <object_component id="oc-147">
         <name>.bss</name>
         <uninitialized>true</uninitialized>
         <run_address>0x1ef0</run_address>
         <size>0x4</size>
         <input_file_ref idref="fl-a"/>
      </object_component>
      <object_component id="oc-148">
         <name>.bss</name>
         <uninitialized>true</uninitialized>
         <run_address>0x1eb8</run_address>
         <size>0x8</size>
         <input_file_ref idref="fl-6"/>
      </object_component>
      <object_component id="oc-149">
         <name>.bss</name>
         <uninitialized>true</uninitialized>
         <run_address>0x1edc</run_address>
         <size>0x6</size>
         <input_file_ref idref="fl-e"/>
      </object_component>
      <object_component id="oc-14a">
         <name>.bss</name>
         <uninitialized>true</uninitialized>
         <run_address>0x1e34</run_address>
         <size>0xe</size>
         <input_file_ref idref="fl-5"/>
      </object_component>
      <object_component id="oc-14b">
         <name>.bss</name>
         <uninitialized>true</uninitialized>
         <run_address>0x1cea</run_address>
         <size>0x48</size>
         <input_file_ref idref="fl-c"/>
      </object_component>
      <object_component id="oc-14c">
         <name>.bss</name>
         <uninitialized>true</uninitialized>
         <run_address>0x1ecf</run_address>
         <size>0x1</size>
         <input_file_ref idref="fl-b"/>
      </object_component>
      <object_component id="oc-14d">
         <name>.bss</name>
         <uninitialized>true</uninitialized>
         <run_address>0x1e22</run_address>
         <size>0x12</size>
         <input_file_ref idref="fl-2"/>
      </object_component>
      <object_component id="oc-14e">
         <name>.bss</name>
         <uninitialized>true</uninitialized>
         <run_address>0x1eaf</run_address>
         <size>0x1</size>
         <input_file_ref idref="fl-11"/>
      </object_component>
      <object_component id="oc-14f">
         <name>.bss</name>
         <uninitialized>true</uninitialized>
         <run_address>0x1e88</run_address>
         <size>0xa</size>
         <input_file_ref idref="fl-3"/>
      </object_component>
      <object_component id="oc-150">
         <name>.bss</name>
         <uninitialized>true</uninitialized>
         <run_address>0x1e42</run_address>
         <size>0xe</size>
         <input_file_ref idref="fl-8"/>
      </object_component>
      <object_component id="oc-151">
         <name>.bss</name>
         <uninitialized>true</uninitialized>
         <run_address>0x1eec</run_address>
         <size>0x4</size>
         <input_file_ref idref="fl-4"/>
      </object_component>
      <object_component id="oc-152">
         <name>.bss</name>
         <uninitialized>true</uninitialized>
         <run_address>0x1dee</run_address>
         <size>0x1a</size>
         <input_file_ref idref="fl-7"/>
      </object_component>
      <object_component id="oc-153">
         <name>.bss</name>
         <uninitialized>true</uninitialized>
         <run_address>0x1ed6</run_address>
         <size>0x6</size>
         <input_file_ref idref="fl-9"/>
      </object_component>
      <object_component id="oc-154">
         <name>.bss</name>
         <uninitialized>true</uninitialized>
         <run_address>0x1e50</run_address>
         <size>0xe</size>
         <input_file_ref idref="fl-d"/>
      </object_component>
      <object_component id="oc-155">
         <name>.bss</name>
         <uninitialized>true</uninitialized>
         <run_address>0x1e08</run_address>
         <size>0x1a</size>
         <input_file_ref idref="fl-13"/>
      </object_component>
      <object_component id="oc-156">
         <name>.bss</name>
         <uninitialized>true</uninitialized>
         <run_address>0x1dd1</run_address>
         <size>0x1</size>
         <input_file_ref idref="fl-21"/>
      </object_component>
      <object_component id="oc-157">
         <name>.bss</name>
         <uninitialized>true</uninitialized>
         <run_address>0x1d77</run_address>
         <size>0x1</size>
         <input_file_ref idref="fl-1f"/>
      </object_component>
      <object_component id="oc-158">
         <name>.bss</name>
         <uninitialized>true</uninitialized>
         <run_address>0x1d78</run_address>
         <size>0x3c</size>
         <input_file_ref idref="fl-20"/>
      </object_component>
      <object_component id="oc-15a">
         <name>.bss</name>
         <uninitialized>true</uninitialized>
         <run_address>0x1e74</run_address>
         <size>0xa</size>
         <input_file_ref idref="fl-22"/>
      </object_component>
      <object_component id="oc-15d">
         <name>.bss</name>
         <uninitialized>true</uninitialized>
         <run_address>0x1e9c</run_address>
         <size>0x9</size>
         <input_file_ref idref="fl-24"/>
      </object_component>
      <object_component id="oc-15e">
         <name>.bss</name>
         <uninitialized>true</uninitialized>
         <run_address>0x1ea6</run_address>
         <size>0x9</size>
         <input_file_ref idref="fl-26"/>
      </object_component>
      <object_component id="oc-15f">
         <name>.bss</name>
         <uninitialized>true</uninitialized>
         <run_address>0x1e7e</run_address>
         <size>0xa</size>
         <input_file_ref idref="fl-27"/>
      </object_component>
      <object_component id="oc-160">
         <name>.bss</name>
         <uninitialized>true</uninitialized>
         <run_address>0x1ef4</run_address>
         <size>0x3</size>
         <input_file_ref idref="fl-28"/>
      </object_component>
      <object_component id="oc-161">
         <name>.bss</name>
         <uninitialized>true</uninitialized>
         <run_address>0x1ea5</run_address>
         <size>0x1</size>
         <input_file_ref idref="fl-29"/>
      </object_component>
      <object_component id="oc-162">
         <name>.bss</name>
         <uninitialized>true</uninitialized>
         <run_address>0x1c00</run_address>
         <size>0x8c</size>
         <input_file_ref idref="fl-2a"/>
      </object_component>
      <object_component id="oc-163">
         <name>.bss</name>
         <uninitialized>true</uninitialized>
         <run_address>0x1db4</run_address>
         <size>0x1d</size>
         <input_file_ref idref="fl-2d"/>
      </object_component>
      <object_component id="oc-164">
         <name>.bss</name>
         <uninitialized>true</uninitialized>
         <run_address>0x1ef8</run_address>
         <size>0x3</size>
         <input_file_ref idref="fl-2e"/>
      </object_component>
      <object_component id="oc-165">
         <name>.bss</name>
         <uninitialized>true</uninitialized>
         <run_address>0x1ec8</run_address>
         <size>0x7</size>
         <input_file_ref idref="fl-35"/>
      </object_component>
      <object_component id="oc-166">
         <name>.bss</name>
         <uninitialized>true</uninitialized>
         <run_address>0x1ec0</run_address>
         <size>0x8</size>
         <input_file_ref idref="fl-2f"/>
      </object_component>
      <object_component id="oc-ba">
         <name>.stack</name>
         <uninitialized>true</uninitialized>
         <run_address>0x2bac</run_address>
         <size>0x2</size>
         <input_file_ref idref="fl-3e"/>
      </object_component>
      <object_component id="oc-2d0">
         <name>.stack</name>
         <uninitialized>true</uninitialized>
         <run_address>0x2bac</run_address>
         <size>0x0</size>
      </object_component>
      <object_component id="oc-171">
         <name>.text:_isr:TIMER0_A0_ISR</name>
         <load_address>0x8000</load_address>
         <run_address>0x8000</run_address>
         <size>0x2c0</size>
         <input_file_ref idref="fl-35"/>
      </object_component>
      <object_component id="oc-20b">
         <name>.text:conv_pa_to_meter</name>
         <load_address>0x82c0</load_address>
         <run_address>0x82c0</run_address>
         <size>0x298</size>
         <input_file_ref idref="fl-16"/>
      </object_component>
      <object_component id="oc-1f2">
         <name>.text:BRRX__Scheduler_v</name>
         <load_address>0x8558</load_address>
         <run_address>0x8558</run_address>
         <size>0x284</size>
         <input_file_ref idref="fl-38"/>
      </object_component>
      <object_component id="oc-1c2">
         <name>.text:test_mode</name>
         <load_address>0x87dc</load_address>
         <run_address>0x87dc</run_address>
         <size>0x27a</size>
         <input_file_ref idref="fl-f"/>
      </object_component>
      <object_component id="oc-1cd">
         <name>.text:set_value</name>
         <load_address>0x8a56</load_address>
         <run_address>0x8a56</run_address>
         <size>0x22c</size>
         <input_file_ref idref="fl-10"/>
      </object_component>
      <object_component id="oc-16e">
         <name>.text:_isr:PORT2_ISR</name>
         <load_address>0x8c82</load_address>
         <run_address>0x8c82</run_address>
         <size>0x200</size>
         <input_file_ref idref="fl-32"/>
      </object_component>
      <object_component id="oc-24b">
         <name>.text:MRFI_Init</name>
         <load_address>0x8e82</load_address>
         <run_address>0x8e82</run_address>
         <size>0x1f6</size>
         <input_file_ref idref="fl-20"/>
      </object_component>
      <object_component id="oc-17b">
         <name>.text:mx_time</name>
         <load_address>0x9078</load_address>
         <run_address>0x9078</run_address>
         <size>0x1e4</size>
         <input_file_ref idref="fl-8"/>
      </object_component>
      <object_component id="oc-1d5">
         <name>.text:update_pressure_table</name>
         <load_address>0x925c</load_address>
         <run_address>0x925c</run_address>
         <size>0x1da</size>
         <input_file_ref idref="fl-16"/>
      </object_component>
      <object_component id="oc-1a3">
         <name>.text:mx_caldist</name>
         <load_address>0x9436</load_address>
         <run_address>0x9436</run_address>
         <size>0x1ca</size>
         <input_file_ref idref="fl-7"/>
      </object_component>
      <object_component id="oc-17c">
         <name>.text:display_time</name>
         <load_address>0x9600</load_address>
         <run_address>0x9600</run_address>
         <size>0x1be</size>
         <input_file_ref idref="fl-8"/>
      </object_component>
      <object_component id="oc-17f">
         <name>.text:mx_date</name>
         <load_address>0x97be</load_address>
         <run_address>0x97be</run_address>
         <size>0x194</size>
         <input_file_ref idref="fl-9"/>
      </object_component>
      <object_component id="oc-20a">
         <name>.text:bmp_ps_get_pa</name>
         <load_address>0x9952</load_address>
         <run_address>0x9952</run_address>
         <size>0x192</size>
         <input_file_ref idref="fl-13"/>
      </object_component>
      <object_component id="oc-194">
         <name>.text:display_acceleration</name>
         <load_address>0x9ae4</load_address>
         <run_address>0x9ae4</run_address>
         <size>0x180</size>
         <input_file_ref idref="fl-3"/>
      </object_component>
      <object_component id="oc-1c0">
         <name>.text:init_application</name>
         <load_address>0x9c64</load_address>
         <run_address>0x9c64</run_address>
         <size>0x172</size>
         <input_file_ref idref="fl-2"/>
      </object_component>
      <object_component id="oc-24c">
         <name>.text:nwk_nwkInit</name>
         <load_address>0x9dd6</load_address>
         <run_address>0x9dd6</run_address>
         <size>0x16e</size>
         <input_file_ref idref="fl-2d"/>
      </object_component>
      <object_component id="oc-273">
         <name>.text:smpl_send_link_reply$28</name>
         <load_address>0x9f44</load_address>
         <run_address>0x9f44</run_address>
         <size>0x164</size>
         <input_file_ref idref="fl-27"/>
      </object_component>
      <object_component id="oc-263">
         <name>.text:MRFI_Transmit</name>
         <load_address>0xa0a8</load_address>
         <run_address>0xa0a8</run_address>
         <size>0x14c</size>
         <input_file_ref idref="fl-20"/>
      </object_component>
      <object_component id="oc-1c1">
         <name>.text:init_global_variables</name>
         <load_address>0xa1f4</load_address>
         <run_address>0xa1f4</run_address>
         <size>0x14a</size>
         <input_file_ref idref="fl-2"/>
      </object_component>
      <object_component id="oc-227">
         <name>.text:simpliciti_sync_decode_ap_cmd_callback</name>
         <load_address>0xa33e</load_address>
         <run_address>0xa33e</run_address>
         <size>0x14a</size>
         <input_file_ref idref="fl-c"/>
      </object_component>
      <object_component id="oc-222">
         <name>.text:nwk_link</name>
         <load_address>0xa488</load_address>
         <run_address>0xa488</run_address>
         <size>0x148</size>
         <input_file_ref idref="fl-27"/>
      </object_component>
      <object_component id="oc-1f1">
         <name>.text:Mrfi_SyncPinRxIsr$21</name>
         <load_address>0xa5d0</load_address>
         <run_address>0xa5d0</run_address>
         <size>0x140</size>
         <input_file_ref idref="fl-20"/>
      </object_component>
      <object_component id="oc-21f">
         <name>.text:SMPL_Ioctl</name>
         <load_address>0xa710</load_address>
         <run_address>0xa710</run_address>
         <size>0x13e</size>
         <input_file_ref idref="fl-21"/>
      </object_component>
      <object_component id="oc-e2">
         <name>.text</name>
         <load_address>0xa84e</load_address>
         <run_address>0xa84e</run_address>
         <size>0x130</size>
         <input_file_ref idref="fl-4a"/>
      </object_component>
      <object_component id="oc-1c5">
         <name>.text:do_altitude_measurement</name>
         <load_address>0xa97e</load_address>
         <run_address>0xa97e</run_address>
         <size>0x12c</size>
         <input_file_ref idref="fl-5"/>
      </object_component>
      <object_component id="oc-198">
         <name>.text:display_stopwatch</name>
         <load_address>0xaaaa</load_address>
         <run_address>0xaaaa</run_address>
         <size>0x11c</size>
         <input_file_ref idref="fl-d"/>
      </object_component>
      <object_component id="oc-24e">
         <name>.text:nwk_join</name>
         <load_address>0xabc6</load_address>
         <run_address>0xabc6</run_address>
         <size>0x11c</size>
         <input_file_ref idref="fl-26"/>
      </object_component>
      <object_component id="oc-1c3">
         <name>.text:wakeup_event</name>
         <load_address>0xace2</load_address>
         <run_address>0xace2</run_address>
         <size>0x11a</size>
         <input_file_ref idref="fl-2"/>
      </object_component>
      <object_component id="oc-1e9">
         <name>.text:start_simpliciti_tx_only</name>
         <load_address>0xadfc</load_address>
         <run_address>0xadfc</run_address>
         <size>0x112</size>
         <input_file_ref idref="fl-c"/>
      </object_component>
      <object_component id="oc-23a">
         <name>.text:PacketMissed_v</name>
         <load_address>0xaf0e</load_address>
         <run_address>0xaf0e</run_address>
         <size>0x10c</size>
         <input_file_ref idref="fl-38"/>
      </object_component>
      <object_component id="oc-234">
         <name>.text:dispatchFrame$23</name>
         <load_address>0xb01a</load_address>
         <run_address>0xb01a</run_address>
         <size>0x108</size>
         <input_file_ref idref="fl-22"/>
      </object_component>
      <object_component id="oc-18d">
         <name>.text:mx_altitude</name>
         <load_address>0xb122</load_address>
         <run_address>0xb122</run_address>
         <size>0x106</size>
         <input_file_ref idref="fl-5"/>
      </object_component>
      <object_component id="oc-1a4">
         <name>.text:display_caldist</name>
         <load_address>0xb228</load_address>
         <run_address>0xb228</run_address>
         <size>0x104</size>
         <input_file_ref idref="fl-7"/>
      </object_component>
      <object_component id="oc-189">
         <name>.text:mx_temperature</name>
         <load_address>0xb32c</load_address>
         <run_address>0xb32c</run_address>
         <size>0x102</size>
         <input_file_ref idref="fl-e"/>
      </object_component>
      <object_component id="oc-1ae">
         <name>.text:stopwatch_tick</name>
         <load_address>0xb42e</load_address>
         <run_address>0xb42e</run_address>
         <size>0x100</size>
         <input_file_ref idref="fl-d"/>
      </object_component>
      <object_component id="oc-18f">
         <name>.text:sx_bluerobin</name>
         <load_address>0xb52e</load_address>
         <run_address>0xb52e</run_address>
         <size>0xfe</size>
         <input_file_ref idref="fl-7"/>
      </object_component>
      <object_component id="oc-1c9">
         <name>.text:display_update</name>
         <load_address>0xb62c</load_address>
         <run_address>0xb62c</run_address>
         <size>0xf6</size>
         <input_file_ref idref="fl-2"/>
      </object_component>
      <object_component id="oc-186">
         <name>.text:mx_alarm</name>
         <load_address>0xb722</load_address>
         <run_address>0xb722</run_address>
         <size>0xf2</size>
         <input_file_ref idref="fl-4"/>
      </object_component>
      <object_component id="oc-18e">
         <name>.text:display_altitude</name>
         <load_address>0xb814</load_address>
         <run_address>0xb814</run_address>
         <size>0xf0</size>
         <input_file_ref idref="fl-5"/>
      </object_component>
      <object_component id="oc-18a">
         <name>.text:display_temperature</name>
         <load_address>0xb904</load_address>
         <run_address>0xb904</run_address>
         <size>0xea</size>
         <input_file_ref idref="fl-e"/>
      </object_component>
      <object_component id="oc-201">
         <name>.text:bmp_ps_init</name>
         <load_address>0xb9ee</load_address>
         <run_address>0xb9ee</run_address>
         <size>0xe6</size>
         <input_file_ref idref="fl-13"/>
      </object_component>
      <object_component id="oc-228">
         <name>.text:simpliciti_sync_get_data_callback</name>
         <load_address>0xbad4</load_address>
         <run_address>0xbad4</run_address>
         <size>0xe4</size>
         <input_file_ref idref="fl-c"/>
      </object_component>
      <object_component id="oc-1eb">
         <name>.text:simpliciti_main_sync</name>
         <load_address>0xbbb8</load_address>
         <run_address>0xbbb8</run_address>
         <size>0xe2</size>
         <input_file_ref idref="fl-1f"/>
      </object_component>
      <object_component id="oc-180">
         <name>.text:display_date</name>
         <load_address>0xbc9a</load_address>
         <run_address>0xbc9a</run_address>
         <size>0xdc</size>
         <input_file_ref idref="fl-9"/>
      </object_component>
      <object_component id="oc-258">
         <name>.text:nwk_QfindOldest</name>
         <load_address>0xbd76</load_address>
         <run_address>0xbd76</run_address>
         <size>0xd8</size>
         <input_file_ref idref="fl-2a"/>
      </object_component>
      <object_component id="oc-187">
         <name>.text:display_alarm</name>
         <load_address>0xbe4e</load_address>
         <run_address>0xbe4e</run_address>
         <size>0xd6</size>
         <input_file_ref idref="fl-4"/>
      </object_component>
      <object_component id="oc-1d0">
         <name>.text:int_to_array</name>
         <load_address>0xbf24</load_address>
         <run_address>0xbf24</run_address>
         <size>0xd2</size>
         <input_file_ref idref="fl-30"/>
      </object_component>
      <object_component id="oc-250">
         <name>.text:nwk_allocateLocalRxPort</name>
         <load_address>0xbff6</load_address>
         <run_address>0xbff6</run_address>
         <size>0xce</size>
         <input_file_ref idref="fl-2d"/>
      </object_component>
      <object_component id="oc-269">
         <name>.text:nwk_processLink</name>
         <load_address>0xc0c4</load_address>
         <run_address>0xc0c4</run_address>
         <size>0xce</size>
         <input_file_ref idref="fl-27"/>
      </object_component>
      <object_component id="oc-1b6">
         <name>.text:display_chars</name>
         <load_address>0xc192</load_address>
         <run_address>0xc192</run_address>
         <size>0xcc</size>
         <input_file_ref idref="fl-30"/>
      </object_component>
      <object_component id="oc-1ea">
         <name>.text:simpliciti_link</name>
         <load_address>0xc25e</load_address>
         <run_address>0xc25e</run_address>
         <size>0xca</size>
         <input_file_ref idref="fl-1f"/>
      </object_component>
      <object_component id="oc-192">
         <name>.text:display_speed</name>
         <load_address>0xc328</load_address>
         <run_address>0xc328</run_address>
         <size>0xc8</size>
         <input_file_ref idref="fl-7"/>
      </object_component>
      <object_component id="oc-203">
         <name>.text:read_calibration_values</name>
         <load_address>0xc3f0</load_address>
         <run_address>0xc3f0</run_address>
         <size>0xc4</size>
         <input_file_ref idref="fl-2"/>
      </object_component>
      <object_component id="oc-1a0">
         <name>.text:sx_sync</name>
         <load_address>0xc4b4</load_address>
         <run_address>0xc4b4</run_address>
         <size>0xbc</size>
         <input_file_ref idref="fl-c"/>
      </object_component>
      <object_component id="oc-23d">
         <name>.text:SearchPacketHit_u8</name>
         <load_address>0xc570</load_address>
         <run_address>0xc570</run_address>
         <size>0xb6</size>
         <input_file_ref idref="fl-38"/>
      </object_component>
      <object_component id="oc-f6">
         <name>.text</name>
         <load_address>0xc626</load_address>
         <run_address>0xc626</run_address>
         <size>0xb6</size>
         <input_file_ref idref="fl-4e"/>
      </object_component>
      <object_component id="oc-229">
         <name>.text:Strobe</name>
         <load_address>0xc6dc</load_address>
         <run_address>0xc6dc</run_address>
         <size>0xa4</size>
         <input_file_ref idref="fl-34"/>
      </object_component>
      <object_component id="oc-1b0">
         <name>.text:clock_tick</name>
         <load_address>0xc780</load_address>
         <run_address>0xc780</run_address>
         <size>0xa4</size>
         <input_file_ref idref="fl-8"/>
      </object_component>
      <object_component id="oc-21e">
         <name>.text:simpliciti_get_ed_data_callback</name>
         <load_address>0xc824</load_address>
         <run_address>0xc824</run_address>
         <size>0x9e</size>
         <input_file_ref idref="fl-c"/>
      </object_component>
      <object_component id="oc-226">
         <name>.text:nwk_retrieveFrame</name>
         <load_address>0xc8c2</load_address>
         <run_address>0xc8c2</run_address>
         <size>0x9c</size>
         <input_file_ref idref="fl-22"/>
      </object_component>
      <object_component id="oc-1c4">
         <name>.text:temperature_measurement</name>
         <load_address>0xc95e</load_address>
         <run_address>0xc95e</run_address>
         <size>0x98</size>
         <input_file_ref idref="fl-e"/>
      </object_component>
      <object_component id="oc-1fe">
         <name>.text:SetVCore</name>
         <load_address>0xc9f6</load_address>
         <run_address>0xc9f6</run_address>
         <size>0x94</size>
         <input_file_ref idref="fl-31"/>
      </object_component>
      <object_component id="oc-1b5">
         <name>.text:get_bluerobin_data</name>
         <load_address>0xca8a</load_address>
         <run_address>0xca8a</run_address>
         <size>0x90</size>
         <input_file_ref idref="fl-7"/>
      </object_component>
      <object_component id="oc-ec">
         <name>.text</name>
         <load_address>0xcb1a</load_address>
         <run_address>0xcb1a</run_address>
         <size>0x8e</size>
         <input_file_ref idref="fl-4c"/>
      </object_component>
      <object_component id="oc-178">
         <name>.text:main</name>
         <load_address>0xcba8</load_address>
         <run_address>0xcba8</run_address>
         <size>0x8c</size>
         <input_file_ref idref="fl-2"/>
      </object_component>
      <object_component id="oc-1f6">
         <name>.text:ps_i2c_sda</name>
         <load_address>0xcc34</load_address>
         <run_address>0xcc34</run_address>
         <size>0x8c</size>
         <input_file_ref idref="fl-16"/>
      </object_component>
      <object_component id="oc-221">
         <name>.text:SMPL_Init</name>
         <load_address>0xccc0</load_address>
         <run_address>0xccc0</run_address>
         <size>0x8a</size>
         <input_file_ref idref="fl-21"/>
      </object_component>
      <object_component id="oc-248">
         <name>.text:nwk_buildFrame</name>
         <load_address>0xcd4a</load_address>
         <run_address>0xcd4a</run_address>
         <size>0x8a</size>
         <input_file_ref idref="fl-22"/>
      </object_component>
      <object_component id="oc-25e">
         <name>.text:GetData_v</name>
         <load_address>0xcdd4</load_address>
         <run_address>0xcdd4</run_address>
         <size>0x86</size>
         <input_file_ref idref="fl-38"/>
      </object_component>
      <object_component id="oc-26e">
         <name>.text:TrimACLK_Offset_v</name>
         <load_address>0xce5a</load_address>
         <run_address>0xce5a</run_address>
         <size>0x86</size>
         <input_file_ref idref="fl-38"/>
      </object_component>
      <object_component id="oc-170">
         <name>.text:_isr:TIMER0_A1_5_ISR</name>
         <load_address>0xcee0</load_address>
         <run_address>0xcee0</run_address>
         <size>0x84</size>
         <input_file_ref idref="fl-35"/>
      </object_component>
      <object_component id="oc-1d2">
         <name>.text:get_numberOfDays</name>
         <load_address>0xcf64</load_address>
         <run_address>0xcf64</run_address>
         <size>0x82</size>
         <input_file_ref idref="fl-9"/>
      </object_component>
      <object_component id="oc-1f4">
         <name>.text:BRRX_RadioReceive_v</name>
         <load_address>0xcfe6</load_address>
         <run_address>0xcfe6</run_address>
         <size>0x7e</size>
         <input_file_ref idref="fl-36"/>
      </object_component>
      <object_component id="oc-25d">
         <name>.text:nwk_sendAckReply</name>
         <load_address>0xd064</load_address>
         <run_address>0xd064</run_address>
         <size>0x7c</size>
         <input_file_ref idref="fl-22"/>
      </object_component>
      <object_component id="oc-1d3">
         <name>.text:display_char</name>
         <load_address>0xd0e0</load_address>
         <run_address>0xd0e0</run_address>
         <size>0x7a</size>
         <input_file_ref idref="fl-30"/>
      </object_component>
      <object_component id="oc-233">
         <name>.text:nwk_QfindSlot</name>
         <load_address>0xd15a</load_address>
         <run_address>0xd15a</run_address>
         <size>0x78</size>
         <input_file_ref idref="fl-2a"/>
      </object_component>
      <object_component id="oc-24a">
         <name>.text:nwk_radioControl</name>
         <load_address>0xd1d2</load_address>
         <run_address>0xd1d2</run_address>
         <size>0x78</size>
         <input_file_ref idref="fl-25"/>
      </object_component>
      <object_component id="oc-235">
         <name>.text:mrfiRadioInterfaceCmdStrobe</name>
         <load_address>0xd24a</load_address>
         <run_address>0xd24a</run_address>
         <size>0x74</size>
         <input_file_ref idref="fl-20"/>
      </object_component>
      <object_component id="oc-207">
         <name>.text:ps_read_register</name>
         <load_address>0xd2be</load_address>
         <run_address>0xd2be</run_address>
         <size>0x72</size>
         <input_file_ref idref="fl-16"/>
      </object_component>
      <object_component id="oc-215">
         <name>.text:BRRX_RadioInit_v</name>
         <load_address>0xd330</load_address>
         <run_address>0xd330</run_address>
         <size>0x70</size>
         <input_file_ref idref="fl-36"/>
      </object_component>
      <object_component id="oc-1c8">
         <name>.text:battery_measurement</name>
         <load_address>0xd3a0</load_address>
         <run_address>0xd3a0</run_address>
         <size>0x6e</size>
         <input_file_ref idref="fl-6"/>
      </object_component>
      <object_component id="oc-214">
         <name>.text:ResetTXCB_v</name>
         <load_address>0xd40e</load_address>
         <run_address>0xd40e</run_address>
         <size>0x6a</size>
         <input_file_ref idref="fl-3b"/>
      </object_component>
      <object_component id="oc-247">
         <name>.text:WritePATable</name>
         <load_address>0xd478</load_address>
         <run_address>0xd478</run_address>
         <size>0x6a</size>
         <input_file_ref idref="fl-34"/>
      </object_component>
      <object_component id="oc-209">
         <name>.text:cma_ps_get_pa</name>
         <load_address>0xd4e2</load_address>
         <run_address>0xd4e2</run_address>
         <size>0x6a</size>
         <input_file_ref idref="fl-15"/>
      </object_component>
      <object_component id="oc-24f">
         <name>.text:nwk_getNextConnection</name>
         <load_address>0xd54c</load_address>
         <run_address>0xd54c</run_address>
         <size>0x6a</size>
         <input_file_ref idref="fl-2d"/>
      </object_component>
      <object_component id="oc-205">
         <name>.text:adc12_single_conversion</name>
         <load_address>0xd5b6</load_address>
         <run_address>0xd5b6</run_address>
         <size>0x68</size>
         <input_file_ref idref="fl-2e"/>
      </object_component>
      <object_component id="oc-202">
         <name>.text:cma_ps_init</name>
         <load_address>0xd61e</load_address>
         <run_address>0xd61e</run_address>
         <size>0x66</size>
         <input_file_ref idref="fl-15"/>
      </object_component>
      <object_component id="oc-268">
         <name>.text:nwk_processPing</name>
         <load_address>0xd684</load_address>
         <run_address>0xd684</run_address>
         <size>0x66</size>
         <input_file_ref idref="fl-29"/>
      </object_component>
      <object_component id="oc-1e6">
         <name>.text:bmp_as_start</name>
         <load_address>0xd6ea</load_address>
         <run_address>0xd6ea</run_address>
         <size>0x64</size>
         <input_file_ref idref="fl-12"/>
      </object_component>
      <object_component id="oc-1ac">
         <name>.text:MRFI_RadioIsr</name>
         <load_address>0xd74e</load_address>
         <run_address>0xd74e</run_address>
         <size>0x62</size>
         <input_file_ref idref="fl-20"/>
      </object_component>
      <object_component id="oc-1a5">
         <name>.text:Timer0_A4_Delay</name>
         <load_address>0xd7b0</load_address>
         <run_address>0xd7b0</run_address>
         <size>0x62</size>
         <input_file_ref idref="fl-35"/>
      </object_component>
      <object_component id="oc-220">
         <name>.text:SMPL_SendOpt</name>
         <load_address>0xd812</load_address>
         <run_address>0xd812</run_address>
         <size>0x60</size>
         <input_file_ref idref="fl-21"/>
      </object_component>
      <object_component id="oc-20c">
         <name>.text:as_read_register</name>
         <load_address>0xd872</load_address>
         <run_address>0xd872</run_address>
         <size>0x60</size>
         <input_file_ref idref="fl-11"/>
      </object_component>
      <object_component id="oc-21d">
         <name>.text:as_write_register</name>
         <load_address>0xd8d2</load_address>
         <run_address>0xd8d2</run_address>
         <size>0x60</size>
         <input_file_ref idref="fl-11"/>
      </object_component>
      <object_component id="oc-1d6">
         <name>.text:start_altitude_measurement</name>
         <load_address>0xd932</load_address>
         <run_address>0xd932</run_address>
         <size>0x60</size>
         <input_file_ref idref="fl-5"/>
      </object_component>
      <object_component id="oc-1f0">
         <name>.text:BRRX_PacketEndTimerTask_v</name>
         <load_address>0xd992</load_address>
         <run_address>0xd992</run_address>
         <size>0x5e</size>
         <input_file_ref idref="fl-36"/>
      </object_component>
      <object_component id="oc-25f">
         <name>.text:PrepareForFirstPacket_v</name>
         <load_address>0xd9f0</load_address>
         <run_address>0xd9f0</run_address>
         <size>0x5c</size>
         <input_file_ref idref="fl-38"/>
      </object_component>
      <object_component id="oc-19a">
         <name>.text:display_battery_V</name>
         <load_address>0xda4c</load_address>
         <run_address>0xda4c</run_address>
         <size>0x5c</size>
         <input_file_ref idref="fl-6"/>
      </object_component>
      <object_component id="oc-1ee">
         <name>.text:toggle_buzzer</name>
         <load_address>0xdaa8</load_address>
         <run_address>0xdaa8</run_address>
         <size>0x5c</size>
         <input_file_ref idref="fl-2f"/>
      </object_component>
      <object_component id="oc-1f9">
         <name>.text:write_lcd_mem</name>
         <load_address>0xdb04</load_address>
         <run_address>0xdb04</run_address>
         <size>0x5c</size>
         <input_file_ref idref="fl-30"/>
      </object_component>
      <object_component id="oc-1cb">
         <name>.text:clear_line</name>
         <load_address>0xdb60</load_address>
         <run_address>0xdb60</run_address>
         <size>0x5a</size>
         <input_file_ref idref="fl-30"/>
      </object_component>
      <object_component id="oc-1df">
         <name>.text:BRRX_Start_v</name>
         <load_address>0xdbba</load_address>
         <run_address>0xdbba</run_address>
         <size>0x58</size>
         <input_file_ref idref="fl-3b"/>
      </object_component>
      <object_component id="oc-217">
         <name>.text:BRRX__StartNewSearch_v</name>
         <load_address>0xdc12</load_address>
         <run_address>0xdc12</run_address>
         <size>0x58</size>
         <input_file_ref idref="fl-38"/>
      </object_component>
      <object_component id="oc-1c7">
         <name>.text:bmp_as_get_data</name>
         <load_address>0xdc6a</load_address>
         <run_address>0xdc6a</run_address>
         <size>0x58</size>
         <input_file_ref idref="fl-12"/>
      </object_component>
      <object_component id="oc-1b1">
         <name>.text:ps_write_register</name>
         <load_address>0xdcc2</load_address>
         <run_address>0xdcc2</run_address>
         <size>0x58</size>
         <input_file_ref idref="fl-16"/>
      </object_component>
      <object_component id="oc-d8">
         <name>.text</name>
         <load_address>0xdd1a</load_address>
         <run_address>0xdd1a</run_address>
         <size>0x58</size>
         <input_file_ref idref="fl-47"/>
      </object_component>
      <object_component id="oc-216">
         <name>.text:BRRX_RadioCalibrate_v</name>
         <load_address>0xdd72</load_address>
         <run_address>0xdd72</run_address>
         <size>0x56</size>
         <input_file_ref idref="fl-36"/>
      </object_component>
      <object_component id="oc-1cf">
         <name>.text:display_hours</name>
         <load_address>0xddc8</load_address>
         <run_address>0xddc8</run_address>
         <size>0x54</size>
         <input_file_ref idref="fl-30"/>
      </object_component>
      <object_component id="oc-242">
         <name>.text:ps_i2c_read</name>
         <load_address>0xde1c</load_address>
         <run_address>0xde1c</run_address>
         <size>0x54</size>
         <input_file_ref idref="fl-16"/>
      </object_component>
      <object_component id="oc-253">
         <name>.text:MRFI_ReplyDelay</name>
         <load_address>0xde70</load_address>
         <run_address>0xde70</run_address>
         <size>0x52</size>
         <input_file_ref idref="fl-20"/>
      </object_component>
      <object_component id="oc-23c">
         <name>.text:TestStartTime_v</name>
         <load_address>0xdec2</load_address>
         <run_address>0xdec2</run_address>
         <size>0x52</size>
         <input_file_ref idref="fl-38"/>
      </object_component>
      <object_component id="oc-1e5">
         <name>.text:cma_as_start</name>
         <load_address>0xdf14</load_address>
         <run_address>0xdf14</run_address>
         <size>0x52</size>
         <input_file_ref idref="fl-14"/>
      </object_component>
      <object_component id="oc-20e">
         <name>.text:button_repeat_function</name>
         <load_address>0xdf66</load_address>
         <run_address>0xdf66</run_address>
         <size>0x50</size>
         <input_file_ref idref="fl-32"/>
      </object_component>
      <object_component id="oc-206">
         <name>.text:cma_ps_get_temp</name>
         <load_address>0xdfb6</load_address>
         <run_address>0xdfb6</run_address>
         <size>0x50</size>
         <input_file_ref idref="fl-15"/>
      </object_component>
      <object_component id="oc-191">
         <name>.text:display_heartrate</name>
         <load_address>0xe006</load_address>
         <run_address>0xe006</run_address>
         <size>0x50</size>
         <input_file_ref idref="fl-7"/>
      </object_component>
      <object_component id="oc-182">
         <name>.text:sx_rfbsl</name>
         <load_address>0xe056</load_address>
         <run_address>0xe056</run_address>
         <size>0x50</size>
         <input_file_ref idref="fl-b"/>
      </object_component>
      <object_component id="oc-237">
         <name>.text:SearchPacketCheck_u8</name>
         <load_address>0xe0a6</load_address>
         <run_address>0xe0a6</run_address>
         <size>0x4e</size>
         <input_file_ref idref="fl-38"/>
      </object_component>
      <object_component id="oc-100">
         <name>.text</name>
         <load_address>0xe0f4</load_address>
         <run_address>0xe0f4</run_address>
         <size>0x4c</size>
         <input_file_ref idref="fl-50"/>
      </object_component>
      <object_component id="oc-174">
         <name>.text:_auto_init</name>
         <load_address>0xe140</load_address>
         <run_address>0xe140</run_address>
         <size>0x4a</size>
         <input_file_ref idref="fl-72"/>
      </object_component>
      <object_component id="oc-e7">
         <name>.text</name>
         <load_address>0xe18a</load_address>
         <run_address>0xe18a</run_address>
         <size>0x4a</size>
         <input_file_ref idref="fl-4b"/>
      </object_component>
      <object_component id="oc-261">
         <name>.text:BR__CalcRandomTimeOffset_u16</name>
         <load_address>0xe1d4</load_address>
         <run_address>0xe1d4</run_address>
         <size>0x48</size>
         <input_file_ref idref="fl-3c"/>
      </object_component>
      <object_component id="oc-1a8">
         <name>.text:start_buzzer</name>
         <load_address>0xe21c</load_address>
         <run_address>0xe21c</run_address>
         <size>0x48</size>
         <input_file_ref idref="fl-2f"/>
      </object_component>
      <object_component id="oc-1e1">
         <name>.text:stop_bluerobin</name>
         <load_address>0xe264</load_address>
         <run_address>0xe264</run_address>
         <size>0x48</size>
         <input_file_ref idref="fl-7"/>
      </object_component>
      <object_component id="oc-254">
         <name>.text:MRFI_RxIdle</name>
         <load_address>0xe2ac</load_address>
         <run_address>0xe2ac</run_address>
         <size>0x46</size>
         <input_file_ref idref="fl-20"/>
      </object_component>
      <object_component id="oc-22c">
         <name>.text:ReadBurstReg</name>
         <load_address>0xe2f2</load_address>
         <run_address>0xe2f2</run_address>
         <size>0x46</size>
         <input_file_ref idref="fl-34"/>
      </object_component>
      <object_component id="oc-246">
         <name>.text:WriteBurstReg</name>
         <load_address>0xe338</load_address>
         <run_address>0xe338</run_address>
         <size>0x46</size>
         <input_file_ref idref="fl-34"/>
      </object_component>
      <object_component id="oc-26d">
         <name>.text:nwk_processMgmt</name>
         <load_address>0xe37e</load_address>
         <run_address>0xe37e</run_address>
         <size>0x46</size>
         <input_file_ref idref="fl-28"/>
      </object_component>
      <object_component id="oc-fb">
         <name>.text</name>
         <load_address>0xe3c4</load_address>
         <run_address>0xe3c4</run_address>
         <size>0x46</size>
         <input_file_ref idref="fl-4f"/>
      </object_component>
      <object_component id="oc-22e">
         <name>.text:mrfiRadioInterfaceReadReg</name>
         <load_address>0xe40a</load_address>
         <run_address>0xe40a</run_address>
         <size>0x44</size>
         <input_file_ref idref="fl-20"/>
      </object_component>
      <object_component id="oc-239">
         <name>.text:PacketHit_u8</name>
         <load_address>0xe44e</load_address>
         <run_address>0xe44e</run_address>
         <size>0x42</size>
         <input_file_ref idref="fl-38"/>
      </object_component>
      <object_component id="oc-260">
         <name>.text:BRRX__NewInfo_v</name>
         <load_address>0xe490</load_address>
         <run_address>0xe490</run_address>
         <size>0x40</size>
         <input_file_ref idref="fl-3b"/>
      </object_component>
      <object_component id="oc-1f7">
         <name>.text:ps_i2c_write</name>
         <load_address>0xe4d0</load_address>
         <run_address>0xe4d0</run_address>
         <size>0x40</size>
         <input_file_ref idref="fl-16"/>
      </object_component>
      <object_component id="oc-d3">
         <name>.text</name>
         <load_address>0xe510</load_address>
         <run_address>0xe510</run_address>
         <size>0x40</size>
         <input_file_ref idref="fl-46"/>
      </object_component>
      <object_component id="oc-1de">
         <name>.text:BRRX_SetID_v</name>
         <load_address>0xe550</load_address>
         <run_address>0xe550</run_address>
         <size>0x3e</size>
         <input_file_ref idref="fl-3b"/>
      </object_component>
      <object_component id="oc-22d">
         <name>.text:BRRX__DecodePacket_u8</name>
         <load_address>0xe58e</load_address>
         <run_address>0xe58e</run_address>
         <size>0x3e</size>
         <input_file_ref idref="fl-3a"/>
      </object_component>
      <object_component id="oc-243">
         <name>.text:l_asr_const</name>
         <load_address>0xe5cc</load_address>
         <run_address>0xe5cc</run_address>
         <size>0x3e</size>
         <input_file_ref idref="fl-3d"/>
      </object_component>
      <object_component id="oc-208">
         <name>.text:l_lsl_const</name>
         <load_address>0xe60a</load_address>
         <run_address>0xe60a</run_address>
         <size>0x3e</size>
         <input_file_ref idref="fl-61"/>
      </object_component>
      <object_component id="oc-244">
         <name>.text:l_lsr_const</name>
         <load_address>0xe648</load_address>
         <run_address>0xe648</run_address>
         <size>0x3e</size>
         <input_file_ref idref="fl-62"/>
      </object_component>
      <object_component id="oc-1af">
         <name>.text:BRRX_TimerTask_v</name>
         <load_address>0xe686</load_address>
         <run_address>0xe686</run_address>
         <size>0x3c</size>
         <input_file_ref idref="fl-37"/>
      </object_component>
      <object_component id="oc-21c">
         <name>.text:as_start</name>
         <load_address>0xe6c2</load_address>
         <run_address>0xe6c2</run_address>
         <size>0x3c</size>
         <input_file_ref idref="fl-11"/>
      </object_component>
      <object_component id="oc-1ad">
         <name>.text:update_stopwatch_timer</name>
         <load_address>0xe6fe</load_address>
         <run_address>0xe6fe</run_address>
         <size>0x3c</size>
         <input_file_ref idref="fl-d"/>
      </object_component>
      <object_component id="oc-1dc">
         <name>.text:WriteSingleReg</name>
         <load_address>0xe73a</load_address>
         <run_address>0xe73a</run_address>
         <size>0x3a</size>
         <input_file_ref idref="fl-34"/>
      </object_component>
      <object_component id="oc-272">
         <name>.text:nwk_isValidReply</name>
         <load_address>0xe774</load_address>
         <run_address>0xe774</run_address>
         <size>0x3a</size>
         <input_file_ref idref="fl-2d"/>
      </object_component>
      <object_component id="oc-1d8">
         <name>.text:BRRX_Init_v</name>
         <load_address>0xe7ae</load_address>
         <run_address>0xe7ae</run_address>
         <size>0x38</size>
         <input_file_ref idref="fl-3b"/>
      </object_component>
      <object_component id="oc-16f">
         <name>.text:_isr:radio_ISR</name>
         <load_address>0xe7e6</load_address>
         <run_address>0xe7e6</run_address>
         <size>0x38</size>
         <input_file_ref idref="fl-33"/>
      </object_component>
      <object_component id="oc-24d">
         <name>.text:mrfiRadioInterfaceWriteReg</name>
         <load_address>0xe81e</load_address>
         <run_address>0xe81e</run_address>
         <size>0x36</size>
         <input_file_ref idref="fl-20"/>
      </object_component>
      <object_component id="oc-f1">
         <name>.text</name>
         <load_address>0xe854</load_address>
         <run_address>0xe854</run_address>
         <size>0x36</size>
         <input_file_ref idref="fl-4d"/>
      </object_component>
      <object_component id="oc-25a">
         <name>.text:BR__CalcCRC_u8</name>
         <load_address>0xe88a</load_address>
         <run_address>0xe88a</run_address>
         <size>0x34</size>
         <input_file_ref idref="fl-3c"/>
      </object_component>
      <object_component id="oc-23b">
         <name>.text:TrimRFCLK_Offset_v</name>
         <load_address>0xe8be</load_address>
         <run_address>0xe8be</run_address>
         <size>0x34</size>
         <input_file_ref idref="fl-38"/>
      </object_component>
      <object_component id="oc-196">
         <name>.text:sx_stopwatch</name>
         <load_address>0xe8f2</load_address>
         <run_address>0xe8f2</run_address>
         <size>0x34</size>
         <input_file_ref idref="fl-d"/>
      </object_component>
      <object_component id="oc-1f3">
         <name>.text:BRRX_RadioStop_v</name>
         <load_address>0xe926</load_address>
         <run_address>0xe926</run_address>
         <size>0x32</size>
         <input_file_ref idref="fl-36"/>
      </object_component>
      <object_component id="oc-252">
         <name>.text:MRFI_RxOn</name>
         <load_address>0xe958</load_address>
         <run_address>0xe958</run_address>
         <size>0x32</size>
         <input_file_ref idref="fl-20"/>
      </object_component>
      <object_component id="oc-1b3">
         <name>.text:as_stop</name>
         <load_address>0xe98a</load_address>
         <run_address>0xe98a</run_address>
         <size>0x32</size>
         <input_file_ref idref="fl-11"/>
      </object_component>
      <object_component id="oc-1c6">
         <name>.text:cma_as_get_data</name>
         <load_address>0xe9bc</load_address>
         <run_address>0xe9bc</run_address>
         <size>0x32</size>
         <input_file_ref idref="fl-14"/>
      </object_component>
      <object_component id="oc-22f">
         <name>.text:mrfiRadioInterfaceReadRxFifo</name>
         <load_address>0xe9ee</load_address>
         <run_address>0xe9ee</run_address>
         <size>0x32</size>
         <input_file_ref idref="fl-20"/>
      </object_component>
      <object_component id="oc-1ff">
         <name>.text:radio_reset</name>
         <load_address>0xea20</load_address>
         <run_address>0xea20</run_address>
         <size>0x32</size>
         <input_file_ref idref="fl-33"/>
      </object_component>
      <object_component id="oc-105">
         <name>.text</name>
         <load_address>0xea52</load_address>
         <run_address>0xea52</run_address>
         <size>0x32</size>
         <input_file_ref idref="fl-51"/>
      </object_component>
      <object_component id="oc-185">
         <name>.text:sx_alarm</name>
         <load_address>0xea84</load_address>
         <run_address>0xea84</run_address>
         <size>0x32</size>
         <input_file_ref idref="fl-4"/>
      </object_component>
      <object_component id="oc-249">
         <name>.text:nwk_sendFrame</name>
         <load_address>0xeab6</load_address>
         <run_address>0xeab6</run_address>
         <size>0x30</size>
         <input_file_ref idref="fl-22"/>
      </object_component>
      <object_component id="oc-259">
         <name>.text:nwk_QadjustOrder</name>
         <load_address>0xeae6</load_address>
         <run_address>0xeae6</run_address>
         <size>0x2e</size>
         <input_file_ref idref="fl-2a"/>
      </object_component>
      <object_component id="oc-c9">
         <name>.text</name>
         <load_address>0xeb14</load_address>
         <run_address>0xeb14</run_address>
         <size>0x2c</size>
         <input_file_ref idref="fl-44"/>
      </object_component>
      <object_component id="oc-1b2">
         <name>.text:stop_altitude_measurement</name>
         <load_address>0xeb40</load_address>
         <run_address>0xeb40</run_address>
         <size>0x2c</size>
         <input_file_ref idref="fl-5"/>
      </object_component>
      <object_component id="oc-1e0">
         <name>.text:BRRX_GetID_u32</name>
         <load_address>0xeb6c</load_address>
         <run_address>0xeb6c</run_address>
         <size>0x2a</size>
         <input_file_ref idref="fl-3b"/>
      </object_component>
      <object_component id="oc-264">
         <name>.text:MRFI_SetRFPwr</name>
         <load_address>0xeb96</load_address>
         <run_address>0xeb96</run_address>
         <size>0x2a</size>
         <input_file_ref idref="fl-20"/>
      </object_component>
      <object_component id="oc-232">
         <name>.text:Mrfi_CalculateRssi$21</name>
         <load_address>0xebc0</load_address>
         <run_address>0xebc0</run_address>
         <size>0x2a</size>
         <input_file_ref idref="fl-20"/>
      </object_component>
      <object_component id="oc-23e">
         <name>.text:SearchPacketMissed_u8</name>
         <load_address>0xebea</load_address>
         <run_address>0xebea</run_address>
         <size>0x2a</size>
         <input_file_ref idref="fl-38"/>
      </object_component>
      <object_component id="oc-1ef">
         <name>.text:Timer0_A3_Start</name>
         <load_address>0xec14</load_address>
         <run_address>0xec14</run_address>
         <size>0x2a</size>
         <input_file_ref idref="fl-35"/>
      </object_component>
      <object_component id="oc-257">
         <name>.text:map_lid2idx$34</name>
         <load_address>0xec3e</load_address>
         <run_address>0xec3e</run_address>
         <size>0x28</size>
         <input_file_ref idref="fl-2d"/>
      </object_component>
      <object_component id="oc-197">
         <name>.text:mx_stopwatch</name>
         <load_address>0xec66</load_address>
         <run_address>0xec66</run_address>
         <size>0x28</size>
         <input_file_ref idref="fl-d"/>
      </object_component>
      <object_component id="oc-224">
         <name>.text:nwk_getConnInfo</name>
         <load_address>0xec8e</load_address>
         <run_address>0xec8e</run_address>
         <size>0x28</size>
         <input_file_ref idref="fl-2d"/>
      </object_component>
      <object_component id="oc-1a9">
         <name>.text:stop_buzzer</name>
         <load_address>0xecb6</load_address>
         <run_address>0xecb6</run_address>
         <size>0x28</size>
         <input_file_ref idref="fl-2f"/>
      </object_component>
      <object_component id="oc-255">
         <name>.text:MRFI_Sleep</name>
         <load_address>0xecde</load_address>
         <run_address>0xecde</run_address>
         <size>0x26</size>
         <input_file_ref idref="fl-20"/>
      </object_component>
      <object_component id="oc-184">
         <name>.text:display_rfbsl</name>
         <load_address>0xed04</load_address>
         <run_address>0xed04</run_address>
         <size>0x26</size>
         <input_file_ref idref="fl-b"/>
      </object_component>
      <object_component id="oc-204">
         <name>.text:init_pressure_table</name>
         <load_address>0xed2a</load_address>
         <run_address>0xed2a</run_address>
         <size>0x26</size>
         <input_file_ref idref="fl-16"/>
      </object_component>
      <object_component id="oc-225">
         <name>.text:nwk_checkConnInfo</name>
         <load_address>0xed50</load_address>
         <run_address>0xed50</run_address>
         <size>0x26</size>
         <input_file_ref idref="fl-2d"/>
      </object_component>
      <object_component id="oc-19e">
         <name>.text:sx_ppt</name>
         <load_address>0xed76</load_address>
         <run_address>0xed76</run_address>
         <size>0x26</size>
         <input_file_ref idref="fl-c"/>
      </object_component>
      <object_component id="oc-19c">
         <name>.text:sx_rf</name>
         <load_address>0xed9c</load_address>
         <run_address>0xed9c</run_address>
         <size>0x26</size>
         <input_file_ref idref="fl-c"/>
      </object_component>
      <object_component id="oc-1dd">
         <name>.text:BRRX_GetState_t</name>
         <load_address>0xedc2</load_address>
         <run_address>0xedc2</run_address>
         <size>0x24</size>
         <input_file_ref idref="fl-3b"/>
      </object_component>
      <object_component id="oc-241">
         <name>.text:ps_init</name>
         <load_address>0xede6</load_address>
         <run_address>0xede6</run_address>
         <size>0x24</size>
         <input_file_ref idref="fl-16"/>
      </object_component>
      <object_component id="oc-10a">
         <name>.text</name>
         <load_address>0xee0a</load_address>
         <run_address>0xee0a</run_address>
         <size>0x24</size>
         <input_file_ref idref="fl-52"/>
      </object_component>
      <object_component id="oc-256">
         <name>.text:BSP_Delay</name>
         <load_address>0xee2e</load_address>
         <run_address>0xee2e</run_address>
         <size>0x22</size>
         <input_file_ref idref="fl-2c"/>
      </object_component>
      <object_component id="oc-1ce">
         <name>.text:display_value</name>
         <load_address>0xee50</load_address>
         <run_address>0xee50</run_address>
         <size>0x22</size>
         <input_file_ref idref="fl-30"/>
      </object_component>
      <object_component id="oc-25b">
         <name>.text:memcmp</name>
         <load_address>0xee72</load_address>
         <run_address>0xee72</run_address>
         <size>0x22</size>
         <input_file_ref idref="fl-63"/>
      </object_component>
      <object_component id="oc-1d4">
         <name>.text</name>
         <load_address>0xee94</load_address>
         <run_address>0xee94</run_address>
         <size>0x22</size>
         <input_file_ref idref="fl-6d"/>
      </object_component>
      <object_component id="oc-193">
         <name>.text:sx_acceleration</name>
         <load_address>0xeeb6</load_address>
         <run_address>0xeeb6</run_address>
         <size>0x22</size>
         <input_file_ref idref="fl-3"/>
      </object_component>
      <object_component id="oc-1fc">
         <name>.text:BRRX_GetDistance_u16</name>
         <load_address>0xeed8</load_address>
         <run_address>0xeed8</run_address>
         <size>0x20</size>
         <input_file_ref idref="fl-3b"/>
      </object_component>
      <object_component id="oc-1fb">
         <name>.text:BRRX_GetSpeed_u8</name>
         <load_address>0xeef8</load_address>
         <run_address>0xeef8</run_address>
         <size>0x20</size>
         <input_file_ref idref="fl-3b"/>
      </object_component>
      <object_component id="oc-1f5">
         <name>.text:SetAbsoluteTimer_v</name>
         <load_address>0xef18</load_address>
         <run_address>0xef18</run_address>
         <size>0x1e</size>
         <input_file_ref idref="fl-37"/>
      </object_component>
      <object_component id="oc-1b4">
         <name>.text:display_symbol</name>
         <load_address>0xef36</load_address>
         <run_address>0xef36</run_address>
         <size>0x1e</size>
         <input_file_ref idref="fl-30"/>
      </object_component>
      <object_component id="oc-267">
         <name>.text:memmove</name>
         <load_address>0xef54</load_address>
         <run_address>0xef54</run_address>
         <size>0x1e</size>
         <input_file_ref idref="fl-65"/>
      </object_component>
      <object_component id="oc-26a">
         <name>.text:nwk_processJoin</name>
         <load_address>0xef72</load_address>
         <run_address>0xef72</run_address>
         <size>0x1e</size>
         <input_file_ref idref="fl-26"/>
      </object_component>
      <object_component id="oc-223">
         <name>.text:Mrfi_DelayUsec$21</name>
         <load_address>0xef90</load_address>
         <run_address>0xef90</run_address>
         <size>0x1c</size>
         <input_file_ref idref="fl-20"/>
      </object_component>
      <object_component id="oc-1ca">
         <name>.text:clear_display_all</name>
         <load_address>0xefac</load_address>
         <run_address>0xefac</run_address>
         <size>0x1c</size>
         <input_file_ref idref="fl-30"/>
      </object_component>
      <object_component id="oc-1ec">
         <name>.text:close_radio</name>
         <load_address>0xefc8</load_address>
         <run_address>0xefc8</run_address>
         <size>0x1c</size>
         <input_file_ref idref="fl-33"/>
      </object_component>
      <object_component id="oc-251">
         <name>.text:nwk_putNumObjectIntoMsg</name>
         <load_address>0xefe4</load_address>
         <run_address>0xefe4</run_address>
         <size>0x1c</size>
         <input_file_ref idref="fl-2d"/>
      </object_component>
      <object_component id="oc-238">
         <name>.text:GetPacketTolerance_u8</name>
         <load_address>0xf000</load_address>
         <run_address>0xf000</run_address>
         <size>0x1a</size>
         <input_file_ref idref="fl-38"/>
      </object_component>
      <object_component id="oc-172">
         <name>.text:_isr:ADC12ISR</name>
         <load_address>0xf01a</load_address>
         <run_address>0xf01a</run_address>
         <size>0x1a</size>
         <input_file_ref idref="fl-2e"/>
      </object_component>
      <object_component id="oc-7e">
         <name>.text:_isr:_c_int00_noargs_noexit</name>
         <load_address>0xf034</load_address>
         <run_address>0xf034</run_address>
         <size>0x1a</size>
         <input_file_ref idref="fl-3f"/>
      </object_component>
      <object_component id="oc-1d1">
         <name>.text:display_am_pm_symbol</name>
         <load_address>0xf04e</load_address>
         <run_address>0xf04e</run_address>
         <size>0x1a</size>
         <input_file_ref idref="fl-30"/>
      </object_component>
      <object_component id="oc-1a7">
         <name>.text:stop_stopwatch</name>
         <load_address>0xf068</load_address>
         <run_address>0xf068</run_address>
         <size>0x1a</size>
         <input_file_ref idref="fl-d"/>
      </object_component>
      <object_component id="oc-1a2">
         <name>.text:sx_caldist</name>
         <load_address>0xf082</load_address>
         <run_address>0xf082</run_address>
         <size>0x1a</size>
         <input_file_ref idref="fl-7"/>
      </object_component>
      <object_component id="oc-22b">
         <name>.text:ReadSingleReg</name>
         <load_address>0xf09c</load_address>
         <run_address>0xf09c</run_address>
         <size>0x18</size>
         <input_file_ref idref="fl-34"/>
      </object_component>
      <object_component id="oc-1cc">
         <name>.text:display_selection_Timeformat1</name>
         <load_address>0xf0b4</load_address>
         <run_address>0xf0b4</run_address>
         <size>0x16</size>
         <input_file_ref idref="fl-8"/>
      </object_component>
      <object_component id="oc-1ed">
         <name>.text:display_selection_User_Gender</name>
         <load_address>0xf0ca</load_address>
         <run_address>0xf0ca</run_address>
         <size>0x16</size>
         <input_file_ref idref="fl-7"/>
      </object_component>
      <object_component id="oc-ce">
         <name>.text</name>
         <load_address>0xf0e0</load_address>
         <run_address>0xf0e0</run_address>
         <size>0x16</size>
         <input_file_ref idref="fl-45"/>
      </object_component>
      <object_component id="oc-1e4">
         <name>.text</name>
         <load_address>0xf0f6</load_address>
         <run_address>0xf0f6</run_address>
         <size>0x16</size>
         <input_file_ref idref="fl-6a"/>
      </object_component>
      <object_component id="oc-19f">
         <name>.text:display_ppt</name>
         <load_address>0xf10c</load_address>
         <run_address>0xf10c</run_address>
         <size>0x14</size>
         <input_file_ref idref="fl-c"/>
      </object_component>
      <object_component id="oc-19d">
         <name>.text:display_rf</name>
         <load_address>0xf120</load_address>
         <run_address>0xf120</run_address>
         <size>0x14</size>
         <input_file_ref idref="fl-c"/>
      </object_component>
      <object_component id="oc-1a1">
         <name>.text:display_sync</name>
         <load_address>0xf134</load_address>
         <run_address>0xf134</run_address>
         <size>0x14</size>
         <input_file_ref idref="fl-c"/>
      </object_component>
      <object_component id="oc-1a6">
         <name>.text:is_stopwatch</name>
         <load_address>0xf148</load_address>
         <run_address>0xf148</run_address>
         <size>0x14</size>
         <input_file_ref idref="fl-d"/>
      </object_component>
      <object_component id="oc-1ab">
         <name>.text:BlueRobin_RadioISR_v</name>
         <load_address>0xf15c</load_address>
         <run_address>0xf15c</run_address>
         <size>0x12</size>
         <input_file_ref idref="fl-36"/>
      </object_component>
      <object_component id="oc-1b7">
         <name>.text:memcpy</name>
         <load_address>0xf16e</load_address>
         <run_address>0xf16e</run_address>
         <size>0x12</size>
         <input_file_ref idref="fl-64"/>
      </object_component>
      <object_component id="oc-230">
         <name>.text:memset</name>
         <load_address>0xf180</load_address>
         <run_address>0xf180</run_address>
         <size>0x12</size>
         <input_file_ref idref="fl-66"/>
      </object_component>
      <object_component id="oc-1d7">
         <name>.text:open_radio</name>
         <load_address>0xf192</load_address>
         <run_address>0xf192</run_address>
         <size>0x12</size>
         <input_file_ref idref="fl-33"/>
      </object_component>
      <object_component id="oc-219">
         <name>.text:BRRX__StartTimer_v</name>
         <load_address>0xf1a4</load_address>
         <run_address>0xf1a4</run_address>
         <size>0x10</size>
         <input_file_ref idref="fl-37"/>
      </object_component>
      <object_component id="oc-1e7">
         <name>.text:l_lsl</name>
         <load_address>0xf1b4</load_address>
         <run_address>0xf1b4</run_address>
         <size>0x10</size>
         <input_file_ref idref="fl-61"/>
      </object_component>
      <object_component id="oc-1e8">
         <name>.text:l_lsr</name>
         <load_address>0xf1c4</load_address>
         <run_address>0xf1c4</run_address>
         <size>0x10</size>
         <input_file_ref idref="fl-62"/>
      </object_component>
      <object_component id="oc-200">
         <name>.text:radio_powerdown</name>
         <load_address>0xf1d4</load_address>
         <run_address>0xf1d4</run_address>
         <size>0x10</size>
         <input_file_ref idref="fl-33"/>
      </object_component>
      <object_component id="oc-17e">
         <name>.text:sx_date</name>
         <load_address>0xf1e4</load_address>
         <run_address>0xf1e4</run_address>
         <size>0x10</size>
[...]
         <value>0x1eec</value>
         <object_component_ref idref="oc-151"/>
      </symbol>
      <symbol id="sm-eaa">
         <name>sx_rfbsl</name>
         <value>0xe056</value>
         <object_component_ref idref="oc-182"/>
      </symbol>
      <symbol id="sm-eab">
         <name>read_calibration_values</name>
         <value>0xc3f0</value>
         <object_component_ref idref="oc-203"/>
      </symbol>
      <symbol id="sm-eac">
         <name>nwk_QfindSlot</name>
         <value>0xd15a</value>
         <object_component_ref idref="oc-233"/>
      </symbol>
      <symbol id="sm-ead">
         <name>init_application</name>
         <value>0x9c64</value>
         <object_component_ref idref="oc-1c0"/>
      </symbol>
      <symbol id="sm-eae">
         <name>display_char</name>
         <value>0xd0e0</value>
         <object_component_ref idref="oc-1d3"/>
      </symbol>
      <symbol id="sm-eaf">
         <name>sx_altitude</name>
         <value>0xf2d6</value>
         <object_component_ref idref="oc-18c"/>
      </symbol>
      <symbol id="sm-eb0">
         <name>cma_mgrav_per_bit</name>
         <value>0xf8ba</value>
         <object_component_ref idref="oc-1e3"/>
      </symbol>
      <symbol id="sm-eb1">
         <name>main</name>
         <value>0xcba8</value>
         <object_component_ref idref="oc-178"/>
      </symbol>
      <symbol id="sm-eb2">
         <name>sTimer</name>
         <value>0x1ecc</value>
         <object_component_ref idref="oc-165"/>
      </symbol>
      <symbol id="sm-eb3">
         <name>update_stopwatch</name>
         <value>0xf240</value>
         <object_component_ref idref="oc-199"/>
      </symbol>
      <symbol id="sm-eb4">
         <name>MRFI_ReplyDelay</name>
         <value>0xde70</value>
         <object_component_ref idref="oc-253"/>
      </symbol>
      <symbol id="sm-eb5">
         <name>display_speed</name>
         <value>0xc328</value>
         <object_component_ref idref="oc-192"/>
      </symbol>
      <symbol id="sm-eb6">
         <name>as_stop</name>
         <value>0xe98a</value>
         <object_component_ref idref="oc-1b3"/>
      </symbol>
      <symbol id="sm-eb7">
         <name>display_alarm</name>
         <value>0xbe4e</value>
         <object_component_ref idref="oc-187"/>
      </symbol>
      <symbol id="sm-eb8">
         <name>MRFI_Transmit</name>
         <value>0xa0a8</value>
         <object_component_ref idref="oc-263"/>
      </symbol>
      <symbol id="sm-eb9">
         <name>display_rfbsl</name>
         <value>0xed04</value>
         <object_component_ref idref="oc-184"/>
      </symbol>
      <symbol id="sm-eba">
         <name>button</name>
         <value>0x1e92</value>
         <object_component_ref idref="oc-145"/>
      </symbol>
      <symbol id="sm-ebb">
         <name>selection_User_Gender</name>
         <value>0xf8da</value>
         <object_component_ref idref="oc-22a"/>
      </symbol>
      <symbol id="sm-ebc">
         <name>sx_acceleration</name>
         <value>0xeeb6</value>
         <object_component_ref idref="oc-193"/>
      </symbol>
      <symbol id="sm-ebd">
         <name>MRFI_RxIdle</name>
         <value>0xe2ac</value>
         <object_component_ref idref="oc-254"/>
      </symbol>
      <symbol id="sm-ebe">
         <name>message</name>
         <value>0x1e26</value>
         <object_component_ref idref="oc-14d"/>
      </symbol>
      <symbol id="sm-ebf">
         <name>sButton</name>
         <value>0x1e94</value>
         <object_component_ref idref="oc-145"/>
      </symbol>
      <symbol id="sm-ec0">
         <name>battery_measurement</name>
         <value>0xd3a0</value>
         <object_component_ref idref="oc-1c8"/>
      </symbol>
      <symbol id="sm-ec1">
         <name>mx_temperature</name>
         <value>0xb32c</value>
         <object_component_ref idref="oc-189"/>
      </symbol>
      <symbol id="sm-ec2">
         <name>SMPL_Init</name>
         <value>0xccc0</value>
         <object_component_ref idref="oc-221"/>
      </symbol>
      <symbol id="sm-ec3">
         <name>SMPL_SendOpt</name>
         <value>0xd812</value>
         <object_component_ref idref="oc-220"/>
      </symbol>
      <symbol id="sm-ec4">
         <name>update_date</name>
         <value>0xf26c</value>
         <object_component_ref idref="oc-181"/>
      </symbol>
      <symbol id="sm-ec5">
         <name>menu_L2_Ppt</name>
         <value>0xf5d0</value>
         <object_component_ref idref="oc-146"/>
      </symbol>
      <symbol id="sm-ec6">
         <name>sStopwatch</name>
         <value>0x1e50</value>
         <object_component_ref idref="oc-154"/>
      </symbol>
      <symbol id="sm-ec7">
         <name>mx_time</name>
         <value>0x9078</value>
         <object_component_ref idref="oc-17b"/>
      </symbol>
      <symbol id="sm-ec8">
         <name>simpliciti_ed_address</name>
         <value>0x1cea</value>
         <object_component_ref idref="oc-14b"/>
      </symbol>
      <symbol id="sm-ec9">
         <name>sBuzzer</name>
         <value>0x1ec0</value>
         <object_component_ref idref="oc-166"/>
      </symbol>
      <symbol id="sm-eca">
         <name>cma_as_get_data</name>
         <value>0xe9bc</value>
         <object_component_ref idref="oc-1c6"/>
      </symbol>
      <symbol id="sm-ecb">
         <name>WriteBurstReg</name>
         <value>0xe338</value>
         <object_component_ref idref="oc-246"/>
      </symbol>
      <symbol id="sm-ecc">
         <name>display_chars</name>
         <value>0xc192</value>
         <object_component_ref idref="oc-1b6"/>
      </symbol>
      <symbol id="sm-ecd">
         <name>menu_L1_Heartrate</name>
         <value>0xf564</value>
         <object_component_ref idref="oc-146"/>
      </symbol>
      <symbol id="sm-ece">
         <name>nwk_retrieveFrame</name>
         <value>0xc8c2</value>
         <object_component_ref idref="oc-226"/>
      </symbol>
      <symbol id="sm-ecf">
         <name>nwk_isValidReply</name>
         <value>0xe774</value>
         <object_component_ref idref="oc-272"/>
      </symbol>
      <symbol id="sm-ed0">
         <name>Timer0_A4_Delay</name>
         <value>0xd7b0</value>
         <object_component_ref idref="oc-1a5"/>
      </symbol>
      <symbol id="sm-ed1">
         <name>bmp_param_b5</name>
         <value>0x1e1e</value>
         <object_component_ref idref="oc-155"/>
      </symbol>
      <symbol id="sm-ed2">
         <name>mx_altitude</name>
         <value>0xb122</value>
         <object_component_ref idref="oc-18d"/>
      </symbol>
      <symbol id="sm-ed3">
         <name>ReadBurstReg</name>
         <value>0xe2f2</value>
         <object_component_ref idref="oc-22c"/>
      </symbol>
      <symbol id="sm-ed4">
         <name>nwk_link</name>
         <value>0xa488</value>
         <object_component_ref idref="oc-222"/>
      </symbol>
      <symbol id="sm-ed5">
         <name>nwk_sendAckReply</name>
         <value>0xd064</value>
         <object_component_ref idref="oc-25d"/>
      </symbol>
      <symbol id="sm-ed6">
         <name>burst_start</name>
         <value>0x1d1a</value>
         <object_component_ref idref="oc-14b"/>
      </symbol>
      <symbol id="sm-ed7">
         <name>toggle_buzzer</name>
         <value>0xdaa8</value>
         <object_component_ref idref="oc-1ee"/>
      </symbol>
      <symbol id="sm-ed8">
         <name>sys</name>
         <value>0x1e22</value>
         <object_component_ref idref="oc-14d"/>
      </symbol>
      <symbol id="sm-ed9">
         <name>mx_caldist</name>
         <value>0x9436</value>
         <object_component_ref idref="oc-1a3"/>
      </symbol>
      <symbol id="sm-eda">
         <name>sx_caldist</name>
         <value>0xf082</value>
         <object_component_ref idref="oc-1a2"/>
      </symbol>
      <symbol id="sm-edb">
         <name>nwk_putNumObjectIntoMsg</name>
         <value>0xefe4</value>
         <object_component_ref idref="oc-251"/>
      </symbol>
      <symbol id="sm-edc">
         <name>bmp_ps_get_pa</name>
         <value>0x9952</value>
         <object_component_ref idref="oc-20a"/>
      </symbol>
      <symbol id="sm-edd">
         <name>is_rf</name>
         <value>0xf210</value>
         <object_component_ref idref="oc-1aa"/>
      </symbol>
      <symbol id="sm-ede">
         <name>clear_line</name>
         <value>0xdb60</value>
         <object_component_ref idref="oc-1cb"/>
      </symbol>
      <symbol id="sm-edf">
         <name>nwk_allocateLocalRxPort</name>
         <value>0xbff6</value>
         <object_component_ref idref="oc-250"/>
      </symbol>
      <symbol id="sm-ee0">
         <name>do_altitude_measurement</name>
         <value>0xa97e</value>
         <object_component_ref idref="oc-1c5"/>
      </symbol>
      <symbol id="sm-ee1">
         <name>display</name>
         <value>0x1c8c</value>
         <object_component_ref idref="oc-144"/>
      </symbol>
      <symbol id="sm-ee2">
         <name>menu_L2_RFBSL</name>
         <value>0xf51c</value>
         <object_component_ref idref="oc-146"/>
      </symbol>
      <symbol id="sm-ee3">
         <name>update_time</name>
         <value>0xf276</value>
         <object_component_ref idref="oc-17d"/>
      </symbol>
      <symbol id="sm-ee4">
         <name>segments_bitmask</name>
         <value>0xf7fe</value>
         <object_component_ref idref="oc-1f8"/>
      </symbol>
      <symbol id="sm-ee5">
         <name>mx_stopwatch</name>
         <value>0xec66</value>
         <object_component_ref idref="oc-197"/>
      </symbol>
      <symbol id="sm-ee6">
         <name>PORT2_ISR</name>
         <value>0x8c82</value>
         <object_component_ref idref="oc-16e"/>
      </symbol>
      <symbol id="sm-ee7">
         <name>nwk_processSecurity</name>
         <value>0xf2cc</value>
         <object_component_ref idref="oc-26b"/>
      </symbol>
      <symbol id="sm-ee8">
         <name>memmove</name>
         <value>0xef54</value>
         <object_component_ref idref="oc-267"/>
      </symbol>
      <symbol id="sm-ee9">
         <name>stop_altitude_measurement</name>
         <value>0xeb40</value>
         <object_component_ref idref="oc-1b2"/>
      </symbol>
      <symbol id="sm-eea">
         <name>BSP_Delay</name>
         <value>0xee2e</value>
         <object_component_ref idref="oc-256"/>
      </symbol>
      <symbol id="sm-eeb">
         <name>clock_tick</name>
         <value>0xc780</value>
         <object_component_ref idref="oc-1b0"/>
      </symbol>
      <symbol id="sm-eec">
         <name>menu_L1_Speed</name>
         <value>0xf576</value>
         <object_component_ref idref="oc-146"/>
      </symbol>
      <symbol id="sm-eed">
         <name>menu_L1_Time</name>
         <value>0xf4f8</value>
         <object_component_ref idref="oc-146"/>
      </symbol>
      <symbol id="sm-eee">
         <name>nwk_join</name>
         <value>0xabc6</value>
         <object_component_ref idref="oc-24e"/>
      </symbol>
      <symbol id="sm-eef">
         <name>nwk_processMgmt</name>
         <value>0xe37e</value>
         <object_component_ref idref="oc-26d"/>
      </symbol>
      <symbol id="sm-ef0">
         <name>display_temperature</name>
         <value>0xb904</value>
         <object_component_ref idref="oc-18a"/>
      </symbol>
      <symbol id="sm-ef1">
         <name>SMPL_Ioctl</name>
         <value>0xa710</value>
         <object_component_ref idref="oc-21f"/>
      </symbol>
      <symbol id="sm-ef2">
         <name>sx_stopwatch</name>
         <value>0xe8f2</value>
         <object_component_ref idref="oc-196"/>
      </symbol>
      <symbol id="sm-ef3">
         <name>display_acceleration</name>
         <value>0x9ae4</value>
         <object_component_ref idref="oc-194"/>
      </symbol>
      <symbol id="sm-ef4">
         <name>selection_Timeformat</name>
         <value>0xf8d2</value>
         <object_component_ref idref="oc-20d"/>
      </symbol>
      <symbol id="sm-ef5">
         <name>adc12_single_conversion</name>
         <value>0xd5b6</value>
         <object_component_ref idref="oc-205"/>
      </symbol>
      <symbol id="sm-ef6">
         <name>bmp_as_start</name>
         <value>0xd6ea</value>
         <object_component_ref idref="oc-1e6"/>
      </symbol>
      <symbol id="sm-ef7">
         <name>ADC12ISR</name>
         <value>0xf01a</value>
         <object_component_ref idref="oc-172"/>
      </symbol>
      <symbol id="sm-ef8">
         <name>wakeup_event</name>
         <value>0xace2</value>
         <object_component_ref idref="oc-1c3"/>
      </symbol>
      <symbol id="sm-ef9">
         <name>sx_sync</name>
         <value>0xc4b4</value>
         <object_component_ref idref="oc-1a0"/>
      </symbol>
      <symbol id="sm-efa">
         <name>init_global_variables</name>
         <value>0xa1f4</value>
         <object_component_ref idref="oc-1c1"/>
      </symbol>
      <symbol id="sm-efb">
         <name>menu_L1_Alarm</name>
         <value>0xf52e</value>
         <object_component_ref idref="oc-146"/>
      </symbol>
      <symbol id="sm-efc">
         <name>MRFI_SetRFPwr</name>
         <value>0xeb96</value>
         <object_component_ref idref="oc-264"/>
      </symbol>
      <symbol id="sm-efd">
         <name>nwk_nwkInit</name>
         <value>0x9dd6</value>
         <object_component_ref idref="oc-24c"/>
      </symbol>
      <symbol id="sm-efe">
         <name>menu_L2_Stopwatch</name>
         <value>0xf59a</value>
         <object_component_ref idref="oc-146"/>
      </symbol>
      <symbol id="sm-eff">
         <name>start_altitude_measurement</name>
         <value>0xd932</value>
         <object_component_ref idref="oc-1d6"/>
      </symbol>
      <symbol id="sm-f00">
         <name>display_am_pm_symbol</name>
         <value>0xf04e</value>
         <object_component_ref idref="oc-1d1"/>
      </symbol>
      <symbol id="sm-f01">
         <name>adc12_result</name>
         <value>0x1ef8</value>
         <object_component_ref idref="oc-164"/>
      </symbol>
      <symbol id="sm-f02">
         <name>nwk_QfindOldest</name>
         <value>0xbd76</value>
         <object_component_ref idref="oc-258"/>
      </symbol>
      <symbol id="sm-f03">
         <name>WritePATable</name>
         <value>0xd478</value>
         <object_component_ref idref="oc-247"/>
      </symbol>
      <symbol id="sm-f04">
         <name>display_rf</name>
         <value>0xf120</value>
         <object_component_ref idref="oc-19d"/>
      </symbol>
      <symbol id="sm-f05">
         <name>method</name>
         <value>0xf4f7</value>
         <object_component_ref idref="oc-159"/>
      </symbol>
      <symbol id="sm-f06">
         <name>sDate</name>
         <value>0x1ed6</value>
         <object_component_ref idref="oc-153"/>
      </symbol>
      <symbol id="sm-f07">
         <name>simpliciti_reply_count</name>
         <value>0x1d17</value>
         <object_component_ref idref="oc-14b"/>
      </symbol>
      <symbol id="sm-f08">
         <name>display_heartrate</name>
         <value>0xe006</value>
         <object_component_ref idref="oc-191"/>
      </symbol>
      <symbol id="sm-f09">
         <name>display_sync</name>
         <value>0xf134</value>
         <object_component_ref idref="oc-1a1"/>
      </symbol>
      <symbol id="sm-f0a">
         <name>stopwatch_tick</name>
         <value>0xb42e</value>
         <object_component_ref idref="oc-1ae"/>
      </symbol>
      <symbol id="sm-f0b">
         <name>simpliciti_get_ed_data_callback</name>
         <value>0xc824</value>
         <object_component_ref idref="oc-21e"/>
      </symbol>
      <symbol id="sm-f0c">
         <name>int_to_array_conversion_table</name>
         <value>0xf2d8</value>
         <object_component_ref idref="oc-20f"/>
      </symbol>
      <symbol id="sm-f0d">
         <name>nwk_getConnInfo</name>
         <value>0xec8e</value>
         <object_component_ref idref="oc-224"/>
      </symbol>
      <symbol id="sm-f0e">
         <name>button_repeat_function</name>
         <value>0xdf66</value>
         <object_component_ref idref="oc-20e"/>
      </symbol>
      <symbol id="sm-f0f">
         <name>Timer0_A3_Start</name>
         <value>0xec14</value>
         <object_component_ref idref="oc-1ef"/>
      </symbol>
      <symbol id="sm-f10">
         <name>display_battery_V</name>
         <value>0xda4c</value>
         <object_component_ref idref="oc-19a"/>
      </symbol>
      <symbol id="sm-f11">
         <name>nwk_processFreq</name>
         <value>0xf2c8</value>
         <object_component_ref idref="oc-26c"/>
      </symbol>
      <symbol id="sm-f12">
         <name>sx_bluerobin</name>
         <value>0xb52e</value>
         <object_component_ref idref="oc-18f"/>
      </symbol>
      <symbol id="sm-f13">
         <name>bmp_ps_init</name>
         <value>0xb9ee</value>
         <object_component_ref idref="oc-201"/>
      </symbol>
      <symbol id="sm-f14">
         <name>as_ok</name>
         <value>0x1eaf</value>
         <object_component_ref idref="oc-14e"/>
      </symbol>
      <symbol id="sm-f15">
         <name>sBlueRobin</name>
         <value>0x1dee</value>
         <object_component_ref idref="oc-152"/>
      </symbol>
      <symbol id="sm-f16">
         <name>chronos_black</name>
         <value>0x1e29</value>
         <object_component_ref idref="oc-14d"/>
      </symbol>
      <symbol id="sm-f17">
         <name>menu_L2_CalDist</name>
         <value>0xf5f4</value>
         <object_component_ref idref="oc-146"/>
      </symbol>
      <symbol id="sm-f18">
         <name>simpliciti_payload_length</name>
         <value>0x1d16</value>
         <object_component_ref idref="oc-14b"/>
      </symbol>
      <symbol id="sm-f19">
         <name>get_bluerobin_data</name>
         <value>0xca8a</value>
         <object_component_ref idref="oc-1b5"/>
      </symbol>
      <symbol id="sm-f1a">
         <name>_system_pre_init</name>
         <value>0xf2c0</value>
         <object_component_ref idref="oc-173"/>
      </symbol>
      <symbol id="sm-f1b">
         <name>stop_bluerobin</name>
         <value>0xe264</value>
         <object_component_ref idref="oc-1e1"/>
      </symbol>
      <symbol id="sm-f1c">
         <name>write_lcd_mem</name>
         <value>0xdb04</value>
         <object_component_ref idref="oc-1f9"/>
      </symbol>
      <symbol id="sm-f1d">
         <name>sTime</name>
         <value>0x1e42</value>
         <object_component_ref idref="oc-150"/>
      </symbol>
      <symbol id="sm-f1e">
         <name>TIMER0_A0_ISR</name>
         <value>0x8000</value>
         <object_component_ref idref="oc-171"/>
      </symbol>
      <symbol id="sm-f1f">
         <name>update_temperature</name>
         <value>0xf24c</value>
         <object_component_ref idref="oc-18b"/>
      </symbol>
      <symbol id="sm-f20">
         <name>display_hours</name>
         <value>0xddc8</value>
         <object_component_ref idref="oc-1cf"/>
      </symbol>
      <symbol id="sm-f21">
         <name>nwk_processLink</name>
         <value>0xc0c4</value>
         <object_component_ref idref="oc-269"/>
      </symbol>
      <symbol id="sm-f22">
         <name>sx_time</name>
         <value>0xf1f4</value>
         <object_component_ref idref="oc-17a"/>
      </symbol>
      <symbol id="sm-f23">
         <name>display_caldist</name>
         <value>0xb228</value>
         <object_component_ref idref="oc-1a4"/>
      </symbol>
      <symbol id="sm-f24">
         <name>display_time</name>
         <value>0x9600</value>
         <object_component_ref idref="oc-17c"/>
      </symbol>
      <symbol id="sm-f25">
         <name>menu_L2_Date</name>
         <value>0xf50a</value>
         <object_component_ref idref="oc-146"/>
      </symbol>
      <symbol id="sm-f26">
         <name>display_symbol</name>
         <value>0xef36</value>
         <object_component_ref idref="oc-1b4"/>
      </symbol>
   </symbol_table>
   <title>Link successful</title>
</link_info>
